D/SimpleDynamoProvider(23176): Client sending to Succ Server :: Values set in operation are Key : 2CnlDAPOkd5f9j8CsI7DeOCD0zZ0sy45, value: cre4TjUod3rtzIPMWSH0LCyyaxq1QLKV, CurrentNode/Originator : 5554, Type : insert, Succ : 5562
D/SimpleDynamoProvider(23176): Replicate() Calling client currentNode 5554 Succ is :5556 key: 2CnlDAPOkd5f9j8CsI7DeOCD0zZ0sy45 values: cre4TjUod3rtzIPMWSH0LCyyaxq1QLKV
D/SimpleDynamoProvider(23176): Client Remote port is 11124
D/SimpleDynamoProvider(23176): Replicate() Calling client currentNode 5554 Succ is :5554 key: 2CnlDAPOkd5f9j8CsI7DeOCD0zZ0sy45 values: cre4TjUod3rtzIPMWSH0LCyyaxq1QLKV
D/SimpleDynamoProvider(23176): Client sending to Succ Server :: Values set in operation are Key : 2CnlDAPOkd5f9j8CsI7DeOCD0zZ0sy45, value: cre4TjUod3rtzIPMWSH0LCyyaxq1QLKV, CurrentNode/Originator : 5554, Type : replicate, Succ : 5554
D/SimpleDynamoProvider(23176): Client Remote port is 11112
D/AndroidRuntime(23490): Shutting down VM
D/jdwp    (23490): Got wake-up signal, bailing out of select
D/dalvikvm(23490): Debugger has detached; object registry had 1 entries
D/SimpleDynamoProvider(23176): Client sending to Succ Server :: Values set in operation are Key : 2CnlDAPOkd5f9j8CsI7DeOCD0zZ0sy45, value: cre4TjUod3rtzIPMWSH0LCyyaxq1QLKV, CurrentNode/Originator : 5554, Type : replicate, Succ : 5554
D/SimpleDynamoProvider(23176): Client Remote port is 11108
D/SimpleDynamoProvider(23176): Server :: Values in operation are Key : 2CnlDAPOkd5f9j8CsI7DeOCD0zZ0sy45, value: cre4TjUod3rtzIPMWSH0LCyyaxq1QLKV, CurrentNode/Originator : 5554, Type : replicate, Succ : 5554
D/SimpleDynamoProvider(23176): Server replicated values at currentNode 5554 key: 2CnlDAPOkd5f9j8CsI7DeOCD0zZ0sy45 values: cre4TjUod3rtzIPMWSH0LCyyaxq1QLKV
D/SimpleDynamoProvider(23176): Server :: Values in operation are Key : PDbIOKgcSRX3rmgLg7gXSOEC6ev2H0q0, value: null, CurrentNode/Originator : 5556, Type : singleKeyQuery, Succ : 5554
D/SimpleDynamoProvider(23176): Server singleKeyQuery key is PDbIOKgcSRX3rmgLg7gXSOEC6ev2H0q0 currentNode is 5554 Originator is 5556
D/SimpleDynamoProvider(23176): returnValueForKeyQuery() checking in Node CurrentNode: 5554 Key is : PDbIOKgcSRX3rmgLg7gXSOEC6ev2H0q0
D/SimpleDynamoProvider(23176): returnValueForKeyQuery() :: found key PDbIOKgcSRX3rmgLg7gXSOEC6ev2H0q0 value is : dd4m08JCUTonNGntOGQiGtI17r4kU5Gi in Node : 5554
D/SimpleDynamoProvider(23176): Server singleKeyQuery sending to Originator :: Values set in operation are Key : PDbIOKgcSRX3rmgLg7gXSOEC6ev2H0q0, value: dd4m08JCUTonNGntOGQiGtI17r4kU5Gi, CurrentNode/Originator : 5556, Type : singleKeyQueryValue, Succ : 5556
D/SimpleDynamoProvider(23176): Client sending to Succ Server :: Values set in operation are Key : PDbIOKgcSRX3rmgLg7gXSOEC6ev2H0q0, value: dd4m08JCUTonNGntOGQiGtI17r4kU5Gi, CurrentNode/Originator : 5556, Type : singleKeyQueryValue, Succ : 5556
D/SimpleDynamoProvider(23176): Client Remote port is 11112
D/AndroidRuntime(23506): 
D/AndroidRuntime(23506): >>>>>> AndroidRuntime START com.android.internal.os.RuntimeInit <<<<<<
D/AndroidRuntime(23506): CheckJNI is ON
D/dalvikvm(23506): Trying to load lib libjavacore.so 0x0
D/dalvikvm(23506): Added shared lib libjavacore.so 0x0
D/dalvikvm(23506): Trying to load lib libnativehelper.so 0x0
D/dalvikvm(23506): Added shared lib libnativehelper.so 0x0
D/dalvikvm(23506): No JNI_OnLoad found in libnativehelper.so 0x0, skipping init
D/dalvikvm(23506): Note: class Landroid/app/ActivityManagerNative; has 179 unimplemented (abstract) methods
E/memtrack(23506): Couldn't load memtrack module (No such file or directory)
E/android.os.Debug(23506): failed to load memtrack module: -2
D/AndroidRuntime(23506): Calling main entry com.android.commands.content.Content
D/SimpleDynamoProvider(23176): Query selection : 2CnlDAPOkd5f9j8CsI7DeOCD0zZ0sy45
D/SimpleDynamoProvider(23176): returnValueForKeyQuery() checking in Node CurrentNode: 5554 Key is : 2CnlDAPOkd5f9j8CsI7DeOCD0zZ0sy45
D/SimpleDynamoProvider(23176): returnValueForKeyQuery() :: found key 2CnlDAPOkd5f9j8CsI7DeOCD0zZ0sy45 value is : cre4TjUod3rtzIPMWSH0LCyyaxq1QLKV in Node : 5554
D/SimpleDynamoProvider(23176): Query() :: found key 2CnlDAPOkd5f9j8CsI7DeOCD0zZ0sy45 in Node : 5554 mutexQuery : null
D/AndroidRuntime(23506): Shutting down VM
D/dalvikvm(23506): Debugger has detached; object registry had 1 entries
I/AndroidRuntime(23506): NOTE: attach of thread 'Binder_1' failed
D/AndroidRuntime(23516): 
D/AndroidRuntime(23516): >>>>>> AndroidRuntime START com.android.internal.os.RuntimeInit <<<<<<
D/AndroidRuntime(23516): CheckJNI is ON
D/dalvikvm(23516): Trying to load lib libjavacore.so 0x0
D/dalvikvm(23516): Added shared lib libjavacore.so 0x0
D/dalvikvm(23516): Trying to load lib libnativehelper.so 0x0
D/dalvikvm(23516): Added shared lib libnativehelper.so 0x0
D/dalvikvm(23516): No JNI_OnLoad found in libnativehelper.so 0x0, skipping init
D/dalvikvm(23516): Note: class Landroid/app/ActivityManagerNative; has 179 unimplemented (abstract) methods
D/SimpleDynamoProvider(23176): Server :: Values in operation are Key : 9ue1a9jK8XMWhBdiJ5jSfKEHVAcGMqWz, value: zWR8so2Z3QcvMBIwGV1fPxJC87boGQgx, CurrentNode/Originator : 5556, Type : replicate, Succ : 5554
D/SimpleDynamoProvider(23176): Server replicated values at currentNode 5554 key: 9ue1a9jK8XMWhBdiJ5jSfKEHVAcGMqWz values: zWR8so2Z3QcvMBIwGV1fPxJC87boGQgx
E/memtrack(23516): Couldn't load memtrack module (No such file or directory)
E/android.os.Debug(23516): failed to load memtrack module: -2
D/AndroidRuntime(23516): Calling main entry com.android.commands.content.Content
D/SimpleDynamoProvider(23176): Insert() :: Values set in operation are Key : AvRR5kipdvU6UISHjHfBLPnpbxyeTsLm, value: CIwj22Uv7P52mI8F1AW8OERasy0SizZM, CurrentNode/Originator : 5554, Type : insert, Succ : 5558
D/dalvikvm(23176): GC_FOR_ALLOC freed 537K, 18% free 2840K/3452K, paused 18ms, total 19ms
D/SimpleDynamoProvider(23176): Insert() Client forward Insert node : 5558 from currentNode : 5554 Key : AvRR5kipdvU6UISHjHfBLPnpbxyeTsLm Value :CIwj22Uv7P52mI8F1AW8OERasy0SizZM
D/SimpleDynamoProvider(23176): Insert() Replicating to succ's check succ port's, Key: AvRR5kipdvU6UISHjHfBLPnpbxyeTsLmvalue: CIwj22Uv7P52mI8F1AW8OERasy0SizZM
D/SimpleDynamoProvider(23176): Replicate() Calling client currentNode 5554 Succ is :5560 key: AvRR5kipdvU6UISHjHfBLPnpbxyeTsLm values: CIwj22Uv7P52mI8F1AW8OERasy0SizZM
D/SimpleDynamoProvider(23176): Replicate() Calling client currentNode 5554 Succ is :5562 key: AvRR5kipdvU6UISHjHfBLPnpbxyeTsLm values: CIwj22Uv7P52mI8F1AW8OERasy0SizZM
D/AndroidRuntime(23516): Shutting down VM
D/jdwp    (23516): Got wake-up signal, bailing out of select
D/dalvikvm(23516): Debugger has detached; object registry had 1 entries
D/SimpleDynamoProvider(23176): Client sending to Succ Server :: Values set in operation are Key : AvRR5kipdvU6UISHjHfBLPnpbxyeTsLm, value: CIwj22Uv7P52mI8F1AW8OERasy0SizZM, CurrentNode/Originator : 5554, Type : replicate, Succ : 5562
D/SimpleDynamoProvider(23176): Client Remote port is 11124
D/SimpleDynamoProvider(23176): Client sending to Succ Server :: Values set in operation are Key : AvRR5kipdvU6UISHjHfBLPnpbxyeTsLm, value: CIwj22Uv7P52mI8F1AW8OERasy0SizZM, CurrentNode/Originator : 5554, Type : replicate, Succ : 5562
D/SimpleDynamoProvider(23176): Client Remote port is 11120
D/SimpleDynamoProvider(23176): Client sending to Succ Server :: Values set in operation are Key : AvRR5kipdvU6UISHjHfBLPnpbxyeTsLm, value: CIwj22Uv7P52mI8F1AW8OERasy0SizZM, CurrentNode/Originator : 5554, Type : replicate, Succ : 5562
D/SimpleDynamoProvider(23176): Client Remote port is 11116
D/SimpleDynamoProvider(23176): Client  Socket Time out type : replicate key : AvRR5kipdvU6UISHjHfBLPnpbxyeTsLm value : CIwj22Uv7P52mI8F1AW8OERasy0SizZM
W/System.err(23176): java.io.StreamCorruptedException
W/System.err(23176): 	at java.io.ObjectOutputStream.writeObject(ObjectOutputStream.java:1528)
W/System.err(23176): 	at java.io.ObjectOutputStream.writeObject(ObjectOutputStream.java:1481)
W/System.err(23176): 	at edu.buffalo.cse.cse486586.simpledynamo.SimpleDynamoProvider$Client.run(SimpleDynamoProvider.java:435)
W/System.err(23176): 	at java.lang.Thread.run(Thread.java:841)
D/SimpleDynamoProvider(23176): Server :: Values in operation are Key : tYLx9GS9jGqhinAxwmMBxoWONDHX5n04, value: HYEYSETh1MN7Tc0IhwIqKdLL4n8ftOCB, CurrentNode/Originator : 5558, Type : replicate, Succ : 5554
D/SimpleDynamoProvider(23176): Server replicated values at currentNode 5554 key: tYLx9GS9jGqhinAxwmMBxoWONDHX5n04 values: HYEYSETh1MN7Tc0IhwIqKdLL4n8ftOCB
D/AndroidRuntime(23532): 
D/AndroidRuntime(23532): >>>>>> AndroidRuntime START com.android.internal.os.RuntimeInit <<<<<<
D/AndroidRuntime(23532): CheckJNI is ON
D/dalvikvm(23532): Trying to load lib libjavacore.so 0x0
D/dalvikvm(23532): Added shared lib libjavacore.so 0x0
D/dalvikvm(23532): Trying to load lib libnativehelper.so 0x0
D/dalvikvm(23532): Added shared lib libnativehelper.so 0x0
D/dalvikvm(23532): No JNI_OnLoad found in libnativehelper.so 0x0, skipping init
D/dalvikvm(23532): Note: class Landroid/app/ActivityManagerNative; has 179 unimplemented (abstract) methods
E/memtrack(23532): Couldn't load memtrack module (No such file or directory)
E/android.os.Debug(23532): failed to load memtrack module: -2
D/AndroidRuntime(23532): Calling main entry com.android.commands.content.Content
D/SimpleDynamoProvider(23176): Query selection : AvRR5kipdvU6UISHjHfBLPnpbxyeTsLm
D/SimpleDynamoProvider(23176): returnValueForKeyQuery() checking in Node CurrentNode: 5554 Key is : AvRR5kipdvU6UISHjHfBLPnpbxyeTsLm
D/SimpleDynamoProvider(23176): returnValueForKeyQuery() Not found in Node CurrentNode: 5554 Key is : AvRR5kipdvU6UISHjHfBLPnpbxyeTsLm
D/SimpleDynamoProvider(23176): Query() :: Not found key AvRR5kipdvU6UISHjHfBLPnpbxyeTsLm in Node : 5554 sending key to 5558
D/SimpleDynamoProvider(23176): Query() holding for value of key :AvRR5kipdvU6UISHjHfBLPnpbxyeTsLm type : singleKeyQueryCurrent Value for mutex is : null
D/SimpleDynamoProvider(23176): Client sending to Succ Server :: Values set in operation are Key : AvRR5kipdvU6UISHjHfBLPnpbxyeTsLm, value: null, CurrentNode/Originator : 5554, Type : singleKeyQuery, Succ : 5558
D/SimpleDynamoProvider(23176): Client Remote port is 11116
D/SimpleDynamoProvider(23176): Server :: Values in operation are Key : AvRR5kipdvU6UISHjHfBLPnpbxyeTsLm, value: CIwj22Uv7P52mI8F1AW8OERasy0SizZM, CurrentNode/Originator : 5554, Type : singleKeyQueryValue, Succ : 5554
D/SimpleDynamoProvider(23176): Server singleKeyQueryValue coming form 5558 Current Node is :5554 Value returned is :CIwj22Uv7P52mI8F1AW8OERasy0SizZM for key :AvRR5kipdvU6UISHjHfBLPnpbxyeTsLm
D/SimpleDynamoProvider(23176): Operation.getOriginator() : 5554
D/SimpleDynamoProvider(23176): Query() after hold got value : CIwj22Uv7P52mI8F1AW8OERasy0SizZM for Key : AvRR5kipdvU6UISHjHfBLPnpbxyeTsLm Responded by null
D/SimpleDynamoProvider(23176): Query() Value for mutexQuery null key : AvRR5kipdvU6UISHjHfBLPnpbxyeTsLm
D/AndroidRuntime(23532): Shutting down VM
D/dalvikvm(23532): Debugger has detached; object registry had 1 entries
D/SimpleDynamoProvider(23176): Server :: Values in operation are Key : NZl6oF0m7AcxopTvaXicukgRtgi2cWMF, value: EIAOEK6Uy0ssKBL1XCJwHzxtOZbL1qHi, CurrentNode/Originator : 5556, Type : replicate, Succ : 5554
D/SimpleDynamoProvider(23176): Server replicated values at currentNode 5554 key: NZl6oF0m7AcxopTvaXicukgRtgi2cWMF values: EIAOEK6Uy0ssKBL1XCJwHzxtOZbL1qHi
D/AndroidRuntime(23543): 
D/AndroidRuntime(23543): >>>>>> AndroidRuntime START com.android.internal.os.RuntimeInit <<<<<<
D/AndroidRuntime(23543): CheckJNI is ON
D/dalvikvm(23543): Trying to load lib libjavacore.so 0x0
D/dalvikvm(23543): Added shared lib libjavacore.so 0x0
D/dalvikvm(23543): Trying to load lib libnativehelper.so 0x0
D/dalvikvm(23543): Added shared lib libnativehelper.so 0x0
D/dalvikvm(23543): No JNI_OnLoad found in libnativehelper.so 0x0, skipping init
D/dalvikvm(23543): Note: class Landroid/app/ActivityManagerNative; has 179 unimplemented (abstract) methods
E/memtrack(23543): Couldn't load memtrack module (No such file or directory)
E/android.os.Debug(23543): failed to load memtrack module: -2
D/AndroidRuntime(23543): Calling main entry com.android.commands.content.Content
D/SimpleDynamoProvider(23176): Insert() :: Values set in operation are Key : CVrNzbePBkWolP3xfrAIctmMuF5CKVJn, value: JSck1hXBGoejMklGzHl6e6g3iQjDzb2t, CurrentNode/Originator : 5554, Type : insert, Succ : 5558
D/SimpleDynamoProvider(23176): Insert() Client forward Insert node : 5558 from currentNode : 5554 Key : CVrNzbePBkWolP3xfrAIctmMuF5CKVJn Value :JSck1hXBGoejMklGzHl6e6g3iQjDzb2t
D/SimpleDynamoProvider(23176): Insert() Replicating to succ's check succ port's, Key: CVrNzbePBkWolP3xfrAIctmMuF5CKVJnvalue: JSck1hXBGoejMklGzHl6e6g3iQjDzb2t
D/SimpleDynamoProvider(23176): Replicate() Calling client currentNode 5554 Succ is :5560 key: CVrNzbePBkWolP3xfrAIctmMuF5CKVJn values: JSck1hXBGoejMklGzHl6e6g3iQjDzb2t
D/SimpleDynamoProvider(23176): Replicate() Calling client currentNode 5554 Succ is :5562 key: CVrNzbePBkWolP3xfrAIctmMuF5CKVJn values: JSck1hXBGoejMklGzHl6e6g3iQjDzb2t
D/AndroidRuntime(23543): Shutting down VM
D/jdwp    (23543): Got wake-up signal, bailing out of select
D/dalvikvm(23543): Debugger has detached; object registry had 1 entries
D/SimpleDynamoProvider(23176): Client sending to Succ Server :: Values set in operation are Key : CVrNzbePBkWolP3xfrAIctmMuF5CKVJn, value: JSck1hXBGoejMklGzHl6e6g3iQjDzb2t, CurrentNode/Originator : 5554, Type : replicate, Succ : 5562
D/SimpleDynamoProvider(23176): Client Remote port is 11124
D/SimpleDynamoProvider(23176): Client sending to Succ Server :: Values set in operation are Key : CVrNzbePBkWolP3xfrAIctmMuF5CKVJn, value: JSck1hXBGoejMklGzHl6e6g3iQjDzb2t, CurrentNode/Originator : 5554, Type : replicate, Succ : 5562
D/SimpleDynamoProvider(23176): Client Remote port is 11120
D/SimpleDynamoProvider(23176): Client sending to Succ Server :: Values set in operation are Key : CVrNzbePBkWolP3xfrAIctmMuF5CKVJn, value: JSck1hXBGoejMklGzHl6e6g3iQjDzb2t, CurrentNode/Originator : 5554, Type : replicate, Succ : 5562
D/SimpleDynamoProvider(23176): Client Remote port is 11116
D/SimpleDynamoProvider(23176): Client  Socket Time out type : replicate key : CVrNzbePBkWolP3xfrAIctmMuF5CKVJn value : JSck1hXBGoejMklGzHl6e6g3iQjDzb2t
W/System.err(23176): java.io.StreamCorruptedException
W/System.err(23176): 	at java.io.ObjectOutputStream.writeObject(ObjectOutputStream.java:1528)
W/System.err(23176): 	at java.io.ObjectOutputStream.writeObject(ObjectOutputStream.java:1481)
W/System.err(23176): 	at edu.buffalo.cse.cse486586.simpledynamo.SimpleDynamoProvider$Client.run(SimpleDynamoProvider.java:435)
W/System.err(23176): 	at java.lang.Thread.run(Thread.java:841)
D/AndroidRuntime(23559): 
D/AndroidRuntime(23559): >>>>>> AndroidRuntime START com.android.internal.os.RuntimeInit <<<<<<
D/AndroidRuntime(23559): CheckJNI is ON
D/dalvikvm(23559): Trying to load lib libjavacore.so 0x0
D/dalvikvm(23559): Added shared lib libjavacore.so 0x0
D/dalvikvm(23559): Trying to load lib libnativehelper.so 0x0
D/dalvikvm(23559): Added shared lib libnativehelper.so 0x0
D/dalvikvm(23559): No JNI_OnLoad found in libnativehelper.so 0x0, skipping init
D/dalvikvm(23559): Note: class Landroid/app/ActivityManagerNative; has 179 unimplemented (abstract) methods
E/memtrack(23559): Couldn't load memtrack module (No such file or directory)
E/android.os.Debug(23559): failed to load memtrack module: -2
D/AndroidRuntime(23559): Calling main entry com.android.commands.content.Content
D/SimpleDynamoProvider(23176): Query selection : CVrNzbePBkWolP3xfrAIctmMuF5CKVJn
D/SimpleDynamoProvider(23176): returnValueForKeyQuery() checking in Node CurrentNode: 5554 Key is : CVrNzbePBkWolP3xfrAIctmMuF5CKVJn
D/SimpleDynamoProvider(23176): returnValueForKeyQuery() Not found in Node CurrentNode: 5554 Key is : CVrNzbePBkWolP3xfrAIctmMuF5CKVJn
D/SimpleDynamoProvider(23176): Query() :: Not found key CVrNzbePBkWolP3xfrAIctmMuF5CKVJn in Node : 5554 sending key to 5558
D/SimpleDynamoProvider(23176): Query() holding for value of key :CVrNzbePBkWolP3xfrAIctmMuF5CKVJn type : singleKeyQueryCurrent Value for mutex is : null
D/SimpleDynamoProvider(23176): Client sending to Succ Server :: Values set in operation are Key : CVrNzbePBkWolP3xfrAIctmMuF5CKVJn, value: null, CurrentNode/Originator : 5554, Type : singleKeyQuery, Succ : 5558
D/SimpleDynamoProvider(23176): Client Remote port is 11116
D/dalvikvm(23176): JIT unchain all for threadid=11
D/dalvikvm(23176): GC_FOR_ALLOC freed 510K, 18% free 2842K/3452K, paused 275ms, total 275ms
D/SimpleDynamoProvider(23176): Server :: Values in operation are Key : NwQhfxEKGIHbdDJMR4tBH8za5kmvUtDP, value: XnDURbJC3xsJ5p1U4bpep6xiw64gAHiC, CurrentNode/Originator : 5556, Type : replicate, Succ : 5558
D/SimpleDynamoProvider(23176): Server replicated values at currentNode 5554 key: NwQhfxEKGIHbdDJMR4tBH8za5kmvUtDP values: XnDURbJC3xsJ5p1U4bpep6xiw64gAHiC
D/SimpleDynamoProvider(23176): Server :: Values in operation are Key : CVrNzbePBkWolP3xfrAIctmMuF5CKVJn, value: JSck1hXBGoejMklGzHl6e6g3iQjDzb2t, CurrentNode/Originator : 5554, Type : singleKeyQueryValue, Succ : 5554
D/SimpleDynamoProvider(23176): Server singleKeyQueryValue coming form 5558 Current Node is :5554 Value returned is :JSck1hXBGoejMklGzHl6e6g3iQjDzb2t for key :CVrNzbePBkWolP3xfrAIctmMuF5CKVJn
D/SimpleDynamoProvider(23176): Operation.getOriginator() : 5554
D/SimpleDynamoProvider(23176): Query() after hold got value : JSck1hXBGoejMklGzHl6e6g3iQjDzb2t for Key : CVrNzbePBkWolP3xfrAIctmMuF5CKVJn Responded by null
D/SimpleDynamoProvider(23176): Query() Value for mutexQuery null key : CVrNzbePBkWolP3xfrAIctmMuF5CKVJn
D/AndroidRuntime(23559): Shutting down VM
D/dalvikvm(23559): Debugger has detached; object registry had 1 entries
D/AndroidRuntime(23570): 
D/AndroidRuntime(23570): >>>>>> AndroidRuntime START com.android.internal.os.RuntimeInit <<<<<<
D/AndroidRuntime(23570): CheckJNI is ON
D/dalvikvm(23570): Trying to load lib libjavacore.so 0x0
D/dalvikvm(23570): Added shared lib libjavacore.so 0x0
D/dalvikvm(23570): Trying to load lib libnativehelper.so 0x0
D/dalvikvm(23570): Added shared lib libnativehelper.so 0x0
D/dalvikvm(23570): No JNI_OnLoad found in libnativehelper.so 0x0, skipping init
D/dalvikvm(23570): Note: class Landroid/app/ActivityManagerNative; has 179 unimplemented (abstract) methods
D/SimpleDynamoProvider(23176): Server :: Values in operation are Key : s5DgQLhYU85yCqPgTINLYuwlSBYVW19Q, value: xgRw7Me6kPJy8B6JtkygLns7Vg549BB3, CurrentNode/Originator : 5562, Type : replicate, Succ : 5560
D/SimpleDynamoProvider(23176): Server replicated values at currentNode 5554 key: s5DgQLhYU85yCqPgTINLYuwlSBYVW19Q values: xgRw7Me6kPJy8B6JtkygLns7Vg549BB3
E/memtrack(23570): Couldn't load memtrack module (No such file or directory)
E/android.os.Debug(23570): failed to load memtrack module: -2
D/AndroidRuntime(23570): Calling main entry com.android.commands.content.Content
D/SimpleDynamoProvider(23176): Insert() :: Values set in operation are Key : 2mLDknCTRjACvVR4rGjeQJ8vJ9eIRBC0, value: cbifUWWy4fxRVMm7xpV0aa3WOQVLF5j7, CurrentNode/Originator : 5554, Type : insert, Succ : 5558
D/SimpleDynamoProvider(23176): Insert() and replicating current port no : 5554 Key: 2mLDknCTRjACvVR4rGjeQJ8vJ9eIRBC0value: cbifUWWy4fxRVMm7xpV0aa3WOQVLF5j7
D/SimpleDynamoProvider(23176): Replicate() Calling client currentNode 5554 Succ is :5558 key: 2mLDknCTRjACvVR4rGjeQJ8vJ9eIRBC0 values: cbifUWWy4fxRVMm7xpV0aa3WOQVLF5j7
D/SimpleDynamoProvider(23176): Replicate() Calling client currentNode 5554 Succ is :5560 key: 2mLDknCTRjACvVR4rGjeQJ8vJ9eIRBC0 values: cbifUWWy4fxRVMm7xpV0aa3WOQVLF5j7
D/AndroidRuntime(23570): Shutting down VM
D/jdwp    (23570): Got wake-up signal, bailing out of select
D/dalvikvm(23570): Debugger has detached; object registry had 1 entries
D/SimpleDynamoProvider(23176): Client sending to Succ Server :: Values set in operation are Key : 2mLDknCTRjACvVR4rGjeQJ8vJ9eIRBC0, value: cbifUWWy4fxRVMm7xpV0aa3WOQVLF5j7, CurrentNode/Originator : 5554, Type : replicate, Succ : 5560
D/SimpleDynamoProvider(23176): Client Remote port is 11120
D/SimpleDynamoProvider(23176): Client sending to Succ Server :: Values set in operation are Key : 2mLDknCTRjACvVR4rGjeQJ8vJ9eIRBC0, value: cbifUWWy4fxRVMm7xpV0aa3WOQVLF5j7, CurrentNode/Originator : 5554, Type : replicate, Succ : 5560
D/SimpleDynamoProvider(23176): Client  Socket Time out type : replicate key : 2mLDknCTRjACvVR4rGjeQJ8vJ9eIRBC0 value : cbifUWWy4fxRVMm7xpV0aa3WOQVLF5j7
W/System.err(23176): java.io.StreamCorruptedException
W/System.err(23176): 	at java.io.ObjectOutputStream.writeObject(ObjectOutputStream.java:1528)
W/System.err(23176): 	at java.io.ObjectOutputStream.writeObject(ObjectOutputStream.java:1481)
W/System.err(23176): 	at edu.buffalo.cse.cse486586.simpledynamo.SimpleDynamoProvider$Client.run(SimpleDynamoProvider.java:435)
W/System.err(23176): 	at java.lang.Thread.run(Thread.java:841)
D/SimpleDynamoProvider(23176): Client Remote port is 11116
D/SimpleDynamoProvider(23176): Server :: Values in operation are Key : mtItshCFcFtodBkzJrYF4W2NnvtP6Gm6, value: shrVNaxM8JBbIxFLq0QTYuqtMLyn9Tui, CurrentNode/Originator : 5556, Type : replicate, Succ : 5560
D/SimpleDynamoProvider(23176): Server replicated values at currentNode 5554 key: mtItshCFcFtodBkzJrYF4W2NnvtP6Gm6 values: shrVNaxM8JBbIxFLq0QTYuqtMLyn9Tui
D/AndroidRuntime(23585): 
D/AndroidRuntime(23585): >>>>>> AndroidRuntime START com.android.internal.os.RuntimeInit <<<<<<
D/AndroidRuntime(23585): CheckJNI is ON
D/dalvikvm(23585): Trying to load lib libjavacore.so 0x0
D/dalvikvm(23585): Added shared lib libjavacore.so 0x0
D/dalvikvm(23585): Trying to load lib libnativehelper.so 0x0
D/dalvikvm(23585): Added shared lib libnativehelper.so 0x0
D/dalvikvm(23585): No JNI_OnLoad found in libnativehelper.so 0x0, skipping init
D/dalvikvm(23585): Note: class Landroid/app/ActivityManagerNative; has 179 unimplemented (abstract) methods
E/memtrack(23585): Couldn't load memtrack module (No such file or directory)
E/android.os.Debug(23585): failed to load memtrack module: -2
D/AndroidRuntime(23585): Calling main entry com.android.commands.content.Content
D/SimpleDynamoProvider(23176): Server :: Values in operation are Key : s5DgQLhYU85yCqPgTINLYuwlSBYVW19Q, value: null, CurrentNode/Originator : 5562, Type : singleKeyQuery, Succ : 5554
D/SimpleDynamoProvider(23176): Server singleKeyQuery key is s5DgQLhYU85yCqPgTINLYuwlSBYVW19Q currentNode is 5554 Originator is 5562
D/SimpleDynamoProvider(23176): returnValueForKeyQuery() checking in Node CurrentNode: 5554 Key is : s5DgQLhYU85yCqPgTINLYuwlSBYVW19Q
D/SimpleDynamoProvider(23176): returnValueForKeyQuery() :: found key s5DgQLhYU85yCqPgTINLYuwlSBYVW19Q value is : xgRw7Me6kPJy8B6JtkygLns7Vg549BB3 in Node : 5554
D/SimpleDynamoProvider(23176): Server singleKeyQuery sending to Originator :: Values set in operation are Key : s5DgQLhYU85yCqPgTINLYuwlSBYVW19Q, value: xgRw7Me6kPJy8B6JtkygLns7Vg549BB3, CurrentNode/Originator : 5562, Type : singleKeyQueryValue, Succ : 5562
D/SimpleDynamoProvider(23176): Query selection : 2mLDknCTRjACvVR4rGjeQJ8vJ9eIRBC0
D/SimpleDynamoProvider(23176): returnValueForKeyQuery() checking in Node CurrentNode: 5554 Key is : 2mLDknCTRjACvVR4rGjeQJ8vJ9eIRBC0
D/SimpleDynamoProvider(23176): returnValueForKeyQuery() :: found key 2mLDknCTRjACvVR4rGjeQJ8vJ9eIRBC0 value is : cbifUWWy4fxRVMm7xpV0aa3WOQVLF5j7 in Node : 5554
D/SimpleDynamoProvider(23176): Query() :: found key 2mLDknCTRjACvVR4rGjeQJ8vJ9eIRBC0 in Node : 5554 mutexQuery : null
D/SimpleDynamoProvider(23176): Client sending to Succ Server :: Values set in operation are Key : s5DgQLhYU85yCqPgTINLYuwlSBYVW19Q, value: xgRw7Me6kPJy8B6JtkygLns7Vg549BB3, CurrentNode/Originator : 5562, Type : singleKeyQueryValue, Succ : 5562
D/SimpleDynamoProvider(23176): Client Remote port is 11124
D/AndroidRuntime(23585): Shutting down VM
D/dalvikvm(23585): Debugger has detached; object registry had 1 entries
D/SimpleDynamoProvider(23176): Server :: Values in operation are Key : mtItshCFcFtodBkzJrYF4W2NnvtP6Gm6, value: null, CurrentNode/Originator : 5556, Type : singleKeyQuery, Succ : 5554
D/SimpleDynamoProvider(23176): Server singleKeyQuery key is mtItshCFcFtodBkzJrYF4W2NnvtP6Gm6 currentNode is 5554 Originator is 5556
D/SimpleDynamoProvider(23176): returnValueForKeyQuery() checking in Node CurrentNode: 5554 Key is : mtItshCFcFtodBkzJrYF4W2NnvtP6Gm6
D/SimpleDynamoProvider(23176): returnValueForKeyQuery() :: found key mtItshCFcFtodBkzJrYF4W2NnvtP6Gm6 value is : shrVNaxM8JBbIxFLq0QTYuqtMLyn9Tui in Node : 5554
D/SimpleDynamoProvider(23176): Server singleKeyQuery sending to Originator :: Values set in operation are Key : mtItshCFcFtodBkzJrYF4W2NnvtP6Gm6, value: shrVNaxM8JBbIxFLq0QTYuqtMLyn9Tui, CurrentNode/Originator : 5556, Type : singleKeyQueryValue, Succ : 5556
D/SimpleDynamoProvider(23176): Client sending to Succ Server :: Values set in operation are Key : mtItshCFcFtodBkzJrYF4W2NnvtP6Gm6, value: shrVNaxM8JBbIxFLq0QTYuqtMLyn9Tui, CurrentNode/Originator : 5556, Type : singleKeyQueryValue, Succ : 5556
D/SimpleDynamoProvider(23176): Client Remote port is 11112
D/AndroidRuntime(23597): 
D/AndroidRuntime(23597): >>>>>> AndroidRuntime START com.android.internal.os.RuntimeInit <<<<<<
D/AndroidRuntime(23597): CheckJNI is ON
D/dalvikvm(23597): Trying to load lib libjavacore.so 0x0
D/dalvikvm(23597): Added shared lib libjavacore.so 0x0
D/dalvikvm(23597): Trying to load lib libnativehelper.so 0x0
D/dalvikvm(23597): Added shared lib libnativehelper.so 0x0
D/dalvikvm(23597): No JNI_OnLoad found in libnativehelper.so 0x0, skipping init
D/dalvikvm(23597): Note: class Landroid/app/ActivityManagerNative; has 179 unimplemented (abstract) methods
E/memtrack(23597): Couldn't load memtrack module (No such file or directory)
E/android.os.Debug(23597): failed to load memtrack module: -2
D/AndroidRuntime(23597): Calling main entry com.android.commands.content.Content
D/SimpleDynamoProvider(23176): Insert() :: Values set in operation are Key : qSRI5xKC32h9xCpPUy9OITAzsijOg9eF, value: UGbfjn40yN3M4Dag7jKbDMvN0ou0wo9D, CurrentNode/Originator : 5554, Type : insert, Succ : 5558
D/SimpleDynamoProvider(23176): Insert() Client forward Insert node : 5562 from currentNode : 5554 Key : qSRI5xKC32h9xCpPUy9OITAzsijOg9eF Value :UGbfjn40yN3M4Dag7jKbDMvN0ou0wo9D
D/SimpleDynamoProvider(23176): Insert() Replicating to succ's check succ port's, Key: qSRI5xKC32h9xCpPUy9OITAzsijOg9eFvalue: UGbfjn40yN3M4Dag7jKbDMvN0ou0wo9D
D/SimpleDynamoProvider(23176): Replicate() Calling client currentNode 5554 Succ is :5556 key: qSRI5xKC32h9xCpPUy9OITAzsijOg9eF values: UGbfjn40yN3M4Dag7jKbDMvN0ou0wo9D
D/SimpleDynamoProvider(23176): Client sending to Succ Server :: Values set in operation are Key : qSRI5xKC32h9xCpPUy9OITAzsijOg9eF, value: UGbfjn40yN3M4Dag7jKbDMvN0ou0wo9D, CurrentNode/Originator : 5554, Type : replicate, Succ : 5556
D/SimpleDynamoProvider(23176): Client Remote port is 11124
D/SimpleDynamoProvider(23176): Replicate() Calling client currentNode 5554 Succ is :5554 key: qSRI5xKC32h9xCpPUy9OITAzsijOg9eF values: UGbfjn40yN3M4Dag7jKbDMvN0ou0wo9D
D/SimpleDynamoProvider(23176): Client sending to Succ Server :: Values set in operation are Key : qSRI5xKC32h9xCpPUy9OITAzsijOg9eF, value: UGbfjn40yN3M4Dag7jKbDMvN0ou0wo9D, CurrentNode/Originator : 5554, Type : replicate, Succ : 5554
D/SimpleDynamoProvider(23176): Client Remote port is 11112
D/AndroidRuntime(23597): Shutting down VM
D/jdwp    (23597): Got wake-up signal, bailing out of select
D/dalvikvm(23597): Debugger has detached; object registry had 1 entries
D/SimpleDynamoProvider(23176): Client sending to Succ Server :: Values set in operation are Key : qSRI5xKC32h9xCpPUy9OITAzsijOg9eF, value: UGbfjn40yN3M4Dag7jKbDMvN0ou0wo9D, CurrentNode/Originator : 5554, Type : replicate, Succ : 5554
D/SimpleDynamoProvider(23176): Client Remote port is 11108
D/dalvikvm(23176): GC_FOR_ALLOC freed 501K, 18% free 2853K/3452K, paused 29ms, total 33ms
D/SimpleDynamoProvider(23176): Server :: Values in operation are Key : qSRI5xKC32h9xCpPUy9OITAzsijOg9eF, value: UGbfjn40yN3M4Dag7jKbDMvN0ou0wo9D, CurrentNode/Originator : 5554, Type : replicate, Succ : 5554
D/SimpleDynamoProvider(23176): Server replicated values at currentNode 5554 key: qSRI5xKC32h9xCpPUy9OITAzsijOg9eF values: UGbfjn40yN3M4Dag7jKbDMvN0ou0wo9D
D/SimpleDynamoProvider(23176): Server :: Values in operation are Key : al5baChjaSpYA637tM5Yeap7VHQGEATt, value: l9ljXEVPkFc2tdZQ6vOhN4m8X9Zyj3gC, CurrentNode/Originator : 5556, Type : replicate, Succ : 5554
D/SimpleDynamoProvider(23176): Server replicated values at currentNode 5554 key: al5baChjaSpYA637tM5Yeap7VHQGEATt values: l9ljXEVPkFc2tdZQ6vOhN4m8X9Zyj3gC
D/SimpleDynamoProvider(23176): Server :: Values in operation are Key : YoPyDpdw9yRr6JI9SQnxQnLDImm4w49d, value: LXamRvyXu5UpIIDbTLVfwgfs9NthEbZe, CurrentNode/Originator : 5562, Type : replicate, Succ : 5554
D/SimpleDynamoProvider(23176): Server replicated values at currentNode 5554 key: YoPyDpdw9yRr6JI9SQnxQnLDImm4w49d values: LXamRvyXu5UpIIDbTLVfwgfs9NthEbZe
D/AndroidRuntime(23613): 
D/AndroidRuntime(23613): >>>>>> AndroidRuntime START com.android.internal.os.RuntimeInit <<<<<<
D/AndroidRuntime(23613): CheckJNI is ON
D/dalvikvm(23613): Trying to load lib libjavacore.so 0x0
D/dalvikvm(23613): Added shared lib libjavacore.so 0x0
D/dalvikvm(23613): Trying to load lib libnativehelper.so 0x0
D/dalvikvm(23613): Added shared lib libnativehelper.so 0x0
D/dalvikvm(23613): No JNI_OnLoad found in libnativehelper.so 0x0, skipping init
D/dalvikvm(23613): Note: class Landroid/app/ActivityManagerNative; has 179 unimplemented (abstract) methods
E/memtrack(23613): Couldn't load memtrack module (No such file or directory)
E/android.os.Debug(23613): failed to load memtrack module: -2
D/AndroidRuntime(23613): Calling main entry com.android.commands.content.Content
D/SimpleDynamoProvider(23176): Query selection : qSRI5xKC32h9xCpPUy9OITAzsijOg9eF
D/SimpleDynamoProvider(23176): returnValueForKeyQuery() checking in Node CurrentNode: 5554 Key is : qSRI5xKC32h9xCpPUy9OITAzsijOg9eF
D/SimpleDynamoProvider(23176): returnValueForKeyQuery() :: found key qSRI5xKC32h9xCpPUy9OITAzsijOg9eF value is : UGbfjn40yN3M4Dag7jKbDMvN0ou0wo9D in Node : 5554
D/SimpleDynamoProvider(23176): Query() :: found key qSRI5xKC32h9xCpPUy9OITAzsijOg9eF in Node : 5554 mutexQuery : null
D/AndroidRuntime(23613): Shutting down VM
D/dalvikvm(23613): Debugger has detached; object registry had 1 entries
D/AndroidRuntime(23623): 
D/AndroidRuntime(23623): >>>>>> AndroidRuntime START com.android.internal.os.RuntimeInit <<<<<<
D/AndroidRuntime(23623): CheckJNI is ON
D/dalvikvm(23623): Trying to load lib libjavacore.so 0x0
D/dalvikvm(23623): Added shared lib libjavacore.so 0x0
D/dalvikvm(23623): Trying to load lib libnativehelper.so 0x0
D/dalvikvm(23623): Added shared lib libnativehelper.so 0x0
D/dalvikvm(23623): No JNI_OnLoad found in libnativehelper.so 0x0, skipping init
D/dalvikvm(23623): Note: class Landroid/app/ActivityManagerNative; has 179 unimplemented (abstract) methods
E/memtrack(23623): Couldn't load memtrack module (No such file or directory)
E/android.os.Debug(23623): failed to load memtrack module: -2
D/AndroidRuntime(23623): Calling main entry com.android.commands.content.Content
D/SimpleDynamoProvider(23176): Insert() :: Values set in operation are Key : 5bWwvrAnPqqfuHxO9KPNc5B55lSvDbR7, value: QZfpdIu7blaXhVWFGSlQE89paR0UEm4y, CurrentNode/Originator : 5554, Type : insert, Succ : 5558
D/SimpleDynamoProvider(23176): Insert() Client forward Insert node : 5558 from currentNode : 5554 Key : 5bWwvrAnPqqfuHxO9KPNc5B55lSvDbR7 Value :QZfpdIu7blaXhVWFGSlQE89paR0UEm4y
D/SimpleDynamoProvider(23176): Insert() Replicating to succ's check succ port's, Key: 5bWwvrAnPqqfuHxO9KPNc5B55lSvDbR7value: QZfpdIu7blaXhVWFGSlQE89paR0UEm4y
D/SimpleDynamoProvider(23176): Replicate() Calling client currentNode 5554 Succ is :5560 key: 5bWwvrAnPqqfuHxO9KPNc5B55lSvDbR7 values: QZfpdIu7blaXhVWFGSlQE89paR0UEm4y
D/SimpleDynamoProvider(23176): Replicate() Calling client currentNode 5554 Succ is :5562 key: 5bWwvrAnPqqfuHxO9KPNc5B55lSvDbR7 values: QZfpdIu7blaXhVWFGSlQE89paR0UEm4y
D/AndroidRuntime(23623): Shutting down VM
D/SimpleDynamoProvider(23176): Client sending to Succ Server :: Values set in operation are Key : 5bWwvrAnPqqfuHxO9KPNc5B55lSvDbR7, value: QZfpdIu7blaXhVWFGSlQE89paR0UEm4y, CurrentNode/Originator : 5554, Type : replicate, Succ : 5562
D/SimpleDynamoProvider(23176): Client Remote port is 11124
D/SimpleDynamoProvider(23176): Client sending to Succ Server :: Values set in operation are Key : 5bWwvrAnPqqfuHxO9KPNc5B55lSvDbR7, value: QZfpdIu7blaXhVWFGSlQE89paR0UEm4y, CurrentNode/Originator : 5554, Type : replicate, Succ : 5562
D/SimpleDynamoProvider(23176): Client Remote port is 11120
D/jdwp    (23623): Got wake-up signal, bailing out of select
D/dalvikvm(23623): Debugger has detached; object registry had 1 entries
D/SimpleDynamoProvider(23176): Client  Socket Time out type : replicate key : 5bWwvrAnPqqfuHxO9KPNc5B55lSvDbR7 value : QZfpdIu7blaXhVWFGSlQE89paR0UEm4y
D/SimpleDynamoProvider(23176): Client sending to Succ Server :: Values set in operation are Key : 5bWwvrAnPqqfuHxO9KPNc5B55lSvDbR7, value: QZfpdIu7blaXhVWFGSlQE89paR0UEm4y, CurrentNode/Originator : 5554, Type : replicate, Succ : 5562
D/SimpleDynamoProvider(23176): Client Remote port is 11116
W/System.err(23176): java.io.StreamCorruptedException
W/System.err(23176): 	at java.io.ObjectOutputStream.writeObject(ObjectOutputStream.java:1528)
W/System.err(23176): 	at java.io.ObjectOutputStream.writeObject(ObjectOutputStream.java:1481)
W/System.err(23176): 	at edu.buffalo.cse.cse486586.simpledynamo.SimpleDynamoProvider$Client.run(SimpleDynamoProvider.java:435)
W/System.err(23176): 	at java.lang.Thread.run(Thread.java:841)
D/SimpleDynamoProvider(23176): Server :: Values in operation are Key : cxBOHHC2l5MGbLQ17LN74Pnd3Z2G9kwo, value: zCKcIQ6rrLbcTm2IGtXSrAfpBkhVzZyR, CurrentNode/Originator : 5558, Type : replicate, Succ : 5554
D/SimpleDynamoProvider(23176): Server replicated values at currentNode 5554 key: cxBOHHC2l5MGbLQ17LN74Pnd3Z2G9kwo values: zCKcIQ6rrLbcTm2IGtXSrAfpBkhVzZyR
D/AndroidRuntime(23639): 
D/AndroidRuntime(23639): >>>>>> AndroidRuntime START com.android.internal.os.RuntimeInit <<<<<<
D/AndroidRuntime(23639): CheckJNI is ON
D/dalvikvm(23639): Trying to load lib libjavacore.so 0x0
D/dalvikvm(23639): Added shared lib libjavacore.so 0x0
D/dalvikvm(23639): Trying to load lib libnativehelper.so 0x0
D/dalvikvm(23639): Added shared lib libnativehelper.so 0x0
D/dalvikvm(23639): No JNI_OnLoad found in libnativehelper.so 0x0, skipping init
D/dalvikvm(23639): Note: class Landroid/app/ActivityManagerNative; has 179 unimplemented (abstract) methods
E/memtrack(23639): Couldn't load memtrack module (No such file or directory)
E/android.os.Debug(23639): failed to load memtrack module: -2
D/SimpleDynamoProvider(23176): Server :: Values in operation are Key : eq7JwjczumBXDIOGj6yYlWrzDkCrU3tD, value: 5ooGjyXUfBtbo0BYenVAi75ccTrkzNGW, CurrentNode/Originator : 5562, Type : replicate, Succ : 5554
D/SimpleDynamoProvider(23176): Server replicated values at currentNode 5554 key: eq7JwjczumBXDIOGj6yYlWrzDkCrU3tD values: 5ooGjyXUfBtbo0BYenVAi75ccTrkzNGW
D/AndroidRuntime(23639): Calling main entry com.android.commands.content.Content
D/SimpleDynamoProvider(23176): Query selection : 5bWwvrAnPqqfuHxO9KPNc5B55lSvDbR7
D/SimpleDynamoProvider(23176): returnValueForKeyQuery() checking in Node CurrentNode: 5554 Key is : 5bWwvrAnPqqfuHxO9KPNc5B55lSvDbR7
D/SimpleDynamoProvider(23176): returnValueForKeyQuery() Not found in Node CurrentNode: 5554 Key is : 5bWwvrAnPqqfuHxO9KPNc5B55lSvDbR7
D/SimpleDynamoProvider(23176): Query() :: Not found key 5bWwvrAnPqqfuHxO9KPNc5B55lSvDbR7 in Node : 5554 sending key to 5558
D/SimpleDynamoProvider(23176): Query() holding for value of key :5bWwvrAnPqqfuHxO9KPNc5B55lSvDbR7 type : singleKeyQueryCurrent Value for mutex is : null
D/SimpleDynamoProvider(23176): Client sending to Succ Server :: Values set in operation are Key : 5bWwvrAnPqqfuHxO9KPNc5B55lSvDbR7, value: null, CurrentNode/Originator : 5554, Type : singleKeyQuery, Succ : 5558
D/SimpleDynamoProvider(23176): Client Remote port is 11116
D/SimpleDynamoProvider(23176): Server :: Values in operation are Key : 5bWwvrAnPqqfuHxO9KPNc5B55lSvDbR7, value: QZfpdIu7blaXhVWFGSlQE89paR0UEm4y, CurrentNode/Originator : 5554, Type : singleKeyQueryValue, Succ : 5554
D/SimpleDynamoProvider(23176): Server singleKeyQueryValue coming form 5558 Current Node is :5554 Value returned is :QZfpdIu7blaXhVWFGSlQE89paR0UEm4y for key :5bWwvrAnPqqfuHxO9KPNc5B55lSvDbR7
D/SimpleDynamoProvider(23176): Operation.getOriginator() : 5554
D/SimpleDynamoProvider(23176): Query() after hold got value : QZfpdIu7blaXhVWFGSlQE89paR0UEm4y for Key : 5bWwvrAnPqqfuHxO9KPNc5B55lSvDbR7 Responded by null
D/SimpleDynamoProvider(23176): Query() Value for mutexQuery null key : 5bWwvrAnPqqfuHxO9KPNc5B55lSvDbR7
D/AndroidRuntime(23639): Shutting down VM
D/dalvikvm(23639): Debugger has detached; object registry had 1 entries
D/AndroidRuntime(23650): 
D/AndroidRuntime(23650): >>>>>> AndroidRuntime START com.android.internal.os.RuntimeInit <<<<<<
D/AndroidRuntime(23650): CheckJNI is ON
D/dalvikvm(23650): Trying to load lib libjavacore.so 0x0
D/dalvikvm(23650): Added shared lib libjavacore.so 0x0
D/dalvikvm(23650): Trying to load lib libnativehelper.so 0x0
D/dalvikvm(23650): Added shared lib libnativehelper.so 0x0
D/dalvikvm(23650): No JNI_OnLoad found in libnativehelper.so 0x0, skipping init
D/SimpleDynamoProvider(23176): Server :: Values in operation are Key : null, value: null, CurrentNode/Originator : 5560, Type : @query, Succ : 5554
D/SimpleDynamoProvider(23176): Server @query currentNode :5554
D/dalvikvm(23176): GC_FOR_ALLOC freed 512K, 18% free 2851K/3452K, paused 11ms, total 11ms
D/dalvikvm(23176): GC_FOR_ALLOC freed 155K, 18% free 2851K/3452K, paused 3ms, total 3ms
D/dalvikvm(23176): GC_FOR_ALLOC freed 178K, 18% free 2854K/3452K, paused 7ms, total 7ms
D/dalvikvm(23176): GC_FOR_ALLOC freed 186K, 18% free 2850K/3452K, paused 4ms, total 4ms
D/SimpleDynamoProvider(23176): Client sending to Succ Server :: Values set in operation are Key : null, value: null, CurrentNode/Originator : 5560, Type : updateRecovery, Succ : 5560
D/SimpleDynamoProvider(23176): Client Remote port is 11120
D/dalvikvm(23650): Note: class Landroid/app/ActivityManagerNative; has 179 unimplemented (abstract) methods
E/memtrack(23650): Couldn't load memtrack module (No such file or directory)
E/android.os.Debug(23650): failed to load memtrack module: -2
D/AndroidRuntime(23650): Calling main entry com.android.commands.content.Content
D/SimpleDynamoProvider(23176): Insert() :: Values set in operation are Key : TauDKWXnsyoBNSRBW89t5j7j2COkVZz0, value: uS8MTYzQPTeXLZxZ4vLcuMh7SA5FIIpn, CurrentNode/Originator : 5554, Type : insert, Succ : 5558
D/SimpleDynamoProvider(23176): Insert() Client forward Insert node : 5562 from currentNode : 5554 Key : TauDKWXnsyoBNSRBW89t5j7j2COkVZz0 Value :uS8MTYzQPTeXLZxZ4vLcuMh7SA5FIIpn
D/SimpleDynamoProvider(23176): Insert() Replicating to succ's check succ port's, Key: TauDKWXnsyoBNSRBW89t5j7j2COkVZz0value: uS8MTYzQPTeXLZxZ4vLcuMh7SA5FIIpn
D/SimpleDynamoProvider(23176): Replicate() Calling client currentNode 5554 Succ is :5556 key: TauDKWXnsyoBNSRBW89t5j7j2COkVZz0 values: uS8MTYzQPTeXLZxZ4vLcuMh7SA5FIIpn
D/SimpleDynamoProvider(23176): Replicate() Calling client currentNode 5554 Succ is :5554 key: TauDKWXnsyoBNSRBW89t5j7j2COkVZz0 values: uS8MTYzQPTeXLZxZ4vLcuMh7SA5FIIpn
D/AndroidRuntime(23650): Shutting down VM
D/jdwp    (23650): Got wake-up signal, bailing out of select
D/dalvikvm(23650): Debugger has detached; object registry had 1 entries
D/SimpleDynamoProvider(23176): Client sending to Succ Server :: Values set in operation are Key : TauDKWXnsyoBNSRBW89t5j7j2COkVZz0, value: uS8MTYzQPTeXLZxZ4vLcuMh7SA5FIIpn, CurrentNode/Originator : 5554, Type : replicate, Succ : 5554
D/SimpleDynamoProvider(23176): Client Remote port is 11108
D/SimpleDynamoProvider(23176): Client sending to Succ Server :: Values set in operation are Key : TauDKWXnsyoBNSRBW89t5j7j2COkVZz0, value: uS8MTYzQPTeXLZxZ4vLcuMh7SA5FIIpn, CurrentNode/Originator : 5554, Type : replicate, Succ : 5554
D/SimpleDynamoProvider(23176): Client Remote port is 11112
D/SimpleDynamoProvider(23176): Client sending to Succ Server :: Values set in operation are Key : TauDKWXnsyoBNSRBW89t5j7j2COkVZz0, value: uS8MTYzQPTeXLZxZ4vLcuMh7SA5FIIpn, CurrentNode/Originator : 5554, Type : replicate, Succ : 5554
D/SimpleDynamoProvider(23176): Client Remote port is 11124
D/SimpleDynamoProvider(23176): Server :: Values in operation are Key : TauDKWXnsyoBNSRBW89t5j7j2COkVZz0, value: uS8MTYzQPTeXLZxZ4vLcuMh7SA5FIIpn, CurrentNode/Originator : 5554, Type : replicate, Succ : 5554
D/SimpleDynamoProvider(23176): Server replicated values at currentNode 5554 key: TauDKWXnsyoBNSRBW89t5j7j2COkVZz0 values: uS8MTYzQPTeXLZxZ4vLcuMh7SA5FIIpn
D/AndroidRuntime(23667): 
D/AndroidRuntime(23667): >>>>>> AndroidRuntime START com.android.internal.os.RuntimeInit <<<<<<
D/AndroidRuntime(23667): CheckJNI is ON
D/dalvikvm(23667): Trying to load lib libjavacore.so 0x0
D/dalvikvm(23667): Added shared lib libjavacore.so 0x0
D/dalvikvm(23667): Trying to load lib libnativehelper.so 0x0
D/dalvikvm(23667): Added shared lib libnativehelper.so 0x0
D/dalvikvm(23667): No JNI_OnLoad found in libnativehelper.so 0x0, skipping init
D/dalvikvm(23667): Note: class Landroid/app/ActivityManagerNative; has 179 unimplemented (abstract) methods
E/memtrack(23667): Couldn't load memtrack module (No such file or directory)
E/android.os.Debug(23667): failed to load memtrack module: -2
D/AndroidRuntime(23667): Calling main entry com.android.commands.content.Content
D/SimpleDynamoProvider(23176): Query selection : TauDKWXnsyoBNSRBW89t5j7j2COkVZz0
D/SimpleDynamoProvider(23176): returnValueForKeyQuery() checking in Node CurrentNode: 5554 Key is : TauDKWXnsyoBNSRBW89t5j7j2COkVZz0
D/dalvikvm(23176): GC_FOR_ALLOC freed 513K, 18% free 2849K/3452K, paused 4ms, total 4ms
D/SimpleDynamoProvider(23176): returnValueForKeyQuery() :: found key TauDKWXnsyoBNSRBW89t5j7j2COkVZz0 value is : uS8MTYzQPTeXLZxZ4vLcuMh7SA5FIIpn in Node : 5554
D/SimpleDynamoProvider(23176): Query() :: found key TauDKWXnsyoBNSRBW89t5j7j2COkVZz0 in Node : 5554 mutexQuery : null
D/AndroidRuntime(23667): Shutting down VM
D/dalvikvm(23667): Debugger has detached; object registry had 1 entries
D/AndroidRuntime(23677): 
D/AndroidRuntime(23677): >>>>>> AndroidRuntime START com.android.internal.os.RuntimeInit <<<<<<
D/AndroidRuntime(23677): CheckJNI is ON
D/dalvikvm(23677): Trying to load lib libjavacore.so 0x0
D/dalvikvm(23677): Added shared lib libjavacore.so 0x0
D/dalvikvm(23677): Trying to load lib libnativehelper.so 0x0
D/dalvikvm(23677): Added shared lib libnativehelper.so 0x0
D/dalvikvm(23677): No JNI_OnLoad found in libnativehelper.so 0x0, skipping init
D/dalvikvm(23677): Note: class Landroid/app/ActivityManagerNative; has 179 unimplemented (abstract) methods
D/SimpleDynamoProvider(23176): Server :: Values in operation are Key : yMvQxhc6TfgoddkFObwXamsQoPdoKqjv, value: UU8GO6ohMgEEzibs90EWTae24abr5u77, CurrentNode/Originator : 5556, Type : replicate, Succ : 5560
D/SimpleDynamoProvider(23176): Server replicated values at currentNode 5554 key: yMvQxhc6TfgoddkFObwXamsQoPdoKqjv values: UU8GO6ohMgEEzibs90EWTae24abr5u77
E/memtrack(23677): Couldn't load memtrack module (No such file or directory)
E/android.os.Debug(23677): failed to load memtrack module: -2
D/AndroidRuntime(23677): Calling main entry com.android.commands.content.Content
D/SimpleDynamoProvider(23176): Insert() :: Values set in operation are Key : qT68wfO6omAyPAhkhWYUyeARDBs4ULHr, value: b9iHNg0XIsUvMYgnJZxyLAS6QnzQpM1Q, CurrentNode/Originator : 5554, Type : insert, Succ : 5558
D/SimpleDynamoProvider(23176): Insert() Client forward Insert node : 5562 from currentNode : 5554 Key : qT68wfO6omAyPAhkhWYUyeARDBs4ULHr Value :b9iHNg0XIsUvMYgnJZxyLAS6QnzQpM1Q
D/SimpleDynamoProvider(23176): Insert() Replicating to succ's check succ port's, Key: qT68wfO6omAyPAhkhWYUyeARDBs4ULHrvalue: b9iHNg0XIsUvMYgnJZxyLAS6QnzQpM1Q
D/SimpleDynamoProvider(23176): Replicate() Calling client currentNode 5554 Succ is :5556 key: qT68wfO6omAyPAhkhWYUyeARDBs4ULHr values: b9iHNg0XIsUvMYgnJZxyLAS6QnzQpM1Q
D/SimpleDynamoProvider(23176): Client sending to Succ Server :: Values set in operation are Key : qT68wfO6omAyPAhkhWYUyeARDBs4ULHr, value: b9iHNg0XIsUvMYgnJZxyLAS6QnzQpM1Q, CurrentNode/Originator : 5554, Type : replicate, Succ : 5556
D/SimpleDynamoProvider(23176): Client Remote port is 11124
D/SimpleDynamoProvider(23176): Replicate() Calling client currentNode 5554 Succ is :5554 key: qT68wfO6omAyPAhkhWYUyeARDBs4ULHr values: b9iHNg0XIsUvMYgnJZxyLAS6QnzQpM1Q
D/SimpleDynamoProvider(23176): Client sending to Succ Server :: Values set in operation are Key : qT68wfO6omAyPAhkhWYUyeARDBs4ULHr, value: b9iHNg0XIsUvMYgnJZxyLAS6QnzQpM1Q, CurrentNode/Originator : 5554, Type : replicate, Succ : 5554
D/SimpleDynamoProvider(23176): Client Remote port is 11112
D/AndroidRuntime(23677): Shutting down VM
D/jdwp    (23677): Got wake-up signal, bailing out of select
D/dalvikvm(23677): Debugger has detached; object registry had 1 entries
D/SimpleDynamoProvider(23176): Client sending to Succ Server :: Values set in operation are Key : qT68wfO6omAyPAhkhWYUyeARDBs4ULHr, value: b9iHNg0XIsUvMYgnJZxyLAS6QnzQpM1Q, CurrentNode/Originator : 5554, Type : replicate, Succ : 5554
D/SimpleDynamoProvider(23176): Client Remote port is 11108
D/SimpleDynamoProvider(23176): Server :: Values in operation are Key : qT68wfO6omAyPAhkhWYUyeARDBs4ULHr, value: b9iHNg0XIsUvMYgnJZxyLAS6QnzQpM1Q, CurrentNode/Originator : 5554, Type : replicate, Succ : 5554
D/SimpleDynamoProvider(23176): Server replicated values at currentNode 5554 key: qT68wfO6omAyPAhkhWYUyeARDBs4ULHr values: b9iHNg0XIsUvMYgnJZxyLAS6QnzQpM1Q
D/AndroidRuntime(23693): 
D/AndroidRuntime(23693): >>>>>> AndroidRuntime START com.android.internal.os.RuntimeInit <<<<<<
D/AndroidRuntime(23693): CheckJNI is ON
D/dalvikvm(23693): Trying to load lib libjavacore.so 0x0
D/dalvikvm(23693): Added shared lib libjavacore.so 0x0
D/dalvikvm(23693): Trying to load lib libnativehelper.so 0x0
D/dalvikvm(23693): Added shared lib libnativehelper.so 0x0
D/dalvikvm(23693): No JNI_OnLoad found in libnativehelper.so 0x0, skipping init
D/SimpleDynamoProvider(23176): Server :: Values in operation are Key : yMvQxhc6TfgoddkFObwXamsQoPdoKqjv, value: null, CurrentNode/Originator : 5556, Type : singleKeyQuery, Succ : 5554
D/SimpleDynamoProvider(23176): Server singleKeyQuery key is yMvQxhc6TfgoddkFObwXamsQoPdoKqjv currentNode is 5554 Originator is 5556
D/SimpleDynamoProvider(23176): returnValueForKeyQuery() checking in Node CurrentNode: 5554 Key is : yMvQxhc6TfgoddkFObwXamsQoPdoKqjv
D/SimpleDynamoProvider(23176): returnValueForKeyQuery() :: found key yMvQxhc6TfgoddkFObwXamsQoPdoKqjv value is : UU8GO6ohMgEEzibs90EWTae24abr5u77 in Node : 5554
D/SimpleDynamoProvider(23176): Server singleKeyQuery sending to Originator :: Values set in operation are Key : yMvQxhc6TfgoddkFObwXamsQoPdoKqjv, value: UU8GO6ohMgEEzibs90EWTae24abr5u77, CurrentNode/Originator : 5556, Type : singleKeyQueryValue, Succ : 5556
D/SimpleDynamoProvider(23176): Client sending to Succ Server :: Values set in operation are Key : yMvQxhc6TfgoddkFObwXamsQoPdoKqjv, value: UU8GO6ohMgEEzibs90EWTae24abr5u77, CurrentNode/Originator : 5556, Type : singleKeyQueryValue, Succ : 5556
D/SimpleDynamoProvider(23176): Client Remote port is 11112
D/dalvikvm(23693): Note: class Landroid/app/ActivityManagerNative; has 179 unimplemented (abstract) methods
E/memtrack(23693): Couldn't load memtrack module (No such file or directory)
E/android.os.Debug(23693): failed to load memtrack module: -2
D/AndroidRuntime(23693): Calling main entry com.android.commands.content.Content
D/SimpleDynamoProvider(23176): Query selection : qT68wfO6omAyPAhkhWYUyeARDBs4ULHr
D/SimpleDynamoProvider(23176): returnValueForKeyQuery() checking in Node CurrentNode: 5554 Key is : qT68wfO6omAyPAhkhWYUyeARDBs4ULHr
D/SimpleDynamoProvider(23176): returnValueForKeyQuery() :: found key qT68wfO6omAyPAhkhWYUyeARDBs4ULHr value is : b9iHNg0XIsUvMYgnJZxyLAS6QnzQpM1Q in Node : 5554
D/SimpleDynamoProvider(23176): Query() :: found key qT68wfO6omAyPAhkhWYUyeARDBs4ULHr in Node : 5554 mutexQuery : null
D/AndroidRuntime(23693): Shutting down VM
D/dalvikvm(23693): Debugger has detached; object registry had 1 entries
D/AndroidRuntime(23704): 
D/AndroidRuntime(23704): >>>>>> AndroidRuntime START com.android.internal.os.RuntimeInit <<<<<<
D/AndroidRuntime(23704): CheckJNI is ON
D/dalvikvm(23704): Trying to load lib libjavacore.so 0x0
D/dalvikvm(23704): Added shared lib libjavacore.so 0x0
D/dalvikvm(23704): Trying to load lib libnativehelper.so 0x0
D/dalvikvm(23704): Added shared lib libnativehelper.so 0x0
D/dalvikvm(23704): No JNI_OnLoad found in libnativehelper.so 0x0, skipping init
D/dalvikvm(23704): Note: class Landroid/app/ActivityManagerNative; has 179 unimplemented (abstract) methods
E/memtrack(23704): Couldn't load memtrack module (No such file or directory)
E/android.os.Debug(23704): failed to load memtrack module: -2
D/AndroidRuntime(23704): Calling main entry com.android.commands.content.Content
D/SimpleDynamoProvider(23176): Insert() :: Values set in operation are Key : yTLcwxTpm64TDOUii7Zm8hp4WYCm5Tc3, value: qcdnQquKxKOQQcO7ndNAX183QUhJ4r7J, CurrentNode/Originator : 5554, Type : insert, Succ : 5558
D/SimpleDynamoProvider(23176): Insert() Client forward Insert node : 5562 from currentNode : 5554 Key : yTLcwxTpm64TDOUii7Zm8hp4WYCm5Tc3 Value :qcdnQquKxKOQQcO7ndNAX183QUhJ4r7J
D/SimpleDynamoProvider(23176): Insert() Replicating to succ's check succ port's, Key: yTLcwxTpm64TDOUii7Zm8hp4WYCm5Tc3value: qcdnQquKxKOQQcO7ndNAX183QUhJ4r7J
