W/InputMethodManagerService( 1230): Got RemoteException sending setActive(false) notification to pid 18553 uid 10753
I/ActivityManager( 1230): Force stopping edu.buffalo.cse.cse486586.simpledynamo appid=10753 user=-1: update pkg
W/PackageManager( 1230): Code path for pkg : edu.buffalo.cse.cse486586.simpledynamo changing from /data/app/edu.buffalo.cse.cse486586.simpledynamo-2.apk to /data/app/edu.buffalo.cse.cse486586.simpledynamo-1.apk
W/PackageManager( 1230): Resource path for pkg : edu.buffalo.cse.cse486586.simpledynamo changing from /data/app/edu.buffalo.cse.cse486586.simpledynamo-2.apk to /data/app/edu.buffalo.cse.cse486586.simpledynamo-1.apk
I/ActivityManager( 1230): Force stopping edu.buffalo.cse.cse486586.simpledynamo appid=10753 user=0: pkg removed
D/BackupManagerService( 1230): Received broadcast Intent { act=android.intent.action.PACKAGE_REMOVED dat=package:edu.buffalo.cse.cse486586.simpledynamo flg=0x4000010 (has extras) }
W/ContextImpl( 1758): Calling a method in the system process without a qualified user: android.app.ContextImpl.startService:1479 android.content.ContextWrapper.startService:494 android.content.ContextWrapper.startService:494 com.android.keychain.KeyChainBroadcastReceiver.onReceive:12 android.app.ActivityThread.handleReceiver:2400 
D/BackupManagerService( 1230): Received broadcast Intent { act=android.intent.action.PACKAGE_ADDED dat=package:edu.buffalo.cse.cse486586.simpledynamo flg=0x4000010 (has extras) }
V/BackupManagerService( 1230): removePackageParticipantsLocked: uid=10753 #1
V/BackupManagerService( 1230): addPackageParticipantsLocked: #1
W/RecognitionManagerService( 1230): no available voice recognition services found for user 0
I/ActivityManager( 1230): START u0 {act=android.intent.action.MAIN cat=[android.intent.category.LAUNCHER] flg=0x10000000 cmp=edu.buffalo.cse.cse486586.simpledynamo/.SimpleDynamoActivity} from pid 18594
W/WindowManager( 1230): Screenshot failure taking screenshot for (123x164) to layer 21005
I/ActivityManager( 1230): Start proc edu.buffalo.cse.cse486586.simpledynamo for activity edu.buffalo.cse.cse486586.simpledynamo/.SimpleDynamoActivity: pid=18605 uid=10753 gids={50753, 3003}
W/ActivityManager( 1230): No content provider found for permission revoke: file:///data/local/tmp/SimpleDynamo.apk
W/ActivityManager( 1230): No content provider found for permission revoke: file:///data/local/tmp/SimpleDynamo.apk
I/PackageManager( 1230): Copying native libraries to /data/app-lib/vmdl101325437
I/ActivityManager( 1230): Force stopping edu.buffalo.cse.cse486586.simpledynamo appid=10753 user=-1: uninstall pkg
I/ActivityManager( 1230): Killing 18605:edu.buffalo.cse.cse486586.simpledynamo/u0a753 (adj 0): stop edu.buffalo.cse.cse486586.simpledynamo
W/ActivityManager( 1230): Force removing ActivityRecord{b41531e8 u0 edu.buffalo.cse.cse486586.simpledynamo/.SimpleDynamoActivity t261}: app died, no saved state
I/WindowState( 1230): WIN DEATH: Window{b419cf90 u0 edu.buffalo.cse.cse486586.simpledynamo/edu.buffalo.cse.cse486586.simpledynamo.SimpleDynamoActivity}
I/PackageManager( 1230): Package edu.buffalo.cse.cse486586.simpledynamo codePath changed from /data/app/edu.buffalo.cse.cse486586.simpledynamo-1.apk to /data/app/edu.buffalo.cse.cse486586.simpledynamo-2.apk; Retaining data and using new
W/PackageManager( 1230): Code path for pkg : edu.buffalo.cse.cse486586.simpledynamo changing from /data/app/edu.buffalo.cse.cse486586.simpledynamo-1.apk to /data/app/edu.buffalo.cse.cse486586.simpledynamo-2.apk
W/PackageManager( 1230): Resource path for pkg : edu.buffalo.cse.cse486586.simpledynamo changing from /data/app/edu.buffalo.cse.cse486586.simpledynamo-1.apk to /data/app/edu.buffalo.cse.cse486586.simpledynamo-2.apk
I/ActivityManager( 1230): Force stopping edu.buffalo.cse.cse486586.simpledynamo appid=10753 user=-1: update pkg
W/InputMethodManagerService( 1230): Got RemoteException sending setActive(false) notification to pid 18605 uid 10753
I/ActivityManager( 1230): Force stopping edu.buffalo.cse.cse486586.simpledynamo appid=10753 user=0: pkg removed
D/BackupManagerService( 1230): Received broadcast Intent { act=android.intent.action.PACKAGE_REMOVED dat=package:edu.buffalo.cse.cse486586.simpledynamo flg=0x4000010 (has extras) }
D/BackupManagerService( 1230): Received broadcast Intent { act=android.intent.action.PACKAGE_ADDED dat=package:edu.buffalo.cse.cse486586.simpledynamo flg=0x4000010 (has extras) }
V/BackupManagerService( 1230): removePackageParticipantsLocked: uid=10753 #1
V/BackupManagerService( 1230): addPackageParticipantsLocked: #1
W/ContextImpl( 1758): Calling a method in the system process without a qualified user: android.app.ContextImpl.startService:1479 android.content.ContextWrapper.startService:494 android.content.ContextWrapper.startService:494 com.android.keychain.KeyChainBroadcastReceiver.onReceive:12 android.app.ActivityThread.handleReceiver:2400 
W/RecognitionManagerService( 1230): no available voice recognition services found for user 0
I/ActivityManager( 1230): START u0 {act=android.intent.action.MAIN cat=[android.intent.category.LAUNCHER] flg=0x10000000 cmp=edu.buffalo.cse.cse486586.simpledynamo/.SimpleDynamoActivity} from pid 18645
W/WindowManager( 1230): Screenshot failure taking screenshot for (123x164) to layer 21005
I/ActivityManager( 1230): Start proc edu.buffalo.cse.cse486586.simpledynamo for activity edu.buffalo.cse.cse486586.simpledynamo/.SimpleDynamoActivity: pid=18657 uid=10753 gids={50753, 3003}
I/ActivityManager( 1230): Force stopping edu.buffalo.cse.cse486586.simpledynamo appid=10753 user=-1: uninstall pkg
I/ActivityManager( 1230): Killing 18657:edu.buffalo.cse.cse486586.simpledynamo/u0a753 (adj 0): stop edu.buffalo.cse.cse486586.simpledynamo
W/ActivityManager( 1230): Force removing ActivityRecord{b42a3310 u0 edu.buffalo.cse.cse486586.simpledynamo/.SimpleDynamoActivity t262}: app died, no saved state
I/WindowState( 1230): WIN DEATH: Window{b42aab48 u0 edu.buffalo.cse.cse486586.simpledynamo/edu.buffalo.cse.cse486586.simpledynamo.SimpleDynamoActivity}
W/PackageManager( 1230): Couldn't delete native library directory /data/app-lib/edu.buffalo.cse.cse486586.simpledynamo
I/ActivityManager( 1230): Force stopping edu.buffalo.cse.cse486586.simpledynamo appid=10753 user=0: pkg removed
W/InputMethodManagerService( 1230): Got RemoteException sending setActive(false) notification to pid 18657 uid 10753
D/BackupManagerService( 1230): Received broadcast Intent { act=android.intent.action.PACKAGE_REMOVED dat=package:edu.buffalo.cse.cse486586.simpledynamo flg=0x4000010 (has extras) }
V/BackupManagerService( 1230): removePackageParticipantsLocked: uid=10753 #1
W/ContextImpl( 1758): Calling a method in the system process without a qualified user: android.app.ContextImpl.startService:1479 android.content.ContextWrapper.startService:494 android.content.ContextWrapper.startService:494 com.android.keychain.KeyChainBroadcastReceiver.onReceive:12 android.app.ActivityThread.handleReceiver:2400 
W/ActivityManager( 1230): No content provider found for permission revoke: file:///data/local/tmp/SimpleDynamo.apk
W/ActivityManager( 1230): No content provider found for permission revoke: file:///data/local/tmp/SimpleDynamo.apk
I/PackageManager( 1230): Copying native libraries to /data/app-lib/vmdl176063860
I/ActivityManager( 1230): Force stopping edu.buffalo.cse.cse486586.simpledynamo appid=10754 user=-1: update pkg
D/BackupManagerService( 1230): Received broadcast Intent { act=android.intent.action.PACKAGE_ADDED dat=package:edu.buffalo.cse.cse486586.simpledynamo flg=0x4000010 (has extras) }
V/BackupManagerService( 1230): addPackageParticipantsLocked: #1
W/RecognitionManagerService( 1230): no available voice recognition services found for user 0
I/ActivityManager( 1230): Force stopping edu.buffalo.cse.cse486586.simpledynamo appid=10754 user=0: from pid 18748
I/ActivityManager( 1230): START u0 {act=android.intent.action.MAIN cat=[android.intent.category.LAUNCHER] flg=0x10000000 cmp=edu.buffalo.cse.cse486586.simpledynamo/.SimpleDynamoActivity} from pid 18748
W/WindowManager( 1230): Screenshot failure taking screenshot for (123x164) to layer 21010
I/ActivityManager( 1230): Start proc edu.buffalo.cse.cse486586.simpledynamo for activity edu.buffalo.cse.cse486586.simpledynamo/.SimpleDynamoActivity: pid=18759 uid=10754 gids={50754, 3003}
I/ActivityManager( 1230): Force stopping edu.buffalo.cse.cse486586.simpledynamo appid=10754 user=-1: uninstall pkg
I/ActivityManager( 1230): Killing 18759:edu.buffalo.cse.cse486586.simpledynamo/u0a754 (adj 0): stop edu.buffalo.cse.cse486586.simpledynamo
W/ActivityManager( 1230): Force removing ActivityRecord{b41531e8 u0 edu.buffalo.cse.cse486586.simpledynamo/.SimpleDynamoActivity t263}: app died, no saved state
W/PackageManager( 1230): Couldn't delete native library directory /data/app-lib/edu.buffalo.cse.cse486586.simpledynamo
I/WindowState( 1230): WIN DEATH: Window{b42436f8 u0 edu.buffalo.cse.cse486586.simpledynamo/edu.buffalo.cse.cse486586.simpledynamo.SimpleDynamoActivity}
I/ActivityManager( 1230): Force stopping edu.buffalo.cse.cse486586.simpledynamo appid=10754 user=0: pkg removed
W/InputMethodManagerService( 1230): Got RemoteException sending setActive(false) notification to pid 18759 uid 10754
D/BackupManagerService( 1230): Received broadcast Intent { act=android.intent.action.PACKAGE_REMOVED dat=package:edu.buffalo.cse.cse486586.simpledynamo flg=0x4000010 (has extras) }
V/BackupManagerService( 1230): removePackageParticipantsLocked: uid=10754 #1
W/ContextImpl( 1758): Calling a method in the system process without a qualified user: android.app.ContextImpl.startService:1479 android.content.ContextWrapper.startService:494 android.content.ContextWrapper.startService:494 com.android.keychain.KeyChainBroadcastReceiver.onReceive:12 android.app.ActivityThread.handleReceiver:2400 
W/ActivityManager( 1230): No content provider found for permission revoke: file:///data/local/tmp/SimpleDynamo.apk
W/ActivityManager( 1230): No content provider found for permission revoke: file:///data/local/tmp/SimpleDynamo.apk
I/PackageManager( 1230): Copying native libraries to /data/app-lib/vmdl1360506583
I/ActivityManager( 1230): Force stopping edu.buffalo.cse.cse486586.simpledynamo appid=10755 user=-1: update pkg
W/RecognitionManagerService( 1230): no available voice recognition services found for user 0
D/BackupManagerService( 1230): Received broadcast Intent { act=android.intent.action.PACKAGE_ADDED dat=package:edu.buffalo.cse.cse486586.simpledynamo flg=0x4000010 (has extras) }
V/BackupManagerService( 1230): addPackageParticipantsLocked: #1
I/ActivityManager( 1230): Force stopping edu.buffalo.cse.cse486586.simpledynamo appid=10755 user=0: from pid 19634
I/ActivityManager( 1230): START u0 {act=android.intent.action.MAIN cat=[android.intent.category.LAUNCHER] flg=0x10000000 cmp=edu.buffalo.cse.cse486586.simpledynamo/.SimpleDynamoActivity} from pid 19634
W/WindowManager( 1230): Screenshot failure taking screenshot for (123x164) to layer 21010
I/ActivityManager( 1230): Start proc edu.buffalo.cse.cse486586.simpledynamo for activity edu.buffalo.cse.cse486586.simpledynamo/.SimpleDynamoActivity: pid=19645 uid=10755 gids={50755, 3003}
I/ProcessStatsService( 1230): Prepared write state in 0ms
D/ConnectivityService( 1230): Sampling interval elapsed, updating statistics ..
D/ConnectivityService( 1230): Done.
D/ConnectivityService( 1230): Setting timer for 720seconds
I/ActivityManager( 1230): Force stopping edu.buffalo.cse.cse486586.simpledynamo appid=10755 user=0: from pid 23680
I/ActivityManager( 1230): Killing 19645:edu.buffalo.cse.cse486586.simpledynamo/u0a755 (adj 0): stop edu.buffalo.cse.cse486586.simpledynamo
W/ActivityManager( 1230): Force removing ActivityRecord{b41531e8 u0 edu.buffalo.cse.cse486586.simpledynamo/.SimpleDynamoActivity t264}: app died, no saved state
I/WindowState( 1230): WIN DEATH: Window{b42436f8 u0 edu.buffalo.cse.cse486586.simpledynamo/edu.buffalo.cse.cse486586.simpledynamo.SimpleDynamoActivity}
W/InputMethodManagerService( 1230): Got RemoteException sending setActive(false) notification to pid 19645 uid 10755
I/ActivityManager( 1230): Force stopping edu.buffalo.cse.cse486586.simpledynamo appid=10755 user=0: from pid 23704
I/ActivityManager( 1230): START u0 {act=android.intent.action.MAIN cat=[android.intent.category.LAUNCHER] flg=0x10000000 cmp=edu.buffalo.cse.cse486586.simpledynamo/.SimpleDynamoActivity} from pid 23704
W/WindowManager( 1230): Screenshot failure taking screenshot for (123x164) to layer 21010
I/ActivityManager( 1230): Start proc edu.buffalo.cse.cse486586.simpledynamo for activity edu.buffalo.cse.cse486586.simpledynamo/.SimpleDynamoActivity: pid=23715 uid=10755 gids={50755, 3003}
D/ConnectivityService( 1230): Sampling interval elapsed, updating statistics ..
D/ConnectivityService( 1230): Done.
D/ConnectivityService( 1230): Setting timer for 720seconds
V/BackupManagerService( 1230): Running a backup pass
V/BackupManagerService( 1230): clearing pending backups
V/PerformBackupTask( 1230): Beginning backup of 7 targets
I/PerformBackupTask( 1230): Initializing (wiping) backup state and transport storage
D/BackupManagerService( 1230): Now staging backup of android
D/BackupManagerService( 1230): Now staging backup of com.android.providers.settings
D/BackupManagerService( 1230): Now staging backup of com.android.providers.userdictionary
D/BackupManagerService( 1230): Now staging backup of com.android.dialer
D/BackupManagerService( 1230): Now staging backup of com.android.sharedstoragebackup
D/BackupManagerService( 1230): Now staging backup of com.android.browser
D/BackupManagerService( 1230): Now staging backup of com.android.calendar
D/PerformBackupTask( 1230): invokeAgentForBackup on @pm@
E/PerformBackupTask( 1230): Error invoking for backup on @pm@
I/PerformBackupTask( 1230): Backup pass finished.
E/PerformBackupTask( 1230): Duplicate finish
I/ActivityManager( 1230): Force stopping edu.buffalo.cse.cse486586.simpledynamo appid=10755 user=-1: uninstall pkg
I/ActivityManager( 1230): Killing 23715:edu.buffalo.cse.cse486586.simpledynamo/u0a755 (adj 0): stop edu.buffalo.cse.cse486586.simpledynamo
W/ActivityManager( 1230): Force removing ActivityRecord{b4195548 u0 edu.buffalo.cse.cse486586.simpledynamo/.SimpleDynamoActivity t265}: app died, no saved state
W/PackageManager( 1230): Couldn't delete native library directory /data/app-lib/edu.buffalo.cse.cse486586.simpledynamo
I/WindowState( 1230): WIN DEATH: Window{b42c7ea0 u0 edu.buffalo.cse.cse486586.simpledynamo/edu.buffalo.cse.cse486586.simpledynamo.SimpleDynamoActivity}
I/ActivityManager( 1230): Force stopping edu.buffalo.cse.cse486586.simpledynamo appid=10755 user=0: pkg removed
W/InputMethodManagerService( 1230): Got RemoteException sending setActive(false) notification to pid 23715 uid 10755
D/BackupManagerService( 1230): Received broadcast Intent { act=android.intent.action.PACKAGE_REMOVED dat=package:edu.buffalo.cse.cse486586.simpledynamo flg=0x4000010 (has extras) }
V/BackupManagerService( 1230): removePackageParticipantsLocked: uid=10755 #1
W/ContextImpl( 1758): Calling a method in the system process without a qualified user: android.app.ContextImpl.startService:1479 android.content.ContextWrapper.startService:494 android.content.ContextWrapper.startService:494 com.android.keychain.KeyChainBroadcastReceiver.onReceive:12 android.app.ActivityThread.handleReceiver:2400 
W/ActivityManager( 1230): No content provider found for permission revoke: file:///data/local/tmp/SimpleDynamo.apk
W/ActivityManager( 1230): No content provider found for permission revoke: file:///data/local/tmp/SimpleDynamo.apk
I/PackageManager( 1230): Copying native libraries to /data/app-lib/vmdl1551554636
I/ActivityManager( 1230): Force stopping edu.buffalo.cse.cse486586.simpledynamo appid=10756 user=-1: update pkg
D/BackupManagerService( 1230): Received broadcast Intent { act=android.intent.action.PACKAGE_ADDED dat=package:edu.buffalo.cse.cse486586.simpledynamo flg=0x4000010 (has extras) }
V/BackupManagerService( 1230): addPackageParticipantsLocked: #1
W/RecognitionManagerService( 1230): no available voice recognition services found for user 0
I/ActivityManager( 1230): Force stopping edu.buffalo.cse.cse486586.simpledynamo appid=10756 user=0: from pid 26385
I/ActivityManager( 1230): START u0 {act=android.intent.action.MAIN cat=[android.intent.category.LAUNCHER] flg=0x10000000 cmp=edu.buffalo.cse.cse486586.simpledynamo/.SimpleDynamoActivity} from pid 26385
W/WindowManager( 1230): Screenshot failure taking screenshot for (123x164) to layer 21010
I/ActivityManager( 1230): Start proc edu.buffalo.cse.cse486586.simpledynamo for activity edu.buffalo.cse.cse486586.simpledynamo/.SimpleDynamoActivity: pid=26396 uid=10756 gids={50756, 3003}
I/ActivityManager( 1230): Force stopping edu.buffalo.cse.cse486586.simpledynamo appid=10756 user=0: from pid 27246
I/ActivityManager( 1230): Killing 26396:edu.buffalo.cse.cse486586.simpledynamo/u0a756 (adj 0): stop edu.buffalo.cse.cse486586.simpledynamo
W/ActivityManager( 1230): Force removing ActivityRecord{b4195548 u0 edu.buffalo.cse.cse486586.simpledynamo/.SimpleDynamoActivity t266}: app died, no saved state
I/WindowState( 1230): WIN DEATH: Window{b42407a0 u0 edu.buffalo.cse.cse486586.simpledynamo/edu.buffalo.cse.cse486586.simpledynamo.SimpleDynamoActivity}
W/InputMethodManagerService( 1230): Got RemoteException sending setActive(false) notification to pid 26396 uid 10756
I/ActivityManager( 1230): Force stopping edu.buffalo.cse.cse486586.simpledynamo appid=10756 user=0: from pid 27269
I/ActivityManager( 1230): START u0 {act=android.intent.action.MAIN cat=[android.intent.category.LAUNCHER] flg=0x10000000 cmp=edu.buffalo.cse.cse486586.simpledynamo/.SimpleDynamoActivity} from pid 27269
W/WindowManager( 1230): Screenshot failure taking screenshot for (123x164) to layer 21010
I/ActivityManager( 1230): Start proc edu.buffalo.cse.cse486586.simpledynamo for activity edu.buffalo.cse.cse486586.simpledynamo/.SimpleDynamoActivity: pid=27280 uid=10756 gids={50756, 3003}
I/ProcessStatsService( 1230): Prepared write state in 1ms
I/ProcessStatsService( 1230): Prepared write state in 1ms
D/ConnectivityService( 1230): Sampling interval elapsed, updating statistics ..
D/ConnectivityService( 1230): Done.
D/ConnectivityService( 1230): Setting timer for 720seconds
W/ActivityManager( 1230): No content provider found for permission revoke: file:///data/local/tmp/SimpleDynamo.apk
W/ActivityManager( 1230): No content provider found for permission revoke: file:///data/local/tmp/SimpleDynamo.apk
I/PackageManager( 1230): Copying native libraries to /data/app-lib/vmdl-1745431855
I/ActivityManager( 1230): Force stopping edu.buffalo.cse.cse486586.simpledynamo appid=10756 user=-1: uninstall pkg
I/ActivityManager( 1230): Killing 27280:edu.buffalo.cse.cse486586.simpledynamo/u0a756 (adj 0): stop edu.buffalo.cse.cse486586.simpledynamo
W/ActivityManager( 1230): Force removing ActivityRecord{b438eeb8 u0 edu.buffalo.cse.cse486586.simpledynamo/.SimpleDynamoActivity t267}: app died, no saved state
I/WindowState( 1230): WIN DEATH: Window{b42c9390 u0 edu.buffalo.cse.cse486586.simpledynamo/edu.buffalo.cse.cse486586.simpledynamo.SimpleDynamoActivity}
I/PackageManager( 1230): Package edu.buffalo.cse.cse486586.simpledynamo codePath changed from /data/app/edu.buffalo.cse.cse486586.simpledynamo-1.apk to /data/app/edu.buffalo.cse.cse486586.simpledynamo-2.apk; Retaining data and using new
W/InputMethodManagerService( 1230): Got RemoteException sending setActive(false) notification to pid 27280 uid 10756
W/PackageManager( 1230): Code path for pkg : edu.buffalo.cse.cse486586.simpledynamo changing from /data/app/edu.buffalo.cse.cse486586.simpledynamo-1.apk to /data/app/edu.buffalo.cse.cse486586.simpledynamo-2.apk
W/PackageManager( 1230): Resource path for pkg : edu.buffalo.cse.cse486586.simpledynamo changing from /data/app/edu.buffalo.cse.cse486586.simpledynamo-1.apk to /data/app/edu.buffalo.cse.cse486586.simpledynamo-2.apk
I/ActivityManager( 1230): Force stopping edu.buffalo.cse.cse486586.simpledynamo appid=10756 user=-1: update pkg
I/ActivityManager( 1230): Force stopping edu.buffalo.cse.cse486586.simpledynamo appid=10756 user=0: pkg removed
D/BackupManagerService( 1230): Received broadcast Intent { act=android.intent.action.PACKAGE_REMOVED dat=package:edu.buffalo.cse.cse486586.simpledynamo flg=0x4000010 (has extras) }
D/BackupManagerService( 1230): Received broadcast Intent { act=android.intent.action.PACKAGE_ADDED dat=package:edu.buffalo.cse.cse486586.simpledynamo flg=0x4000010 (has extras) }
V/BackupManagerService( 1230): removePackageParticipantsLocked: uid=10756 #1
V/BackupManagerService( 1230): addPackageParticipantsLocked: #1
W/ContextImpl( 1758): Calling a method in the system process without a qualified user: android.app.ContextImpl.startService:1479 android.content.ContextWrapper.startService:494 android.content.ContextWrapper.startService:494 com.android.keychain.KeyChainBroadcastReceiver.onReceive:12 android.app.ActivityThread.handleReceiver:2400 
W/RecognitionManagerService( 1230): no available voice recognition services found for user 0
I/ActivityManager( 1230): START u0 {act=android.intent.action.MAIN cat=[android.intent.category.LAUNCHER] flg=0x10000000 cmp=edu.buffalo.cse.cse486586.simpledynamo/.SimpleDynamoActivity} from pid 27333
W/WindowManager( 1230): Screenshot failure taking screenshot for (123x164) to layer 21005
I/ActivityManager( 1230): Start proc edu.buffalo.cse.cse486586.simpledynamo for activity edu.buffalo.cse.cse486586.simpledynamo/.SimpleDynamoActivity: pid=27344 uid=10756 gids={50756, 3003}
I/ActivityManager( 1230): Force stopping edu.buffalo.cse.cse486586.simpledynamo appid=10756 user=-1: uninstall pkg
I/ActivityManager( 1230): Killing 27344:edu.buffalo.cse.cse486586.simpledynamo/u0a756 (adj 0): stop edu.buffalo.cse.cse486586.simpledynamo
W/PackageManager( 1230): Couldn't delete native library directory /data/app-lib/edu.buffalo.cse.cse486586.simpledynamo
I/WindowState( 1230): WIN DEATH: Window{b41f4780 u0 edu.buffalo.cse.cse486586.simpledynamo/edu.buffalo.cse.cse486586.simpledynamo.SimpleDynamoActivity}
W/ActivityManager( 1230): Force removing ActivityRecord{b4157f90 u0 edu.buffalo.cse.cse486586.simpledynamo/.SimpleDynamoActivity t268}: app died, no saved state
I/ActivityManager( 1230): Force stopping edu.buffalo.cse.cse486586.simpledynamo appid=10756 user=0: pkg removed
D/BackupManagerService( 1230): Received broadcast Intent { act=android.intent.action.PACKAGE_REMOVED dat=package:edu.buffalo.cse.cse486586.simpledynamo flg=0x4000010 (has extras) }
V/BackupManagerService( 1230): removePackageParticipantsLocked: uid=10756 #1
W/ContextImpl( 1758): Calling a method in the system process without a qualified user: android.app.ContextImpl.startService:1479 android.content.ContextWrapper.startService:494 android.content.ContextWrapper.startService:494 com.android.keychain.KeyChainBroadcastReceiver.onReceive:12 android.app.ActivityThread.handleReceiver:2400 
W/InputMethodManagerService( 1230): Got RemoteException sending setActive(false) notification to pid 27344 uid 10756
W/ActivityManager( 1230): No content provider found for permission revoke: file:///data/local/tmp/SimpleDynamo.apk
W/ActivityManager( 1230): No content provider found for permission revoke: file:///data/local/tmp/SimpleDynamo.apk
I/PackageManager( 1230): Copying native libraries to /data/app-lib/vmdl-1630364344
I/ActivityManager( 1230): Force stopping edu.buffalo.cse.cse486586.simpledynamo appid=10757 user=-1: update pkg
D/BackupManagerService( 1230): Received broadcast Intent { act=android.intent.action.PACKAGE_ADDED dat=package:edu.buffalo.cse.cse486586.simpledynamo flg=0x4000010 (has extras) }
V/BackupManagerService( 1230): addPackageParticipantsLocked: #1
W/RecognitionManagerService( 1230): no available voice recognition services found for user 0
I/ActivityManager( 1230): Force stopping edu.buffalo.cse.cse486586.simpledynamo appid=10757 user=0: from pid 27408
I/ActivityManager( 1230): START u0 {act=android.intent.action.MAIN cat=[android.intent.category.LAUNCHER] flg=0x10000000 cmp=edu.buffalo.cse.cse486586.simpledynamo/.SimpleDynamoActivity} from pid 27408
W/WindowManager( 1230): Screenshot failure taking screenshot for (123x164) to layer 21010
I/ActivityManager( 1230): Start proc edu.buffalo.cse.cse486586.simpledynamo for activity edu.buffalo.cse.cse486586.simpledynamo/.SimpleDynamoActivity: pid=27419 uid=10757 gids={50757, 3003}
I/ActivityManager( 1230): Force stopping edu.buffalo.cse.cse486586.simpledynamo appid=10757 user=-1: uninstall pkg
I/ActivityManager( 1230): Killing 27419:edu.buffalo.cse.cse486586.simpledynamo/u0a757 (adj 0): stop edu.buffalo.cse.cse486586.simpledynamo
W/ActivityManager( 1230): Force removing ActivityRecord{b4157f90 u0 edu.buffalo.cse.cse486586.simpledynamo/.SimpleDynamoActivity t269}: app died, no saved state
W/PackageManager( 1230): Couldn't delete native library directory /data/app-lib/edu.buffalo.cse.cse486586.simpledynamo
I/WindowState( 1230): WIN DEATH: Window{b42436f8 u0 edu.buffalo.cse.cse486586.simpledynamo/edu.buffalo.cse.cse486586.simpledynamo.SimpleDynamoActivity}
I/ActivityManager( 1230): Force stopping edu.buffalo.cse.cse486586.simpledynamo appid=10757 user=0: pkg removed
D/BackupManagerService( 1230): Received broadcast Intent { act=android.intent.action.PACKAGE_REMOVED dat=package:edu.buffalo.cse.cse486586.simpledynamo flg=0x4000010 (has extras) }
V/BackupManagerService( 1230): removePackageParticipantsLocked: uid=10757 #1
W/InputMethodManagerService( 1230): Got RemoteException sending setActive(false) notification to pid 27419 uid 10757
W/ContextImpl( 1758): Calling a method in the system process without a qualified user: android.app.ContextImpl.startService:1479 android.content.ContextWrapper.startService:494 android.content.ContextWrapper.startService:494 com.android.keychain.KeyChainBroadcastReceiver.onReceive:12 android.app.ActivityThread.handleReceiver:2400 
W/ActivityManager( 1230): No content provider found for permission revoke: file:///data/local/tmp/SimpleDynamo.apk
W/ActivityManager( 1230): No content provider found for permission revoke: file:///data/local/tmp/SimpleDynamo.apk
I/PackageManager( 1230): Copying native libraries to /data/app-lib/vmdl-429975364
I/ActivityManager( 1230): Force stopping edu.buffalo.cse.cse486586.simpledynamo appid=10758 user=-1: update pkg
D/BackupManagerService( 1230): Received broadcast Intent { act=android.intent.action.PACKAGE_ADDED dat=package:edu.buffalo.cse.cse486586.simpledynamo flg=0x4000010 (has extras) }
V/BackupManagerService( 1230): addPackageParticipantsLocked: #1
W/RecognitionManagerService( 1230): no available voice recognition services found for user 0
I/ActivityManager( 1230): Force stopping edu.buffalo.cse.cse486586.simpledynamo appid=10758 user=0: from pid 28275
I/ActivityManager( 1230): START u0 {act=android.intent.action.MAIN cat=[android.intent.category.LAUNCHER] flg=0x10000000 cmp=edu.buffalo.cse.cse486586.simpledynamo/.SimpleDynamoActivity} from pid 28275
W/WindowManager( 1230): Screenshot failure taking screenshot for (123x164) to layer 21010
I/ActivityManager( 1230): Start proc edu.buffalo.cse.cse486586.simpledynamo for activity edu.buffalo.cse.cse486586.simpledynamo/.SimpleDynamoActivity: pid=28286 uid=10758 gids={50758, 3003}
I/ActivityManager( 1230): Force stopping edu.buffalo.cse.cse486586.simpledynamo appid=10758 user=-1: uninstall pkg
I/ActivityManager( 1230): Killing 28286:edu.buffalo.cse.cse486586.simpledynamo/u0a758 (adj 0): stop edu.buffalo.cse.cse486586.simpledynamo
W/ActivityManager( 1230): Force removing ActivityRecord{b42a3310 u0 edu.buffalo.cse.cse486586.simpledynamo/.SimpleDynamoActivity t270}: app died, no saved state
W/PackageManager( 1230): Couldn't delete native library directory /data/app-lib/edu.buffalo.cse.cse486586.simpledynamo
I/WindowState( 1230): WIN DEATH: Window{b429fa90 u0 edu.buffalo.cse.cse486586.simpledynamo/edu.buffalo.cse.cse486586.simpledynamo.SimpleDynamoActivity}
I/ActivityManager( 1230): Force stopping edu.buffalo.cse.cse486586.simpledynamo appid=10758 user=0: pkg removed
D/BackupManagerService( 1230): Received broadcast Intent { act=android.intent.action.PACKAGE_REMOVED dat=package:edu.buffalo.cse.cse486586.simpledynamo flg=0x4000010 (has extras) }
V/BackupManagerService( 1230): removePackageParticipantsLocked: uid=10758 #1
W/ContextImpl( 1758): Calling a method in the system process without a qualified user: android.app.ContextImpl.startService:1479 android.content.ContextWrapper.startService:494 android.content.ContextWrapper.startService:494 com.android.keychain.KeyChainBroadcastReceiver.onReceive:12 android.app.ActivityThread.handleReceiver:2400 
W/InputMethodManagerService( 1230): Got RemoteException sending setActive(false) notification to pid 28286 uid 10758
W/ActivityManager( 1230): No content provider found for permission revoke: file:///data/local/tmp/SimpleDynamo.apk
W/ActivityManager( 1230): No content provider found for permission revoke: file:///data/local/tmp/SimpleDynamo.apk
I/PackageManager( 1230): Copying native libraries to /data/app-lib/vmdl-488009791
I/ActivityManager( 1230): Force stopping edu.buffalo.cse.cse486586.simpledynamo appid=10759 user=-1: update pkg
D/BackupManagerService( 1230): Received broadcast Intent { act=android.intent.action.PACKAGE_ADDED dat=package:edu.buffalo.cse.cse486586.simpledynamo flg=0x4000010 (has extras) }
V/BackupManagerService( 1230): addPackageParticipantsLocked: #1
W/RecognitionManagerService( 1230): no available voice recognition services found for user 0
I/ActivityManager( 1230): Force stopping edu.buffalo.cse.cse486586.simpledynamo appid=10759 user=0: from pid 28953
I/ActivityManager( 1230): START u0 {act=android.intent.action.MAIN cat=[android.intent.category.LAUNCHER] flg=0x10000000 cmp=edu.buffalo.cse.cse486586.simpledynamo/.SimpleDynamoActivity} from pid 28953
W/WindowManager( 1230): Screenshot failure taking screenshot for (123x164) to layer 21010
I/ActivityManager( 1230): Start proc edu.buffalo.cse.cse486586.simpledynamo for activity edu.buffalo.cse.cse486586.simpledynamo/.SimpleDynamoActivity: pid=28964 uid=10759 gids={50759, 3003}
I/ActivityManager( 1230): Force stopping edu.buffalo.cse.cse486586.simpledynamo appid=10759 user=-1: uninstall pkg
I/ActivityManager( 1230): Killing 28964:edu.buffalo.cse.cse486586.simpledynamo/u0a759 (adj 0): stop edu.buffalo.cse.cse486586.simpledynamo
W/ActivityManager( 1230): Force removing ActivityRecord{b4157f90 u0 edu.buffalo.cse.cse486586.simpledynamo/.SimpleDynamoActivity t271}: app died, no saved state
I/WindowState( 1230): WIN DEATH: Window{b429fa90 u0 edu.buffalo.cse.cse486586.simpledynamo/edu.buffalo.cse.cse486586.simpledynamo.SimpleDynamoActivity}
W/PackageManager( 1230): Couldn't delete native library directory /data/app-lib/edu.buffalo.cse.cse486586.simpledynamo
I/ActivityManager( 1230): Force stopping edu.buffalo.cse.cse486586.simpledynamo appid=10759 user=0: pkg removed
D/BackupManagerService( 1230): Received broadcast Intent { act=android.intent.action.PACKAGE_REMOVED dat=package:edu.buffalo.cse.cse486586.simpledynamo flg=0x4000010 (has extras) }
V/BackupManagerService( 1230): removePackageParticipantsLocked: uid=10759 #1
W/ContextImpl( 1758): Calling a method in the system process without a qualified user: android.app.ContextImpl.startService:1479 android.content.ContextWrapper.startService:494 android.content.ContextWrapper.startService:494 com.android.keychain.KeyChainBroadcastReceiver.onReceive:12 android.app.ActivityThread.handleReceiver:2400 
W/InputMethodManagerService( 1230): Got RemoteException sending setActive(false) notification to pid 28964 uid 10759
W/ActivityManager( 1230): No content provider found for permission revoke: file:///data/local/tmp/SimpleDynamo.apk
W/ActivityManager( 1230): No content provider found for permission revoke: file:///data/local/tmp/SimpleDynamo.apk
I/PackageManager( 1230): Copying native libraries to /data/app-lib/vmdl1687082896
I/ActivityManager( 1230): Force stopping edu.buffalo.cse.cse486586.simpledynamo appid=10760 user=-1: update pkg
D/BackupManagerService( 1230): Received broadcast Intent { act=android.intent.action.PACKAGE_ADDED dat=package:edu.buffalo.cse.cse486586.simpledynamo flg=0x4000010 (has extras) }
V/BackupManagerService( 1230): addPackageParticipantsLocked: #1
W/RecognitionManagerService( 1230): no available voice recognition services found for user 0
I/ActivityManager( 1230): Force stopping edu.buffalo.cse.cse486586.simpledynamo appid=10760 user=0: from pid 29831
I/ActivityManager( 1230): START u0 {act=android.intent.action.MAIN cat=[android.intent.category.LAUNCHER] flg=0x10000000 cmp=edu.buffalo.cse.cse486586.simpledynamo/.SimpleDynamoActivity} from pid 29831
W/WindowManager( 1230): Screenshot failure taking screenshot for (123x164) to layer 21010
I/ActivityManager( 1230): Start proc edu.buffalo.cse.cse486586.simpledynamo for activity edu.buffalo.cse.cse486586.simpledynamo/.SimpleDynamoActivity: pid=29842 uid=10760 gids={50760, 3003}
D/ConnectivityService( 1230): Sampling interval elapsed, updating statistics ..
D/ConnectivityService( 1230): Done.
D/ConnectivityService( 1230): Setting timer for 720seconds
I/ProcessStatsService( 1230): Prepared write state in 2ms
I/ProcessStatsService( 1230): Prepared write state in 1ms
W/ActivityManager( 1230): No content provider found for permission revoke: file:///data/local/tmp/SimpleDynamo.apk
W/ActivityManager( 1230): No content provider found for permission revoke: file:///data/local/tmp/SimpleDynamo.apk
I/PackageManager( 1230): Copying native libraries to /data/app-lib/vmdl-1132372764
I/ActivityManager( 1230): Force stopping edu.buffalo.cse.cse486586.simpledynamo appid=10760 user=-1: uninstall pkg
I/ActivityManager( 1230): Killing 29842:edu.buffalo.cse.cse486586.simpledynamo/u0a760 (adj 0): stop edu.buffalo.cse.cse486586.simpledynamo
W/ActivityManager( 1230): Force removing ActivityRecord{b4157f90 u0 edu.buffalo.cse.cse486586.simpledynamo/.SimpleDynamoActivity t272}: app died, no saved state
I/WindowState( 1230): WIN DEATH: Window{b42abbf0 u0 edu.buffalo.cse.cse486586.simpledynamo/edu.buffalo.cse.cse486586.simpledynamo.SimpleDynamoActivity}
I/PackageManager( 1230): Package edu.buffalo.cse.cse486586.simpledynamo codePath changed from /data/app/edu.buffalo.cse.cse486586.simpledynamo-1.apk to /data/app/edu.buffalo.cse.cse486586.simpledynamo-2.apk; Retaining data and using new
W/PackageManager( 1230): Code path for pkg : edu.buffalo.cse.cse486586.simpledynamo changing from /data/app/edu.buffalo.cse.cse486586.simpledynamo-1.apk to /data/app/edu.buffalo.cse.cse486586.simpledynamo-2.apk
W/PackageManager( 1230): Resource path for pkg : edu.buffalo.cse.cse486586.simpledynamo changing from /data/app/edu.buffalo.cse.cse486586.simpledynamo-1.apk to /data/app/edu.buffalo.cse.cse486586.simpledynamo-2.apk
I/ActivityManager( 1230): Force stopping edu.buffalo.cse.cse486586.simpledynamo appid=10760 user=-1: update pkg
I/ActivityManager( 1230): Force stopping edu.buffalo.cse.cse486586.simpledynamo appid=10760 user=0: pkg removed
W/InputMethodManagerService( 1230): Got RemoteException sending setActive(false) notification to pid 29842 uid 10760
D/BackupManagerService( 1230): Received broadcast Intent { act=android.intent.action.PACKAGE_REMOVED dat=package:edu.buffalo.cse.cse486586.simpledynamo flg=0x4000010 (has extras) }
D/BackupManagerService( 1230): Received broadcast Intent { act=android.intent.action.PACKAGE_ADDED dat=package:edu.buffalo.cse.cse486586.simpledynamo flg=0x4000010 (has extras) }
V/BackupManagerService( 1230): removePackageParticipantsLocked: uid=10760 #1
V/BackupManagerService( 1230): addPackageParticipantsLocked: #1
W/ContextImpl( 1758): Calling a method in the system process without a qualified user: android.app.ContextImpl.startService:1479 android.content.ContextWrapper.startService:494 android.content.ContextWrapper.startService:494 com.android.keychain.KeyChainBroadcastReceiver.onReceive:12 android.app.ActivityThread.handleReceiver:2400 
W/RecognitionManagerService( 1230): no available voice recognition services found for user 0
I/ActivityManager( 1230): START u0 {act=android.intent.action.MAIN cat=[android.intent.category.LAUNCHER] flg=0x10000000 cmp=edu.buffalo.cse.cse486586.simpledynamo/.SimpleDynamoActivity} from pid 30335
W/WindowManager( 1230): Screenshot failure taking screenshot for (123x164) to layer 21005
I/ActivityManager( 1230): Start proc edu.buffalo.cse.cse486586.simpledynamo for activity edu.buffalo.cse.cse486586.simpledynamo/.SimpleDynamoActivity: pid=30346 uid=10760 gids={50760, 3003}
I/ActivityManager( 1230): Force stopping edu.buffalo.cse.cse486586.simpledynamo appid=10760 user=-1: uninstall pkg
I/ActivityManager( 1230): Killing 30346:edu.buffalo.cse.cse486586.simpledynamo/u0a760 (adj 0): stop edu.buffalo.cse.cse486586.simpledynamo
W/ActivityManager( 1230): Force removing ActivityRecord{b4157f90 u0 edu.buffalo.cse.cse486586.simpledynamo/.SimpleDynamoActivity t273}: app died, no saved state
W/PackageManager( 1230): Couldn't delete native library directory /data/app-lib/edu.buffalo.cse.cse486586.simpledynamo
I/WindowState( 1230): WIN DEATH: Window{b422e340 u0 edu.buffalo.cse.cse486586.simpledynamo/edu.buffalo.cse.cse486586.simpledynamo.SimpleDynamoActivity}
I/ActivityManager( 1230): Force stopping edu.buffalo.cse.cse486586.simpledynamo appid=10760 user=0: pkg removed
W/ContextImpl( 1758): Calling a method in the system process without a qualified user: android.app.ContextImpl.startService:1479 android.content.ContextWrapper.startService:494 android.content.ContextWrapper.startService:494 com.android.keychain.KeyChainBroadcastReceiver.onReceive:12 android.app.ActivityThread.handleReceiver:2400 
D/BackupManagerService( 1230): Received broadcast Intent { act=android.intent.action.PACKAGE_REMOVED dat=package:edu.buffalo.cse.cse486586.simpledynamo flg=0x4000010 (has extras) }
V/BackupManagerService( 1230): removePackageParticipantsLocked: uid=10760 #1
W/InputMethodManagerService( 1230): Got RemoteException sending setActive(false) notification to pid 30346 uid 10760
W/ActivityManager( 1230): No content provider found for permission revoke: file:///data/local/tmp/SimpleDynamo.apk
W/ActivityManager( 1230): No content provider found for permission revoke: file:///data/local/tmp/SimpleDynamo.apk
I/PackageManager( 1230): Copying native libraries to /data/app-lib/vmdl-460489450
I/ActivityManager( 1230): Force stopping edu.buffalo.cse.cse486586.simpledynamo appid=10761 user=-1: update pkg
D/BackupManagerService( 1230): Received broadcast Intent { act=android.intent.action.PACKAGE_ADDED dat=package:edu.buffalo.cse.cse486586.simpledynamo flg=0x4000010 (has extras) }
V/BackupManagerService( 1230): addPackageParticipantsLocked: #1
W/RecognitionManagerService( 1230): no available voice recognition services found for user 0
I/ActivityManager( 1230): Force stopping edu.buffalo.cse.cse486586.simpledynamo appid=10761 user=0: from pid 30426
I/ActivityManager( 1230): START u0 {act=android.intent.action.MAIN cat=[android.intent.category.LAUNCHER] flg=0x10000000 cmp=edu.buffalo.cse.cse486586.simpledynamo/.SimpleDynamoActivity} from pid 30426
W/WindowManager( 1230): Screenshot failure taking screenshot for (123x164) to layer 21010
I/ActivityManager( 1230): Start proc edu.buffalo.cse.cse486586.simpledynamo for activity edu.buffalo.cse.cse486586.simpledynamo/.SimpleDynamoActivity: pid=30445 uid=10761 gids={50761, 3003}
D/ConnectivityService( 1230): Sampling interval elapsed, updating statistics ..
D/ConnectivityService( 1230): Done.
D/ConnectivityService( 1230): Setting timer for 720seconds
W/ActivityManager( 1230): No content provider found for permission revoke: file:///data/local/tmp/SimpleDynamo.apk
W/ActivityManager( 1230): No content provider found for permission revoke: file:///data/local/tmp/SimpleDynamo.apk
I/PackageManager( 1230): Copying native libraries to /data/app-lib/vmdl1249473514
I/ActivityManager( 1230): Force stopping edu.buffalo.cse.cse486586.simpledynamo appid=10761 user=-1: uninstall pkg
I/ActivityManager( 1230): Killing 30445:edu.buffalo.cse.cse486586.simpledynamo/u0a761 (adj 0): stop edu.buffalo.cse.cse486586.simpledynamo
W/ActivityManager( 1230): Force removing ActivityRecord{b42824c0 u0 edu.buffalo.cse.cse486586.simpledynamo/.SimpleDynamoActivity t274}: app died, no saved state
I/WindowState( 1230): WIN DEATH: Window{b42abbf0 u0 edu.buffalo.cse.cse486586.simpledynamo/edu.buffalo.cse.cse486586.simpledynamo.SimpleDynamoActivity}
I/PackageManager( 1230): Package edu.buffalo.cse.cse486586.simpledynamo codePath changed from /data/app/edu.buffalo.cse.cse486586.simpledynamo-1.apk to /data/app/edu.buffalo.cse.cse486586.simpledynamo-2.apk; Retaining data and using new
W/InputMethodManagerService( 1230): Got RemoteException sending setActive(false) notification to pid 30445 uid 10761
W/PackageManager( 1230): Code path for pkg : edu.buffalo.cse.cse486586.simpledynamo changing from /data/app/edu.buffalo.cse.cse486586.simpledynamo-1.apk to /data/app/edu.buffalo.cse.cse486586.simpledynamo-2.apk
W/PackageManager( 1230): Resource path for pkg : edu.buffalo.cse.cse486586.simpledynamo changing from /data/app/edu.buffalo.cse.cse486586.simpledynamo-1.apk to /data/app/edu.buffalo.cse.cse486586.simpledynamo-2.apk
I/ActivityManager( 1230): Force stopping edu.buffalo.cse.cse486586.simpledynamo appid=10761 user=-1: update pkg
I/ActivityManager( 1230): Force stopping edu.buffalo.cse.cse486586.simpledynamo appid=10761 user=0: pkg removed
D/BackupManagerService( 1230): Received broadcast Intent { act=android.intent.action.PACKAGE_REMOVED dat=package:edu.buffalo.cse.cse486586.simpledynamo flg=0x4000010 (has extras) }
W/ContextImpl( 1758): Calling a method in the system process without a qualified user: android.app.ContextImpl.startService:1479 android.content.ContextWrapper.startService:494 android.content.ContextWrapper.startService:494 com.android.keychain.KeyChainBroadcastReceiver.onReceive:12 android.app.ActivityThread.handleReceiver:2400 
D/BackupManagerService( 1230): Received broadcast Intent { act=android.intent.action.PACKAGE_ADDED dat=package:edu.buffalo.cse.cse486586.simpledynamo flg=0x4000010 (has extras) }
V/BackupManagerService( 1230): removePackageParticipantsLocked: uid=10761 #1
V/BackupManagerService( 1230): addPackageParticipantsLocked: #1
W/RecognitionManagerService( 1230): no available voice recognition services found for user 0
I/ActivityManager( 1230): START u0 {act=android.intent.action.MAIN cat=[android.intent.category.LAUNCHER] flg=0x10000000 cmp=edu.buffalo.cse.cse486586.simpledynamo/.SimpleDynamoActivity} from pid 30569
W/WindowManager( 1230): Screenshot failure taking screenshot for (123x164) to layer 21005
I/ActivityManager( 1230): Start proc edu.buffalo.cse.cse486586.simpledynamo for activity edu.buffalo.cse.cse486586.simpledynamo/.SimpleDynamoActivity: pid=30579 uid=10761 gids={50761, 3003}
I/ActivityManager( 1230): Force stopping edu.buffalo.cse.cse486586.simpledynamo appid=10761 user=-1: uninstall pkg
I/ActivityManager( 1230): Killing 30579:edu.buffalo.cse.cse486586.simpledynamo/u0a761 (adj 0): stop edu.buffalo.cse.cse486586.simpledynamo
W/ActivityManager( 1230): Force removing ActivityRecord{b4157f90 u0 edu.buffalo.cse.cse486586.simpledynamo/.SimpleDynamoActivity t275}: app died, no saved state
I/WindowState( 1230): WIN DEATH: Window{b42125c0 u0 edu.buffalo.cse.cse486586.simpledynamo/edu.buffalo.cse.cse486586.simpledynamo.SimpleDynamoActivity}
W/PackageManager( 1230): Couldn't delete native library directory /data/app-lib/edu.buffalo.cse.cse486586.simpledynamo
W/InputMethodManagerService( 1230): Got RemoteException sending setActive(false) notification to pid 30579 uid 10761
I/ActivityManager( 1230): Force stopping edu.buffalo.cse.cse486586.simpledynamo appid=10761 user=0: pkg removed
W/ContextImpl( 1758): Calling a method in the system process without a qualified user: android.app.ContextImpl.startService:1479 android.content.ContextWrapper.startService:494 android.content.ContextWrapper.startService:494 com.android.keychain.KeyChainBroadcastReceiver.onReceive:12 android.app.ActivityThread.handleReceiver:2400 
D/BackupManagerService( 1230): Received broadcast Intent { act=android.intent.action.PACKAGE_REMOVED dat=package:edu.buffalo.cse.cse486586.simpledynamo flg=0x4000010 (has extras) }
V/BackupManagerService( 1230): removePackageParticipantsLocked: uid=10761 #1
W/ActivityManager( 1230): No content provider found for permission revoke: file:///data/local/tmp/SimpleDynamo.apk
W/ActivityManager( 1230): No content provider found for permission revoke: file:///data/local/tmp/SimpleDynamo.apk
I/PackageManager( 1230): Copying native libraries to /data/app-lib/vmdl367712735
I/ActivityManager( 1230): Force stopping edu.buffalo.cse.cse486586.simpledynamo appid=10762 user=-1: update pkg
D/BackupManagerService( 1230): Received broadcast Intent { act=android.intent.action.PACKAGE_ADDED dat=package:edu.buffalo.cse.cse486586.simpledynamo flg=0x4000010 (has extras) }
V/BackupManagerService( 1230): addPackageParticipantsLocked: #1
W/RecognitionManagerService( 1230): no available voice recognition services found for user 0
I/ActivityManager( 1230): Force stopping edu.buffalo.cse.cse486586.simpledynamo appid=10762 user=0: from pid 30644
I/ActivityManager( 1230): START u0 {act=android.intent.action.MAIN cat=[android.intent.category.LAUNCHER] flg=0x10000000 cmp=edu.buffalo.cse.cse486586.simpledynamo/.SimpleDynamoActivity} from pid 30644
W/WindowManager( 1230): Screenshot failure taking screenshot for (123x164) to layer 21010
I/ActivityManager( 1230): Start proc edu.buffalo.cse.cse486586.simpledynamo for activity edu.buffalo.cse.cse486586.simpledynamo/.SimpleDynamoActivity: pid=30655 uid=10762 gids={50762, 3003}
I/ActivityManager( 1230): START u0 {act=android.intent.action.MAIN cat=[android.intent.category.LAUNCHER] flg=0x10000000 cmp=edu.buffalo.cse.cse486586.simpledynamo/.SimpleDynamoActivity} from pid 30769
W/ActivityManager( 1230): No content provider found for permission revoke: file:///data/local/tmp/SimpleDynamo.apk
W/ActivityManager( 1230): No content provider found for permission revoke: file:///data/local/tmp/SimpleDynamo.apk
I/PackageManager( 1230): Copying native libraries to /data/app-lib/vmdl-1759907732
I/ActivityManager( 1230): Force stopping edu.buffalo.cse.cse486586.simpledynamo appid=10762 user=-1: uninstall pkg
I/ActivityManager( 1230): Killing 30655:edu.buffalo.cse.cse486586.simpledynamo/u0a762 (adj 0): stop edu.buffalo.cse.cse486586.simpledynamo
W/ActivityManager( 1230): Force removing ActivityRecord{b42f9658 u0 edu.buffalo.cse.cse486586.simpledynamo/.SimpleDynamoActivity t276}: app died, no saved state
I/WindowState( 1230): WIN DEATH: Window{b42abbf0 u0 edu.buffalo.cse.cse486586.simpledynamo/edu.buffalo.cse.cse486586.simpledynamo.SimpleDynamoActivity}
I/PackageManager( 1230): Package edu.buffalo.cse.cse486586.simpledynamo codePath changed from /data/app/edu.buffalo.cse.cse486586.simpledynamo-1.apk to /data/app/edu.buffalo.cse.cse486586.simpledynamo-2.apk; Retaining data and using new
W/PackageManager( 1230): Code path for pkg : edu.buffalo.cse.cse486586.simpledynamo changing from /data/app/edu.buffalo.cse.cse486586.simpledynamo-1.apk to /data/app/edu.buffalo.cse.cse486586.simpledynamo-2.apk
W/PackageManager( 1230): Resource path for pkg : edu.buffalo.cse.cse486586.simpledynamo changing from /data/app/edu.buffalo.cse.cse486586.simpledynamo-1.apk to /data/app/edu.buffalo.cse.cse486586.simpledynamo-2.apk
I/ActivityManager( 1230): Force stopping edu.buffalo.cse.cse486586.simpledynamo appid=10762 user=-1: update pkg
W/InputMethodManagerService( 1230): Got RemoteException sending setActive(false) notification to pid 30655 uid 10762
I/ActivityManager( 1230): Force stopping edu.buffalo.cse.cse486586.simpledynamo appid=10762 user=0: pkg removed
D/BackupManagerService( 1230): Received broadcast Intent { act=android.intent.action.PACKAGE_REMOVED dat=package:edu.buffalo.cse.cse486586.simpledynamo flg=0x4000010 (has extras) }
D/BackupManagerService( 1230): Received broadcast Intent { act=android.intent.action.PACKAGE_ADDED dat=package:edu.buffalo.cse.cse486586.simpledynamo flg=0x4000010 (has extras) }
V/BackupManagerService( 1230): removePackageParticipantsLocked: uid=10762 #1
V/BackupManagerService( 1230): addPackageParticipantsLocked: #1
W/ContextImpl( 1758): Calling a method in the system process without a qualified user: android.app.ContextImpl.startService:1479 android.content.ContextWrapper.startService:494 android.content.ContextWrapper.startService:494 com.android.keychain.KeyChainBroadcastReceiver.onReceive:12 android.app.ActivityThread.handleReceiver:2400 
W/RecognitionManagerService( 1230): no available voice recognition services found for user 0
I/ActivityManager( 1230): START u0 {act=android.intent.action.MAIN cat=[android.intent.category.LAUNCHER] flg=0x10000000 cmp=edu.buffalo.cse.cse486586.simpledynamo/.SimpleDynamoActivity} from pid 30799
W/WindowManager( 1230): Screenshot failure taking screenshot for (123x164) to layer 21005
I/ActivityManager( 1230): Start proc edu.buffalo.cse.cse486586.simpledynamo for activity edu.buffalo.cse.cse486586.simpledynamo/.SimpleDynamoActivity: pid=30810 uid=10762 gids={50762, 3003}
I/ActivityManager( 1230): Force stopping edu.buffalo.cse.cse486586.simpledynamo appid=10762 user=-1: uninstall pkg
I/ActivityManager( 1230): Killing 30810:edu.buffalo.cse.cse486586.simpledynamo/u0a762 (adj 0): stop edu.buffalo.cse.cse486586.simpledynamo
W/ActivityManager( 1230): Force removing ActivityRecord{b4157f90 u0 edu.buffalo.cse.cse486586.simpledynamo/.SimpleDynamoActivity t277}: app died, no saved state
I/WindowState( 1230): WIN DEATH: Window{b429fa90 u0 edu.buffalo.cse.cse486586.simpledynamo/edu.buffalo.cse.cse486586.simpledynamo.SimpleDynamoActivity}
