I/WindowState( 1230): WIN DEATH: Window{b42436f8 u0 edu.buffalo.cse.cse486586.simpledynamo/edu.buffalo.cse.cse486586.simpledynamo.SimpleDynamoActivity}
I/ActivityManager( 1230): Force stopping edu.buffalo.cse.cse486586.simpledynamo appid=10771 user=0: pkg removed
W/ContextImpl( 1758): Calling a method in the system process without a qualified user: android.app.ContextImpl.startService:1479 android.content.ContextWrapper.startService:494 android.content.ContextWrapper.startService:494 com.android.keychain.KeyChainBroadcastReceiver.onReceive:12 android.app.ActivityThread.handleReceiver:2400 
W/InputMethodManagerService( 1230): Got RemoteException sending setActive(false) notification to pid 14980 uid 10771
D/BackupManagerService( 1230): Received broadcast Intent { act=android.intent.action.PACKAGE_REMOVED dat=package:edu.buffalo.cse.cse486586.simpledynamo flg=0x4000010 (has extras) }
V/BackupManagerService( 1230): removePackageParticipantsLocked: uid=10771 #1
W/PackageManager( 1230): Package named 'edu.buffalo.cse.cse486586.simpledynamo' doesn't exist.
W/ActivityManager( 1230): No content provider found for permission revoke: file:///data/local/tmp/SimpleDynamo.apk
W/ActivityManager( 1230): No content provider found for permission revoke: file:///data/local/tmp/SimpleDynamo.apk
I/PackageManager( 1230): Copying native libraries to /data/app-lib/vmdl-1209915940
I/ActivityManager( 1230): Force stopping edu.buffalo.cse.cse486586.simpledynamo appid=10772 user=-1: update pkg
D/BackupManagerService( 1230): Received broadcast Intent { act=android.intent.action.PACKAGE_ADDED dat=package:edu.buffalo.cse.cse486586.simpledynamo flg=0x4000010 (has extras) }
V/BackupManagerService( 1230): addPackageParticipantsLocked: #1
W/RecognitionManagerService( 1230): no available voice recognition services found for user 0
I/ActivityManager( 1230): Force stopping edu.buffalo.cse.cse486586.simpledynamo appid=10772 user=0: from pid 15048
I/ActivityManager( 1230): START u0 {act=android.intent.action.MAIN cat=[android.intent.category.LAUNCHER] flg=0x10000000 cmp=edu.buffalo.cse.cse486586.simpledynamo/.SimpleDynamoActivity} from pid 15048
W/WindowManager( 1230): Screenshot failure taking screenshot for (123x164) to layer 21010
I/ActivityManager( 1230): Start proc edu.buffalo.cse.cse486586.simpledynamo for activity edu.buffalo.cse.cse486586.simpledynamo/.SimpleDynamoActivity: pid=15059 uid=10772 gids={50772, 3003}
I/ActivityManager( 1230): Force stopping edu.buffalo.cse.cse486586.simpledynamo appid=10772 user=-1: uninstall pkg
I/ActivityManager( 1230): Killing 15059:edu.buffalo.cse.cse486586.simpledynamo/u0a772 (adj 0): stop edu.buffalo.cse.cse486586.simpledynamo
W/ActivityManager( 1230): Force removing ActivityRecord{b4195548 u0 edu.buffalo.cse.cse486586.simpledynamo/.SimpleDynamoActivity t296}: app died, no saved state
W/PackageManager( 1230): Couldn't delete native library directory /data/app-lib/edu.buffalo.cse.cse486586.simpledynamo
I/WindowState( 1230): WIN DEATH: Window{b42e4340 u0 edu.buffalo.cse.cse486586.simpledynamo/edu.buffalo.cse.cse486586.simpledynamo.SimpleDynamoActivity}
I/ActivityManager( 1230): Force stopping edu.buffalo.cse.cse486586.simpledynamo appid=10772 user=0: pkg removed
D/BackupManagerService( 1230): Received broadcast Intent { act=android.intent.action.PACKAGE_REMOVED dat=package:edu.buffalo.cse.cse486586.simpledynamo flg=0x4000010 (has extras) }
V/BackupManagerService( 1230): removePackageParticipantsLocked: uid=10772 #1
W/ContextImpl( 1758): Calling a method in the system process without a qualified user: android.app.ContextImpl.startService:1479 android.content.ContextWrapper.startService:494 android.content.ContextWrapper.startService:494 com.android.keychain.KeyChainBroadcastReceiver.onReceive:12 android.app.ActivityThread.handleReceiver:2400 
W/InputMethodManagerService( 1230): Got RemoteException sending setActive(false) notification to pid 15059 uid 10772
W/ActivityManager( 1230): No content provider found for permission revoke: file:///data/local/tmp/SimpleDynamo.apk
W/ActivityManager( 1230): No content provider found for permission revoke: file:///data/local/tmp/SimpleDynamo.apk
I/PackageManager( 1230): Copying native libraries to /data/app-lib/vmdl175498419
I/ActivityManager( 1230): Force stopping edu.buffalo.cse.cse486586.simpledynamo appid=10773 user=-1: update pkg
D/BackupManagerService( 1230): Received broadcast Intent { act=android.intent.action.PACKAGE_ADDED dat=package:edu.buffalo.cse.cse486586.simpledynamo flg=0x4000010 (has extras) }
V/BackupManagerService( 1230): addPackageParticipantsLocked: #1
W/RecognitionManagerService( 1230): no available voice recognition services found for user 0
I/ActivityManager( 1230): Force stopping edu.buffalo.cse.cse486586.simpledynamo appid=10773 user=0: from pid 15115
I/ActivityManager( 1230): START u0 {act=android.intent.action.MAIN cat=[android.intent.category.LAUNCHER] flg=0x10000000 cmp=edu.buffalo.cse.cse486586.simpledynamo/.SimpleDynamoActivity} from pid 15115
W/WindowManager( 1230): Screenshot failure taking screenshot for (123x164) to layer 21010
I/ActivityManager( 1230): Start proc edu.buffalo.cse.cse486586.simpledynamo for activity edu.buffalo.cse.cse486586.simpledynamo/.SimpleDynamoActivity: pid=15126 uid=10773 gids={50773, 3003}
I/ActivityManager( 1230): Force stopping edu.buffalo.cse.cse486586.simpledynamo appid=10773 user=-1: uninstall pkg
I/ActivityManager( 1230): Killing 15126:edu.buffalo.cse.cse486586.simpledynamo/u0a773 (adj 0): stop edu.buffalo.cse.cse486586.simpledynamo
W/ActivityManager( 1230): Force removing ActivityRecord{b4195548 u0 edu.buffalo.cse.cse486586.simpledynamo/.SimpleDynamoActivity t297}: app died, no saved state
W/PackageManager( 1230): Couldn't delete native library directory /data/app-lib/edu.buffalo.cse.cse486586.simpledynamo
I/WindowState( 1230): WIN DEATH: Window{b42906f0 u0 edu.buffalo.cse.cse486586.simpledynamo/edu.buffalo.cse.cse486586.simpledynamo.SimpleDynamoActivity}
I/ActivityManager( 1230): Force stopping edu.buffalo.cse.cse486586.simpledynamo appid=10773 user=0: pkg removed
W/InputMethodManagerService( 1230): Got RemoteException sending setActive(false) notification to pid 15126 uid 10773
D/BackupManagerService( 1230): Received broadcast Intent { act=android.intent.action.PACKAGE_REMOVED dat=package:edu.buffalo.cse.cse486586.simpledynamo flg=0x4000010 (has extras) }
V/BackupManagerService( 1230): removePackageParticipantsLocked: uid=10773 #1
W/ContextImpl( 1758): Calling a method in the system process without a qualified user: android.app.ContextImpl.startService:1479 android.content.ContextWrapper.startService:494 android.content.ContextWrapper.startService:494 com.android.keychain.KeyChainBroadcastReceiver.onReceive:12 android.app.ActivityThread.handleReceiver:2400 
W/ActivityManager( 1230): No content provider found for permission revoke: file:///data/local/tmp/SimpleDynamo.apk
W/ActivityManager( 1230): No content provider found for permission revoke: file:///data/local/tmp/SimpleDynamo.apk
I/PackageManager( 1230): Copying native libraries to /data/app-lib/vmdl741542381
I/ActivityManager( 1230): Force stopping edu.buffalo.cse.cse486586.simpledynamo appid=10774 user=-1: update pkg
D/BackupManagerService( 1230): Received broadcast Intent { act=android.intent.action.PACKAGE_ADDED dat=package:edu.buffalo.cse.cse486586.simpledynamo flg=0x4000010 (has extras) }
V/BackupManagerService( 1230): addPackageParticipantsLocked: #1
W/RecognitionManagerService( 1230): no available voice recognition services found for user 0
I/ActivityManager( 1230): Force stopping edu.buffalo.cse.cse486586.simpledynamo appid=10774 user=0: from pid 15615
I/ActivityManager( 1230): START u0 {act=android.intent.action.MAIN cat=[android.intent.category.LAUNCHER] flg=0x10000000 cmp=edu.buffalo.cse.cse486586.simpledynamo/.SimpleDynamoActivity} from pid 15615
W/WindowManager( 1230): Screenshot failure taking screenshot for (123x164) to layer 21010
I/ActivityManager( 1230): Start proc edu.buffalo.cse.cse486586.simpledynamo for activity edu.buffalo.cse.cse486586.simpledynamo/.SimpleDynamoActivity: pid=15626 uid=10774 gids={50774, 3003}
I/ActivityManager( 1230): Force stopping edu.buffalo.cse.cse486586.simpledynamo appid=10774 user=0: from pid 16051
I/ActivityManager( 1230): Killing 15626:edu.buffalo.cse.cse486586.simpledynamo/u0a774 (adj 0): stop edu.buffalo.cse.cse486586.simpledynamo
W/ActivityManager( 1230): Force removing ActivityRecord{b4195548 u0 edu.buffalo.cse.cse486586.simpledynamo/.SimpleDynamoActivity t298}: app died, no saved state
I/WindowState( 1230): WIN DEATH: Window{b427fec8 u0 edu.buffalo.cse.cse486586.simpledynamo/edu.buffalo.cse.cse486586.simpledynamo.SimpleDynamoActivity}
W/InputMethodManagerService( 1230): Got RemoteException sending setActive(false) notification to pid 15626 uid 10774
I/ActivityManager( 1230): Force stopping edu.buffalo.cse.cse486586.simpledynamo appid=10774 user=0: from pid 16073
I/ActivityManager( 1230): START u0 {act=android.intent.action.MAIN cat=[android.intent.category.LAUNCHER] flg=0x10000000 cmp=edu.buffalo.cse.cse486586.simpledynamo/.SimpleDynamoActivity} from pid 16073
W/WindowManager( 1230): Screenshot failure taking screenshot for (123x164) to layer 21010
I/ActivityManager( 1230): Start proc edu.buffalo.cse.cse486586.simpledynamo for activity edu.buffalo.cse.cse486586.simpledynamo/.SimpleDynamoActivity: pid=16084 uid=10774 gids={50774, 3003}
I/ActivityManager( 1230): Force stopping edu.buffalo.cse.cse486586.simpledynamo appid=10774 user=0: from pid 16098
I/ActivityManager( 1230): Killing 16084:edu.buffalo.cse.cse486586.simpledynamo/u0a774 (adj 0): stop edu.buffalo.cse.cse486586.simpledynamo
W/ActivityManager( 1230): Force removing ActivityRecord{b4213920 u0 edu.buffalo.cse.cse486586.simpledynamo/.SimpleDynamoActivity t299}: app died, no saved state
I/WindowState( 1230): WIN DEATH: Window{b42ea808 u0 edu.buffalo.cse.cse486586.simpledynamo/edu.buffalo.cse.cse486586.simpledynamo.SimpleDynamoActivity}
W/InputMethodManagerService( 1230): Got RemoteException sending setActive(false) notification to pid 16084 uid 10774
I/ActivityManager( 1230): Force stopping edu.buffalo.cse.cse486586.simpledynamo appid=10774 user=0: from pid 16119
I/ActivityManager( 1230): START u0 {act=android.intent.action.MAIN cat=[android.intent.category.LAUNCHER] flg=0x10000000 cmp=edu.buffalo.cse.cse486586.simpledynamo/.SimpleDynamoActivity} from pid 16119
W/WindowManager( 1230): Screenshot failure taking screenshot for (123x164) to layer 21010
I/ActivityManager( 1230): Start proc edu.buffalo.cse.cse486586.simpledynamo for activity edu.buffalo.cse.cse486586.simpledynamo/.SimpleDynamoActivity: pid=16130 uid=10774 gids={50774, 3003}
W/ActivityManager( 1230): No content provider found for permission revoke: file:///data/local/tmp/SimpleDynamo.apk
W/ActivityManager( 1230): No content provider found for permission revoke: file:///data/local/tmp/SimpleDynamo.apk
I/PackageManager( 1230): Copying native libraries to /data/app-lib/vmdl-761541708
I/ActivityManager( 1230): Force stopping edu.buffalo.cse.cse486586.simpledynamo appid=10774 user=-1: uninstall pkg
I/ActivityManager( 1230): Killing 16130:edu.buffalo.cse.cse486586.simpledynamo/u0a774 (adj 0): stop edu.buffalo.cse.cse486586.simpledynamo
W/ActivityManager( 1230): Force removing ActivityRecord{b4388a98 u0 edu.buffalo.cse.cse486586.simpledynamo/.SimpleDynamoActivity t300}: app died, no saved state
I/WindowState( 1230): WIN DEATH: Window{b42c54e8 u0 edu.buffalo.cse.cse486586.simpledynamo/edu.buffalo.cse.cse486586.simpledynamo.SimpleDynamoActivity}
I/PackageManager( 1230): Package edu.buffalo.cse.cse486586.simpledynamo codePath changed from /data/app/edu.buffalo.cse.cse486586.simpledynamo-1.apk to /data/app/edu.buffalo.cse.cse486586.simpledynamo-2.apk; Retaining data and using new
W/InputMethodManagerService( 1230): Got RemoteException sending setActive(false) notification to pid 16130 uid 10774
I/ActivityManager( 1230): Force stopping edu.buffalo.cse.cse486586.simpledynamo appid=10774 user=-1: update pkg
W/PackageManager( 1230): Code path for pkg : edu.buffalo.cse.cse486586.simpledynamo changing from /data/app/edu.buffalo.cse.cse486586.simpledynamo-1.apk to /data/app/edu.buffalo.cse.cse486586.simpledynamo-2.apk
W/PackageManager( 1230): Resource path for pkg : edu.buffalo.cse.cse486586.simpledynamo changing from /data/app/edu.buffalo.cse.cse486586.simpledynamo-1.apk to /data/app/edu.buffalo.cse.cse486586.simpledynamo-2.apk
I/ActivityManager( 1230): Force stopping edu.buffalo.cse.cse486586.simpledynamo appid=10774 user=0: pkg removed
D/BackupManagerService( 1230): Received broadcast Intent { act=android.intent.action.PACKAGE_REMOVED dat=package:edu.buffalo.cse.cse486586.simpledynamo flg=0x4000010 (has extras) }
W/ContextImpl( 1758): Calling a method in the system process without a qualified user: android.app.ContextImpl.startService:1479 android.content.ContextWrapper.startService:494 android.content.ContextWrapper.startService:494 com.android.keychain.KeyChainBroadcastReceiver.onReceive:12 android.app.ActivityThread.handleReceiver:2400 
D/BackupManagerService( 1230): Received broadcast Intent { act=android.intent.action.PACKAGE_ADDED dat=package:edu.buffalo.cse.cse486586.simpledynamo flg=0x4000010 (has extras) }
V/BackupManagerService( 1230): removePackageParticipantsLocked: uid=10774 #1
V/BackupManagerService( 1230): addPackageParticipantsLocked: #1
W/RecognitionManagerService( 1230): no available voice recognition services found for user 0
I/ActivityManager( 1230): START u0 {act=android.intent.action.MAIN cat=[android.intent.category.LAUNCHER] flg=0x10000000 cmp=edu.buffalo.cse.cse486586.simpledynamo/.SimpleDynamoActivity} from pid 16175
W/WindowManager( 1230): Screenshot failure taking screenshot for (123x164) to layer 21005
I/ActivityManager( 1230): Start proc edu.buffalo.cse.cse486586.simpledynamo for activity edu.buffalo.cse.cse486586.simpledynamo/.SimpleDynamoActivity: pid=16186 uid=10774 gids={50774, 3003}
I/ActivityManager( 1230): Force stopping edu.buffalo.cse.cse486586.simpledynamo appid=10774 user=-1: uninstall pkg
I/ActivityManager( 1230): Killing 16186:edu.buffalo.cse.cse486586.simpledynamo/u0a774 (adj 0): stop edu.buffalo.cse.cse486586.simpledynamo
I/ActivityManager( 1230):   Force finishing activity ActivityRecord{b4195548 u0 edu.buffalo.cse.cse486586.simpledynamo/.SimpleDynamoActivity t301}
W/PackageManager( 1230): Couldn't delete native library directory /data/app-lib/edu.buffalo.cse.cse486586.simpledynamo
W/InputMethodManagerService( 1230): Window already focused, ignoring focus gain of: com.android.internal.view.IInputMethodClient$Stub$Proxy@b4324860 attribute=null, token = android.os.BinderProxy@b41db668
I/ActivityManager( 1230): Force stopping edu.buffalo.cse.cse486586.simpledynamo appid=10774 user=0: pkg removed
D/BackupManagerService( 1230): Received broadcast Intent { act=android.intent.action.PACKAGE_REMOVED dat=package:edu.buffalo.cse.cse486586.simpledynamo flg=0x4000010 (has extras) }
V/BackupManagerService( 1230): removePackageParticipantsLocked: uid=10774 #1
W/ContextImpl( 1758): Calling a method in the system process without a qualified user: android.app.ContextImpl.startService:1479 android.content.ContextWrapper.startService:494 android.content.ContextWrapper.startService:494 com.android.keychain.KeyChainBroadcastReceiver.onReceive:12 android.app.ActivityThread.handleReceiver:2400 
W/ActivityManager( 1230): No content provider found for permission revoke: file:///data/local/tmp/SimpleDynamo.apk
W/ActivityManager( 1230): No content provider found for permission revoke: file:///data/local/tmp/SimpleDynamo.apk
I/PackageManager( 1230): Copying native libraries to /data/app-lib/vmdl1814503322
I/ActivityManager( 1230): Force stopping edu.buffalo.cse.cse486586.simpledynamo appid=10775 user=-1: update pkg
D/BackupManagerService( 1230): Received broadcast Intent { act=android.intent.action.PACKAGE_ADDED dat=package:edu.buffalo.cse.cse486586.simpledynamo flg=0x4000010 (has extras) }
V/BackupManagerService( 1230): addPackageParticipantsLocked: #1
W/RecognitionManagerService( 1230): no available voice recognition services found for user 0
I/ActivityManager( 1230): Force stopping edu.buffalo.cse.cse486586.simpledynamo appid=10775 user=0: from pid 16245
I/ActivityManager( 1230): START u0 {act=android.intent.action.MAIN cat=[android.intent.category.LAUNCHER] flg=0x10000000 cmp=edu.buffalo.cse.cse486586.simpledynamo/.SimpleDynamoActivity} from pid 16245
W/WindowManager( 1230): Screenshot failure taking screenshot for (123x164) to layer 21010
I/ActivityManager( 1230): Start proc edu.buffalo.cse.cse486586.simpledynamo for activity edu.buffalo.cse.cse486586.simpledynamo/.SimpleDynamoActivity: pid=16256 uid=10775 gids={50775, 3003}
W/ActivityManager( 1230): Launch timeout has expired, giving up wake lock!
E/WindowManager( 1230): Starting window AppWindowToken{b4336d18 token=Token{b41c2c48 ActivityRecord{b4131878 u0 edu.buffalo.cse.cse486586.simpledynamo/.SimpleDynamoActivity t302}}} timed out
I/ActivityManager( 1230): Force stopping edu.buffalo.cse.cse486586.simpledynamo appid=10775 user=-1: uninstall pkg
I/ActivityManager( 1230): Killing 16256:edu.buffalo.cse.cse486586.simpledynamo/u0a775 (adj 0): stop edu.buffalo.cse.cse486586.simpledynamo
I/ActivityManager( 1230):   Force finishing activity ActivityRecord{b4131878 u0 edu.buffalo.cse.cse486586.simpledynamo/.SimpleDynamoActivity t302}
W/PackageManager( 1230): Couldn't delete native library directory /data/app-lib/edu.buffalo.cse.cse486586.simpledynamo
W/ActivityManager( 1230): Unable to launch app edu.buffalo.cse.cse486586.simpledynamo/10775 for provider edu.buffalo.cse.cse486586.simpledynamo.provider: launching app became null
W/InputMethodManagerService( 1230): Window already focused, ignoring focus gain of: com.android.internal.view.IInputMethodClient$Stub$Proxy@b424bea8 attribute=null, token = android.os.BinderProxy@b41db668
I/ActivityManager( 1230): Force stopping edu.buffalo.cse.cse486586.simpledynamo appid=10775 user=0: pkg removed
D/BackupManagerService( 1230): Received broadcast Intent { act=android.intent.action.PACKAGE_REMOVED dat=package:edu.buffalo.cse.cse486586.simpledynamo flg=0x4000010 (has extras) }
V/BackupManagerService( 1230): removePackageParticipantsLocked: uid=10775 #1
W/ContextImpl( 1758): Calling a method in the system process without a qualified user: android.app.ContextImpl.startService:1479 android.content.ContextWrapper.startService:494 android.content.ContextWrapper.startService:494 com.android.keychain.KeyChainBroadcastReceiver.onReceive:12 android.app.ActivityThread.handleReceiver:2400 
W/ActivityManager( 1230): No content provider found for permission revoke: file:///data/local/tmp/SimpleDynamo.apk
W/ActivityManager( 1230): No content provider found for permission revoke: file:///data/local/tmp/SimpleDynamo.apk
I/PackageManager( 1230): Copying native libraries to /data/app-lib/vmdl-1493608273
I/ActivityManager( 1230): Force stopping edu.buffalo.cse.cse486586.simpledynamo appid=10776 user=-1: update pkg
W/RecognitionManagerService( 1230): no available voice recognition services found for user 0
D/BackupManagerService( 1230): Received broadcast Intent { act=android.intent.action.PACKAGE_ADDED dat=package:edu.buffalo.cse.cse486586.simpledynamo flg=0x4000010 (has extras) }
V/BackupManagerService( 1230): addPackageParticipantsLocked: #1
I/ActivityManager( 1230): Force stopping edu.buffalo.cse.cse486586.simpledynamo appid=10776 user=0: from pid 16325
I/ActivityManager( 1230): START u0 {act=android.intent.action.MAIN cat=[android.intent.category.LAUNCHER] flg=0x10000000 cmp=edu.buffalo.cse.cse486586.simpledynamo/.SimpleDynamoActivity} from pid 16325
W/WindowManager( 1230): Screenshot failure taking screenshot for (123x164) to layer 21010
I/ActivityManager( 1230): Start proc edu.buffalo.cse.cse486586.simpledynamo for activity edu.buffalo.cse.cse486586.simpledynamo/.SimpleDynamoActivity: pid=16337 uid=10776 gids={50776, 3003}
I/UsageStats( 1230): Deleting usage file : usage-20140503
W/ActivityManager( 1230): Launch timeout has expired, giving up wake lock!
E/WindowManager( 1230): Starting window AppWindowToken{b4326990 token=Token{b41aecd8 ActivityRecord{b4195548 u0 edu.buffalo.cse.cse486586.simpledynamo/.SimpleDynamoActivity t303}}} timed out
D/ConnectivityService( 1230): Sampling interval elapsed, updating statistics ..
D/ConnectivityService( 1230): Done.
D/ConnectivityService( 1230): Setting timer for 720seconds
V/BackupManagerService( 1230): Running a backup pass
V/BackupManagerService( 1230): clearing pending backups
V/PerformBackupTask( 1230): Beginning backup of 7 targets
I/PerformBackupTask( 1230): Initializing (wiping) backup state and transport storage
D/BackupManagerService( 1230): Now staging backup of android
D/BackupManagerService( 1230): Now staging backup of com.android.providers.settings
D/BackupManagerService( 1230): Now staging backup of com.android.providers.userdictionary
D/BackupManagerService( 1230): Now staging backup of com.android.dialer
D/BackupManagerService( 1230): Now staging backup of com.android.sharedstoragebackup
D/BackupManagerService( 1230): Now staging backup of com.android.browser
D/BackupManagerService( 1230): Now staging backup of com.android.calendar
D/PerformBackupTask( 1230): invokeAgentForBackup on @pm@
E/PerformBackupTask( 1230): Error invoking for backup on @pm@
I/PerformBackupTask( 1230): Backup pass finished.
E/PerformBackupTask( 1230): Duplicate finish
I/ProcessStatsService( 1230): Prepared write state in 1ms
I/ProcessStatsService( 1230): Prepared write state in 0ms
W/ActivityManager( 1230): No content provider found for permission revoke: file:///data/local/tmp/SimpleDynamo.apk
W/ActivityManager( 1230): No content provider found for permission revoke: file:///data/local/tmp/SimpleDynamo.apk
I/PackageManager( 1230): Copying native libraries to /data/app-lib/vmdl1122573272
I/ActivityManager( 1230): Force stopping edu.buffalo.cse.cse486586.simpledynamo appid=10776 user=-1: uninstall pkg
I/ActivityManager( 1230): Killing 16337:edu.buffalo.cse.cse486586.simpledynamo/u0a776 (adj 0): stop edu.buffalo.cse.cse486586.simpledynamo
I/ActivityManager( 1230):   Force finishing activity ActivityRecord{b4195548 u0 edu.buffalo.cse.cse486586.simpledynamo/.SimpleDynamoActivity t303}
W/ActivityManager( 1230): Unable to launch app edu.buffalo.cse.cse486586.simpledynamo/10776 for provider edu.buffalo.cse.cse486586.simpledynamo.provider: launching app became null
I/PackageManager( 1230): Package edu.buffalo.cse.cse486586.simpledynamo codePath changed from /data/app/edu.buffalo.cse.cse486586.simpledynamo-1.apk to /data/app/edu.buffalo.cse.cse486586.simpledynamo-2.apk; Retaining data and using new
W/InputMethodManagerService( 1230): Window already focused, ignoring focus gain of: com.android.internal.view.IInputMethodClient$Stub$Proxy@b429db88 attribute=null, token = android.os.BinderProxy@b41db668
W/PackageManager( 1230): Code path for pkg : edu.buffalo.cse.cse486586.simpledynamo changing from /data/app/edu.buffalo.cse.cse486586.simpledynamo-1.apk to /data/app/edu.buffalo.cse.cse486586.simpledynamo-2.apk
W/PackageManager( 1230): Resource path for pkg : edu.buffalo.cse.cse486586.simpledynamo changing from /data/app/edu.buffalo.cse.cse486586.simpledynamo-1.apk to /data/app/edu.buffalo.cse.cse486586.simpledynamo-2.apk
I/ActivityManager( 1230): Force stopping edu.buffalo.cse.cse486586.simpledynamo appid=10776 user=-1: update pkg
I/ActivityManager( 1230): Force stopping edu.buffalo.cse.cse486586.simpledynamo appid=10776 user=0: pkg removed
D/BackupManagerService( 1230): Received broadcast Intent { act=android.intent.action.PACKAGE_REMOVED dat=package:edu.buffalo.cse.cse486586.simpledynamo flg=0x4000010 (has extras) }
D/BackupManagerService( 1230): Received broadcast Intent { act=android.intent.action.PACKAGE_ADDED dat=package:edu.buffalo.cse.cse486586.simpledynamo flg=0x4000010 (has extras) }
V/BackupManagerService( 1230): removePackageParticipantsLocked: uid=10776 #1
V/BackupManagerService( 1230): addPackageParticipantsLocked: #1
W/ContextImpl( 1758): Calling a method in the system process without a qualified user: android.app.ContextImpl.startService:1479 android.content.ContextWrapper.startService:494 android.content.ContextWrapper.startService:494 com.android.keychain.KeyChainBroadcastReceiver.onReceive:12 android.app.ActivityThread.handleReceiver:2400 
I/ActivityManager( 1230): Start proc edu.buffalo.cse.cse486586.simpledynamo for content provider edu.buffalo.cse.cse486586.simpledynamo/.SimpleDynamoProvider: pid=16394 uid=10776 gids={50776, 3003}
W/RecognitionManagerService( 1230): no available voice recognition services found for user 0
I/ActivityManager( 1230): START u0 {act=android.intent.action.MAIN cat=[android.intent.category.LAUNCHER] flg=0x10000000 cmp=edu.buffalo.cse.cse486586.simpledynamo/.SimpleDynamoActivity} from pid 16416
W/WindowManager( 1230): Screenshot failure taking screenshot for (123x164) to layer 21005
I/ActivityManager( 1230): Force stopping edu.buffalo.cse.cse486586.simpledynamo appid=10776 user=-1: uninstall pkg
I/ActivityManager( 1230): Killing 16394:edu.buffalo.cse.cse486586.simpledynamo/u0a776 (adj 0): stop edu.buffalo.cse.cse486586.simpledynamo
I/ActivityManager( 1230):   Force finishing activity ActivityRecord{b4195548 u0 edu.buffalo.cse.cse486586.simpledynamo/.SimpleDynamoActivity t304}
W/PackageManager( 1230): Couldn't delete native library directory /data/app-lib/edu.buffalo.cse.cse486586.simpledynamo
W/ActivityManager( 1230): Unable to launch app edu.buffalo.cse.cse486586.simpledynamo/10776 for provider edu.buffalo.cse.cse486586.simpledynamo.provider: launching app became null
I/ActivityManager( 1230): Force stopping edu.buffalo.cse.cse486586.simpledynamo appid=10776 user=0: pkg removed
W/InputMethodManagerService( 1230): Window already focused, ignoring focus gain of: com.android.internal.view.IInputMethodClient$Stub$Proxy@b4247da0 attribute=null, token = android.os.BinderProxy@b41db668
W/ContextImpl( 1758): Calling a method in the system process without a qualified user: android.app.ContextImpl.startService:1479 android.content.ContextWrapper.startService:494 android.content.ContextWrapper.startService:494 com.android.keychain.KeyChainBroadcastReceiver.onReceive:12 android.app.ActivityThread.handleReceiver:2400 
D/BackupManagerService( 1230): Received broadcast Intent { act=android.intent.action.PACKAGE_REMOVED dat=package:edu.buffalo.cse.cse486586.simpledynamo flg=0x4000010 (has extras) }
V/BackupManagerService( 1230): removePackageParticipantsLocked: uid=10776 #1
W/ActivityManager( 1230): No content provider found for permission revoke: file:///data/local/tmp/SimpleDynamo.apk
W/ActivityManager( 1230): No content provider found for permission revoke: file:///data/local/tmp/SimpleDynamo.apk
I/PackageManager( 1230): Copying native libraries to /data/app-lib/vmdl976465657
I/ActivityManager( 1230): Force stopping edu.buffalo.cse.cse486586.simpledynamo appid=10777 user=-1: update pkg
D/BackupManagerService( 1230): Received broadcast Intent { act=android.intent.action.PACKAGE_ADDED dat=package:edu.buffalo.cse.cse486586.simpledynamo flg=0x4000010 (has extras) }
V/BackupManagerService( 1230): addPackageParticipantsLocked: #1
W/RecognitionManagerService( 1230): no available voice recognition services found for user 0
I/ActivityManager( 1230): Force stopping edu.buffalo.cse.cse486586.simpledynamo appid=10777 user=0: from pid 16471
I/ActivityManager( 1230): START u0 {act=android.intent.action.MAIN cat=[android.intent.category.LAUNCHER] flg=0x10000000 cmp=edu.buffalo.cse.cse486586.simpledynamo/.SimpleDynamoActivity} from pid 16471
W/WindowManager( 1230): Screenshot failure taking screenshot for (123x164) to layer 21010
I/ActivityManager( 1230): Start proc edu.buffalo.cse.cse486586.simpledynamo for activity edu.buffalo.cse.cse486586.simpledynamo/.SimpleDynamoActivity: pid=16482 uid=10777 gids={50777, 3003}
W/ActivityManager( 1230): Launch timeout has expired, giving up wake lock!
E/WindowManager( 1230): Starting window AppWindowToken{b42e3ae8 token=Token{b4227bc0 ActivityRecord{b3fa8ce0 u0 edu.buffalo.cse.cse486586.simpledynamo/.SimpleDynamoActivity t305}}} timed out
W/ActivityManager( 1230): No content provider found for permission revoke: file:///data/local/tmp/SimpleDynamo.apk
W/ActivityManager( 1230): No content provider found for permission revoke: file:///data/local/tmp/SimpleDynamo.apk
I/PackageManager( 1230): Copying native libraries to /data/app-lib/vmdl-980435414
I/ActivityManager( 1230): Force stopping edu.buffalo.cse.cse486586.simpledynamo appid=10777 user=-1: uninstall pkg
I/ActivityManager( 1230): Killing 16482:edu.buffalo.cse.cse486586.simpledynamo/u0a777 (adj 0): stop edu.buffalo.cse.cse486586.simpledynamo
I/ActivityManager( 1230):   Force finishing activity ActivityRecord{b3fa8ce0 u0 edu.buffalo.cse.cse486586.simpledynamo/.SimpleDynamoActivity t305}
W/ActivityManager( 1230): Unable to launch app edu.buffalo.cse.cse486586.simpledynamo/10777 for provider edu.buffalo.cse.cse486586.simpledynamo.provider: launching app became null
I/PackageManager( 1230): Package edu.buffalo.cse.cse486586.simpledynamo codePath changed from /data/app/edu.buffalo.cse.cse486586.simpledynamo-1.apk to /data/app/edu.buffalo.cse.cse486586.simpledynamo-2.apk; Retaining data and using new
W/PackageManager( 1230): Code path for pkg : edu.buffalo.cse.cse486586.simpledynamo changing from /data/app/edu.buffalo.cse.cse486586.simpledynamo-1.apk to /data/app/edu.buffalo.cse.cse486586.simpledynamo-2.apk
W/PackageManager( 1230): Resource path for pkg : edu.buffalo.cse.cse486586.simpledynamo changing from /data/app/edu.buffalo.cse.cse486586.simpledynamo-1.apk to /data/app/edu.buffalo.cse.cse486586.simpledynamo-2.apk
I/ActivityManager( 1230): Force stopping edu.buffalo.cse.cse486586.simpledynamo appid=10777 user=-1: update pkg
W/InputMethodManagerService( 1230): Window already focused, ignoring focus gain of: com.android.internal.view.IInputMethodClient$Stub$Proxy@b4310458 attribute=null, token = android.os.BinderProxy@b41db668
I/ActivityManager( 1230): Force stopping edu.buffalo.cse.cse486586.simpledynamo appid=10777 user=0: pkg removed
W/ContextImpl( 1758): Calling a method in the system process without a qualified user: android.app.ContextImpl.startService:1479 android.content.ContextWrapper.startService:494 android.content.ContextWrapper.startService:494 com.android.keychain.KeyChainBroadcastReceiver.onReceive:12 android.app.ActivityThread.handleReceiver:2400 
D/BackupManagerService( 1230): Received broadcast Intent { act=android.intent.action.PACKAGE_REMOVED dat=package:edu.buffalo.cse.cse486586.simpledynamo flg=0x4000010 (has extras) }
D/BackupManagerService( 1230): Received broadcast Intent { act=android.intent.action.PACKAGE_ADDED dat=package:edu.buffalo.cse.cse486586.simpledynamo flg=0x4000010 (has extras) }
V/BackupManagerService( 1230): removePackageParticipantsLocked: uid=10777 #1
V/BackupManagerService( 1230): addPackageParticipantsLocked: #1
I/ActivityManager( 1230): Start proc edu.buffalo.cse.cse486586.simpledynamo for content provider edu.buffalo.cse.cse486586.simpledynamo/.SimpleDynamoProvider: pid=16536 uid=10777 gids={50777, 3003}
W/RecognitionManagerService( 1230): no available voice recognition services found for user 0
I/ActivityManager( 1230): START u0 {act=android.intent.action.MAIN cat=[android.intent.category.LAUNCHER] flg=0x10000000 cmp=edu.buffalo.cse.cse486586.simpledynamo/.SimpleDynamoActivity} from pid 16554
W/WindowManager( 1230): Screenshot failure taking screenshot for (123x164) to layer 21005
I/ActivityManager( 1230): Force stopping edu.buffalo.cse.cse486586.simpledynamo appid=10777 user=-1: uninstall pkg
I/ActivityManager( 1230): Killing 16536:edu.buffalo.cse.cse486586.simpledynamo/u0a777 (adj 0): stop edu.buffalo.cse.cse486586.simpledynamo
I/ActivityManager( 1230):   Force finishing activity ActivityRecord{b4195548 u0 edu.buffalo.cse.cse486586.simpledynamo/.SimpleDynamoActivity t306}
W/PackageManager( 1230): Couldn't delete native library directory /data/app-lib/edu.buffalo.cse.cse486586.simpledynamo
W/ActivityManager( 1230): Unable to launch app edu.buffalo.cse.cse486586.simpledynamo/10777 for provider edu.buffalo.cse.cse486586.simpledynamo.provider: launching app became null
I/ActivityManager( 1230): Force stopping edu.buffalo.cse.cse486586.simpledynamo appid=10777 user=0: pkg removed
D/BackupManagerService( 1230): Received broadcast Intent { act=android.intent.action.PACKAGE_REMOVED dat=package:edu.buffalo.cse.cse486586.simpledynamo flg=0x4000010 (has extras) }
V/BackupManagerService( 1230): removePackageParticipantsLocked: uid=10777 #1
W/InputMethodManagerService( 1230): Window already focused, ignoring focus gain of: com.android.internal.view.IInputMethodClient$Stub$Proxy@b42e5f80 attribute=null, token = android.os.BinderProxy@b41db668
W/ContextImpl( 1758): Calling a method in the system process without a qualified user: android.app.ContextImpl.startService:1479 android.content.ContextWrapper.startService:494 android.content.ContextWrapper.startService:494 com.android.keychain.KeyChainBroadcastReceiver.onReceive:12 android.app.ActivityThread.handleReceiver:2400 
W/ActivityManager( 1230): No content provider found for permission revoke: file:///data/local/tmp/SimpleDynamo.apk
W/ActivityManager( 1230): No content provider found for permission revoke: file:///data/local/tmp/SimpleDynamo.apk
I/PackageManager( 1230): Copying native libraries to /data/app-lib/vmdl1214167193
I/ActivityManager( 1230): Force stopping edu.buffalo.cse.cse486586.simpledynamo appid=10778 user=-1: update pkg
D/BackupManagerService( 1230): Received broadcast Intent { act=android.intent.action.PACKAGE_ADDED dat=package:edu.buffalo.cse.cse486586.simpledynamo flg=0x4000010 (has extras) }
V/BackupManagerService( 1230): addPackageParticipantsLocked: #1
W/RecognitionManagerService( 1230): no available voice recognition services found for user 0
I/ActivityManager( 1230): Force stopping edu.buffalo.cse.cse486586.simpledynamo appid=10778 user=0: from pid 16608
I/ActivityManager( 1230): START u0 {act=android.intent.action.MAIN cat=[android.intent.category.LAUNCHER] flg=0x10000000 cmp=edu.buffalo.cse.cse486586.simpledynamo/.SimpleDynamoActivity} from pid 16608
W/WindowManager( 1230): Screenshot failure taking screenshot for (123x164) to layer 21010
I/ActivityManager( 1230): Start proc edu.buffalo.cse.cse486586.simpledynamo for activity edu.buffalo.cse.cse486586.simpledynamo/.SimpleDynamoActivity: pid=16619 uid=10778 gids={50778, 3003}
W/ActivityManager( 1230): Launch timeout has expired, giving up wake lock!
E/WindowManager( 1230): Starting window AppWindowToken{b42f56c0 token=Token{b4259e30 ActivityRecord{b4195548 u0 edu.buffalo.cse.cse486586.simpledynamo/.SimpleDynamoActivity t307}}} timed out
D/ConnectivityService( 1230): Sampling interval elapsed, updating statistics ..
D/ConnectivityService( 1230): Done.
D/ConnectivityService( 1230): Setting timer for 720seconds
I/ActivityManager( 1230): Force stopping edu.buffalo.cse.cse486586.simpledynamo appid=10778 user=-1: uninstall pkg
I/ActivityManager( 1230): Killing 16619:edu.buffalo.cse.cse486586.simpledynamo/u0a778 (adj 0): stop edu.buffalo.cse.cse486586.simpledynamo
I/ActivityManager( 1230):   Force finishing activity ActivityRecord{b4195548 u0 edu.buffalo.cse.cse486586.simpledynamo/.SimpleDynamoActivity t307}
W/ActivityManager( 1230): Unable to launch app edu.buffalo.cse.cse486586.simpledynamo/10778 for provider edu.buffalo.cse.cse486586.simpledynamo.provider: launching app became null
W/PackageManager( 1230): Couldn't delete native library directory /data/app-lib/edu.buffalo.cse.cse486586.simpledynamo
W/InputMethodManagerService( 1230): Window already focused, ignoring focus gain of: com.android.internal.view.IInputMethodClient$Stub$Proxy@b4338d38 attribute=null, token = android.os.BinderProxy@b41db668
I/ActivityManager( 1230): Force stopping edu.buffalo.cse.cse486586.simpledynamo appid=10778 user=0: pkg removed
D/BackupManagerService( 1230): Received broadcast Intent { act=android.intent.action.PACKAGE_REMOVED dat=package:edu.buffalo.cse.cse486586.simpledynamo flg=0x4000010 (has extras) }
V/BackupManagerService( 1230): removePackageParticipantsLocked: uid=10778 #1
W/ContextImpl( 1758): Calling a method in the system process without a qualified user: android.app.ContextImpl.startService:1479 android.content.ContextWrapper.startService:494 android.content.ContextWrapper.startService:494 com.android.keychain.KeyChainBroadcastReceiver.onReceive:12 android.app.ActivityThread.handleReceiver:2400 
W/ActivityManager( 1230): No content provider found for permission revoke: file:///data/local/tmp/SimpleDynamo.apk
W/ActivityManager( 1230): No content provider found for permission revoke: file:///data/local/tmp/SimpleDynamo.apk
I/PackageManager( 1230): Copying native libraries to /data/app-lib/vmdl-1253881986
I/ActivityManager( 1230): Force stopping edu.buffalo.cse.cse486586.simpledynamo appid=10779 user=-1: update pkg
D/BackupManagerService( 1230): Received broadcast Intent { act=android.intent.action.PACKAGE_ADDED dat=package:edu.buffalo.cse.cse486586.simpledynamo flg=0x4000010 (has extras) }
V/BackupManagerService( 1230): addPackageParticipantsLocked: #1
W/RecognitionManagerService( 1230): no available voice recognition services found for user 0
I/ActivityManager( 1230): Force stopping edu.buffalo.cse.cse486586.simpledynamo appid=10779 user=0: from pid 16689
I/ActivityManager( 1230): START u0 {act=android.intent.action.MAIN cat=[android.intent.category.LAUNCHER] flg=0x10000000 cmp=edu.buffalo.cse.cse486586.simpledynamo/.SimpleDynamoActivity} from pid 16689
W/WindowManager( 1230): Screenshot failure taking screenshot for (123x164) to layer 21010
I/ActivityManager( 1230): Start proc edu.buffalo.cse.cse486586.simpledynamo for activity edu.buffalo.cse.cse486586.simpledynamo/.SimpleDynamoActivity: pid=16700 uid=10779 gids={50779, 3003}
W/ActivityManager( 1230): Launch timeout has expired, giving up wake lock!
E/WindowManager( 1230): Starting window AppWindowToken{b4336d18 token=Token{b41a2cc8 ActivityRecord{b4195548 u0 edu.buffalo.cse.cse486586.simpledynamo/.SimpleDynamoActivity t308}}} timed out
D/ConnectivityService( 1230): Sampling interval elapsed, updating statistics ..
D/ConnectivityService( 1230): Done.
D/ConnectivityService( 1230): Setting timer for 720seconds
W/ActivityManager( 1230): No content provider found for permission revoke: file:///data/local/tmp/SimpleDynamo.apk
W/ActivityManager( 1230): No content provider found for permission revoke: file:///data/local/tmp/SimpleDynamo.apk
I/PackageManager( 1230): Copying native libraries to /data/app-lib/vmdl-804132988
I/ActivityManager( 1230): Force stopping edu.buffalo.cse.cse486586.simpledynamo appid=10779 user=-1: uninstall pkg
I/ActivityManager( 1230): Killing 16700:edu.buffalo.cse.cse486586.simpledynamo/u0a779 (adj 0): stop edu.buffalo.cse.cse486586.simpledynamo
I/ActivityManager( 1230):   Force finishing activity ActivityRecord{b4195548 u0 edu.buffalo.cse.cse486586.simpledynamo/.SimpleDynamoActivity t308}
W/ActivityManager( 1230): Unable to launch app edu.buffalo.cse.cse486586.simpledynamo/10779 for provider edu.buffalo.cse.cse486586.simpledynamo.provider: launching app became null
I/PackageManager( 1230): Package edu.buffalo.cse.cse486586.simpledynamo codePath changed from /data/app/edu.buffalo.cse.cse486586.simpledynamo-1.apk to /data/app/edu.buffalo.cse.cse486586.simpledynamo-2.apk; Retaining data and using new
W/InputMethodManagerService( 1230): Window already focused, ignoring focus gain of: com.android.internal.view.IInputMethodClient$Stub$Proxy@b41b5ad8 attribute=null, token = android.os.BinderProxy@b41db668
W/PackageManager( 1230): Code path for pkg : edu.buffalo.cse.cse486586.simpledynamo changing from /data/app/edu.buffalo.cse.cse486586.simpledynamo-1.apk to /data/app/edu.buffalo.cse.cse486586.simpledynamo-2.apk
W/PackageManager( 1230): Resource path for pkg : edu.buffalo.cse.cse486586.simpledynamo changing from /data/app/edu.buffalo.cse.cse486586.simpledynamo-1.apk to /data/app/edu.buffalo.cse.cse486586.simpledynamo-2.apk
I/ActivityManager( 1230): Force stopping edu.buffalo.cse.cse486586.simpledynamo appid=10779 user=-1: update pkg
I/ActivityManager( 1230): Force stopping edu.buffalo.cse.cse486586.simpledynamo appid=10779 user=0: pkg removed
W/ContextImpl( 1758): Calling a method in the system process without a qualified user: android.app.ContextImpl.startService:1479 android.content.ContextWrapper.startService:494 android.content.ContextWrapper.startService:494 com.android.keychain.KeyChainBroadcastReceiver.onReceive:12 android.app.ActivityThread.handleReceiver:2400 
D/BackupManagerService( 1230): Received broadcast Intent { act=android.intent.action.PACKAGE_REMOVED dat=package:edu.buffalo.cse.cse486586.simpledynamo flg=0x4000010 (has extras) }
D/BackupManagerService( 1230): Received broadcast Intent { act=android.intent.action.PACKAGE_ADDED dat=package:edu.buffalo.cse.cse486586.simpledynamo flg=0x4000010 (has extras) }
V/BackupManagerService( 1230): removePackageParticipantsLocked: uid=10779 #1
V/BackupManagerService( 1230): addPackageParticipantsLocked: #1
I/ActivityManager( 1230): Start proc edu.buffalo.cse.cse486586.simpledynamo for content provider edu.buffalo.cse.cse486586.simpledynamo/.SimpleDynamoProvider: pid=16755 uid=10779 gids={50779, 3003}
W/RecognitionManagerService( 1230): no available voice recognition services found for user 0
I/ActivityManager( 1230): START u0 {act=android.intent.action.MAIN cat=[android.intent.category.LAUNCHER] flg=0x10000000 cmp=edu.buffalo.cse.cse486586.simpledynamo/.SimpleDynamoActivity} from pid 16956
W/WindowManager( 1230): Screenshot failure taking screenshot for (123x164) to layer 21005
I/ActivityManager( 1230): Force stopping edu.buffalo.cse.cse486586.simpledynamo appid=10779 user=-1: uninstall pkg
I/ActivityManager( 1230): Killing 16755:edu.buffalo.cse.cse486586.simpledynamo/u0a779 (adj 0): stop edu.buffalo.cse.cse486586.simpledynamo
W/ActivityManager( 1230): Force removing ActivityRecord{b41a7f10 u0 edu.buffalo.cse.cse486586.simpledynamo/.SimpleDynamoActivity t309}: app died, no saved state
W/PackageManager( 1230): Couldn't delete native library directory /data/app-lib/edu.buffalo.cse.cse486586.simpledynamo
I/WindowState( 1230): WIN DEATH: Window{b419cf90 u0 edu.buffalo.cse.cse486586.simpledynamo/edu.buffalo.cse.cse486586.simpledynamo.SimpleDynamoActivity}
I/ActivityManager( 1230): Force stopping edu.buffalo.cse.cse486586.simpledynamo appid=10779 user=0: pkg removed
W/InputMethodManagerService( 1230): Got RemoteException sending setActive(false) notification to pid 16755 uid 10779
W/ContextImpl( 1758): Calling a method in the system process without a qualified user: android.app.ContextImpl.startService:1479 android.content.ContextWrapper.startService:494 android.content.ContextWrapper.startService:494 com.android.keychain.KeyChainBroadcastReceiver.onReceive:12 android.app.ActivityThread.handleReceiver:2400 
D/BackupManagerService( 1230): Received broadcast Intent { act=android.intent.action.PACKAGE_REMOVED dat=package:edu.buffalo.cse.cse486586.simpledynamo flg=0x4000010 (has extras) }
V/BackupManagerService( 1230): removePackageParticipantsLocked: uid=10779 #1
W/ActivityManager( 1230): No content provider found for permission revoke: file:///data/local/tmp/SimpleDynamo.apk
W/ActivityManager( 1230): No content provider found for permission revoke: file:///data/local/tmp/SimpleDynamo.apk
I/PackageManager( 1230): Copying native libraries to /data/app-lib/vmdl123720931
I/ActivityManager( 1230): Force stopping edu.buffalo.cse.cse486586.simpledynamo appid=10780 user=-1: update pkg
D/BackupManagerService( 1230): Received broadcast Intent { act=android.intent.action.PACKAGE_ADDED dat=package:edu.buffalo.cse.cse486586.simpledynamo flg=0x4000010 (has extras) }
V/BackupManagerService( 1230): addPackageParticipantsLocked: #1
W/RecognitionManagerService( 1230): no available voice recognition services found for user 0
I/ActivityManager( 1230): Force stopping edu.buffalo.cse.cse486586.simpledynamo appid=10780 user=0: from pid 17086
I/ActivityManager( 1230): START u0 {act=android.intent.action.MAIN cat=[android.intent.category.LAUNCHER] flg=0x10000000 cmp=edu.buffalo.cse.cse486586.simpledynamo/.SimpleDynamoActivity} from pid 17086
W/WindowManager( 1230): Screenshot failure taking screenshot for (123x164) to layer 21010
I/ActivityManager( 1230): Start proc edu.buffalo.cse.cse486586.simpledynamo for activity edu.buffalo.cse.cse486586.simpledynamo/.SimpleDynamoActivity: pid=17097 uid=10780 gids={50780, 3003}
I/ActivityManager( 1230): Force stopping edu.buffalo.cse.cse486586.simpledynamo appid=10780 user=0: from pid 17528
I/ActivityManager( 1230): Killing 17097:edu.buffalo.cse.cse486586.simpledynamo/u0a780 (adj 0): stop edu.buffalo.cse.cse486586.simpledynamo
W/ActivityManager( 1230): Force removing ActivityRecord{b4195548 u0 edu.buffalo.cse.cse486586.simpledynamo/.SimpleDynamoActivity t310}: app died, no saved state
I/WindowState( 1230): WIN DEATH: Window{b422a4d8 u0 edu.buffalo.cse.cse486586.simpledynamo/edu.buffalo.cse.cse486586.simpledynamo.SimpleDynamoActivity}
W/InputMethodManagerService( 1230): Got RemoteException sending setActive(false) notification to pid 17097 uid 10780
I/ActivityManager( 1230): Force stopping edu.buffalo.cse.cse486586.simpledynamo appid=10780 user=0: from pid 17550
I/ActivityManager( 1230): START u0 {act=android.intent.action.MAIN cat=[android.intent.category.LAUNCHER] flg=0x10000000 cmp=edu.buffalo.cse.cse486586.simpledynamo/.SimpleDynamoActivity} from pid 17550
W/WindowManager( 1230): Screenshot failure taking screenshot for (123x164) to layer 21010
I/ActivityManager( 1230): Start proc edu.buffalo.cse.cse486586.simpledynamo for activity edu.buffalo.cse.cse486586.simpledynamo/.SimpleDynamoActivity: pid=17561 uid=10780 gids={50780, 3003}
I/ActivityManager( 1230): Force stopping edu.buffalo.cse.cse486586.simpledynamo appid=10780 user=0: from pid 17579
I/ActivityManager( 1230): Killing 17561:edu.buffalo.cse.cse486586.simpledynamo/u0a780 (adj 0): stop edu.buffalo.cse.cse486586.simpledynamo
W/ActivityManager( 1230): Force removing ActivityRecord{b41a7f10 u0 edu.buffalo.cse.cse486586.simpledynamo/.SimpleDynamoActivity t311}: app died, no saved state
I/WindowState( 1230): WIN DEATH: Window{b424e780 u0 edu.buffalo.cse.cse486586.simpledynamo/edu.buffalo.cse.cse486586.simpledynamo.SimpleDynamoActivity}
W/InputMethodManagerService( 1230): Got RemoteException sending setActive(false) notification to pid 17561 uid 10780
I/ActivityManager( 1230): Force stopping edu.buffalo.cse.cse486586.simpledynamo appid=10780 user=0: from pid 17601
I/ActivityManager( 1230): START u0 {act=android.intent.action.MAIN cat=[android.intent.category.LAUNCHER] flg=0x10000000 cmp=edu.buffalo.cse.cse486586.simpledynamo/.SimpleDynamoActivity} from pid 17601
W/WindowManager( 1230): Screenshot failure taking screenshot for (123x164) to layer 21010
I/ActivityManager( 1230): Start proc edu.buffalo.cse.cse486586.simpledynamo for activity edu.buffalo.cse.cse486586.simpledynamo/.SimpleDynamoActivity: pid=17612 uid=10780 gids={50780, 3003}
I/ActivityManager( 1230): Force stopping edu.buffalo.cse.cse486586.simpledynamo appid=10780 user=-1: uninstall pkg
I/ActivityManager( 1230): Killing 17612:edu.buffalo.cse.cse486586.simpledynamo/u0a780 (adj 0): stop edu.buffalo.cse.cse486586.simpledynamo
W/ActivityManager( 1230): Force removing ActivityRecord{b4305638 u0 edu.buffalo.cse.cse486586.simpledynamo/.SimpleDynamoActivity t312}: app died, no saved state
W/PackageManager( 1230): Couldn't delete native library directory /data/app-lib/edu.buffalo.cse.cse486586.simpledynamo
I/WindowState( 1230): WIN DEATH: Window{b3fa80e8 u0 edu.buffalo.cse.cse486586.simpledynamo/edu.buffalo.cse.cse486586.simpledynamo.SimpleDynamoActivity}
I/ActivityManager( 1230): Force stopping edu.buffalo.cse.cse486586.simpledynamo appid=10780 user=0: pkg removed
W/InputMethodManagerService( 1230): Got RemoteException sending setActive(false) notification to pid 17612 uid 10780
W/ContextImpl( 1758): Calling a method in the system process without a qualified user: android.app.ContextImpl.startService:1479 android.content.ContextWrapper.startService:494 android.content.ContextWrapper.startService:494 com.android.keychain.KeyChainBroadcastReceiver.onReceive:12 android.app.ActivityThread.handleReceiver:2400 
D/BackupManagerService( 1230): Received broadcast Intent { act=android.intent.action.PACKAGE_REMOVED dat=package:edu.buffalo.cse.cse486586.simpledynamo flg=0x4000010 (has extras) }
V/BackupManagerService( 1230): removePackageParticipantsLocked: uid=10780 #1
W/ActivityManager( 1230): No content provider found for permission revoke: file:///data/local/tmp/SimpleDynamo.apk
W/ActivityManager( 1230): No content provider found for permission revoke: file:///data/local/tmp/SimpleDynamo.apk
I/PackageManager( 1230): Copying native libraries to /data/app-lib/vmdl-1343991861
I/ActivityManager( 1230): Force stopping edu.buffalo.cse.cse486586.simpledynamo appid=10781 user=-1: update pkg
D/BackupManagerService( 1230): Received broadcast Intent { act=android.intent.action.PACKAGE_ADDED dat=package:edu.buffalo.cse.cse486586.simpledynamo flg=0x4000010 (has extras) }
V/BackupManagerService( 1230): addPackageParticipantsLocked: #1
W/RecognitionManagerService( 1230): no available voice recognition services found for user 0
I/ActivityManager( 1230): Force stopping edu.buffalo.cse.cse486586.simpledynamo appid=10781 user=0: from pid 17982
I/ActivityManager( 1230): START u0 {act=android.intent.action.MAIN cat=[android.intent.category.LAUNCHER] flg=0x10000000 cmp=edu.buffalo.cse.cse486586.simpledynamo/.SimpleDynamoActivity} from pid 17982
W/WindowManager( 1230): Screenshot failure taking screenshot for (123x164) to layer 21010
