I/ActivityManager( 1230): Start proc edu.buffalo.cse.cse486586.simpledynamo for activity edu.buffalo.cse.cse486586.simpledynamo/.SimpleDynamoActivity: pid=17993 uid=10781 gids={50781, 3003}
I/ActivityManager( 1230): Force stopping edu.buffalo.cse.cse486586.simpledynamo appid=10781 user=0: from pid 18120
I/ActivityManager( 1230): Killing 17993:edu.buffalo.cse.cse486586.simpledynamo/u0a781 (adj 0): stop edu.buffalo.cse.cse486586.simpledynamo
W/ActivityManager( 1230): Force removing ActivityRecord{b4195548 u0 edu.buffalo.cse.cse486586.simpledynamo/.SimpleDynamoActivity t313}: app died, no saved state
I/WindowState( 1230): WIN DEATH: Window{b4236f70 u0 edu.buffalo.cse.cse486586.simpledynamo/edu.buffalo.cse.cse486586.simpledynamo.SimpleDynamoActivity}
W/InputMethodManagerService( 1230): Got RemoteException sending setActive(false) notification to pid 17993 uid 10781
I/ActivityManager( 1230): Force stopping edu.buffalo.cse.cse486586.simpledynamo appid=10781 user=0: from pid 18141
I/ActivityManager( 1230): START u0 {act=android.intent.action.MAIN cat=[android.intent.category.LAUNCHER] flg=0x10000000 cmp=edu.buffalo.cse.cse486586.simpledynamo/.SimpleDynamoActivity} from pid 18141
W/WindowManager( 1230): Screenshot failure taking screenshot for (123x164) to layer 21010
I/ActivityManager( 1230): Start proc edu.buffalo.cse.cse486586.simpledynamo for activity edu.buffalo.cse.cse486586.simpledynamo/.SimpleDynamoActivity: pid=18152 uid=10781 gids={50781, 3003}
I/ActivityManager( 1230): Force stopping edu.buffalo.cse.cse486586.simpledynamo appid=10781 user=0: from pid 18922
I/ActivityManager( 1230): Killing 18152:edu.buffalo.cse.cse486586.simpledynamo/u0a781 (adj 0): stop edu.buffalo.cse.cse486586.simpledynamo
W/ActivityManager( 1230): Force removing ActivityRecord{b430b7e0 u0 edu.buffalo.cse.cse486586.simpledynamo/.SimpleDynamoActivity t314}: app died, no saved state
I/WindowState( 1230): WIN DEATH: Window{b4388ce0 u0 edu.buffalo.cse.cse486586.simpledynamo/edu.buffalo.cse.cse486586.simpledynamo.SimpleDynamoActivity}
W/InputMethodManagerService( 1230): Got RemoteException sending setActive(false) notification to pid 18152 uid 10781
I/ActivityManager( 1230): Force stopping edu.buffalo.cse.cse486586.simpledynamo appid=10781 user=0: from pid 18945
I/ActivityManager( 1230): START u0 {act=android.intent.action.MAIN cat=[android.intent.category.LAUNCHER] flg=0x10000000 cmp=edu.buffalo.cse.cse486586.simpledynamo/.SimpleDynamoActivity} from pid 18945
W/WindowManager( 1230): Screenshot failure taking screenshot for (123x164) to layer 21010
I/ActivityManager( 1230): Start proc edu.buffalo.cse.cse486586.simpledynamo for activity edu.buffalo.cse.cse486586.simpledynamo/.SimpleDynamoActivity: pid=18956 uid=10781 gids={50781, 3003}
I/ProcessStatsService( 1230): Prepared write state in 1ms
D/ConnectivityService( 1230): Sampling interval elapsed, updating statistics ..
D/ConnectivityService( 1230): Done.
D/ConnectivityService( 1230): Setting timer for 720seconds
I/ActivityManager( 1230): Force stopping edu.buffalo.cse.cse486586.simpledynamo appid=10781 user=-1: uninstall pkg
I/ActivityManager( 1230): Killing 18956:edu.buffalo.cse.cse486586.simpledynamo/u0a781 (adj 0): stop edu.buffalo.cse.cse486586.simpledynamo
W/ActivityManager( 1230): Force removing ActivityRecord{b4325e80 u0 edu.buffalo.cse.cse486586.simpledynamo/.SimpleDynamoActivity t315}: app died, no saved state
W/PackageManager( 1230): Couldn't delete native library directory /data/app-lib/edu.buffalo.cse.cse486586.simpledynamo
I/WindowState( 1230): WIN DEATH: Window{b43229e0 u0 edu.buffalo.cse.cse486586.simpledynamo/edu.buffalo.cse.cse486586.simpledynamo.SimpleDynamoActivity}
W/InputMethodManagerService( 1230): Got RemoteException sending setActive(false) notification to pid 18956 uid 10781
I/ActivityManager( 1230): Force stopping edu.buffalo.cse.cse486586.simpledynamo appid=10781 user=0: pkg removed
D/BackupManagerService( 1230): Received broadcast Intent { act=android.intent.action.PACKAGE_REMOVED dat=package:edu.buffalo.cse.cse486586.simpledynamo flg=0x4000010 (has extras) }
V/BackupManagerService( 1230): removePackageParticipantsLocked: uid=10781 #1
W/ContextImpl( 1758): Calling a method in the system process without a qualified user: android.app.ContextImpl.startService:1479 android.content.ContextWrapper.startService:494 android.content.ContextWrapper.startService:494 com.android.keychain.KeyChainBroadcastReceiver.onReceive:12 android.app.ActivityThread.handleReceiver:2400 
W/ActivityManager( 1230): No content provider found for permission revoke: file:///data/local/tmp/SimpleDynamo.apk
W/ActivityManager( 1230): No content provider found for permission revoke: file:///data/local/tmp/SimpleDynamo.apk
I/PackageManager( 1230): Copying native libraries to /data/app-lib/vmdl197256100
I/ActivityManager( 1230): Force stopping edu.buffalo.cse.cse486586.simpledynamo appid=10782 user=-1: update pkg
D/BackupManagerService( 1230): Received broadcast Intent { act=android.intent.action.PACKAGE_ADDED dat=package:edu.buffalo.cse.cse486586.simpledynamo flg=0x4000010 (has extras) }
V/BackupManagerService( 1230): addPackageParticipantsLocked: #1
W/RecognitionManagerService( 1230): no available voice recognition services found for user 0
I/ActivityManager( 1230): Force stopping edu.buffalo.cse.cse486586.simpledynamo appid=10782 user=0: from pid 19163
I/ActivityManager( 1230): START u0 {act=android.intent.action.MAIN cat=[android.intent.category.LAUNCHER] flg=0x10000000 cmp=edu.buffalo.cse.cse486586.simpledynamo/.SimpleDynamoActivity} from pid 19163
W/WindowManager( 1230): Screenshot failure taking screenshot for (123x164) to layer 21010
I/ActivityManager( 1230): Start proc edu.buffalo.cse.cse486586.simpledynamo for activity edu.buffalo.cse.cse486586.simpledynamo/.SimpleDynamoActivity: pid=19174 uid=10782 gids={50782, 3003}
I/ActivityManager( 1230): Force stopping edu.buffalo.cse.cse486586.simpledynamo appid=10782 user=0: from pid 19606
I/ActivityManager( 1230): Killing 19174:edu.buffalo.cse.cse486586.simpledynamo/u0a782 (adj 0): stop edu.buffalo.cse.cse486586.simpledynamo
W/ActivityManager( 1230): Force removing ActivityRecord{b4195548 u0 edu.buffalo.cse.cse486586.simpledynamo/.SimpleDynamoActivity t316}: app died, no saved state
I/WindowState( 1230): WIN DEATH: Window{b4282160 u0 edu.buffalo.cse.cse486586.simpledynamo/edu.buffalo.cse.cse486586.simpledynamo.SimpleDynamoActivity}
W/InputMethodManagerService( 1230): Got RemoteException sending setActive(false) notification to pid 19174 uid 10782
I/ActivityManager( 1230): Force stopping edu.buffalo.cse.cse486586.simpledynamo appid=10782 user=0: from pid 19627
I/ActivityManager( 1230): START u0 {act=android.intent.action.MAIN cat=[android.intent.category.LAUNCHER] flg=0x10000000 cmp=edu.buffalo.cse.cse486586.simpledynamo/.SimpleDynamoActivity} from pid 19627
W/WindowManager( 1230): Screenshot failure taking screenshot for (123x164) to layer 21010
I/ActivityManager( 1230): Start proc edu.buffalo.cse.cse486586.simpledynamo for activity edu.buffalo.cse.cse486586.simpledynamo/.SimpleDynamoActivity: pid=19638 uid=10782 gids={50782, 3003}
W/ActivityManager( 1230): No content provider found for permission revoke: file:///data/local/tmp/SimpleDynamo.apk
W/ActivityManager( 1230): No content provider found for permission revoke: file:///data/local/tmp/SimpleDynamo.apk
I/PackageManager( 1230): Copying native libraries to /data/app-lib/vmdl909707111
I/ActivityManager( 1230): Force stopping edu.buffalo.cse.cse486586.simpledynamo appid=10782 user=-1: uninstall pkg
I/ActivityManager( 1230): Killing 19638:edu.buffalo.cse.cse486586.simpledynamo/u0a782 (adj 0): stop edu.buffalo.cse.cse486586.simpledynamo
I/WindowState( 1230): WIN DEATH: Window{b4232050 u0 edu.buffalo.cse.cse486586.simpledynamo/edu.buffalo.cse.cse486586.simpledynamo.SimpleDynamoActivity}
W/ActivityManager( 1230): Force removing ActivityRecord{b4327f28 u0 edu.buffalo.cse.cse486586.simpledynamo/.SimpleDynamoActivity t317}: app died, no saved state
I/PackageManager( 1230): Package edu.buffalo.cse.cse486586.simpledynamo codePath changed from /data/app/edu.buffalo.cse.cse486586.simpledynamo-1.apk to /data/app/edu.buffalo.cse.cse486586.simpledynamo-2.apk; Retaining data and using new
W/InputMethodManagerService( 1230): Got RemoteException sending setActive(false) notification to pid 19638 uid 10782
W/PackageManager( 1230): Code path for pkg : edu.buffalo.cse.cse486586.simpledynamo changing from /data/app/edu.buffalo.cse.cse486586.simpledynamo-1.apk to /data/app/edu.buffalo.cse.cse486586.simpledynamo-2.apk
W/PackageManager( 1230): Resource path for pkg : edu.buffalo.cse.cse486586.simpledynamo changing from /data/app/edu.buffalo.cse.cse486586.simpledynamo-1.apk to /data/app/edu.buffalo.cse.cse486586.simpledynamo-2.apk
I/ActivityManager( 1230): Force stopping edu.buffalo.cse.cse486586.simpledynamo appid=10782 user=-1: update pkg
I/ActivityManager( 1230): Force stopping edu.buffalo.cse.cse486586.simpledynamo appid=10782 user=0: pkg removed
W/ContextImpl( 1758): Calling a method in the system process without a qualified user: android.app.ContextImpl.startService:1479 android.content.ContextWrapper.startService:494 android.content.ContextWrapper.startService:494 com.android.keychain.KeyChainBroadcastReceiver.onReceive:12 android.app.ActivityThread.handleReceiver:2400 
D/BackupManagerService( 1230): Received broadcast Intent { act=android.intent.action.PACKAGE_REMOVED dat=package:edu.buffalo.cse.cse486586.simpledynamo flg=0x4000010 (has extras) }
D/BackupManagerService( 1230): Received broadcast Intent { act=android.intent.action.PACKAGE_ADDED dat=package:edu.buffalo.cse.cse486586.simpledynamo flg=0x4000010 (has extras) }
V/BackupManagerService( 1230): removePackageParticipantsLocked: uid=10782 #1
V/BackupManagerService( 1230): addPackageParticipantsLocked: #1
W/RecognitionManagerService( 1230): no available voice recognition services found for user 0
W/ActivityManager( 1230): No content provider found for permission revoke: file:///data/local/tmp/SimpleDynamo.apk
W/ActivityManager( 1230): No content provider found for permission revoke: file:///data/local/tmp/SimpleDynamo.apk
I/PackageManager( 1230): Copying native libraries to /data/app-lib/vmdl-1034342503
I/ActivityManager( 1230): Force stopping edu.buffalo.cse.cse486586.simpledynamo appid=10782 user=-1: uninstall pkg
I/PackageManager( 1230): Package edu.buffalo.cse.cse486586.simpledynamo codePath changed from /data/app/edu.buffalo.cse.cse486586.simpledynamo-2.apk to /data/app/edu.buffalo.cse.cse486586.simpledynamo-1.apk; Retaining data and using new
W/PackageManager( 1230): Code path for pkg : edu.buffalo.cse.cse486586.simpledynamo changing from /data/app/edu.buffalo.cse.cse486586.simpledynamo-2.apk to /data/app/edu.buffalo.cse.cse486586.simpledynamo-1.apk
W/PackageManager( 1230): Resource path for pkg : edu.buffalo.cse.cse486586.simpledynamo changing from /data/app/edu.buffalo.cse.cse486586.simpledynamo-2.apk to /data/app/edu.buffalo.cse.cse486586.simpledynamo-1.apk
I/ActivityManager( 1230): Force stopping edu.buffalo.cse.cse486586.simpledynamo appid=10782 user=-1: update pkg
I/ActivityManager( 1230): Force stopping edu.buffalo.cse.cse486586.simpledynamo appid=10782 user=0: pkg removed
D/BackupManagerService( 1230): Received broadcast Intent { act=android.intent.action.PACKAGE_REMOVED dat=package:edu.buffalo.cse.cse486586.simpledynamo flg=0x4000010 (has extras) }
D/BackupManagerService( 1230): Received broadcast Intent { act=android.intent.action.PACKAGE_ADDED dat=package:edu.buffalo.cse.cse486586.simpledynamo flg=0x4000010 (has extras) }
V/BackupManagerService( 1230): removePackageParticipantsLocked: uid=10782 #1
W/ContextImpl( 1758): Calling a method in the system process without a qualified user: android.app.ContextImpl.startService:1479 android.content.ContextWrapper.startService:494 android.content.ContextWrapper.startService:494 com.android.keychain.KeyChainBroadcastReceiver.onReceive:12 android.app.ActivityThread.handleReceiver:2400 
V/BackupManagerService( 1230): addPackageParticipantsLocked: #1
W/RecognitionManagerService( 1230): no available voice recognition services found for user 0
I/ActivityManager( 1230): START u0 {act=android.intent.action.MAIN cat=[android.intent.category.LAUNCHER] flg=0x10000000 cmp=edu.buffalo.cse.cse486586.simpledynamo/.SimpleDynamoActivity} from pid 20232
W/WindowManager( 1230): Screenshot failure taking screenshot for (123x164) to layer 21005
I/ActivityManager( 1230): Start proc edu.buffalo.cse.cse486586.simpledynamo for activity edu.buffalo.cse.cse486586.simpledynamo/.SimpleDynamoActivity: pid=20242 uid=10782 gids={50782, 3003}
I/ActivityManager( 1230): START u0 {act=android.intent.action.MAIN cat=[android.intent.category.LAUNCHER] flg=0x10000000 cmp=edu.buffalo.cse.cse486586.simpledynamo/.SimpleDynamoActivity} from pid 20257
W/ActivityManager( 1230): Launch timeout has expired, giving up wake lock!
E/WindowManager( 1230): Starting window AppWindowToken{b43479b0 token=Token{b42a22f8 ActivityRecord{b423adc8 u0 edu.buffalo.cse.cse486586.simpledynamo/.SimpleDynamoActivity t318}}} timed out
I/ActivityManager( 1230): Force stopping edu.buffalo.cse.cse486586.simpledynamo appid=10782 user=-1: uninstall pkg
I/ActivityManager( 1230): Killing 20242:edu.buffalo.cse.cse486586.simpledynamo/u0a782 (adj 0): stop edu.buffalo.cse.cse486586.simpledynamo
I/ActivityManager( 1230):   Force finishing activity ActivityRecord{b423adc8 u0 edu.buffalo.cse.cse486586.simpledynamo/.SimpleDynamoActivity t318}
W/PackageManager( 1230): Couldn't delete native library directory /data/app-lib/edu.buffalo.cse.cse486586.simpledynamo
I/ActivityManager( 1230): Force stopping edu.buffalo.cse.cse486586.simpledynamo appid=10782 user=0: pkg removed
D/BackupManagerService( 1230): Received broadcast Intent { act=android.intent.action.PACKAGE_REMOVED dat=package:edu.buffalo.cse.cse486586.simpledynamo flg=0x4000010 (has extras) }
V/BackupManagerService( 1230): removePackageParticipantsLocked: uid=10782 #1
W/ContextImpl( 1758): Calling a method in the system process without a qualified user: android.app.ContextImpl.startService:1479 android.content.ContextWrapper.startService:494 android.content.ContextWrapper.startService:494 com.android.keychain.KeyChainBroadcastReceiver.onReceive:12 android.app.ActivityThread.handleReceiver:2400 
W/InputMethodManagerService( 1230): Window already focused, ignoring focus gain of: com.android.internal.view.IInputMethodClient$Stub$Proxy@b42c96b8 attribute=null, token = android.os.BinderProxy@b41db668
W/ActivityManager( 1230): No content provider found for permission revoke: file:///data/local/tmp/SimpleDynamo.apk
W/ActivityManager( 1230): No content provider found for permission revoke: file:///data/local/tmp/SimpleDynamo.apk
I/PackageManager( 1230): Copying native libraries to /data/app-lib/vmdl509505936
I/ActivityManager( 1230): Force stopping edu.buffalo.cse.cse486586.simpledynamo appid=10783 user=-1: update pkg
D/BackupManagerService( 1230): Received broadcast Intent { act=android.intent.action.PACKAGE_ADDED dat=package:edu.buffalo.cse.cse486586.simpledynamo flg=0x4000010 (has extras) }
V/BackupManagerService( 1230): addPackageParticipantsLocked: #1
W/RecognitionManagerService( 1230): no available voice recognition services found for user 0
I/ActivityManager( 1230): Force stopping edu.buffalo.cse.cse486586.simpledynamo appid=10783 user=0: from pid 20312
I/ActivityManager( 1230): START u0 {act=android.intent.action.MAIN cat=[android.intent.category.LAUNCHER] flg=0x10000000 cmp=edu.buffalo.cse.cse486586.simpledynamo/.SimpleDynamoActivity} from pid 20312
W/WindowManager( 1230): Screenshot failure taking screenshot for (123x164) to layer 21010
I/ActivityManager( 1230): Start proc edu.buffalo.cse.cse486586.simpledynamo for activity edu.buffalo.cse.cse486586.simpledynamo/.SimpleDynamoActivity: pid=20323 uid=10783 gids={50783, 3003}
W/ActivityManager( 1230): Launch timeout has expired, giving up wake lock!
E/WindowManager( 1230): Starting window AppWindowToken{b42b57d0 token=Token{b4208590 ActivityRecord{b42065e0 u0 edu.buffalo.cse.cse486586.simpledynamo/.SimpleDynamoActivity t319}}} timed out
D/ConnectivityService( 1230): Sampling interval elapsed, updating statistics ..
D/ConnectivityService( 1230): Done.
D/ConnectivityService( 1230): Setting timer for 720seconds
V/BackupManagerService( 1230): Running a backup pass
V/BackupManagerService( 1230): clearing pending backups
V/PerformBackupTask( 1230): Beginning backup of 7 targets
I/PerformBackupTask( 1230): Initializing (wiping) backup state and transport storage
D/BackupManagerService( 1230): Now staging backup of android
D/BackupManagerService( 1230): Now staging backup of com.android.providers.settings
D/BackupManagerService( 1230): Now staging backup of com.android.providers.userdictionary
D/BackupManagerService( 1230): Now staging backup of com.android.dialer
D/BackupManagerService( 1230): Now staging backup of com.android.sharedstoragebackup
D/BackupManagerService( 1230): Now staging backup of com.android.browser
D/BackupManagerService( 1230): Now staging backup of com.android.calendar
D/PerformBackupTask( 1230): invokeAgentForBackup on @pm@
E/PerformBackupTask( 1230): Error invoking for backup on @pm@
I/PerformBackupTask( 1230): Backup pass finished.
E/PerformBackupTask( 1230): Duplicate finish
I/ProcessStatsService( 1230): Prepared write state in 1ms
W/ActivityManager( 1230): No content provider found for permission revoke: file:///data/local/tmp/SimpleDynamo.apk
W/ActivityManager( 1230): No content provider found for permission revoke: file:///data/local/tmp/SimpleDynamo.apk
I/PackageManager( 1230): Copying native libraries to /data/app-lib/vmdl-268323227
I/ActivityManager( 1230): Force stopping edu.buffalo.cse.cse486586.simpledynamo appid=10783 user=-1: uninstall pkg
I/ActivityManager( 1230): Killing 20323:edu.buffalo.cse.cse486586.simpledynamo/u0a783 (adj 0): stop edu.buffalo.cse.cse486586.simpledynamo
I/ActivityManager( 1230):   Force finishing activity ActivityRecord{b42065e0 u0 edu.buffalo.cse.cse486586.simpledynamo/.SimpleDynamoActivity t319}
W/ActivityManager( 1230): Unable to launch app edu.buffalo.cse.cse486586.simpledynamo/10783 for provider edu.buffalo.cse.cse486586.simpledynamo.provider: launching app became null
I/PackageManager( 1230): Package edu.buffalo.cse.cse486586.simpledynamo codePath changed from /data/app/edu.buffalo.cse.cse486586.simpledynamo-1.apk to /data/app/edu.buffalo.cse.cse486586.simpledynamo-2.apk; Retaining data and using new
W/InputMethodManagerService( 1230): Window already focused, ignoring focus gain of: com.android.internal.view.IInputMethodClient$Stub$Proxy@b426daa0 attribute=null, token = android.os.BinderProxy@b41db668
W/PackageManager( 1230): Code path for pkg : edu.buffalo.cse.cse486586.simpledynamo changing from /data/app/edu.buffalo.cse.cse486586.simpledynamo-1.apk to /data/app/edu.buffalo.cse.cse486586.simpledynamo-2.apk
W/PackageManager( 1230): Resource path for pkg : edu.buffalo.cse.cse486586.simpledynamo changing from /data/app/edu.buffalo.cse.cse486586.simpledynamo-1.apk to /data/app/edu.buffalo.cse.cse486586.simpledynamo-2.apk
I/ActivityManager( 1230): Force stopping edu.buffalo.cse.cse486586.simpledynamo appid=10783 user=-1: update pkg
I/ActivityManager( 1230): Force stopping edu.buffalo.cse.cse486586.simpledynamo appid=10783 user=0: pkg removed
W/ContextImpl( 1758): Calling a method in the system process without a qualified user: android.app.ContextImpl.startService:1479 android.content.ContextWrapper.startService:494 android.content.ContextWrapper.startService:494 com.android.keychain.KeyChainBroadcastReceiver.onReceive:12 android.app.ActivityThread.handleReceiver:2400 
D/BackupManagerService( 1230): Received broadcast Intent { act=android.intent.action.PACKAGE_REMOVED dat=package:edu.buffalo.cse.cse486586.simpledynamo flg=0x4000010 (has extras) }
D/BackupManagerService( 1230): Received broadcast Intent { act=android.intent.action.PACKAGE_ADDED dat=package:edu.buffalo.cse.cse486586.simpledynamo flg=0x4000010 (has extras) }
V/BackupManagerService( 1230): removePackageParticipantsLocked: uid=10783 #1
V/BackupManagerService( 1230): addPackageParticipantsLocked: #1
W/RecognitionManagerService( 1230): no available voice recognition services found for user 0
I/ActivityManager( 1230): START u0 {act=android.intent.action.MAIN cat=[android.intent.category.LAUNCHER] flg=0x10000000 cmp=edu.buffalo.cse.cse486586.simpledynamo/.SimpleDynamoActivity} from pid 20371
W/WindowManager( 1230): Screenshot failure taking screenshot for (123x164) to layer 21005
I/ActivityManager( 1230): Start proc edu.buffalo.cse.cse486586.simpledynamo for activity edu.buffalo.cse.cse486586.simpledynamo/.SimpleDynamoActivity: pid=20383 uid=10783 gids={50783, 3003}
I/ActivityManager( 1230): Force stopping edu.buffalo.cse.cse486586.simpledynamo appid=10783 user=-1: uninstall pkg
I/ActivityManager( 1230): Killing 20383:edu.buffalo.cse.cse486586.simpledynamo/u0a783 (adj 0): stop edu.buffalo.cse.cse486586.simpledynamo
I/ActivityManager( 1230):   Force finishing activity ActivityRecord{b4195548 u0 edu.buffalo.cse.cse486586.simpledynamo/.SimpleDynamoActivity t320}
W/PackageManager( 1230): Couldn't delete native library directory /data/app-lib/edu.buffalo.cse.cse486586.simpledynamo
W/InputMethodManagerService( 1230): Window already focused, ignoring focus gain of: com.android.internal.view.IInputMethodClient$Stub$Proxy@b4155cf8 attribute=null, token = android.os.BinderProxy@b41db668
I/ActivityManager( 1230): Force stopping edu.buffalo.cse.cse486586.simpledynamo appid=10783 user=0: pkg removed
W/ContextImpl( 1758): Calling a method in the system process without a qualified user: android.app.ContextImpl.startService:1479 android.content.ContextWrapper.startService:494 android.content.ContextWrapper.startService:494 com.android.keychain.KeyChainBroadcastReceiver.onReceive:12 android.app.ActivityThread.handleReceiver:2400 
D/BackupManagerService( 1230): Received broadcast Intent { act=android.intent.action.PACKAGE_REMOVED dat=package:edu.buffalo.cse.cse486586.simpledynamo flg=0x4000010 (has extras) }
V/BackupManagerService( 1230): removePackageParticipantsLocked: uid=10783 #1
W/ActivityManager( 1230): No content provider found for permission revoke: file:///data/local/tmp/SimpleDynamo.apk
W/ActivityManager( 1230): No content provider found for permission revoke: file:///data/local/tmp/SimpleDynamo.apk
I/PackageManager( 1230): Copying native libraries to /data/app-lib/vmdl-466470411
I/ActivityManager( 1230): Force stopping edu.buffalo.cse.cse486586.simpledynamo appid=10784 user=-1: update pkg
D/BackupManagerService( 1230): Received broadcast Intent { act=android.intent.action.PACKAGE_ADDED dat=package:edu.buffalo.cse.cse486586.simpledynamo flg=0x4000010 (has extras) }
V/BackupManagerService( 1230): addPackageParticipantsLocked: #1
W/RecognitionManagerService( 1230): no available voice recognition services found for user 0
I/ActivityManager( 1230): Force stopping edu.buffalo.cse.cse486586.simpledynamo appid=10784 user=0: from pid 20442
I/ActivityManager( 1230): START u0 {act=android.intent.action.MAIN cat=[android.intent.category.LAUNCHER] flg=0x10000000 cmp=edu.buffalo.cse.cse486586.simpledynamo/.SimpleDynamoActivity} from pid 20442
W/WindowManager( 1230): Screenshot failure taking screenshot for (123x164) to layer 21010
I/ActivityManager( 1230): Start proc edu.buffalo.cse.cse486586.simpledynamo for activity edu.buffalo.cse.cse486586.simpledynamo/.SimpleDynamoActivity: pid=20453 uid=10784 gids={50784, 3003}
W/ActivityManager( 1230): Launch timeout has expired, giving up wake lock!
E/WindowManager( 1230): Starting window AppWindowToken{b41ce628 token=Token{b4182f20 ActivityRecord{b42bd478 u0 edu.buffalo.cse.cse486586.simpledynamo/.SimpleDynamoActivity t321}}} timed out
D/ConnectivityService( 1230): Sampling interval elapsed, updating statistics ..
D/ConnectivityService( 1230): Done.
D/ConnectivityService( 1230): Setting timer for 720seconds
D/ConnectivityService( 1230): Sampling interval elapsed, updating statistics ..
D/ConnectivityService( 1230): Done.
D/ConnectivityService( 1230): Setting timer for 720seconds
W/ActivityManager( 1230): No content provider found for permission revoke: file:///data/local/tmp/SimpleDynamo.apk
W/ActivityManager( 1230): No content provider found for permission revoke: file:///data/local/tmp/SimpleDynamo.apk
I/PackageManager( 1230): Copying native libraries to /data/app-lib/vmdl448992464
I/ActivityManager( 1230): Force stopping edu.buffalo.cse.cse486586.simpledynamo appid=10784 user=-1: uninstall pkg
I/ActivityManager( 1230): Killing 20453:edu.buffalo.cse.cse486586.simpledynamo/u0a784 (adj 0): stop edu.buffalo.cse.cse486586.simpledynamo
I/ActivityManager( 1230):   Force finishing activity ActivityRecord{b42bd478 u0 edu.buffalo.cse.cse486586.simpledynamo/.SimpleDynamoActivity t321}
W/ActivityManager( 1230): Unable to launch app edu.buffalo.cse.cse486586.simpledynamo/10784 for provider edu.buffalo.cse.cse486586.simpledynamo.provider: launching app became null
I/PackageManager( 1230): Package edu.buffalo.cse.cse486586.simpledynamo codePath changed from /data/app/edu.buffalo.cse.cse486586.simpledynamo-1.apk to /data/app/edu.buffalo.cse.cse486586.simpledynamo-2.apk; Retaining data and using new
W/PackageManager( 1230): Code path for pkg : edu.buffalo.cse.cse486586.simpledynamo changing from /data/app/edu.buffalo.cse.cse486586.simpledynamo-1.apk to /data/app/edu.buffalo.cse.cse486586.simpledynamo-2.apk
W/PackageManager( 1230): Resource path for pkg : edu.buffalo.cse.cse486586.simpledynamo changing from /data/app/edu.buffalo.cse.cse486586.simpledynamo-1.apk to /data/app/edu.buffalo.cse.cse486586.simpledynamo-2.apk
I/ActivityManager( 1230): Force stopping edu.buffalo.cse.cse486586.simpledynamo appid=10784 user=-1: update pkg
I/ActivityManager( 1230): Force stopping edu.buffalo.cse.cse486586.simpledynamo appid=10784 user=0: pkg removed
W/InputMethodManagerService( 1230): Window already focused, ignoring focus gain of: com.android.internal.view.IInputMethodClient$Stub$Proxy@b421c438 attribute=null, token = android.os.BinderProxy@b41db668
I/ActivityManager( 1230): Start proc edu.buffalo.cse.cse486586.simpledynamo for content provider edu.buffalo.cse.cse486586.simpledynamo/.SimpleDynamoProvider: pid=20506 uid=10784 gids={50784, 3003}
D/BackupManagerService( 1230): Received broadcast Intent { act=android.intent.action.PACKAGE_REMOVED dat=package:edu.buffalo.cse.cse486586.simpledynamo flg=0x4000010 (has extras) }
W/ContextImpl( 1758): Calling a method in the system process without a qualified user: android.app.ContextImpl.startService:1479 android.content.ContextWrapper.startService:494 android.content.ContextWrapper.startService:494 com.android.keychain.KeyChainBroadcastReceiver.onReceive:12 android.app.ActivityThread.handleReceiver:2400 
D/BackupManagerService( 1230): Received broadcast Intent { act=android.intent.action.PACKAGE_ADDED dat=package:edu.buffalo.cse.cse486586.simpledynamo flg=0x4000010 (has extras) }
V/BackupManagerService( 1230): removePackageParticipantsLocked: uid=10784 #1
V/BackupManagerService( 1230): addPackageParticipantsLocked: #1
W/RecognitionManagerService( 1230): no available voice recognition services found for user 0
I/ActivityManager( 1230): START u0 {act=android.intent.action.MAIN cat=[android.intent.category.LAUNCHER] flg=0x10000000 cmp=edu.buffalo.cse.cse486586.simpledynamo/.SimpleDynamoActivity} from pid 20530
W/WindowManager( 1230): Screenshot failure taking screenshot for (123x164) to layer 21005
I/ActivityManager( 1230): Force stopping edu.buffalo.cse.cse486586.simpledynamo appid=10784 user=-1: uninstall pkg
I/ActivityManager( 1230): Killing 20506:edu.buffalo.cse.cse486586.simpledynamo/u0a784 (adj 0): stop edu.buffalo.cse.cse486586.simpledynamo
I/ActivityManager( 1230):   Force finishing activity ActivityRecord{b4195548 u0 edu.buffalo.cse.cse486586.simpledynamo/.SimpleDynamoActivity t322}
W/PackageManager( 1230): Couldn't delete native library directory /data/app-lib/edu.buffalo.cse.cse486586.simpledynamo
W/ActivityManager( 1230): Unable to launch app edu.buffalo.cse.cse486586.simpledynamo/10784 for provider edu.buffalo.cse.cse486586.simpledynamo.provider: launching app became null
I/ActivityManager( 1230): Force stopping edu.buffalo.cse.cse486586.simpledynamo appid=10784 user=0: pkg removed
W/InputMethodManagerService( 1230): Window already focused, ignoring focus gain of: com.android.internal.view.IInputMethodClient$Stub$Proxy@b42173a0 attribute=null, token = android.os.BinderProxy@b41db668
D/BackupManagerService( 1230): Received broadcast Intent { act=android.intent.action.PACKAGE_REMOVED dat=package:edu.buffalo.cse.cse486586.simpledynamo flg=0x4000010 (has extras) }
V/BackupManagerService( 1230): removePackageParticipantsLocked: uid=10784 #1
W/ContextImpl( 1758): Calling a method in the system process without a qualified user: android.app.ContextImpl.startService:1479 android.content.ContextWrapper.startService:494 android.content.ContextWrapper.startService:494 com.android.keychain.KeyChainBroadcastReceiver.onReceive:12 android.app.ActivityThread.handleReceiver:2400 
W/ActivityManager( 1230): No content provider found for permission revoke: file:///data/local/tmp/SimpleDynamo.apk
W/ActivityManager( 1230): No content provider found for permission revoke: file:///data/local/tmp/SimpleDynamo.apk
I/PackageManager( 1230): Copying native libraries to /data/app-lib/vmdl-4374513
I/ActivityManager( 1230): Force stopping edu.buffalo.cse.cse486586.simpledynamo appid=10785 user=-1: update pkg
D/BackupManagerService( 1230): Received broadcast Intent { act=android.intent.action.PACKAGE_ADDED dat=package:edu.buffalo.cse.cse486586.simpledynamo flg=0x4000010 (has extras) }
V/BackupManagerService( 1230): addPackageParticipantsLocked: #1
W/RecognitionManagerService( 1230): no available voice recognition services found for user 0
I/ActivityManager( 1230): Force stopping edu.buffalo.cse.cse486586.simpledynamo appid=10785 user=0: from pid 20584
I/ActivityManager( 1230): START u0 {act=android.intent.action.MAIN cat=[android.intent.category.LAUNCHER] flg=0x10000000 cmp=edu.buffalo.cse.cse486586.simpledynamo/.SimpleDynamoActivity} from pid 20584
W/WindowManager( 1230): Screenshot failure taking screenshot for (123x164) to layer 21010
I/ActivityManager( 1230): Start proc edu.buffalo.cse.cse486586.simpledynamo for activity edu.buffalo.cse.cse486586.simpledynamo/.SimpleDynamoActivity: pid=20595 uid=10785 gids={50785, 3003}
W/ActivityManager( 1230): Launch timeout has expired, giving up wake lock!
E/WindowManager( 1230): Starting window AppWindowToken{b431ab40 token=Token{b4221478 ActivityRecord{b41c9c10 u0 edu.buffalo.cse.cse486586.simpledynamo/.SimpleDynamoActivity t323}}} timed out
W/ActivityManager( 1230): No content provider found for permission revoke: file:///data/local/tmp/SimpleDynamo.apk
W/ActivityManager( 1230): No content provider found for permission revoke: file:///data/local/tmp/SimpleDynamo.apk
I/PackageManager( 1230): Copying native libraries to /data/app-lib/vmdl-2069184497
I/ActivityManager( 1230): Force stopping edu.buffalo.cse.cse486586.simpledynamo appid=10785 user=-1: uninstall pkg
I/ActivityManager( 1230): Killing 20595:edu.buffalo.cse.cse486586.simpledynamo/u0a785 (adj 0): stop edu.buffalo.cse.cse486586.simpledynamo
I/ActivityManager( 1230):   Force finishing activity ActivityRecord{b41c9c10 u0 edu.buffalo.cse.cse486586.simpledynamo/.SimpleDynamoActivity t323}
W/ActivityManager( 1230): Unable to launch app edu.buffalo.cse.cse486586.simpledynamo/10785 for provider edu.buffalo.cse.cse486586.simpledynamo.provider: launching app became null
I/PackageManager( 1230): Package edu.buffalo.cse.cse486586.simpledynamo codePath changed from /data/app/edu.buffalo.cse.cse486586.simpledynamo-1.apk to /data/app/edu.buffalo.cse.cse486586.simpledynamo-2.apk; Retaining data and using new
W/InputMethodManagerService( 1230): Window already focused, ignoring focus gain of: com.android.internal.view.IInputMethodClient$Stub$Proxy@b4130980 attribute=null, token = android.os.BinderProxy@b41db668
W/PackageManager( 1230): Code path for pkg : edu.buffalo.cse.cse486586.simpledynamo changing from /data/app/edu.buffalo.cse.cse486586.simpledynamo-1.apk to /data/app/edu.buffalo.cse.cse486586.simpledynamo-2.apk
W/PackageManager( 1230): Resource path for pkg : edu.buffalo.cse.cse486586.simpledynamo changing from /data/app/edu.buffalo.cse.cse486586.simpledynamo-1.apk to /data/app/edu.buffalo.cse.cse486586.simpledynamo-2.apk
I/ActivityManager( 1230): Force stopping edu.buffalo.cse.cse486586.simpledynamo appid=10785 user=-1: update pkg
I/ActivityManager( 1230): Force stopping edu.buffalo.cse.cse486586.simpledynamo appid=10785 user=0: pkg removed
D/BackupManagerService( 1230): Received broadcast Intent { act=android.intent.action.PACKAGE_REMOVED dat=package:edu.buffalo.cse.cse486586.simpledynamo flg=0x4000010 (has extras) }
W/ContextImpl( 1758): Calling a method in the system process without a qualified user: android.app.ContextImpl.startService:1479 android.content.ContextWrapper.startService:494 android.content.ContextWrapper.startService:494 com.android.keychain.KeyChainBroadcastReceiver.onReceive:12 android.app.ActivityThread.handleReceiver:2400 
D/BackupManagerService( 1230): Received broadcast Intent { act=android.intent.action.PACKAGE_ADDED dat=package:edu.buffalo.cse.cse486586.simpledynamo flg=0x4000010 (has extras) }
V/BackupManagerService( 1230): removePackageParticipantsLocked: uid=10785 #1
V/BackupManagerService( 1230): addPackageParticipantsLocked: #1
W/RecognitionManagerService( 1230): no available voice recognition services found for user 0
I/ActivityManager( 1230): START u0 {act=android.intent.action.MAIN cat=[android.intent.category.LAUNCHER] flg=0x10000000 cmp=edu.buffalo.cse.cse486586.simpledynamo/.SimpleDynamoActivity} from pid 20642
W/WindowManager( 1230): Screenshot failure taking screenshot for (123x164) to layer 21005
I/ActivityManager( 1230): Start proc edu.buffalo.cse.cse486586.simpledynamo for activity edu.buffalo.cse.cse486586.simpledynamo/.SimpleDynamoActivity: pid=20653 uid=10785 gids={50785, 3003}
I/ActivityManager( 1230): Force stopping edu.buffalo.cse.cse486586.simpledynamo appid=10785 user=-1: uninstall pkg
I/ActivityManager( 1230): Killing 20653:edu.buffalo.cse.cse486586.simpledynamo/u0a785 (adj 0): stop edu.buffalo.cse.cse486586.simpledynamo
I/ActivityManager( 1230):   Force finishing activity ActivityRecord{b41c9c10 u0 edu.buffalo.cse.cse486586.simpledynamo/.SimpleDynamoActivity t324}
W/PackageManager( 1230): Couldn't delete native library directory /data/app-lib/edu.buffalo.cse.cse486586.simpledynamo
I/ActivityManager( 1230): Force stopping edu.buffalo.cse.cse486586.simpledynamo appid=10785 user=0: pkg removed
W/InputMethodManagerService( 1230): Window already focused, ignoring focus gain of: com.android.internal.view.IInputMethodClient$Stub$Proxy@b42787c0 attribute=null, token = android.os.BinderProxy@b41db668
W/ContextImpl( 1758): Calling a method in the system process without a qualified user: android.app.ContextImpl.startService:1479 android.content.ContextWrapper.startService:494 android.content.ContextWrapper.startService:494 com.android.keychain.KeyChainBroadcastReceiver.onReceive:12 android.app.ActivityThread.handleReceiver:2400 
D/BackupManagerService( 1230): Received broadcast Intent { act=android.intent.action.PACKAGE_REMOVED dat=package:edu.buffalo.cse.cse486586.simpledynamo flg=0x4000010 (has extras) }
V/BackupManagerService( 1230): removePackageParticipantsLocked: uid=10785 #1
W/ActivityManager( 1230): No content provider found for permission revoke: file:///data/local/tmp/SimpleDynamo.apk
W/ActivityManager( 1230): No content provider found for permission revoke: file:///data/local/tmp/SimpleDynamo.apk
I/PackageManager( 1230): Copying native libraries to /data/app-lib/vmdl1218853030
I/ActivityManager( 1230): Force stopping edu.buffalo.cse.cse486586.simpledynamo appid=10786 user=-1: update pkg
D/BackupManagerService( 1230): Received broadcast Intent { act=android.intent.action.PACKAGE_ADDED dat=package:edu.buffalo.cse.cse486586.simpledynamo flg=0x4000010 (has extras) }
V/BackupManagerService( 1230): addPackageParticipantsLocked: #1
W/RecognitionManagerService( 1230): no available voice recognition services found for user 0
I/ActivityManager( 1230): Force stopping edu.buffalo.cse.cse486586.simpledynamo appid=10786 user=0: from pid 20712
I/ActivityManager( 1230): START u0 {act=android.intent.action.MAIN cat=[android.intent.category.LAUNCHER] flg=0x10000000 cmp=edu.buffalo.cse.cse486586.simpledynamo/.SimpleDynamoActivity} from pid 20712
W/WindowManager( 1230): Screenshot failure taking screenshot for (123x164) to layer 21010
I/ActivityManager( 1230): Start proc edu.buffalo.cse.cse486586.simpledynamo for activity edu.buffalo.cse.cse486586.simpledynamo/.SimpleDynamoActivity: pid=20723 uid=10786 gids={50786, 3003}
W/ActivityManager( 1230): Launch timeout has expired, giving up wake lock!
E/WindowManager( 1230): Starting window AppWindowToken{b432cb00 token=Token{b4189ff0 ActivityRecord{b4195548 u0 edu.buffalo.cse.cse486586.simpledynamo/.SimpleDynamoActivity t325}}} timed out
W/ActivityManager( 1230): No content provider found for permission revoke: file:///data/local/tmp/SimpleDynamo.apk
W/ActivityManager( 1230): No content provider found for permission revoke: file:///data/local/tmp/SimpleDynamo.apk
I/PackageManager( 1230): Copying native libraries to /data/app-lib/vmdl403361615
I/ActivityManager( 1230): Force stopping edu.buffalo.cse.cse486586.simpledynamo appid=10786 user=-1: uninstall pkg
I/ActivityManager( 1230): Killing 20723:edu.buffalo.cse.cse486586.simpledynamo/u0a786 (adj 0): stop edu.buffalo.cse.cse486586.simpledynamo
I/ActivityManager( 1230):   Force finishing activity ActivityRecord{b4195548 u0 edu.buffalo.cse.cse486586.simpledynamo/.SimpleDynamoActivity t325}
W/ActivityManager( 1230): Unable to launch app edu.buffalo.cse.cse486586.simpledynamo/10786 for provider edu.buffalo.cse.cse486586.simpledynamo.provider: launching app became null
I/PackageManager( 1230): Package edu.buffalo.cse.cse486586.simpledynamo codePath changed from /data/app/edu.buffalo.cse.cse486586.simpledynamo-1.apk to /data/app/edu.buffalo.cse.cse486586.simpledynamo-2.apk; Retaining data and using new
W/PackageManager( 1230): Code path for pkg : edu.buffalo.cse.cse486586.simpledynamo changing from /data/app/edu.buffalo.cse.cse486586.simpledynamo-1.apk to /data/app/edu.buffalo.cse.cse486586.simpledynamo-2.apk
W/PackageManager( 1230): Resource path for pkg : edu.buffalo.cse.cse486586.simpledynamo changing from /data/app/edu.buffalo.cse.cse486586.simpledynamo-1.apk to /data/app/edu.buffalo.cse.cse486586.simpledynamo-2.apk
I/ActivityManager( 1230): Force stopping edu.buffalo.cse.cse486586.simpledynamo appid=10786 user=-1: update pkg
W/InputMethodManagerService( 1230): Window already focused, ignoring focus gain of: com.android.internal.view.IInputMethodClient$Stub$Proxy@b42efc90 attribute=null, token = android.os.BinderProxy@b41db668
I/ActivityManager( 1230): Force stopping edu.buffalo.cse.cse486586.simpledynamo appid=10786 user=0: pkg removed
D/BackupManagerService( 1230): Received broadcast Intent { act=android.intent.action.PACKAGE_REMOVED dat=package:edu.buffalo.cse.cse486586.simpledynamo flg=0x4000010 (has extras) }
D/BackupManagerService( 1230): Received broadcast Intent { act=android.intent.action.PACKAGE_ADDED dat=package:edu.buffalo.cse.cse486586.simpledynamo flg=0x4000010 (has extras) }
V/BackupManagerService( 1230): removePackageParticipantsLocked: uid=10786 #1
V/BackupManagerService( 1230): addPackageParticipantsLocked: #1
W/ContextImpl( 1758): Calling a method in the system process without a qualified user: android.app.ContextImpl.startService:1479 android.content.ContextWrapper.startService:494 android.content.ContextWrapper.startService:494 com.android.keychain.KeyChainBroadcastReceiver.onReceive:12 android.app.ActivityThread.handleReceiver:2400 
W/RecognitionManagerService( 1230): no available voice recognition services found for user 0
I/ActivityManager( 1230): START u0 {act=android.intent.action.MAIN cat=[android.intent.category.LAUNCHER] flg=0x10000000 cmp=edu.buffalo.cse.cse486586.simpledynamo/.SimpleDynamoActivity} from pid 20769
W/WindowManager( 1230): Screenshot failure taking screenshot for (123x164) to layer 21005
I/ActivityManager( 1230): Start proc edu.buffalo.cse.cse486586.simpledynamo for activity edu.buffalo.cse.cse486586.simpledynamo/.SimpleDynamoActivity: pid=20780 uid=10786 gids={50786, 3003}
I/ActivityManager( 1230): Force stopping edu.buffalo.cse.cse486586.simpledynamo appid=10786 user=-1: uninstall pkg
I/ActivityManager( 1230): Killing 20780:edu.buffalo.cse.cse486586.simpledynamo/u0a786 (adj 0): stop edu.buffalo.cse.cse486586.simpledynamo
W/ActivityManager( 1230): Force removing ActivityRecord{b3fabe98 u0 edu.buffalo.cse.cse486586.simpledynamo/.SimpleDynamoActivity t326}: app died, no saved state
W/PackageManager( 1230): Couldn't delete native library directory /data/app-lib/edu.buffalo.cse.cse486586.simpledynamo
I/WindowState( 1230): WIN DEATH: Window{b4269280 u0 edu.buffalo.cse.cse486586.simpledynamo/edu.buffalo.cse.cse486586.simpledynamo.SimpleDynamoActivity}
I/ActivityManager( 1230): Force stopping edu.buffalo.cse.cse486586.simpledynamo appid=10786 user=0: pkg removed
W/InputMethodManagerService( 1230): Got RemoteException sending setActive(false) notification to pid 20780 uid 10786
W/ContextImpl( 1758): Calling a method in the system process without a qualified user: android.app.ContextImpl.startService:1479 android.content.ContextWrapper.startService:494 android.content.ContextWrapper.startService:494 com.android.keychain.KeyChainBroadcastReceiver.onReceive:12 android.app.ActivityThread.handleReceiver:2400 
D/BackupManagerService( 1230): Received broadcast Intent { act=android.intent.action.PACKAGE_REMOVED dat=package:edu.buffalo.cse.cse486586.simpledynamo flg=0x4000010 (has extras) }
V/BackupManagerService( 1230): removePackageParticipantsLocked: uid=10786 #1
I/ProcessStatsService( 1230): Prepared write state in 0ms
I/ProcessStatsService( 1230): Prepared write state in 1ms
W/ActivityManager( 1230): No content provider found for permission revoke: file:///data/local/tmp/SimpleDynamo.apk
W/ActivityManager( 1230): No content provider found for permission revoke: file:///data/local/tmp/SimpleDynamo.apk
I/PackageManager( 1230): Copying native libraries to /data/app-lib/vmdl-1268661056
I/ActivityManager( 1230): Force stopping edu.buffalo.cse.cse486586.simpledynamo appid=10787 user=-1: update pkg
D/BackupManagerService( 1230): Received broadcast Intent { act=android.intent.action.PACKAGE_ADDED dat=package:edu.buffalo.cse.cse486586.simpledynamo flg=0x4000010 (has extras) }
V/BackupManagerService( 1230): addPackageParticipantsLocked: #1
W/RecognitionManagerService( 1230): no available voice recognition services found for user 0
I/ActivityManager( 1230): Force stopping edu.buffalo.cse.cse486586.simpledynamo appid=10787 user=0: from pid 20843
I/ActivityManager( 1230): START u0 {act=android.intent.action.MAIN cat=[android.intent.category.LAUNCHER] flg=0x10000000 cmp=edu.buffalo.cse.cse486586.simpledynamo/.SimpleDynamoActivity} from pid 20843
W/WindowManager( 1230): Screenshot failure taking screenshot for (123x164) to layer 21010
I/ActivityManager( 1230): Start proc edu.buffalo.cse.cse486586.simpledynamo for activity edu.buffalo.cse.cse486586.simpledynamo/.SimpleDynamoActivity: pid=20854 uid=10787 gids={50787, 3003}
I/ActivityManager( 1230): Force stopping edu.buffalo.cse.cse486586.simpledynamo appid=10787 user=-1: uninstall pkg
I/ActivityManager( 1230): Killing 20854:edu.buffalo.cse.cse486586.simpledynamo/u0a787 (adj 0): stop edu.buffalo.cse.cse486586.simpledynamo
W/ActivityManager( 1230): Force removing ActivityRecord{b4195548 u0 edu.buffalo.cse.cse486586.simpledynamo/.SimpleDynamoActivity t327}: app died, no saved state
W/PackageManager( 1230): Couldn't delete native library directory /data/app-lib/edu.buffalo.cse.cse486586.simpledynamo
I/WindowState( 1230): WIN DEATH: Window{b4269280 u0 edu.buffalo.cse.cse486586.simpledynamo/edu.buffalo.cse.cse486586.simpledynamo.SimpleDynamoActivity}
I/ActivityManager( 1230): Force stopping edu.buffalo.cse.cse486586.simpledynamo appid=10787 user=0: pkg removed
W/InputMethodManagerService( 1230): Got RemoteException sending setActive(false) notification to pid 20854 uid 10787
W/ContextImpl( 1758): Calling a method in the system process without a qualified user: android.app.ContextImpl.startService:1479 android.content.ContextWrapper.startService:494 android.content.ContextWrapper.startService:494 com.android.keychain.KeyChainBroadcastReceiver.onReceive:12 android.app.ActivityThread.handleReceiver:2400 
D/BackupManagerService( 1230): Received broadcast Intent { act=android.intent.action.PACKAGE_REMOVED dat=package:edu.buffalo.cse.cse486586.simpledynamo flg=0x4000010 (has extras) }
V/BackupManagerService( 1230): removePackageParticipantsLocked: uid=10787 #1
W/ActivityManager( 1230): No content provider found for permission revoke: file:///data/local/tmp/SimpleDynamo.apk
W/ActivityManager( 1230): No content provider found for permission revoke: file:///data/local/tmp/SimpleDynamo.apk
I/PackageManager( 1230): Copying native libraries to /data/app-lib/vmdl-2035106510
I/ActivityManager( 1230): Force stopping edu.buffalo.cse.cse486586.simpledynamo appid=10788 user=-1: update pkg
D/BackupManagerService( 1230): Received broadcast Intent { act=android.intent.action.PACKAGE_ADDED dat=package:edu.buffalo.cse.cse486586.simpledynamo flg=0x4000010 (has extras) }
V/BackupManagerService( 1230): addPackageParticipantsLocked: #1
W/RecognitionManagerService( 1230): no available voice recognition services found for user 0
D/ConnectivityService( 1230): Sampling interval elapsed, updating statistics ..
D/ConnectivityService( 1230): Done.
D/ConnectivityService( 1230): Setting timer for 720seconds
I/ActivityManager( 1230): Force stopping edu.buffalo.cse.cse486586.simpledynamo appid=10788 user=0: from pid 21327
I/ActivityManager( 1230): START u0 {act=android.intent.action.MAIN cat=[android.intent.category.LAUNCHER] flg=0x10000000 cmp=edu.buffalo.cse.cse486586.simpledynamo/.SimpleDynamoActivity} from pid 21327
W/WindowManager( 1230): Screenshot failure taking screenshot for (123x164) to layer 21010
I/ActivityManager( 1230): Start proc edu.buffalo.cse.cse486586.simpledynamo for activity edu.buffalo.cse.cse486586.simpledynamo/.SimpleDynamoActivity: pid=21338 uid=10788 gids={50788, 3003}
I/ActivityManager( 1230): Force stopping edu.buffalo.cse.cse486586.simpledynamo appid=10788 user=-1: uninstall pkg
I/ActivityManager( 1230): Killing 21338:edu.buffalo.cse.cse486586.simpledynamo/u0a788 (adj 0): stop edu.buffalo.cse.cse486586.simpledynamo
W/ActivityManager( 1230): Force removing ActivityRecord{b41579e8 u0 edu.buffalo.cse.cse486586.simpledynamo/.SimpleDynamoActivity t328}: app died, no saved state
W/PackageManager( 1230): Couldn't delete native library directory /data/app-lib/edu.buffalo.cse.cse486586.simpledynamo
I/WindowState( 1230): WIN DEATH: Window{b419cf90 u0 edu.buffalo.cse.cse486586.simpledynamo/edu.buffalo.cse.cse486586.simpledynamo.SimpleDynamoActivity}
W/InputMethodManagerService( 1230): Got RemoteException sending setActive(false) notification to pid 21338 uid 10788
I/ActivityManager( 1230): Force stopping edu.buffalo.cse.cse486586.simpledynamo appid=10788 user=0: pkg removed
W/ContextImpl( 1758): Calling a method in the system process without a qualified user: android.app.ContextImpl.startService:1479 android.content.ContextWrapper.startService:494 android.content.ContextWrapper.startService:494 com.android.keychain.KeyChainBroadcastReceiver.onReceive:12 android.app.ActivityThread.handleReceiver:2400 
D/BackupManagerService( 1230): Received broadcast Intent { act=android.intent.action.PACKAGE_REMOVED dat=package:edu.buffalo.cse.cse486586.simpledynamo flg=0x4000010 (has extras) }
V/BackupManagerService( 1230): removePackageParticipantsLocked: uid=10788 #1
W/ActivityManager( 1230): No content provider found for permission revoke: file:///data/local/tmp/SimpleDynamo.apk
W/ActivityManager( 1230): No content provider found for permission revoke: file:///data/local/tmp/SimpleDynamo.apk
I/PackageManager( 1230): Copying native libraries to /data/app-lib/vmdl936421325
I/ActivityManager( 1230): Force stopping edu.buffalo.cse.cse486586.simpledynamo appid=10789 user=-1: update pkg
D/BackupManagerService( 1230): Received broadcast Intent { act=android.intent.action.PACKAGE_ADDED dat=package:edu.buffalo.cse.cse486586.simpledynamo flg=0x4000010 (has extras) }
V/BackupManagerService( 1230): addPackageParticipantsLocked: #1
W/RecognitionManagerService( 1230): no available voice recognition services found for user 0
I/ActivityManager( 1230): Force stopping edu.buffalo.cse.cse486586.simpledynamo appid=10789 user=0: from pid 22219
I/ActivityManager( 1230): START u0 {act=android.intent.action.MAIN cat=[android.intent.category.LAUNCHER] flg=0x10000000 cmp=edu.buffalo.cse.cse486586.simpledynamo/.SimpleDynamoActivity} from pid 22219
W/WindowManager( 1230): Screenshot failure taking screenshot for (123x164) to layer 21010
I/ActivityManager( 1230): Start proc edu.buffalo.cse.cse486586.simpledynamo for activity edu.buffalo.cse.cse486586.simpledynamo/.SimpleDynamoActivity: pid=22230 uid=10789 gids={50789, 3003}
--------- beginning of /dev/log/main
D/dalvikvm(22230): Debugger has detached; object registry had 1 entries
D/dalvikvm( 1337): GC_CONCURRENT freed 492K, 19% free 2923K/3580K, paused 1ms+1ms, total 40ms
D/dalvikvm( 1388): GC_CONCURRENT freed 503K, 16% free 3149K/3748K, paused 0ms+0ms, total 67ms
D/dalvikvm(18656): GC_CONCURRENT freed 338K, 14% free 2714K/3128K, paused 1ms+0ms, total 113ms
