--------- beginning of /dev/log/system
--------- beginning of /dev/log/system
W/WindowManager( 1250): Screenshot failure taking screenshot for (123x164) to layer 21010
I/ActivityManager( 1250): Start proc edu.buffalo.cse.cse486586.simpledynamo for activity edu.buffalo.cse.cse486586.simpledynamo/.SimpleDynamoActivity: pid=10260 uid=10367 gids={50367, 3003}
I/ActivityManager( 1250): Force stopping edu.buffalo.cse.cse486586.simpledynamo appid=10367 user=0: from pid 12461
I/ActivityManager( 1250): Killing 10260:edu.buffalo.cse.cse486586.simpledynamo/u0a367 (adj 0): stop edu.buffalo.cse.cse486586.simpledynamo
W/ActivityManager( 1250): Force removing ActivityRecord{b42d0280 u0 edu.buffalo.cse.cse486586.simpledynamo/.SimpleDynamoActivity t248}: app died, no saved state
I/WindowState( 1250): WIN DEATH: Window{b41634d0 u0 edu.buffalo.cse.cse486586.simpledynamo/edu.buffalo.cse.cse486586.simpledynamo.SimpleDynamoActivity}
I/ProcessStatsService( 1250): Prepared write state in 2ms
I/ProcessStatsService( 1250): Prepared write state in 1ms
W/InputMethodManagerService( 1250): Got RemoteException sending setActive(false) notification to pid 10260 uid 10367
I/ActivityManager( 1250): Force stopping edu.buffalo.cse.cse486586.simpledynamo appid=10367 user=0: from pid 12484
I/ActivityManager( 1250): START u0 {act=android.intent.action.MAIN cat=[android.intent.category.LAUNCHER] flg=0x10000000 cmp=edu.buffalo.cse.cse486586.simpledynamo/.SimpleDynamoActivity} from pid 12484
W/WindowManager( 1250): Screenshot failure taking screenshot for (123x164) to layer 21010
I/ActivityManager( 1250): Start proc edu.buffalo.cse.cse486586.simpledynamo for activity edu.buffalo.cse.cse486586.simpledynamo/.SimpleDynamoActivity: pid=12495 uid=10367 gids={50367, 3003}
D/ConnectivityService( 1250): Sampling interval elapsed, updating statistics ..
D/ConnectivityService( 1250): Done.
D/ConnectivityService( 1250): Setting timer for 720seconds
W/ActivityManager( 1250): No content provider found for permission revoke: file:///data/local/tmp/SimpleDynamo.apk
W/ActivityManager( 1250): No content provider found for permission revoke: file:///data/local/tmp/SimpleDynamo.apk
I/PackageManager( 1250): Copying native libraries to /data/app-lib/vmdl-619628158
I/ActivityManager( 1250): Force stopping edu.buffalo.cse.cse486586.simpledynamo appid=10367 user=-1: uninstall pkg
I/ActivityManager( 1250): Killing 12495:edu.buffalo.cse.cse486586.simpledynamo/u0a367 (adj 0): stop edu.buffalo.cse.cse486586.simpledynamo
W/ActivityManager( 1250): Force removing ActivityRecord{b423a340 u0 edu.buffalo.cse.cse486586.simpledynamo/.SimpleDynamoActivity t249}: app died, no saved state
I/WindowState( 1250): WIN DEATH: Window{b429b760 u0 edu.buffalo.cse.cse486586.simpledynamo/edu.buffalo.cse.cse486586.simpledynamo.SimpleDynamoActivity}
I/PackageManager( 1250): Package edu.buffalo.cse.cse486586.simpledynamo codePath changed from /data/app/edu.buffalo.cse.cse486586.simpledynamo-1.apk to /data/app/edu.buffalo.cse.cse486586.simpledynamo-2.apk; Retaining data and using new
W/PackageManager( 1250): Code path for pkg : edu.buffalo.cse.cse486586.simpledynamo changing from /data/app/edu.buffalo.cse.cse486586.simpledynamo-1.apk to /data/app/edu.buffalo.cse.cse486586.simpledynamo-2.apk
W/PackageManager( 1250): Resource path for pkg : edu.buffalo.cse.cse486586.simpledynamo changing from /data/app/edu.buffalo.cse.cse486586.simpledynamo-1.apk to /data/app/edu.buffalo.cse.cse486586.simpledynamo-2.apk
I/ActivityManager( 1250): Force stopping edu.buffalo.cse.cse486586.simpledynamo appid=10367 user=-1: update pkg
I/ActivityManager( 1250): Force stopping edu.buffalo.cse.cse486586.simpledynamo appid=10367 user=0: pkg removed
W/InputMethodManagerService( 1250): Got RemoteException sending setActive(false) notification to pid 12495 uid 10367
D/BackupManagerService( 1250): Received broadcast Intent { act=android.intent.action.PACKAGE_REMOVED dat=package:edu.buffalo.cse.cse486586.simpledynamo flg=0x4000010 (has extras) }
W/ContextImpl( 1757): Calling a method in the system process without a qualified user: android.app.ContextImpl.startService:1479 android.content.ContextWrapper.startService:494 android.content.ContextWrapper.startService:494 com.android.keychain.KeyChainBroadcastReceiver.onReceive:12 android.app.ActivityThread.handleReceiver:2400 
D/BackupManagerService( 1250): Received broadcast Intent { act=android.intent.action.PACKAGE_ADDED dat=package:edu.buffalo.cse.cse486586.simpledynamo flg=0x4000010 (has extras) }
V/BackupManagerService( 1250): removePackageParticipantsLocked: uid=10367 #1
V/BackupManagerService( 1250): addPackageParticipantsLocked: #1
W/RecognitionManagerService( 1250): no available voice recognition services found for user 0
I/ActivityManager( 1250): START u0 {act=android.intent.action.MAIN cat=[android.intent.category.LAUNCHER] flg=0x10000000 cmp=edu.buffalo.cse.cse486586.simpledynamo/.SimpleDynamoActivity} from pid 12547
W/WindowManager( 1250): Screenshot failure taking screenshot for (123x164) to layer 21005
I/ActivityManager( 1250): Start proc edu.buffalo.cse.cse486586.simpledynamo for activity edu.buffalo.cse.cse486586.simpledynamo/.SimpleDynamoActivity: pid=12558 uid=10367 gids={50367, 3003}
I/ActivityManager( 1250): START u0 {act=android.intent.action.MAIN cat=[android.intent.category.LAUNCHER] flg=0x10000000 cmp=edu.buffalo.cse.cse486586.simpledynamo/.SimpleDynamoActivity} from pid 12587
I/ActivityManager( 1250): Force stopping edu.buffalo.cse.cse486586.simpledynamo appid=10367 user=-1: uninstall pkg
I/ActivityManager( 1250): Killing 12558:edu.buffalo.cse.cse486586.simpledynamo/u0a367 (adj 0): stop edu.buffalo.cse.cse486586.simpledynamo
W/ActivityManager( 1250): Force removing ActivityRecord{b3fc3840 u0 edu.buffalo.cse.cse486586.simpledynamo/.SimpleDynamoActivity t250}: app died, no saved state
W/PackageManager( 1250): Couldn't delete native library directory /data/app-lib/edu.buffalo.cse.cse486586.simpledynamo
I/WindowState( 1250): WIN DEATH: Window{b4225498 u0 edu.buffalo.cse.cse486586.simpledynamo/edu.buffalo.cse.cse486586.simpledynamo.SimpleDynamoActivity}
I/ActivityManager( 1250): Force stopping edu.buffalo.cse.cse486586.simpledynamo appid=10367 user=0: pkg removed
W/ContextImpl( 1757): Calling a method in the system process without a qualified user: android.app.ContextImpl.startService:1479 android.content.ContextWrapper.startService:494 android.content.ContextWrapper.startService:494 com.android.keychain.KeyChainBroadcastReceiver.onReceive:12 android.app.ActivityThread.handleReceiver:2400 
D/BackupManagerService( 1250): Received broadcast Intent { act=android.intent.action.PACKAGE_REMOVED dat=package:edu.buffalo.cse.cse486586.simpledynamo flg=0x4000010 (has extras) }
V/BackupManagerService( 1250): removePackageParticipantsLocked: uid=10367 #1
W/InputMethodManagerService( 1250): Got RemoteException sending setActive(false) notification to pid 12558 uid 10367
W/ActivityManager( 1250): No content provider found for permission revoke: file:///data/local/tmp/SimpleDynamo.apk
W/ActivityManager( 1250): No content provider found for permission revoke: file:///data/local/tmp/SimpleDynamo.apk
I/PackageManager( 1250): Copying native libraries to /data/app-lib/vmdl1256864944
I/ActivityManager( 1250): Force stopping edu.buffalo.cse.cse486586.simpledynamo appid=10368 user=-1: update pkg
W/RecognitionManagerService( 1250): no available voice recognition services found for user 0
D/BackupManagerService( 1250): Received broadcast Intent { act=android.intent.action.PACKAGE_ADDED dat=package:edu.buffalo.cse.cse486586.simpledynamo flg=0x4000010 (has extras) }
V/BackupManagerService( 1250): addPackageParticipantsLocked: #1
I/ActivityManager( 1250): Force stopping edu.buffalo.cse.cse486586.simpledynamo appid=10368 user=0: from pid 12641
I/ActivityManager( 1250): START u0 {act=android.intent.action.MAIN cat=[android.intent.category.LAUNCHER] flg=0x10000000 cmp=edu.buffalo.cse.cse486586.simpledynamo/.SimpleDynamoActivity} from pid 12641
W/WindowManager( 1250): Screenshot failure taking screenshot for (123x164) to layer 21010
I/ActivityManager( 1250): Start proc edu.buffalo.cse.cse486586.simpledynamo for activity edu.buffalo.cse.cse486586.simpledynamo/.SimpleDynamoActivity: pid=12652 uid=10368 gids={50368, 3003}
D/ConnectivityService( 1250): Sampling interval elapsed, updating statistics ..
D/ConnectivityService( 1250): Done.
D/ConnectivityService( 1250): Setting timer for 720seconds
I/EntropyMixer( 1250): Writing entropy...
V/BackupManagerService( 1250): Running a backup pass
V/BackupManagerService( 1250): clearing pending backups
V/PerformBackupTask( 1250): Beginning backup of 7 targets
I/PerformBackupTask( 1250): Initializing (wiping) backup state and transport storage
D/BackupManagerService( 1250): Now staging backup of com.android.providers.settings
D/BackupManagerService( 1250): Now staging backup of com.android.providers.userdictionary
D/BackupManagerService( 1250): Now staging backup of com.android.dialer
D/BackupManagerService( 1250): Now staging backup of android
D/BackupManagerService( 1250): Now staging backup of com.android.sharedstoragebackup
D/BackupManagerService( 1250): Now staging backup of com.android.browser
D/BackupManagerService( 1250): Now staging backup of com.android.calendar
D/PerformBackupTask( 1250): invokeAgentForBackup on @pm@
E/PerformBackupTask( 1250): Error invoking for backup on @pm@
I/PerformBackupTask( 1250): Backup pass finished.
E/PerformBackupTask( 1250): Duplicate finish
I/ProcessStatsService( 1250): Prepared write state in 21ms
I/ProcessStatsService( 1250): Prepared write state in 0ms
I/ProcessStatsService( 1250): Pruning old procstats: /data/system/procstats/state-2014-05-06-13-53-00.bin
W/ActivityManager( 1250): No content provider found for permission revoke: file:///data/local/tmp/SimpleDynamo.apk
W/ActivityManager( 1250): No content provider found for permission revoke: file:///data/local/tmp/SimpleDynamo.apk
I/PackageManager( 1250): Copying native libraries to /data/app-lib/vmdl103052466
I/ActivityManager( 1250): Force stopping edu.buffalo.cse.cse486586.simpledynamo appid=10368 user=-1: uninstall pkg
I/ActivityManager( 1250): Killing 12652:edu.buffalo.cse.cse486586.simpledynamo/u0a368 (adj 0): stop edu.buffalo.cse.cse486586.simpledynamo
W/ActivityManager( 1250): Force removing ActivityRecord{b3fc3840 u0 edu.buffalo.cse.cse486586.simpledynamo/.SimpleDynamoActivity t251}: app died, no saved state
I/WindowState( 1250): WIN DEATH: Window{b42a3510 u0 edu.buffalo.cse.cse486586.simpledynamo/edu.buffalo.cse.cse486586.simpledynamo.SimpleDynamoActivity}
I/PackageManager( 1250): Package edu.buffalo.cse.cse486586.simpledynamo codePath changed from /data/app/edu.buffalo.cse.cse486586.simpledynamo-1.apk to /data/app/edu.buffalo.cse.cse486586.simpledynamo-2.apk; Retaining data and using new
W/InputMethodManagerService( 1250): Got RemoteException sending setActive(false) notification to pid 12652 uid 10368
W/PackageManager( 1250): Code path for pkg : edu.buffalo.cse.cse486586.simpledynamo changing from /data/app/edu.buffalo.cse.cse486586.simpledynamo-1.apk to /data/app/edu.buffalo.cse.cse486586.simpledynamo-2.apk
W/PackageManager( 1250): Resource path for pkg : edu.buffalo.cse.cse486586.simpledynamo changing from /data/app/edu.buffalo.cse.cse486586.simpledynamo-1.apk to /data/app/edu.buffalo.cse.cse486586.simpledynamo-2.apk
I/ActivityManager( 1250): Force stopping edu.buffalo.cse.cse486586.simpledynamo appid=10368 user=-1: update pkg
I/ActivityManager( 1250): Force stopping edu.buffalo.cse.cse486586.simpledynamo appid=10368 user=-1: uninstall pkg
W/PackageManager( 1250): Couldn't delete native library directory /data/app-lib/edu.buffalo.cse.cse486586.simpledynamo
I/ActivityManager( 1250): Force stopping edu.buffalo.cse.cse486586.simpledynamo appid=10368 user=0: pkg removed
D/BackupManagerService( 1250): Received broadcast Intent { act=android.intent.action.PACKAGE_REMOVED dat=package:edu.buffalo.cse.cse486586.simpledynamo flg=0x4000010 (has extras) }
V/BackupManagerService( 1250): removePackageParticipantsLocked: uid=10368 #1
W/ContextImpl( 1757): Calling a method in the system process without a qualified user: android.app.ContextImpl.startService:1479 android.content.ContextWrapper.startService:494 android.content.ContextWrapper.startService:494 com.android.keychain.KeyChainBroadcastReceiver.onReceive:12 android.app.ActivityThread.handleReceiver:2400 
I/ActivityManager( 1250): Force stopping edu.buffalo.cse.cse486586.simpledynamo appid=10368 user=0: pkg removed
W/ContextImpl( 1757): Calling a method in the system process without a qualified user: android.app.ContextImpl.startService:1479 android.content.ContextWrapper.startService:494 android.content.ContextWrapper.startService:494 com.android.keychain.KeyChainBroadcastReceiver.onReceive:12 android.app.ActivityThread.handleReceiver:2400 
D/BackupManagerService( 1250): Received broadcast Intent { act=android.intent.action.PACKAGE_REMOVED dat=package:edu.buffalo.cse.cse486586.simpledynamo flg=0x4000010 (has extras) }
D/BackupManagerService( 1250): Received broadcast Intent { act=android.intent.action.PACKAGE_ADDED dat=package:edu.buffalo.cse.cse486586.simpledynamo flg=0x4000010 (has extras) }
V/BackupManagerService( 1250): removePackageParticipantsLocked: uid=10368 #1
V/BackupManagerService( 1250): addPackageParticipantsLocked: #1
W/RecognitionManagerService( 1250): no available voice recognition services found for user 0
I/ActivityManager( 1250): START u0 {act=android.intent.action.MAIN cat=[android.intent.category.LAUNCHER] flg=0x10000000 cmp=edu.buffalo.cse.cse486586.simpledynamo/.SimpleDynamoActivity} from pid 12789
W/PackageManager( 1250): Package named 'edu.buffalo.cse.cse486586.simpledynamo' doesn't exist.
I/ActivityManager( 1250): START u0 {act=android.intent.action.MAIN cat=[android.intent.category.LAUNCHER] flg=0x10000000 cmp=edu.buffalo.cse.cse486586.simpledynamo/.SimpleDynamoActivity} from pid 12810
W/ActivityManager( 1250): No content provider found for permission revoke: file:///data/local/tmp/SimpleDynamo.apk
W/ActivityManager( 1250): No content provider found for permission revoke: file:///data/local/tmp/SimpleDynamo.apk
I/PackageManager( 1250): Copying native libraries to /data/app-lib/vmdl-1128025293
I/ActivityManager( 1250): Force stopping edu.buffalo.cse.cse486586.simpledynamo appid=10369 user=-1: update pkg
D/BackupManagerService( 1250): Received broadcast Intent { act=android.intent.action.PACKAGE_ADDED dat=package:edu.buffalo.cse.cse486586.simpledynamo flg=0x4000010 (has extras) }
V/BackupManagerService( 1250): addPackageParticipantsLocked: #1
W/RecognitionManagerService( 1250): no available voice recognition services found for user 0
I/ActivityManager( 1250): Force stopping edu.buffalo.cse.cse486586.simpledynamo appid=10369 user=0: from pid 12847
I/ActivityManager( 1250): START u0 {act=android.intent.action.MAIN cat=[android.intent.category.LAUNCHER] flg=0x10000000 cmp=edu.buffalo.cse.cse486586.simpledynamo/.SimpleDynamoActivity} from pid 12847
W/WindowManager( 1250): Screenshot failure taking screenshot for (123x164) to layer 21010
I/ActivityManager( 1250): Start proc edu.buffalo.cse.cse486586.simpledynamo for activity edu.buffalo.cse.cse486586.simpledynamo/.SimpleDynamoActivity: pid=12858 uid=10369 gids={50369, 3003}
I/ActivityManager( 1250): Force stopping edu.buffalo.cse.cse486586.simpledynamo appid=10369 user=-1: uninstall pkg
I/ActivityManager( 1250): Killing 12858:edu.buffalo.cse.cse486586.simpledynamo/u0a369 (adj 0): stop edu.buffalo.cse.cse486586.simpledynamo
W/ActivityManager( 1250): Force removing ActivityRecord{b421a658 u0 edu.buffalo.cse.cse486586.simpledynamo/.SimpleDynamoActivity t252}: app died, no saved state
W/PackageManager( 1250): Couldn't delete native library directory /data/app-lib/edu.buffalo.cse.cse486586.simpledynamo
I/WindowState( 1250): WIN DEATH: Window{b4224220 u0 edu.buffalo.cse.cse486586.simpledynamo/edu.buffalo.cse.cse486586.simpledynamo.SimpleDynamoActivity}
I/ActivityManager( 1250): Force stopping edu.buffalo.cse.cse486586.simpledynamo appid=10369 user=0: pkg removed
W/ContextImpl( 1757): Calling a method in the system process without a qualified user: android.app.ContextImpl.startService:1479 android.content.ContextWrapper.startService:494 android.content.ContextWrapper.startService:494 com.android.keychain.KeyChainBroadcastReceiver.onReceive:12 android.app.ActivityThread.handleReceiver:2400 
D/BackupManagerService( 1250): Received broadcast Intent { act=android.intent.action.PACKAGE_REMOVED dat=package:edu.buffalo.cse.cse486586.simpledynamo flg=0x4000010 (has extras) }
V/BackupManagerService( 1250): removePackageParticipantsLocked: uid=10369 #1
W/InputMethodManagerService( 1250): Got RemoteException sending setActive(false) notification to pid 12858 uid 10369
W/ActivityManager( 1250): No content provider found for permission revoke: file:///data/local/tmp/SimpleDynamo.apk
W/ActivityManager( 1250): No content provider found for permission revoke: file:///data/local/tmp/SimpleDynamo.apk
I/PackageManager( 1250): Copying native libraries to /data/app-lib/vmdl1731406207
I/ActivityManager( 1250): Force stopping edu.buffalo.cse.cse486586.simpledynamo appid=10370 user=-1: update pkg
D/BackupManagerService( 1250): Received broadcast Intent { act=android.intent.action.PACKAGE_ADDED dat=package:edu.buffalo.cse.cse486586.simpledynamo flg=0x4000010 (has extras) }
V/BackupManagerService( 1250): addPackageParticipantsLocked: #1
W/RecognitionManagerService( 1250): no available voice recognition services found for user 0
I/ActivityManager( 1250): Force stopping edu.buffalo.cse.cse486586.simpledynamo appid=10370 user=0: from pid 12978
I/ActivityManager( 1250): START u0 {act=android.intent.action.MAIN cat=[android.intent.category.LAUNCHER] flg=0x10000000 cmp=edu.buffalo.cse.cse486586.simpledynamo/.SimpleDynamoActivity} from pid 12978
W/WindowManager( 1250): Screenshot failure taking screenshot for (123x164) to layer 21010
I/ActivityManager( 1250): Start proc edu.buffalo.cse.cse486586.simpledynamo for activity edu.buffalo.cse.cse486586.simpledynamo/.SimpleDynamoActivity: pid=12989 uid=10370 gids={50370, 3003}
D/ConnectivityService( 1250): Sampling interval elapsed, updating statistics ..
D/ConnectivityService( 1250): Done.
D/ConnectivityService( 1250): Setting timer for 720seconds
D/ConnectivityService( 1250): Sampling interval elapsed, updating statistics ..
D/ConnectivityService( 1250): Done.
D/ConnectivityService( 1250): Setting timer for 720seconds
I/ProcessStatsService( 1250): Prepared write state in 6ms
D/ConnectivityService( 1250): Sampling interval elapsed, updating statistics ..
D/ConnectivityService( 1250): Done.
D/ConnectivityService( 1250): Setting timer for 720seconds
W/ActivityManager( 1250): No content provider found for permission revoke: file:///data/local/tmp/SimpleDynamo.apk
W/ActivityManager( 1250): No content provider found for permission revoke: file:///data/local/tmp/SimpleDynamo.apk
I/PackageManager( 1250): Copying native libraries to /data/app-lib/vmdl-2097048677
I/ActivityManager( 1250): Force stopping edu.buffalo.cse.cse486586.simpledynamo appid=10370 user=-1: uninstall pkg
I/ActivityManager( 1250): Killing 12989:edu.buffalo.cse.cse486586.simpledynamo/u0a370 (adj 0): stop edu.buffalo.cse.cse486586.simpledynamo
W/ActivityManager( 1250): Force removing ActivityRecord{b425dd98 u0 edu.buffalo.cse.cse486586.simpledynamo/.SimpleDynamoActivity t253}: app died, no saved state
I/WindowState( 1250): WIN DEATH: Window{b4279948 u0 edu.buffalo.cse.cse486586.simpledynamo/edu.buffalo.cse.cse486586.simpledynamo.SimpleDynamoActivity}
I/PackageManager( 1250): Package edu.buffalo.cse.cse486586.simpledynamo codePath changed from /data/app/edu.buffalo.cse.cse486586.simpledynamo-1.apk to /data/app/edu.buffalo.cse.cse486586.simpledynamo-2.apk; Retaining data and using new
W/InputMethodManagerService( 1250): Got RemoteException sending setActive(false) notification to pid 12989 uid 10370
W/PackageManager( 1250): Code path for pkg : edu.buffalo.cse.cse486586.simpledynamo changing from /data/app/edu.buffalo.cse.cse486586.simpledynamo-1.apk to /data/app/edu.buffalo.cse.cse486586.simpledynamo-2.apk
W/PackageManager( 1250): Resource path for pkg : edu.buffalo.cse.cse486586.simpledynamo changing from /data/app/edu.buffalo.cse.cse486586.simpledynamo-1.apk to /data/app/edu.buffalo.cse.cse486586.simpledynamo-2.apk
I/ActivityManager( 1250): Force stopping edu.buffalo.cse.cse486586.simpledynamo appid=10370 user=-1: update pkg
I/ActivityManager( 1250): Force stopping edu.buffalo.cse.cse486586.simpledynamo appid=10370 user=0: pkg removed
D/BackupManagerService( 1250): Received broadcast Intent { act=android.intent.action.PACKAGE_REMOVED dat=package:edu.buffalo.cse.cse486586.simpledynamo flg=0x4000010 (has extras) }
D/BackupManagerService( 1250): Received broadcast Intent { act=android.intent.action.PACKAGE_ADDED dat=package:edu.buffalo.cse.cse486586.simpledynamo flg=0x4000010 (has extras) }
V/BackupManagerService( 1250): removePackageParticipantsLocked: uid=10370 #1
V/BackupManagerService( 1250): addPackageParticipantsLocked: #1
W/ContextImpl( 1757): Calling a method in the system process without a qualified user: android.app.ContextImpl.startService:1479 android.content.ContextWrapper.startService:494 android.content.ContextWrapper.startService:494 com.android.keychain.KeyChainBroadcastReceiver.onReceive:12 android.app.ActivityThread.handleReceiver:2400 
W/RecognitionManagerService( 1250): no available voice recognition services found for user 0
I/ActivityManager( 1250): START u0 {act=android.intent.action.MAIN cat=[android.intent.category.LAUNCHER] flg=0x10000000 cmp=edu.buffalo.cse.cse486586.simpledynamo/.SimpleDynamoActivity} from pid 13113
W/WindowManager( 1250): Screenshot failure taking screenshot for (123x164) to layer 21005
I/ActivityManager( 1250): Start proc edu.buffalo.cse.cse486586.simpledynamo for activity edu.buffalo.cse.cse486586.simpledynamo/.SimpleDynamoActivity: pid=13124 uid=10370 gids={50370, 3003}
I/ActivityManager( 1250): Force stopping edu.buffalo.cse.cse486586.simpledynamo appid=10370 user=-1: uninstall pkg
I/ActivityManager( 1250): Killing 13124:edu.buffalo.cse.cse486586.simpledynamo/u0a370 (adj 0): stop edu.buffalo.cse.cse486586.simpledynamo
W/ActivityManager( 1250): Force removing ActivityRecord{b42306a8 u0 edu.buffalo.cse.cse486586.simpledynamo/.SimpleDynamoActivity t254}: app died, no saved state
W/PackageManager( 1250): Couldn't delete native library directory /data/app-lib/edu.buffalo.cse.cse486586.simpledynamo
I/WindowState( 1250): WIN DEATH: Window{b426af78 u0 edu.buffalo.cse.cse486586.simpledynamo/edu.buffalo.cse.cse486586.simpledynamo.SimpleDynamoActivity}
I/ActivityManager( 1250): Force stopping edu.buffalo.cse.cse486586.simpledynamo appid=10370 user=0: pkg removed
D/BackupManagerService( 1250): Received broadcast Intent { act=android.intent.action.PACKAGE_REMOVED dat=package:edu.buffalo.cse.cse486586.simpledynamo flg=0x4000010 (has extras) }
V/BackupManagerService( 1250): removePackageParticipantsLocked: uid=10370 #1
W/InputMethodManagerService( 1250): Got RemoteException sending setActive(false) notification to pid 13124 uid 10370
W/ContextImpl( 1757): Calling a method in the system process without a qualified user: android.app.ContextImpl.startService:1479 android.content.ContextWrapper.startService:494 android.content.ContextWrapper.startService:494 com.android.keychain.KeyChainBroadcastReceiver.onReceive:12 android.app.ActivityThread.handleReceiver:2400 
W/ActivityManager( 1250): No content provider found for permission revoke: file:///data/local/tmp/SimpleDynamo.apk
W/ActivityManager( 1250): No content provider found for permission revoke: file:///data/local/tmp/SimpleDynamo.apk
I/PackageManager( 1250): Copying native libraries to /data/app-lib/vmdl1759682803
I/ActivityManager( 1250): Force stopping edu.buffalo.cse.cse486586.simpledynamo appid=10371 user=-1: update pkg
D/BackupManagerService( 1250): Received broadcast Intent { act=android.intent.action.PACKAGE_ADDED dat=package:edu.buffalo.cse.cse486586.simpledynamo flg=0x4000010 (has extras) }
V/BackupManagerService( 1250): addPackageParticipantsLocked: #1
W/RecognitionManagerService( 1250): no available voice recognition services found for user 0
I/ActivityManager( 1250): Force stopping edu.buffalo.cse.cse486586.simpledynamo appid=10371 user=0: from pid 13186
I/ActivityManager( 1250): START u0 {act=android.intent.action.MAIN cat=[android.intent.category.LAUNCHER] flg=0x10000000 cmp=edu.buffalo.cse.cse486586.simpledynamo/.SimpleDynamoActivity} from pid 13186
W/WindowManager( 1250): Screenshot failure taking screenshot for (123x164) to layer 21010
I/ActivityManager( 1250): Start proc edu.buffalo.cse.cse486586.simpledynamo for activity edu.buffalo.cse.cse486586.simpledynamo/.SimpleDynamoActivity: pid=13197 uid=10371 gids={50371, 3003}
I/ActivityManager( 1250): Force stopping edu.buffalo.cse.cse486586.simpledynamo appid=10371 user=-1: uninstall pkg
I/ActivityManager( 1250): Killing 13197:edu.buffalo.cse.cse486586.simpledynamo/u0a371 (adj 0): stop edu.buffalo.cse.cse486586.simpledynamo
W/ActivityManager( 1250): Force removing ActivityRecord{b42502a0 u0 edu.buffalo.cse.cse486586.simpledynamo/.SimpleDynamoActivity t255}: app died, no saved state
W/PackageManager( 1250): Couldn't delete native library directory /data/app-lib/edu.buffalo.cse.cse486586.simpledynamo
I/WindowState( 1250): WIN DEATH: Window{b4295f10 u0 edu.buffalo.cse.cse486586.simpledynamo/edu.buffalo.cse.cse486586.simpledynamo.SimpleDynamoActivity}
I/ActivityManager( 1250): Force stopping edu.buffalo.cse.cse486586.simpledynamo appid=10371 user=0: pkg removed
W/InputMethodManagerService( 1250): Got RemoteException sending setActive(false) notification to pid 13197 uid 10371
D/BackupManagerService( 1250): Received broadcast Intent { act=android.intent.action.PACKAGE_REMOVED dat=package:edu.buffalo.cse.cse486586.simpledynamo flg=0x4000010 (has extras) }
V/BackupManagerService( 1250): removePackageParticipantsLocked: uid=10371 #1
W/ContextImpl( 1757): Calling a method in the system process without a qualified user: android.app.ContextImpl.startService:1479 android.content.ContextWrapper.startService:494 android.content.ContextWrapper.startService:494 com.android.keychain.KeyChainBroadcastReceiver.onReceive:12 android.app.ActivityThread.handleReceiver:2400 
W/ActivityManager( 1250): No content provider found for permission revoke: file:///data/local/tmp/SimpleDynamo.apk
W/ActivityManager( 1250): No content provider found for permission revoke: file:///data/local/tmp/SimpleDynamo.apk
I/PackageManager( 1250): Copying native libraries to /data/app-lib/vmdl1299008176
I/ActivityManager( 1250): Force stopping edu.buffalo.cse.cse486586.simpledynamo appid=10372 user=-1: update pkg
D/BackupManagerService( 1250): Received broadcast Intent { act=android.intent.action.PACKAGE_ADDED dat=package:edu.buffalo.cse.cse486586.simpledynamo flg=0x4000010 (has extras) }
V/BackupManagerService( 1250): addPackageParticipantsLocked: #1
W/RecognitionManagerService( 1250): no available voice recognition services found for user 0
I/ActivityManager( 1250): Force stopping edu.buffalo.cse.cse486586.simpledynamo appid=10372 user=0: from pid 14070
I/ActivityManager( 1250): START u0 {act=android.intent.action.MAIN cat=[android.intent.category.LAUNCHER] flg=0x10000000 cmp=edu.buffalo.cse.cse486586.simpledynamo/.SimpleDynamoActivity} from pid 14070
W/WindowManager( 1250): Screenshot failure taking screenshot for (123x164) to layer 21010
I/ActivityManager( 1250): Start proc edu.buffalo.cse.cse486586.simpledynamo for activity edu.buffalo.cse.cse486586.simpledynamo/.SimpleDynamoActivity: pid=14081 uid=10372 gids={50372, 3003}
I/ActivityManager( 1250): Force stopping edu.buffalo.cse.cse486586.simpledynamo appid=10372 user=0: from pid 15751
I/ActivityManager( 1250): Killing 14081:edu.buffalo.cse.cse486586.simpledynamo/u0a372 (adj 0): stop edu.buffalo.cse.cse486586.simpledynamo
W/ActivityManager( 1250): Force removing ActivityRecord{b4282c68 u0 edu.buffalo.cse.cse486586.simpledynamo/.SimpleDynamoActivity t256}: app died, no saved state
I/WindowState( 1250): WIN DEATH: Window{b42e74c0 u0 edu.buffalo.cse.cse486586.simpledynamo/edu.buffalo.cse.cse486586.simpledynamo.SimpleDynamoActivity}
W/InputMethodManagerService( 1250): Got RemoteException sending setActive(false) notification to pid 14081 uid 10372
D/ConnectivityService( 1250): Sampling interval elapsed, updating statistics ..
V/BackupManagerService( 1250): clearing pending backups
V/PerformBackupTask( 1250): Beginning backup of 7 targets
I/PerformBackupTask( 1250): Initializing (wiping) backup state and transport storage
V/BackupManagerService( 1250): Running a backup pass
D/BackupManagerService( 1250): Now staging backup of android
D/BackupManagerService( 1250): Now staging backup of com.android.providers.settings
D/BackupManagerService( 1250): Now staging backup of com.android.providers.userdictionary
D/BackupManagerService( 1250): Now staging backup of com.android.dialer
D/ConnectivityService( 1250): Done.
D/ConnectivityService( 1250): Setting timer for 720seconds
D/BackupManagerService( 1250): Now staging backup of com.android.sharedstoragebackup
D/BackupManagerService( 1250): Now staging backup of com.android.browser
D/BackupManagerService( 1250): Now staging backup of com.android.calendar
D/PerformBackupTask( 1250): invokeAgentForBackup on @pm@
E/PerformBackupTask( 1250): Error invoking for backup on @pm@
I/PerformBackupTask( 1250): Backup pass finished.
E/PerformBackupTask( 1250): Duplicate finish
W/ActivityManager( 1250): No content provider found for permission revoke: file:///data/local/tmp/SimpleDynamo.apk
W/ActivityManager( 1250): No content provider found for permission revoke: file:///data/local/tmp/SimpleDynamo.apk
I/PackageManager( 1250): Copying native libraries to /data/app-lib/vmdl-3986564
I/ActivityManager( 1250): Force stopping edu.buffalo.cse.cse486586.simpledynamo appid=10372 user=-1: uninstall pkg
I/PackageManager( 1250): Package edu.buffalo.cse.cse486586.simpledynamo codePath changed from /data/app/edu.buffalo.cse.cse486586.simpledynamo-1.apk to /data/app/edu.buffalo.cse.cse486586.simpledynamo-2.apk; Retaining data and using new
W/PackageManager( 1250): Code path for pkg : edu.buffalo.cse.cse486586.simpledynamo changing from /data/app/edu.buffalo.cse.cse486586.simpledynamo-1.apk to /data/app/edu.buffalo.cse.cse486586.simpledynamo-2.apk
W/PackageManager( 1250): Resource path for pkg : edu.buffalo.cse.cse486586.simpledynamo changing from /data/app/edu.buffalo.cse.cse486586.simpledynamo-1.apk to /data/app/edu.buffalo.cse.cse486586.simpledynamo-2.apk
I/ActivityManager( 1250): Force stopping edu.buffalo.cse.cse486586.simpledynamo appid=10372 user=-1: update pkg
I/ActivityManager( 1250): Force stopping edu.buffalo.cse.cse486586.simpledynamo appid=10372 user=0: pkg removed
D/BackupManagerService( 1250): Received broadcast Intent { act=android.intent.action.PACKAGE_REMOVED dat=package:edu.buffalo.cse.cse486586.simpledynamo flg=0x4000010 (has extras) }
D/BackupManagerService( 1250): Received broadcast Intent { act=android.intent.action.PACKAGE_ADDED dat=package:edu.buffalo.cse.cse486586.simpledynamo flg=0x4000010 (has extras) }
V/BackupManagerService( 1250): removePackageParticipantsLocked: uid=10372 #1
V/BackupManagerService( 1250): addPackageParticipantsLocked: #1
W/RecognitionManagerService( 1250): no available voice recognition services found for user 0
W/ContextImpl( 1757): Calling a method in the system process without a qualified user: android.app.ContextImpl.startService:1479 android.content.ContextWrapper.startService:494 android.content.ContextWrapper.startService:494 com.android.keychain.KeyChainBroadcastReceiver.onReceive:12 android.app.ActivityThread.handleReceiver:2400 
I/ActivityManager( 1250): START u0 {act=android.intent.action.MAIN cat=[android.intent.category.LAUNCHER] flg=0x10000000 cmp=edu.buffalo.cse.cse486586.simpledynamo/.SimpleDynamoActivity} from pid 15783
W/WindowManager( 1250): Screenshot failure taking screenshot for (123x164) to layer 21005
I/ActivityManager( 1250): Start proc edu.buffalo.cse.cse486586.simpledynamo for activity edu.buffalo.cse.cse486586.simpledynamo/.SimpleDynamoActivity: pid=15794 uid=10372 gids={50372, 3003}
W/ActivityManager( 1250): No content provider found for permission revoke: file:///data/local/tmp/SimpleDynamo.apk
W/ActivityManager( 1250): No content provider found for permission revoke: file:///data/local/tmp/SimpleDynamo.apk
I/PackageManager( 1250): Copying native libraries to /data/app-lib/vmdl1770484080
I/ActivityManager( 1250): Force stopping edu.buffalo.cse.cse486586.simpledynamo appid=10372 user=-1: uninstall pkg
I/ActivityManager( 1250): Killing 15794:edu.buffalo.cse.cse486586.simpledynamo/u0a372 (adj 0): stop edu.buffalo.cse.cse486586.simpledynamo
W/ActivityManager( 1250): Force removing ActivityRecord{b3fae790 u0 edu.buffalo.cse.cse486586.simpledynamo/.SimpleDynamoActivity t257}: app died, no saved state
I/WindowState( 1250): WIN DEATH: Window{b4316658 u0 edu.buffalo.cse.cse486586.simpledynamo/edu.buffalo.cse.cse486586.simpledynamo.SimpleDynamoActivity}
I/PackageManager( 1250): Package edu.buffalo.cse.cse486586.simpledynamo codePath changed from /data/app/edu.buffalo.cse.cse486586.simpledynamo-2.apk to /data/app/edu.buffalo.cse.cse486586.simpledynamo-1.apk; Retaining data and using new
W/InputMethodManagerService( 1250): Got RemoteException sending setActive(false) notification to pid 15794 uid 10372
I/ActivityManager( 1250): Force stopping edu.buffalo.cse.cse486586.simpledynamo appid=10372 user=-1: update pkg
W/PackageManager( 1250): Code path for pkg : edu.buffalo.cse.cse486586.simpledynamo changing from /data/app/edu.buffalo.cse.cse486586.simpledynamo-2.apk to /data/app/edu.buffalo.cse.cse486586.simpledynamo-1.apk
W/PackageManager( 1250): Resource path for pkg : edu.buffalo.cse.cse486586.simpledynamo changing from /data/app/edu.buffalo.cse.cse486586.simpledynamo-2.apk to /data/app/edu.buffalo.cse.cse486586.simpledynamo-1.apk
I/ActivityManager( 1250): Force stopping edu.buffalo.cse.cse486586.simpledynamo appid=10372 user=0: pkg removed
D/BackupManagerService( 1250): Received broadcast Intent { act=android.intent.action.PACKAGE_REMOVED dat=package:edu.buffalo.cse.cse486586.simpledynamo flg=0x4000010 (has extras) }
D/BackupManagerService( 1250): Received broadcast Intent { act=android.intent.action.PACKAGE_ADDED dat=package:edu.buffalo.cse.cse486586.simpledynamo flg=0x4000010 (has extras) }
V/BackupManagerService( 1250): removePackageParticipantsLocked: uid=10372 #1
V/BackupManagerService( 1250): addPackageParticipantsLocked: #1
W/ContextImpl( 1757): Calling a method in the system process without a qualified user: android.app.ContextImpl.startService:1479 android.content.ContextWrapper.startService:494 android.content.ContextWrapper.startService:494 com.android.keychain.KeyChainBroadcastReceiver.onReceive:12 android.app.ActivityThread.handleReceiver:2400 
W/RecognitionManagerService( 1250): no available voice recognition services found for user 0
I/ActivityManager( 1250): START u0 {act=android.intent.action.MAIN cat=[android.intent.category.LAUNCHER] flg=0x10000000 cmp=edu.buffalo.cse.cse486586.simpledynamo/.SimpleDynamoActivity} from pid 15832
W/WindowManager( 1250): Screenshot failure taking screenshot for (123x164) to layer 21005
I/ActivityManager( 1250): Start proc edu.buffalo.cse.cse486586.simpledynamo for activity edu.buffalo.cse.cse486586.simpledynamo/.SimpleDynamoActivity: pid=15843 uid=10372 gids={50372, 3003}
W/ActivityManager( 1250): No content provider found for permission revoke: file:///data/local/tmp/SimpleDynamo.apk
W/ActivityManager( 1250): No content provider found for permission revoke: file:///data/local/tmp/SimpleDynamo.apk
I/PackageManager( 1250): Copying native libraries to /data/app-lib/vmdl-1595809554
I/ActivityManager( 1250): Force stopping edu.buffalo.cse.cse486586.simpledynamo appid=10372 user=-1: uninstall pkg
I/ActivityManager( 1250): Killing 15843:edu.buffalo.cse.cse486586.simpledynamo/u0a372 (adj 0): stop edu.buffalo.cse.cse486586.simpledynamo
W/ActivityManager( 1250): Force removing ActivityRecord{b4282c68 u0 edu.buffalo.cse.cse486586.simpledynamo/.SimpleDynamoActivity t258}: app died, no saved state
I/WindowState( 1250): WIN DEATH: Window{b42ab060 u0 edu.buffalo.cse.cse486586.simpledynamo/edu.buffalo.cse.cse486586.simpledynamo.SimpleDynamoActivity}
I/PackageManager( 1250): Package edu.buffalo.cse.cse486586.simpledynamo codePath changed from /data/app/edu.buffalo.cse.cse486586.simpledynamo-1.apk to /data/app/edu.buffalo.cse.cse486586.simpledynamo-2.apk; Retaining data and using new
W/PackageManager( 1250): Code path for pkg : edu.buffalo.cse.cse486586.simpledynamo changing from /data/app/edu.buffalo.cse.cse486586.simpledynamo-1.apk to /data/app/edu.buffalo.cse.cse486586.simpledynamo-2.apk
W/PackageManager( 1250): Resource path for pkg : edu.buffalo.cse.cse486586.simpledynamo changing from /data/app/edu.buffalo.cse.cse486586.simpledynamo-1.apk to /data/app/edu.buffalo.cse.cse486586.simpledynamo-2.apk
I/ActivityManager( 1250): Force stopping edu.buffalo.cse.cse486586.simpledynamo appid=10372 user=-1: update pkg
W/InputMethodManagerService( 1250): Got RemoteException sending setActive(false) notification to pid 15843 uid 10372
I/ActivityManager( 1250): Force stopping edu.buffalo.cse.cse486586.simpledynamo appid=10372 user=0: pkg removed
D/BackupManagerService( 1250): Received broadcast Intent { act=android.intent.action.PACKAGE_REMOVED dat=package:edu.buffalo.cse.cse486586.simpledynamo flg=0x4000010 (has extras) }
W/ContextImpl( 1757): Calling a method in the system process without a qualified user: android.app.ContextImpl.startService:1479 android.content.ContextWrapper.startService:494 android.content.ContextWrapper.startService:494 com.android.keychain.KeyChainBroadcastReceiver.onReceive:12 android.app.ActivityThread.handleReceiver:2400 
D/BackupManagerService( 1250): Received broadcast Intent { act=android.intent.action.PACKAGE_ADDED dat=package:edu.buffalo.cse.cse486586.simpledynamo flg=0x4000010 (has extras) }
V/BackupManagerService( 1250): removePackageParticipantsLocked: uid=10372 #1
V/BackupManagerService( 1250): addPackageParticipantsLocked: #1
W/RecognitionManagerService( 1250): no available voice recognition services found for user 0
I/ActivityManager( 1250): START u0 {act=android.intent.action.MAIN cat=[android.intent.category.LAUNCHER] flg=0x10000000 cmp=edu.buffalo.cse.cse486586.simpledynamo/.SimpleDynamoActivity} from pid 15882
W/WindowManager( 1250): Screenshot failure taking screenshot for (123x164) to layer 21005
I/ActivityManager( 1250): Start proc edu.buffalo.cse.cse486586.simpledynamo for activity edu.buffalo.cse.cse486586.simpledynamo/.SimpleDynamoActivity: pid=15893 uid=10372 gids={50372, 3003}
I/ActivityManager( 1250): Force stopping edu.buffalo.cse.cse486586.simpledynamo appid=10372 user=-1: uninstall pkg
I/ActivityManager( 1250): Killing 15893:edu.buffalo.cse.cse486586.simpledynamo/u0a372 (adj 0): stop edu.buffalo.cse.cse486586.simpledynamo
W/ActivityManager( 1250): Force removing ActivityRecord{b3fae790 u0 edu.buffalo.cse.cse486586.simpledynamo/.SimpleDynamoActivity t259}: app died, no saved state
W/PackageManager( 1250): Couldn't delete native library directory /data/app-lib/edu.buffalo.cse.cse486586.simpledynamo
I/WindowState( 1250): WIN DEATH: Window{b42ab060 u0 edu.buffalo.cse.cse486586.simpledynamo/edu.buffalo.cse.cse486586.simpledynamo.SimpleDynamoActivity}
I/ActivityManager( 1250): Force stopping edu.buffalo.cse.cse486586.simpledynamo appid=10372 user=0: pkg removed
D/BackupManagerService( 1250): Received broadcast Intent { act=android.intent.action.PACKAGE_REMOVED dat=package:edu.buffalo.cse.cse486586.simpledynamo flg=0x4000010 (has extras) }
V/BackupManagerService( 1250): removePackageParticipantsLocked: uid=10372 #1
W/InputMethodManagerService( 1250): Got RemoteException sending setActive(false) notification to pid 15893 uid 10372
W/ContextImpl( 1757): Calling a method in the system process without a qualified user: android.app.ContextImpl.startService:1479 android.content.ContextWrapper.startService:494 android.content.ContextWrapper.startService:494 com.android.keychain.KeyChainBroadcastReceiver.onReceive:12 android.app.ActivityThread.handleReceiver:2400 
W/ActivityManager( 1250): No content provider found for permission revoke: file:///data/local/tmp/SimpleDynamo.apk
W/ActivityManager( 1250): No content provider found for permission revoke: file:///data/local/tmp/SimpleDynamo.apk
I/PackageManager( 1250): Copying native libraries to /data/app-lib/vmdl-471516165
I/ActivityManager( 1250): Force stopping edu.buffalo.cse.cse486586.simpledynamo appid=10373 user=-1: update pkg
D/BackupManagerService( 1250): Received broadcast Intent { act=android.intent.action.PACKAGE_ADDED dat=package:edu.buffalo.cse.cse486586.simpledynamo flg=0x4000010 (has extras) }
V/BackupManagerService( 1250): addPackageParticipantsLocked: #1
W/RecognitionManagerService( 1250): no available voice recognition services found for user 0
I/ActivityManager( 1250): Force stopping edu.buffalo.cse.cse486586.simpledynamo appid=10373 user=0: from pid 15955
I/ActivityManager( 1250): START u0 {act=android.intent.action.MAIN cat=[android.intent.category.LAUNCHER] flg=0x10000000 cmp=edu.buffalo.cse.cse486586.simpledynamo/.SimpleDynamoActivity} from pid 15955
W/WindowManager( 1250): Screenshot failure taking screenshot for (123x164) to layer 21010
I/ActivityManager( 1250): Start proc edu.buffalo.cse.cse486586.simpledynamo for activity edu.buffalo.cse.cse486586.simpledynamo/.SimpleDynamoActivity: pid=15966 uid=10373 gids={50373, 3003}
I/ActivityManager( 1250): Force stopping edu.buffalo.cse.cse486586.simpledynamo appid=10373 user=-1: uninstall pkg
I/ActivityManager( 1250): Killing 15966:edu.buffalo.cse.cse486586.simpledynamo/u0a373 (adj 0): stop edu.buffalo.cse.cse486586.simpledynamo
W/ActivityManager( 1250): Force removing ActivityRecord{b3fae790 u0 edu.buffalo.cse.cse486586.simpledynamo/.SimpleDynamoActivity t260}: app died, no saved state
W/PackageManager( 1250): Couldn't delete native library directory /data/app-lib/edu.buffalo.cse.cse486586.simpledynamo
I/WindowState( 1250): WIN DEATH: Window{b431c038 u0 edu.buffalo.cse.cse486586.simpledynamo/edu.buffalo.cse.cse486586.simpledynamo.SimpleDynamoActivity}
I/ActivityManager( 1250): Force stopping edu.buffalo.cse.cse486586.simpledynamo appid=10373 user=0: pkg removed
D/BackupManagerService( 1250): Received broadcast Intent { act=android.intent.action.PACKAGE_REMOVED dat=package:edu.buffalo.cse.cse486586.simpledynamo flg=0x4000010 (has extras) }
V/BackupManagerService( 1250): removePackageParticipantsLocked: uid=10373 #1
W/InputMethodManagerService( 1250): Got RemoteException sending setActive(false) notification to pid 15966 uid 10373
W/ContextImpl( 1757): Calling a method in the system process without a qualified user: android.app.ContextImpl.startService:1479 android.content.ContextWrapper.startService:494 android.content.ContextWrapper.startService:494 com.android.keychain.KeyChainBroadcastReceiver.onReceive:12 android.app.ActivityThread.handleReceiver:2400 
W/ActivityManager( 1250): No content provider found for permission revoke: file:///data/local/tmp/SimpleDynamo.apk
W/ActivityManager( 1250): No content provider found for permission revoke: file:///data/local/tmp/SimpleDynamo.apk
I/PackageManager( 1250): Copying native libraries to /data/app-lib/vmdl770736683
I/ActivityManager( 1250): Force stopping edu.buffalo.cse.cse486586.simpledynamo appid=10374 user=-1: update pkg
D/BackupManagerService( 1250): Received broadcast Intent { act=android.intent.action.PACKAGE_ADDED dat=package:edu.buffalo.cse.cse486586.simpledynamo flg=0x4000010 (has extras) }
V/BackupManagerService( 1250): addPackageParticipantsLocked: #1
W/RecognitionManagerService( 1250): no available voice recognition services found for user 0
I/ActivityManager( 1250): Force stopping edu.buffalo.cse.cse486586.simpledynamo appid=10374 user=0: from pid 16845
I/ActivityManager( 1250): START u0 {act=android.intent.action.MAIN cat=[android.intent.category.LAUNCHER] flg=0x10000000 cmp=edu.buffalo.cse.cse486586.simpledynamo/.SimpleDynamoActivity} from pid 16845
W/WindowManager( 1250): Screenshot failure taking screenshot for (123x164) to layer 21010
I/ActivityManager( 1250): Start proc edu.buffalo.cse.cse486586.simpledynamo for activity edu.buffalo.cse.cse486586.simpledynamo/.SimpleDynamoActivity: pid=16856 uid=10374 gids={50374, 3003}
I/ProcessStatsService( 1250): Prepared write state in 0ms
D/ConnectivityService( 1250): Sampling interval elapsed, updating statistics ..
D/ConnectivityService( 1250): Done.
D/ConnectivityService( 1250): Setting timer for 720seconds
I/ActivityManager( 1250): Force stopping edu.buffalo.cse.cse486586.simpledynamo appid=10374 user=0: from pid 20995
I/ActivityManager( 1250): Killing 16856:edu.buffalo.cse.cse486586.simpledynamo/u0a374 (adj 0): stop edu.buffalo.cse.cse486586.simpledynamo
I/WindowState( 1250): WIN DEATH: Window{b4299610 u0 edu.buffalo.cse.cse486586.simpledynamo/edu.buffalo.cse.cse486586.simpledynamo.SimpleDynamoActivity}
W/ActivityManager( 1250): Force removing ActivityRecord{b3fae790 u0 edu.buffalo.cse.cse486586.simpledynamo/.SimpleDynamoActivity t261}: app died, no saved state
W/InputMethodManagerService( 1250): Got RemoteException sending setActive(false) notification to pid 16856 uid 10374
I/ActivityManager( 1250): Force stopping edu.buffalo.cse.cse486586.simpledynamo appid=10374 user=0: from pid 21019
I/ActivityManager( 1250): START u0 {act=android.intent.action.MAIN cat=[android.intent.category.LAUNCHER] flg=0x10000000 cmp=edu.buffalo.cse.cse486586.simpledynamo/.SimpleDynamoActivity} from pid 21019
W/WindowManager( 1250): Screenshot failure taking screenshot for (123x164) to layer 21010
I/ActivityManager( 1250): Start proc edu.buffalo.cse.cse486586.simpledynamo for activity edu.buffalo.cse.cse486586.simpledynamo/.SimpleDynamoActivity: pid=21030 uid=10374 gids={50374, 3003}
D/ConnectivityService( 1250): Sampling interval elapsed, updating statistics ..
D/ConnectivityService( 1250): Done.
D/ConnectivityService( 1250): Setting timer for 720seconds
I/ActivityManager( 1250): Force stopping edu.buffalo.cse.cse486586.simpledynamo appid=10374 user=-1: uninstall pkg
I/ActivityManager( 1250): Killing 21030:edu.buffalo.cse.cse486586.simpledynamo/u0a374 (adj 0): stop edu.buffalo.cse.cse486586.simpledynamo
W/ActivityManager( 1250): Force removing ActivityRecord{b424d718 u0 edu.buffalo.cse.cse486586.simpledynamo/.SimpleDynamoActivity t262}: app died, no saved state
I/WindowState( 1250): WIN DEATH: Window{b42bc5b0 u0 edu.buffalo.cse.cse486586.simpledynamo/edu.buffalo.cse.cse486586.simpledynamo.SimpleDynamoActivity}
W/PackageManager( 1250): Couldn't delete native library directory /data/app-lib/edu.buffalo.cse.cse486586.simpledynamo
W/InputMethodManagerService( 1250): Got RemoteException sending setActive(false) notification to pid 21030 uid 10374
I/ActivityManager( 1250): Force stopping edu.buffalo.cse.cse486586.simpledynamo appid=10374 user=0: pkg removed
D/BackupManagerService( 1250): Received broadcast Intent { act=android.intent.action.PACKAGE_REMOVED dat=package:edu.buffalo.cse.cse486586.simpledynamo flg=0x4000010 (has extras) }
V/BackupManagerService( 1250): removePackageParticipantsLocked: uid=10374 #1
W/ContextImpl( 1757): Calling a method in the system process without a qualified user: android.app.ContextImpl.startService:1479 android.content.ContextWrapper.startService:494 android.content.ContextWrapper.startService:494 com.android.keychain.KeyChainBroadcastReceiver.onReceive:12 android.app.ActivityThread.handleReceiver:2400 
W/ActivityManager( 1250): No content provider found for permission revoke: file:///data/local/tmp/SimpleDynamo.apk
W/ActivityManager( 1250): No content provider found for permission revoke: file:///data/local/tmp/SimpleDynamo.apk
I/PackageManager( 1250): Copying native libraries to /data/app-lib/vmdl-959314391
I/ActivityManager( 1250): Force stopping edu.buffalo.cse.cse486586.simpledynamo appid=10375 user=-1: update pkg
D/BackupManagerService( 1250): Received broadcast Intent { act=android.intent.action.PACKAGE_ADDED dat=package:edu.buffalo.cse.cse486586.simpledynamo flg=0x4000010 (has extras) }
V/BackupManagerService( 1250): addPackageParticipantsLocked: #1
W/RecognitionManagerService( 1250): no available voice recognition services found for user 0
I/ActivityManager( 1250): Force stopping edu.buffalo.cse.cse486586.simpledynamo appid=10375 user=0: from pid 23698
I/ActivityManager( 1250): START u0 {act=android.intent.action.MAIN cat=[android.intent.category.LAUNCHER] flg=0x10000000 cmp=edu.buffalo.cse.cse486586.simpledynamo/.SimpleDynamoActivity} from pid 23698
W/WindowManager( 1250): Screenshot failure taking screenshot for (123x164) to layer 21010
I/ActivityManager( 1250): Start proc edu.buffalo.cse.cse486586.simpledynamo for activity edu.buffalo.cse.cse486586.simpledynamo/.SimpleDynamoActivity: pid=23709 uid=10375 gids={50375, 3003}
I/ActivityManager( 1250): Force stopping edu.buffalo.cse.cse486586.simpledynamo appid=10375 user=0: from pid 23837
I/ActivityManager( 1250): Killing 23709:edu.buffalo.cse.cse486586.simpledynamo/u0a375 (adj 0): stop edu.buffalo.cse.cse486586.simpledynamo
W/ActivityManager( 1250): Force removing ActivityRecord{b3fae790 u0 edu.buffalo.cse.cse486586.simpledynamo/.SimpleDynamoActivity t263}: app died, no saved state
I/WindowState( 1250): WIN DEATH: Window{b425bac8 u0 edu.buffalo.cse.cse486586.simpledynamo/edu.buffalo.cse.cse486586.simpledynamo.SimpleDynamoActivity}
W/InputMethodManagerService( 1250): Got RemoteException sending setActive(false) notification to pid 23709 uid 10375
