D/SimpleDynamoProvider(19003): returnLDump() :: Key : y9kR9qi9LzK8MMr7FCCk0SIGsguBrNYb value : VMNHLlBO1DrStOIxYhT1zrkdsGwPLygv
D/SimpleDynamoProvider(19003): returnLDump() :: Key : M2D5bpGc39n9Ka3pn85TehQFn93O6kTl value : 14GEQttMw7e208biWCa5yo1tCYdVX6KP
D/SimpleDynamoProvider(19003): returnLDump() :: Key : Hd61W9i34U2CieVvDyvJAhBzQvARO9wQ value : iIZuhz2Fz6L7u7J5wecxjVkOSuQRUNSe
D/SimpleDynamoProvider(19003): returnLDump() :: Key : IHGeoS043EaKS77DU5xiOa7nVcXPyfH0 value : q4WxRudiH13mEvw1DG9OSgO73GG7CeHB
D/SimpleDynamoProvider(19003): returnLDump() :: Key : PFXJ8orhOmiTiMW9EbkOgwRNGMl3Xyvs value : NthwDFOk2ueR6lCl82WnNx9qu8fo0NHg
D/SimpleDynamoProvider(19003): returnLDump() :: Key : c5GztKItWDvUy18oKkzXB7uJU3Ch3IvD value : PBakCdo0PAwiYSdK4SfOpk0S6MlXnFf9
D/SimpleDynamoProvider(19003): returnLDump() :: Key : 6C0nZU7CJR8kOMEFgYHK2QUSFTpslAR2 value : IPfvnaDw0TOXbta2ozWB59FidXPraA0d
D/SimpleDynamoProvider(19003): returnLDump() :: Key : GcFmaGMWDd0uMIJeiFsJuFxhyh0jfLD3 value : MtCQDpUn9IBuYp0iFIvisfBBwMqqo5uK
D/SimpleDynamoProvider(19003): returnLDump() :: Key : M1LPCIjeQp4aDFS2AVSC2fHVoFWnF8c2 value : QiYlR7YQv88goucwU3a8ByUV8Njm6fKC
D/SimpleDynamoProvider(19003): returnLDump() :: Key : 9T6IaLAvSIAUWCc0I8FNBTjXUJFmogWY value : JWEqMsD6r51i39YfTa2KhhEils9TkjSo
D/dalvikvm(19003): GC_FOR_ALLOC freed 315K, 17% free 2867K/3432K, paused 9ms, total 9ms
D/SimpleDynamoProvider(19003): returnLDump() :: Key : QXJvlZOgmakVenVvNPmz9LOMmVa3Nb3M value : YNtjXzIeGvL5F3uATOcQVefoCWlSuwBC
D/SimpleDynamoProvider(19003): returnLDump() :: Key : L6kaUHEX9gecNTGCgHzGY2CchIGJ8gCE value : 5NfOZuTZJMuW2FxTKcwmZdLk5ENBPYux
D/SimpleDynamoProvider(19003): returnLDump() :: Key : 62V5wXtJP384emX5EbNNpblejNrsoGFO value : bsjwSsUVXeywBKs5FIh69RChYvB46Nrg
D/SimpleDynamoProvider(19003): returnLDump() :: Key : 2CnlDAPOkd5f9j8CsI7DeOCD0zZ0sy45 value : cre4TjUod3rtzIPMWSH0LCyyaxq1QLKV
D/SimpleDynamoProvider(19003): returnLDump() :: Key : 9ue1a9jK8XMWhBdiJ5jSfKEHVAcGMqWz value : zWR8so2Z3QcvMBIwGV1fPxJC87boGQgx
D/SimpleDynamoProvider(19003): returnLDump() :: Key : tYLx9GS9jGqhinAxwmMBxoWONDHX5n04 value : HYEYSETh1MN7Tc0IhwIqKdLL4n8ftOCB
D/SimpleDynamoProvider(19003): returnLDump() :: Key : oGTj4H4vUEM3nnUCpi6qNZ43IonIDOJ8 value : XE16OwObmq5QUGIRJNsmlsxyHTRcyRd3
D/SimpleDynamoProvider(19003): returnLDump() :: Key : NZl6oF0m7AcxopTvaXicukgRtgi2cWMF value : EIAOEK6Uy0ssKBL1XCJwHzxtOZbL1qHi
D/SimpleDynamoProvider(19003): returnLDump() :: Key : NwQhfxEKGIHbdDJMR4tBH8za5kmvUtDP value : XnDURbJC3xsJ5p1U4bpep6xiw64gAHiC
D/SimpleDynamoProvider(19003): returnLDump() :: Key : efW9vHPZx3nVsILqkFdlt07cGNBfURyh value : Gn5VBrOjcb1yN2QB9saN8L9CZQy7lKNC
D/SimpleDynamoProvider(19003): returnLDump() :: Key : qSRI5xKC32h9xCpPUy9OITAzsijOg9eF value : UGbfjn40yN3M4Dag7jKbDMvN0ou0wo9D
D/SimpleDynamoProvider(19003): returnLDump() :: Key : YoPyDpdw9yRr6JI9SQnxQnLDImm4w49d value : LXamRvyXu5UpIIDbTLVfwgfs9NthEbZe
D/dalvikvm(19003): GC_FOR_ALLOC freed 326K, 17% free 2864K/3432K, paused 3ms, total 3ms
D/SimpleDynamoProvider(19003): returnLDump() :: Key : al5baChjaSpYA637tM5Yeap7VHQGEATt value : l9ljXEVPkFc2tdZQ6vOhN4m8X9Zyj3gC
D/SimpleDynamoProvider(19003): returnLDump() :: Key : cxBOHHC2l5MGbLQ17LN74Pnd3Z2G9kwo value : zCKcIQ6rrLbcTm2IGtXSrAfpBkhVzZyR
D/SimpleDynamoProvider(19003): returnLDump() :: Key : eq7JwjczumBXDIOGj6yYlWrzDkCrU3tD value : 5ooGjyXUfBtbo0BYenVAi75ccTrkzNGW
D/SimpleDynamoProvider(19003): returnLDump() :: Key : TauDKWXnsyoBNSRBW89t5j7j2COkVZz0 value : uS8MTYzQPTeXLZxZ4vLcuMh7SA5FIIpn
D/SimpleDynamoProvider(19003): returnLDump() :: Key : qT68wfO6omAyPAhkhWYUyeARDBs4ULHr value : b9iHNg0XIsUvMYgnJZxyLAS6QnzQpM1Q
D/SimpleDynamoProvider(19003): returnLDump() :: Key : 2MM7G9b9g6XoBSnf2p57qCiCnRFOlYi8 value : W7Fak6a2KFLGaOGG5sH3pig1hPAoYeDw
D/SimpleDynamoProvider(19003): returnLDump() :: Key : yTLcwxTpm64TDOUii7Zm8hp4WYCm5Tc3 value : qcdnQquKxKOQQcO7ndNAX183QUhJ4r7J
D/SimpleDynamoProvider(19003): returnLDump() :: Key : hd7YWhPx3JnKmzdIMrbqe5Lql4go8WJ6 value : 2iWVBv2hNz4SVO7GU4TyNYrmNYgr8M9g
D/SimpleDynamoProvider(19003): returnLDump() :: Key : jyCZZDScKU9ga0DOo5ellQ99tborOYSs value : W3OGW0yFRX14o9ih0qi7Lwbzb3JfDsxr
D/SimpleDynamoProvider(19003): returnLDump() :: Key : dhws352OF23A7481XnQosXaHZhi3Qw8B value : 2f150UkSq8hlvnpu2OFz969dnptmSa2C
D/SimpleDynamoProvider(19003): returnLDump() :: Key : Rgo4OLRSFsBnpFq6yVeCXKjiGHcR0z4w value : 9Jwktpda221H9DsC4STDMvVPxokp68eC
D/SimpleDynamoProvider(19003): returnLDump() :: Key : nAyXbvRygebyc7uNr3q5iFwTze1z4Nlf value : UwyZRZbb12A3rBkAfE89PA41QaPtMUgs
D/SimpleDynamoProvider(19003): returnLDump() :: Key : 9zuTuQmEhKqiBrWKDmSmhbJCBj2tHZUS value : XT84u8S8WojSaAk5HqF2DtD1SbNrGTRG
D/dalvikvm(19003): GC_FOR_ALLOC freed 318K, 16% free 2885K/3432K, paused 2ms, total 2ms
D/SimpleDynamoProvider(19003): returnLDump() :: Key : WRFZ1gDDiuZ4nAZIr8H7auX0oMJetK0D value : vtjeQZSPjnC4UadDfVG9GjNGPTmMx61v
D/SimpleDynamoProvider(19003): returnLDump() :: Key : iiiipjj8qr27O7eYBEPKLKIAzFIFqJSd value : 6P9qYsef3iyg1Z6SS2ouf0Og83Z6hyWV
D/SimpleDynamoProvider(19003): returnLDump() :: Key : tAZmNuVoOQNjdICF8T7IIdxdLBicIGm2 value : gB2dBZVArntRIr24U4s0aTj3Pmv3Qgno
D/SimpleDynamoProvider(19003): returnLDump() :: Key : 94fqyuNWppB1cxjUpCIWiWsIYY2Ti9UN value : kuELVnVKBR6KrOCmyWD5ZZkkmfKUrwhU
D/SimpleDynamoProvider(19003): returnLDump() :: Key : LajbDl7y73PpbOPWmGpH7qMA93r2JI9N value : vHPvM8vvSfAu0sZ3wCL6PctqGCPGoK92
D/SimpleDynamoProvider(19003): returnLDump() :: Key : tjWmSpWvnxVbk5ocfb59ScQ84Cd9bh3l value : HuLN7GUGTB6UFhK9iEUcOXmSdsWBMG68
D/SimpleDynamoProvider(19003): returnLDump() :: Key : pm6MgTN3upBdfGqafbtVAjHfC93jvy6j value : RP5sqXDVG8V5YY6Oc944ampyQTMDkQg4
D/SimpleDynamoProvider(19003): returnLDump() :: Key : 6kx1SzcAmMtQDcD8UcaGKQhfZFvn0Ef2 value : GEh4ae8LivfN9VSHyfuUVkEsocSnsruR
D/SimpleDynamoProvider(19003): returnLDump() :: Key : g4bI6ltPMbeSC2eKCVxymFE5DezDLy4K value : FMB4pxssjGlZRLDcUyKy1uNCCkZCeyTh
D/SimpleDynamoProvider(19003): returnLDump() :: Key : VgecBbY5X1HcM1CmF3dJ47SYSgtMvLx2 value : FJDCeDspg4THHX67i4Ro4tnIi5Px6rtw
D/SimpleDynamoProvider(19003): returnLDump() :: Key : KoSR7be1D6uECXDiC4G7CAX4B2TS2J2u value : I9o5s3zMEtcmqLmF3GYNBLAcvWzuiqLD
D/SimpleDynamoProvider(19003): returnLDump() :: Key : EgdrPodC9a6vXhUmRfRNKsyHZ2QNOtzn value : UB7LE4KgxYeJlxVmoY8I8kOteNQSXVub
D/dalvikvm(19003): GC_FOR_ALLOC freed 339K, 17% free 2873K/3444K, paused 10ms, total 11ms
D/SimpleDynamoProvider(19003): returnLDump() :: Key : tCIn010xGq3MqUuTKjjfAYiCvQfVeakY value : YiQbj4icPTnARRns1nfOVFXAGCyW0uer
D/SimpleDynamoProvider(19003): returnLDump() :: Key : poudg9wN6P5r8F886WsyH4OBLyjdMSrh value : WFe5pAwZ4pRbjb4BeHvaZYLJpzRxsNVC
D/SimpleDynamoProvider(19003): returnLDump() :: Key : xhR88grGwHbYxUKdLeMJTK9ZjT4ZRpCB value : iw8Vx0cgr7UWghraJ1kLpvZirBA4cMQx
D/SimpleDynamoProvider(19003): returnLDump() :: Key : mBX2NvSn363PRfaqOJraGiSxW3NkylvS value : sx0vLfPn6mjOdiZehJkjtngc75pqPQCM
D/SimpleDynamoProvider(19003): returnLDump() :: Key : 9c5IWaKXwqorlB9gB2Cn2D2REp8gdq1o value : 2pS2VC1SoazG5CS9Csicdi9TbPS22FRR
D/SimpleDynamoProvider(19003): returnLDump() :: Key : V8j4Ygqe65E9BliGXBEtl3E3U0PmP8vl value : P5d5MaKKmVBknH3RfYFcJ9IyO07aOdTX
D/SimpleDynamoProvider(19003): returnLDump() :: Key : H9P1t6cQrDp1D0mf0PpliMCETx8QGR8N value : r6mIZc6mHtXZclCgxHlbRPbXSlofdEWD
D/SimpleDynamoProvider(19003): returnLDump() :: Key : zZIFBmUciMr5c1sHkuhyPHd0hx11aH1R value : zdgX4Nna2JVsc4CNSNeuW0cEqOYEb6da
D/SimpleDynamoProvider(19003): returnLDump() :: Key : rh10qpiJNP1r8gKKbkoI7xR3GfVmyPT5 value : WrLwolkXTRhHLHOjrDli4UbC7IFDyQHt
D/SimpleDynamoProvider(19003): returnLDump() :: Key : 4EC37GeBminD8KPKwmLFySeIjNuP5Sqt value : FDVyAaE1ejzJDRAUQoy2axVcehI0VOFC
D/SimpleDynamoProvider(19003): returnLDump() :: Key : M2at9dTJ8T6lywIR6Gm7qiagapGAlUGF value : X8Kwjffe3KjEOQIH85lYm9HjicU6sVKT
D/SimpleDynamoProvider(19003): returnLDump() :: Key : nwfIGWw85nFovoHu0bseJB9ovj3pxRxS value : sHncyOcJImtAAhIizRClFGCOK0kGOSoS
D/SimpleDynamoProvider(19003): returnLDump() :: Key : Z7hSKvkfKwJP4XZrEWnlluTF7h2wTfmv value : uo73GkmUBJmpOcZ89M1yZlgvUGBaTpsP
D/dalvikvm(19003): GC_FOR_ALLOC freed 345K, 17% free 2876K/3444K, paused 20ms, total 20ms
D/SimpleDynamoProvider(19003): returnLDump() :: Key : pjlaXO9GaoYh8StXZI8mV4F7iZwjuao5 value : ZbxiM7i2CQUfngFlY3hiXZquNBmXpjBh
D/SimpleDynamoProvider(19003): returnLDump() :: Key : ChRjH7pmq9597qD6JEsuMYljRFLvRovr value : ldPdUzUraa814Qpsd3ec1fbNA1BycyLo
D/AndroidRuntime(19827): Shutting down VM
D/dalvikvm(19827): Debugger has detached; object registry had 1 entries
D/AndroidRuntime(19839): 
D/AndroidRuntime(19839): >>>>>> AndroidRuntime START com.android.internal.os.RuntimeInit <<<<<<
D/AndroidRuntime(19839): CheckJNI is ON
D/dalvikvm(19839): Trying to load lib libjavacore.so 0x0
D/dalvikvm(19839): Added shared lib libjavacore.so 0x0
D/dalvikvm(19839): Trying to load lib libnativehelper.so 0x0
D/dalvikvm(19839): Added shared lib libnativehelper.so 0x0
D/dalvikvm(19839): No JNI_OnLoad found in libnativehelper.so 0x0, skipping init
D/dalvikvm(19839): Note: class Landroid/app/ActivityManagerNative; has 179 unimplemented (abstract) methods
E/memtrack(19839): Couldn't load memtrack module (No such file or directory)
E/android.os.Debug(19839): failed to load memtrack module: -2
D/AndroidRuntime(19839): Calling main entry com.android.commands.content.Content
D/SimpleDynamoProvider(19003): Query selection : @
D/SimpleDynamoProvider(19003): query() : originator calling LDump
D/SimpleDynamoProvider(19003): returnLDump() ::  noOfFiles :[Ljava.lang.String;@b3f9c9b8
D/SimpleDynamoProvider(19003): returnLDump() :: Key : 4kQg18WpEBYHlNjf4b5GTqcv1hGlxsSi value : PE9NFhFetC1xmgRDjPBXW7mNSzia2M2b
D/SimpleDynamoProvider(19003): returnLDump() :: Key : ww8RCUYQeZTLYwy1cLDoxCAVPvcfgkfr value : yIOU5kkKYZl7y8Ujwdyazk0CjBbLNzJo
D/SimpleDynamoProvider(19003): returnLDump() :: Key : WFibOwVXMWUZAGqdNXIFvdhWT9JnAsnA value : wWYyjLE85bHyVQdZevCiYzAtGeVfslbc
D/SimpleDynamoProvider(19003): returnLDump() :: Key : exexruOy9alIOZWtnWXlYe7r63R3GY0w value : UQwlc39uF5BCmlpnxJyQA23y8fNGyvxe
D/SimpleDynamoProvider(19003): returnLDump() :: Key : MjFHF6ZL6gf6cWpTTaIt308LCeiTi74K value : uPb5Qh1ThNvwUvf9mUcdzcBSqhUVBloD
D/SimpleDynamoProvider(19003): returnLDump() :: Key : y9kR9qi9LzK8MMr7FCCk0SIGsguBrNYb value : VMNHLlBO1DrStOIxYhT1zrkdsGwPLygv
D/SimpleDynamoProvider(19003): returnLDump() :: Key : M2D5bpGc39n9Ka3pn85TehQFn93O6kTl value : 14GEQttMw7e208biWCa5yo1tCYdVX6KP
D/SimpleDynamoProvider(19003): returnLDump() :: Key : Hd61W9i34U2CieVvDyvJAhBzQvARO9wQ value : iIZuhz2Fz6L7u7J5wecxjVkOSuQRUNSe
D/SimpleDynamoProvider(19003): returnLDump() :: Key : IHGeoS043EaKS77DU5xiOa7nVcXPyfH0 value : q4WxRudiH13mEvw1DG9OSgO73GG7CeHB
D/SimpleDynamoProvider(19003): returnLDump() :: Key : PFXJ8orhOmiTiMW9EbkOgwRNGMl3Xyvs value : NthwDFOk2ueR6lCl82WnNx9qu8fo0NHg
D/SimpleDynamoProvider(19003): returnLDump() :: Key : c5GztKItWDvUy18oKkzXB7uJU3Ch3IvD value : PBakCdo0PAwiYSdK4SfOpk0S6MlXnFf9
D/dalvikvm(19003): GC_FOR_ALLOC freed 358K, 17% free 2879K/3444K, paused 2ms, total 2ms
D/SimpleDynamoProvider(19003): returnLDump() :: Key : 6C0nZU7CJR8kOMEFgYHK2QUSFTpslAR2 value : IPfvnaDw0TOXbta2ozWB59FidXPraA0d
D/SimpleDynamoProvider(19003): returnLDump() :: Key : GcFmaGMWDd0uMIJeiFsJuFxhyh0jfLD3 value : MtCQDpUn9IBuYp0iFIvisfBBwMqqo5uK
D/SimpleDynamoProvider(19003): returnLDump() :: Key : M1LPCIjeQp4aDFS2AVSC2fHVoFWnF8c2 value : QiYlR7YQv88goucwU3a8ByUV8Njm6fKC
D/SimpleDynamoProvider(19003): returnLDump() :: Key : 9T6IaLAvSIAUWCc0I8FNBTjXUJFmogWY value : JWEqMsD6r51i39YfTa2KhhEils9TkjSo
D/SimpleDynamoProvider(19003): returnLDump() :: Key : QXJvlZOgmakVenVvNPmz9LOMmVa3Nb3M value : YNtjXzIeGvL5F3uATOcQVefoCWlSuwBC
D/SimpleDynamoProvider(19003): returnLDump() :: Key : L6kaUHEX9gecNTGCgHzGY2CchIGJ8gCE value : 5NfOZuTZJMuW2FxTKcwmZdLk5ENBPYux
D/SimpleDynamoProvider(19003): returnLDump() :: Key : 62V5wXtJP384emX5EbNNpblejNrsoGFO value : bsjwSsUVXeywBKs5FIh69RChYvB46Nrg
D/SimpleDynamoProvider(19003): returnLDump() :: Key : 2CnlDAPOkd5f9j8CsI7DeOCD0zZ0sy45 value : cre4TjUod3rtzIPMWSH0LCyyaxq1QLKV
D/SimpleDynamoProvider(19003): returnLDump() :: Key : 9ue1a9jK8XMWhBdiJ5jSfKEHVAcGMqWz value : zWR8so2Z3QcvMBIwGV1fPxJC87boGQgx
D/SimpleDynamoProvider(19003): returnLDump() :: Key : tYLx9GS9jGqhinAxwmMBxoWONDHX5n04 value : HYEYSETh1MN7Tc0IhwIqKdLL4n8ftOCB
D/SimpleDynamoProvider(19003): returnLDump() :: Key : oGTj4H4vUEM3nnUCpi6qNZ43IonIDOJ8 value : XE16OwObmq5QUGIRJNsmlsxyHTRcyRd3
D/SimpleDynamoProvider(19003): returnLDump() :: Key : NZl6oF0m7AcxopTvaXicukgRtgi2cWMF value : EIAOEK6Uy0ssKBL1XCJwHzxtOZbL1qHi
D/SimpleDynamoProvider(19003): returnLDump() :: Key : NwQhfxEKGIHbdDJMR4tBH8za5kmvUtDP value : XnDURbJC3xsJ5p1U4bpep6xiw64gAHiC
D/dalvikvm(19003): GC_FOR_ALLOC freed 342K, 17% free 2884K/3444K, paused 14ms, total 14ms
D/SimpleDynamoProvider(19003): returnLDump() :: Key : efW9vHPZx3nVsILqkFdlt07cGNBfURyh value : Gn5VBrOjcb1yN2QB9saN8L9CZQy7lKNC
D/SimpleDynamoProvider(19003): returnLDump() :: Key : qSRI5xKC32h9xCpPUy9OITAzsijOg9eF value : UGbfjn40yN3M4Dag7jKbDMvN0ou0wo9D
D/SimpleDynamoProvider(19003): returnLDump() :: Key : YoPyDpdw9yRr6JI9SQnxQnLDImm4w49d value : LXamRvyXu5UpIIDbTLVfwgfs9NthEbZe
D/SimpleDynamoProvider(19003): returnLDump() :: Key : al5baChjaSpYA637tM5Yeap7VHQGEATt value : l9ljXEVPkFc2tdZQ6vOhN4m8X9Zyj3gC
D/SimpleDynamoProvider(19003): returnLDump() :: Key : cxBOHHC2l5MGbLQ17LN74Pnd3Z2G9kwo value : zCKcIQ6rrLbcTm2IGtXSrAfpBkhVzZyR
D/SimpleDynamoProvider(19003): returnLDump() :: Key : eq7JwjczumBXDIOGj6yYlWrzDkCrU3tD value : 5ooGjyXUfBtbo0BYenVAi75ccTrkzNGW
D/SimpleDynamoProvider(19003): returnLDump() :: Key : TauDKWXnsyoBNSRBW89t5j7j2COkVZz0 value : uS8MTYzQPTeXLZxZ4vLcuMh7SA5FIIpn
D/SimpleDynamoProvider(19003): returnLDump() :: Key : qT68wfO6omAyPAhkhWYUyeARDBs4ULHr value : b9iHNg0XIsUvMYgnJZxyLAS6QnzQpM1Q
D/SimpleDynamoProvider(19003): returnLDump() :: Key : 2MM7G9b9g6XoBSnf2p57qCiCnRFOlYi8 value : W7Fak6a2KFLGaOGG5sH3pig1hPAoYeDw
D/SimpleDynamoProvider(19003): returnLDump() :: Key : yTLcwxTpm64TDOUii7Zm8hp4WYCm5Tc3 value : qcdnQquKxKOQQcO7ndNAX183QUhJ4r7J
D/SimpleDynamoProvider(19003): returnLDump() :: Key : hd7YWhPx3JnKmzdIMrbqe5Lql4go8WJ6 value : 2iWVBv2hNz4SVO7GU4TyNYrmNYgr8M9g
D/SimpleDynamoProvider(19003): returnLDump() :: Key : jyCZZDScKU9ga0DOo5ellQ99tborOYSs value : W3OGW0yFRX14o9ih0qi7Lwbzb3JfDsxr
D/SimpleDynamoProvider(19003): returnLDump() :: Key : dhws352OF23A7481XnQosXaHZhi3Qw8B value : 2f150UkSq8hlvnpu2OFz969dnptmSa2C
D/SimpleDynamoProvider(19003): returnLDump() :: Key : Rgo4OLRSFsBnpFq6yVeCXKjiGHcR0z4w value : 9Jwktpda221H9DsC4STDMvVPxokp68eC
D/dalvikvm(19003): GC_FOR_ALLOC freed 370K, 17% free 2882K/3444K, paused 3ms, total 3ms
D/SimpleDynamoProvider(19003): returnLDump() :: Key : nAyXbvRygebyc7uNr3q5iFwTze1z4Nlf value : UwyZRZbb12A3rBkAfE89PA41QaPtMUgs
D/SimpleDynamoProvider(19003): returnLDump() :: Key : 9zuTuQmEhKqiBrWKDmSmhbJCBj2tHZUS value : XT84u8S8WojSaAk5HqF2DtD1SbNrGTRG
D/SimpleDynamoProvider(19003): returnLDump() :: Key : WRFZ1gDDiuZ4nAZIr8H7auX0oMJetK0D value : vtjeQZSPjnC4UadDfVG9GjNGPTmMx61v
D/SimpleDynamoProvider(19003): returnLDump() :: Key : iiiipjj8qr27O7eYBEPKLKIAzFIFqJSd value : 6P9qYsef3iyg1Z6SS2ouf0Og83Z6hyWV
D/SimpleDynamoProvider(19003): returnLDump() :: Key : tAZmNuVoOQNjdICF8T7IIdxdLBicIGm2 value : gB2dBZVArntRIr24U4s0aTj3Pmv3Qgno
D/SimpleDynamoProvider(19003): returnLDump() :: Key : 94fqyuNWppB1cxjUpCIWiWsIYY2Ti9UN value : kuELVnVKBR6KrOCmyWD5ZZkkmfKUrwhU
D/SimpleDynamoProvider(19003): returnLDump() :: Key : LajbDl7y73PpbOPWmGpH7qMA93r2JI9N value : vHPvM8vvSfAu0sZ3wCL6PctqGCPGoK92
D/SimpleDynamoProvider(19003): returnLDump() :: Key : tjWmSpWvnxVbk5ocfb59ScQ84Cd9bh3l value : HuLN7GUGTB6UFhK9iEUcOXmSdsWBMG68
D/SimpleDynamoProvider(19003): returnLDump() :: Key : pm6MgTN3upBdfGqafbtVAjHfC93jvy6j value : RP5sqXDVG8V5YY6Oc944ampyQTMDkQg4
D/SimpleDynamoProvider(19003): returnLDump() :: Key : 6kx1SzcAmMtQDcD8UcaGKQhfZFvn0Ef2 value : GEh4ae8LivfN9VSHyfuUVkEsocSnsruR
D/SimpleDynamoProvider(19003): returnLDump() :: Key : g4bI6ltPMbeSC2eKCVxymFE5DezDLy4K value : FMB4pxssjGlZRLDcUyKy1uNCCkZCeyTh
D/SimpleDynamoProvider(19003): returnLDump() :: Key : VgecBbY5X1HcM1CmF3dJ47SYSgtMvLx2 value : FJDCeDspg4THHX67i4Ro4tnIi5Px6rtw
D/SimpleDynamoProvider(19003): returnLDump() :: Key : KoSR7be1D6uECXDiC4G7CAX4B2TS2J2u value : I9o5s3zMEtcmqLmF3GYNBLAcvWzuiqLD
D/dalvikvm(19003): GC_FOR_ALLOC freed 343K, 17% free 2886K/3444K, paused 3ms, total 3ms
D/SimpleDynamoProvider(19003): returnLDump() :: Key : EgdrPodC9a6vXhUmRfRNKsyHZ2QNOtzn value : UB7LE4KgxYeJlxVmoY8I8kOteNQSXVub
D/SimpleDynamoProvider(19003): returnLDump() :: Key : tCIn010xGq3MqUuTKjjfAYiCvQfVeakY value : YiQbj4icPTnARRns1nfOVFXAGCyW0uer
D/SimpleDynamoProvider(19003): returnLDump() :: Key : poudg9wN6P5r8F886WsyH4OBLyjdMSrh value : WFe5pAwZ4pRbjb4BeHvaZYLJpzRxsNVC
D/SimpleDynamoProvider(19003): returnLDump() :: Key : xhR88grGwHbYxUKdLeMJTK9ZjT4ZRpCB value : iw8Vx0cgr7UWghraJ1kLpvZirBA4cMQx
D/SimpleDynamoProvider(19003): returnLDump() :: Key : mBX2NvSn363PRfaqOJraGiSxW3NkylvS value : sx0vLfPn6mjOdiZehJkjtngc75pqPQCM
D/SimpleDynamoProvider(19003): returnLDump() :: Key : 9c5IWaKXwqorlB9gB2Cn2D2REp8gdq1o value : 2pS2VC1SoazG5CS9Csicdi9TbPS22FRR
D/SimpleDynamoProvider(19003): returnLDump() :: Key : V8j4Ygqe65E9BliGXBEtl3E3U0PmP8vl value : P5d5MaKKmVBknH3RfYFcJ9IyO07aOdTX
D/SimpleDynamoProvider(19003): returnLDump() :: Key : H9P1t6cQrDp1D0mf0PpliMCETx8QGR8N value : r6mIZc6mHtXZclCgxHlbRPbXSlofdEWD
D/SimpleDynamoProvider(19003): returnLDump() :: Key : zZIFBmUciMr5c1sHkuhyPHd0hx11aH1R value : zdgX4Nna2JVsc4CNSNeuW0cEqOYEb6da
D/SimpleDynamoProvider(19003): returnLDump() :: Key : rh10qpiJNP1r8gKKbkoI7xR3GfVmyPT5 value : WrLwolkXTRhHLHOjrDli4UbC7IFDyQHt
D/SimpleDynamoProvider(19003): returnLDump() :: Key : 4EC37GeBminD8KPKwmLFySeIjNuP5Sqt value : FDVyAaE1ejzJDRAUQoy2axVcehI0VOFC
D/SimpleDynamoProvider(19003): returnLDump() :: Key : M2at9dTJ8T6lywIR6Gm7qiagapGAlUGF value : X8Kwjffe3KjEOQIH85lYm9HjicU6sVKT
D/SimpleDynamoProvider(19003): returnLDump() :: Key : nwfIGWw85nFovoHu0bseJB9ovj3pxRxS value : sHncyOcJImtAAhIizRClFGCOK0kGOSoS
D/dalvikvm(19003): GC_FOR_ALLOC freed 349K, 17% free 2885K/3444K, paused 3ms, total 3ms
D/SimpleDynamoProvider(19003): returnLDump() :: Key : Z7hSKvkfKwJP4XZrEWnlluTF7h2wTfmv value : uo73GkmUBJmpOcZ89M1yZlgvUGBaTpsP
D/SimpleDynamoProvider(19003): returnLDump() :: Key : pjlaXO9GaoYh8StXZI8mV4F7iZwjuao5 value : ZbxiM7i2CQUfngFlY3hiXZquNBmXpjBh
D/SimpleDynamoProvider(19003): returnLDump() :: Key : ChRjH7pmq9597qD6JEsuMYljRFLvRovr value : ldPdUzUraa814Qpsd3ec1fbNA1BycyLo
D/AndroidRuntime(19839): Shutting down VM
D/dalvikvm(19839): Debugger has detached; object registry had 1 entries
D/AndroidRuntime(19853): 
D/AndroidRuntime(19853): >>>>>> AndroidRuntime START com.android.internal.os.RuntimeInit <<<<<<
D/AndroidRuntime(19853): CheckJNI is ON
D/dalvikvm(19853): Trying to load lib libjavacore.so 0x0
D/dalvikvm(19853): Added shared lib libjavacore.so 0x0
D/dalvikvm(19853): Trying to load lib libnativehelper.so 0x0
D/dalvikvm(19853): Added shared lib libnativehelper.so 0x0
D/dalvikvm(19853): No JNI_OnLoad found in libnativehelper.so 0x0, skipping init
D/dalvikvm(19853): Note: class Landroid/app/ActivityManagerNative; has 179 unimplemented (abstract) methods
E/memtrack(19853): Couldn't load memtrack module (No such file or directory)
E/android.os.Debug(19853): failed to load memtrack module: -2
D/AndroidRuntime(19853): Calling main entry com.android.commands.pm.Pm
I/ActivityManager( 1250): Force stopping edu.buffalo.cse.cse486586.simpledynamo appid=10409 user=-1: uninstall pkg
I/ActivityManager( 1250): Killing 19003:edu.buffalo.cse.cse486586.simpledynamo/u0a409 (adj 0): stop edu.buffalo.cse.cse486586.simpledynamo
W/ActivityManager( 1250): Force removing ActivityRecord{b4179b78 u0 edu.buffalo.cse.cse486586.simpledynamo/.SimpleDynamoActivity t328}: app died, no saved state
I/WindowState( 1250): WIN DEATH: Window{b4355828 u0 edu.buffalo.cse.cse486586.simpledynamo/edu.buffalo.cse.cse486586.simpledynamo.SimpleDynamoActivity}
W/SurfaceFlinger(  923): couldn't log to binary event log: overflow.
W/Binder  ( 1345): Caught a RuntimeException from the binder stub implementation.
W/Binder  ( 1345): java.lang.NullPointerException
W/Binder  ( 1345): 	at android.inputmethodservice.IInputMethodWrapper.setSessionEnabled(IInputMethodWrapper.java:280)
W/Binder  ( 1345): 	at com.android.internal.view.IInputMethod$Stub.onTransact(IInputMethod.java:129)
W/Binder  ( 1345): 	at android.os.Binder.execTransact(Binder.java:404)
W/Binder  ( 1345): 	at dalvik.system.NativeStart.run(Native Method)
W/InputMethodManagerService( 1250): Got RemoteException sending setActive(false) notification to pid 19003 uid 10409
W/PackageManager( 1250): Couldn't delete native library directory /data/app-lib/edu.buffalo.cse.cse486586.simpledynamo
D/keystore(  928): calling clear_uid in state: 3
I/ActivityManager( 1250): Force stopping edu.buffalo.cse.cse486586.simpledynamo appid=10409 user=0: pkg removed
D/VoicemailCleanupService( 1436): Cleaning up data for package: edu.buffalo.cse.cse486586.simpledynamo
D/dalvikvm( 1393): GC_EXPLICIT freed 251K, 14% free 3825K/4432K, paused 0ms+1ms, total 55ms
W/ContextImpl( 1757): Calling a method in the system process without a qualified user: android.app.ContextImpl.startService:1479 android.content.ContextWrapper.startService:494 android.content.ContextWrapper.startService:494 com.android.keychain.KeyChainBroadcastReceiver.onReceive:12 android.app.ActivityThread.handleReceiver:2400 
D/dalvikvm( 1250): GC_EXPLICIT freed 624K, 14% free 5988K/6952K, paused 14ms+2ms, total 78ms
D/dalvikvm( 1250): WAIT_FOR_CONCURRENT_GC blocked 61ms
I/Choreographer( 1250): Skipped 187 frames!  The application may be doing too much work on its main thread.
I/InputReader( 1250): Reconfiguring input devices.  changes=0x00000010
D/BackupManagerService( 1250): Received broadcast Intent { act=android.intent.action.PACKAGE_REMOVED dat=package:edu.buffalo.cse.cse486586.simpledynamo flg=0x4000010 (has extras) }
V/BackupManagerService( 1250): removePackageParticipantsLocked: uid=10409 #1
I/LatinIME:LogUtils( 1345): Dictionary info: dictionary = main:en ; version = 42 ; date = 1381226429
D/dalvikvm( 1250): GC_EXPLICIT freed 92K, 14% free 6038K/6952K, paused 29ms+2ms, total 147ms
D/AndroidRuntime(19853): Shutting down VM
D/jdwp    (19853): Got wake-up signal, bailing out of select
D/dalvikvm(19853): Debugger has detached; object registry had 1 entries
D/AndroidRuntime(19869): 
D/AndroidRuntime(19869): >>>>>> AndroidRuntime START com.android.internal.os.RuntimeInit <<<<<<
D/AndroidRuntime(19869): CheckJNI is ON
D/dalvikvm(19869): Trying to load lib libjavacore.so 0x0
D/dalvikvm(19869): Added shared lib libjavacore.so 0x0
D/dalvikvm(19869): Trying to load lib libnativehelper.so 0x0
D/dalvikvm(19869): Added shared lib libnativehelper.so 0x0
D/dalvikvm(19869): No JNI_OnLoad found in libnativehelper.so 0x0, skipping init
D/dalvikvm(19869): Note: class Landroid/app/ActivityManagerNative; has 179 unimplemented (abstract) methods
E/memtrack(19869): Couldn't load memtrack module (No such file or directory)
E/android.os.Debug(19869): failed to load memtrack module: -2
D/AndroidRuntime(19869): Calling main entry com.android.commands.pm.Pm
W/ActivityManager( 1250): No content provider found for permission revoke: file:///data/local/tmp/SimpleDynamo.apk
W/ActivityManager( 1250): No content provider found for permission revoke: file:///data/local/tmp/SimpleDynamo.apk
I/PackageManager( 1250): Copying native libraries to /data/app-lib/vmdl-1281406631
I/PackageManager( 1250): Running dexopt on: edu.buffalo.cse.cse486586.simpledynamo
D/dalvikvm(19881): DexOpt: load 8ms, verify+opt 38ms, 866420 bytes
I/ActivityManager( 1250): Force stopping edu.buffalo.cse.cse486586.simpledynamo appid=10410 user=-1: update pkg
D/dalvikvm( 1250): GC_FOR_ALLOC freed 742K, 15% free 5926K/6952K, paused 14ms, total 15ms
D/BackupManagerService( 1250): Received broadcast Intent { act=android.intent.action.PACKAGE_ADDED dat=package:edu.buffalo.cse.cse486586.simpledynamo flg=0x4000010 (has extras) }
V/BackupManagerService( 1250): addPackageParticipantsLocked: #1
I/InputReader( 1250): Reconfiguring input devices.  changes=0x00000010
D/dalvikvm( 1250): GC_EXPLICIT freed 161K, 15% free 5921K/6952K, paused 1ms+29ms, total 30ms
D/AndroidRuntime(19869): Shutting down VM
D/jdwp    (19869): Got wake-up signal, bailing out of select
D/dalvikvm(19869): Debugger has detached; object registry had 1 entries
W/RecognitionManagerService( 1250): no available voice recognition services found for user 0
D/AndroidRuntime(19884): 
D/AndroidRuntime(19884): >>>>>> AndroidRuntime START com.android.internal.os.RuntimeInit <<<<<<
D/AndroidRuntime(19884): CheckJNI is ON
D/dalvikvm(19884): Trying to load lib libjavacore.so 0x0
D/dalvikvm(19884): Added shared lib libjavacore.so 0x0
D/dalvikvm(19884): Trying to load lib libnativehelper.so 0x0
D/dalvikvm(19884): Added shared lib libnativehelper.so 0x0
D/dalvikvm(19884): No JNI_OnLoad found in libnativehelper.so 0x0, skipping init
D/dalvikvm(19884): Note: class Landroid/app/ActivityManagerNative; has 179 unimplemented (abstract) methods
E/memtrack(19884): Couldn't load memtrack module (No such file or directory)
E/android.os.Debug(19884): failed to load memtrack module: -2
D/AndroidRuntime(19884): Calling main entry com.android.commands.input.Input
I/Input   (19884): injectKeyEvent: KeyEvent { action=ACTION_DOWN, keyCode=KEYCODE_MENU, scanCode=0, metaState=0, flags=0x0, repeatCount=0, eventTime=85959669, downTime=85959669, deviceId=-1, source=0x101 }
I/Input   (19884): injectKeyEvent: KeyEvent { action=ACTION_UP, keyCode=KEYCODE_MENU, scanCode=0, metaState=0, flags=0x0, repeatCount=0, eventTime=85959669, downTime=85959669, deviceId=-1, source=0x101 }
D/AndroidRuntime(19884): Shutting down VM
D/dalvikvm(19884): Debugger has detached; object registry had 1 entries
I/AndroidRuntime(19884): NOTE: attach of thread 'Binder_1' failed
D/dalvikvm(19884): Compiler shutdown in progress - discarding request
D/dalvikvm(19884): Compiler shutdown in progress - discarding request
D/dalvikvm(19884): Compiler shutdown in progress - discarding request
D/dalvikvm(19884): Compiler shutdown in progress - discarding request
D/dalvikvm(19884): Compiler shutdown in progress - discarding request
D/dalvikvm(19884): Compiler shutdown in progress - discarding request
D/dalvikvm(19884): Compiler shutdown in progress - discarding request
D/dalvikvm(19884): Compiler shutdown in progress - discarding request
I/Choreographer( 1393): Skipped 46 frames!  The application may be doing too much work on its main thread.
I/Choreographer( 1250): Skipped 38 frames!  The application may be doing too much work on its main thread.
D/AndroidRuntime(19895): 
D/AndroidRuntime(19895): >>>>>> AndroidRuntime START com.android.internal.os.RuntimeInit <<<<<<
D/AndroidRuntime(19895): CheckJNI is ON
D/dalvikvm(19895): Trying to load lib libjavacore.so 0x0
D/dalvikvm(19895): Added shared lib libjavacore.so 0x0
D/dalvikvm(19895): Trying to load lib libnativehelper.so 0x0
D/dalvikvm(19895): Added shared lib libnativehelper.so 0x0
D/dalvikvm(19895): No JNI_OnLoad found in libnativehelper.so 0x0, skipping init
D/dalvikvm(19895): Note: class Landroid/app/ActivityManagerNative; has 179 unimplemented (abstract) methods
E/memtrack(19895): Couldn't load memtrack module (No such file or directory)
E/android.os.Debug(19895): failed to load memtrack module: -2
D/AndroidRuntime(19895): Calling main entry com.android.commands.am.Am
I/ActivityManager( 1250): Force stopping edu.buffalo.cse.cse486586.simpledynamo appid=10410 user=0: from pid 19895
I/ActivityManager( 1250): START u0 {act=android.intent.action.MAIN cat=[android.intent.category.LAUNCHER] flg=0x10000000 cmp=edu.buffalo.cse.cse486586.simpledynamo/.SimpleDynamoActivity} from pid 19895
D/gralloc (  923): Registering a buffer in the process that created it. This may cause memory ordering problems.
E/libEGL  (  923): called unimplemented OpenGL ES API
E/libEGL  (  923): called unimplemented OpenGL ES API
E/libEGL  (  923): called unimplemented OpenGL ES API
E/libEGL  (  923): called unimplemented OpenGL ES API
E/SurfaceFlinger(  923): glCheckFramebufferStatusOES error 310637282
E/SurfaceFlinger(  923): got GL_FRAMEBUFFER_COMPLETE_OES error while taking screenshot
E/libEGL  (  923): called unimplemented OpenGL ES API
E/libEGL  (  923): called unimplemented OpenGL ES API
W/WindowManager( 1250): Screenshot failure taking screenshot for (123x164) to layer 21010
D/AndroidRuntime(19895): Shutting down VM
D/jdwp    (19895): Got wake-up signal, bailing out of select
D/dalvikvm(19895): Debugger has detached; object registry had 1 entries
D/dalvikvm(19906): Not late-enabling CheckJNI (already on)
I/ActivityManager( 1250): Start proc edu.buffalo.cse.cse486586.simpledynamo for activity edu.buffalo.cse.cse486586.simpledynamo/.SimpleDynamoActivity: pid=19906 uid=10410 gids={50410, 3003}
D/SimpleDynamoProvider(19906): onCreate() :: init() and predAvailNode(currentNode) called
D/SimpleDynamoProvider(19906): delete() CurrentNode : 5556
D/SimpleDynamoProvider(19906): Delete() : @ selection : @
D/SimpleDynamoProvider(19906): recoery() Sending to succ : 5554
D/SimpleDynamoProvider(19906): Client sending to Succ Server :: Values set in operation are Key : null, value: null, CurrentNode/Originator : 5556, Type : @query, Succ : 5558
D/SimpleDynamoProvider(19906): Client Remote port is 11108
D/SimpleDynamoProvider(19906): recoery() Sending to succ's succ : 5558
D/SimpleDynamoProvider(19906): Client sending to Succ Server :: Values set in operation are Key : null, value: null, CurrentNode/Originator : 5556, Type : @query, Succ : 5562
D/SimpleDynamoProvider(19906): Client Remote port is 11116
D/SimpleDynamoProvider(19906): recoery() Sending to pred : 5562
D/SimpleDynamoProvider(19906): Client sending to Succ Server :: Values set in operation are Key : null, value: null, CurrentNode/Originator : 5556, Type : @query, Succ : 5560
D/SimpleDynamoProvider(19906): Client  Socket Time out type : @query key : null value : null
W/System.err(19906): java.io.StreamCorruptedException
W/System.err(19906): 	at java.io.ObjectOutputStream.writeObject(ObjectOutputStream.java:1528)
W/System.err(19906): 	at java.io.ObjectOutputStream.writeObject(ObjectOutputStream.java:1481)
W/System.err(19906): 	at edu.buffalo.cse.cse486586.simpledynamo.SimpleDynamoProvider$Client.run(SimpleDynamoProvider.java:435)
W/System.err(19906): 	at java.lang.Thread.run(Thread.java:841)
D/SimpleDynamoProvider(19906): Client Remote port is 11124
D/SimpleDynamoProvider(19906): recoery() Sending to pred's pred : 5560
D/SimpleDynamoProvider(19906): Client  Socket Time out type : @query key : null value : null
W/System.err(19906): java.io.StreamCorruptedException
W/System.err(19906): 	at java.io.ObjectOutputStream.writeObject(ObjectOutputStream.java:1528)
W/System.err(19906): 	at java.io.ObjectOutputStream.writeObject(ObjectOutputStream.java:1481)
W/System.err(19906): 	at edu.buffalo.cse.cse486586.simpledynamo.SimpleDynamoProvider$Client.run(SimpleDynamoProvider.java:435)
W/System.err(19906): 	at java.lang.Thread.run(Thread.java:841)
D/SimpleDynamoProvider(19906): Client sending to Succ Server :: Values set in operation are Key : null, value: null, CurrentNode/Originator : 5556, Type : @query, Succ : 5560
D/SimpleDynamoProvider(19906): Client Remote port is 11120
D/SimpleDynamoProvider(19906): Client  Socket Time out type : @query key : null value : null
W/System.err(19906): java.io.StreamCorruptedException
W/System.err(19906): 	at java.io.ObjectOutputStream.writeObject(ObjectOutputStream.java:1528)
W/System.err(19906): 	at java.io.ObjectOutputStream.writeObject(ObjectOutputStream.java:1481)
W/System.err(19906): 	at edu.buffalo.cse.cse486586.simpledynamo.SimpleDynamoProvider$Client.run(SimpleDynamoProvider.java:435)
W/System.err(19906): 	at java.lang.Thread.run(Thread.java:841)
I/Choreographer( 1250): Skipped 83 frames!  The application may be doing too much work on its main thread.
D/SimpleDynamoProvider(19906): Server :: Values in operation are Key : null, value: null, CurrentNode/Originator : 5556, Type : updateRecovery, Succ : 5556
D/SimpleDynamoProvider(19906): Server updateRecovery :: response coming from : 5554 size of map is : 0
I/Choreographer( 1250): Skipped 46 frames!  The application may be doing too much work on its main thread.
I/Choreographer( 1250): Skipped 42 frames!  The application may be doing too much work on its main thread.
I/Choreographer( 1250): Skipped 35 frames!  The application may be doing too much work on its main thread.
I/Choreographer( 1250): Skipped 96 frames!  The application may be doing too much work on its main thread.
I/Choreographer(19906): Skipped 83 frames!  The application may be doing too much work on its main thread.
D/gralloc_goldfish(19906): Emulator without GPU emulation detected.
I/ActivityManager( 1250): Displayed edu.buffalo.cse.cse486586.simpledynamo/.SimpleDynamoActivity: +555ms
D/SimpleDynamoProvider(19906): Server :: Values in operation are Key : null, value: null, CurrentNode/Originator : 5558, Type : @query, Succ : 5556
D/SimpleDynamoProvider(19906): Client sending to Succ Server :: Values set in operation are Key : null, value: null, CurrentNode/Originator : 5558, Type : updateRecovery, Succ : 5558
D/SimpleDynamoProvider(19906): Client Remote port is 11116
D/SimpleDynamoProvider(19906): Server @query currentNode :5556
D/SimpleDynamoProvider(19906): Server :: Values in operation are Key : null, value: null, CurrentNode/Originator : 5560, Type : @query, Succ : 5554
D/SimpleDynamoProvider(19906): Server @query currentNode :5556
D/SimpleDynamoProvider(19906): Client sending to Succ Server :: Values set in operation are Key : null, value: null, CurrentNode/Originator : 5560, Type : updateRecovery, Succ : 5560
D/SimpleDynamoProvider(19906): Client Remote port is 11120
D/SimpleDynamoProvider(19906): Server :: Values in operation are Key : null, value: null, CurrentNode/Originator : 5562, Type : @query, Succ : 5558
D/SimpleDynamoProvider(19906): Server @query currentNode :5556
D/SimpleDynamoProvider(19906): Server :: Values in operation are Key : wOMuSaYDM3AKnyG7amllgmUyzIB7V5Wb, value: d6cufn7ZbrYlxw7TbdK2lrBMVUaaoAON, CurrentNode/Originator : 5554, Type : replicate, Succ : 5554
D/SimpleDynamoProvider(19906): Server replicated values at currentNode 5556 key: wOMuSaYDM3AKnyG7amllgmUyzIB7V5Wb values: d6cufn7ZbrYlxw7TbdK2lrBMVUaaoAON
D/SimpleDynamoProvider(19906): Client sending to Succ Server :: Values set in operation are Key : null, value: null, CurrentNode/Originator : 5562, Type : updateRecovery, Succ : 5562
D/SimpleDynamoProvider(19906): Client Remote port is 11124
D/dalvikvm(19906): GC_FOR_ALLOC freed 366K, 14% free 2773K/3192K, paused 4ms, total 4ms
D/SimpleDynamoProvider(19906): Server :: Values in operation are Key : 5mBBK5NBAKkZhrPfv5s4VtnhCQt1PO2R, value: QdS7cAaqVSTMSRCK9PB7TOKTJtlt00JB, CurrentNode/Originator : 5554, Type : replicate, Succ : 5558
D/SimpleDynamoProvider(19906): Server replicated values at currentNode 5556 key: 5mBBK5NBAKkZhrPfv5s4VtnhCQt1PO2R values: QdS7cAaqVSTMSRCK9PB7TOKTJtlt00JB
D/SimpleDynamoProvider(19906): Server :: Values in operation are Key : 3Ip7JWzRelFHCTPqUdIegk4hSPv2l7hn, value: a0WYDWXtxIE5mlEFBrKCwo21GM6l9Gsn, CurrentNode/Originator : 5554, Type : replicate, Succ : 5558
D/SimpleDynamoProvider(19906): Server replicated values at currentNode 5556 key: 3Ip7JWzRelFHCTPqUdIegk4hSPv2l7hn values: a0WYDWXtxIE5mlEFBrKCwo21GM6l9Gsn
D/SimpleDynamoProvider(19906): Server :: Values in operation are Key : o74PCWkmQ73bz8SADkW1bKDcXitR64qT, value: ONekOfQC4XGVYlRIihMZ30rZaUuDR3Ya, CurrentNode/Originator : 5554, Type : replicate, Succ : 5554
D/SimpleDynamoProvider(19906): Server replicated values at currentNode 5556 key: o74PCWkmQ73bz8SADkW1bKDcXitR64qT values: ONekOfQC4XGVYlRIihMZ30rZaUuDR3Ya
D/AndroidRuntime(19927): 
D/AndroidRuntime(19927): >>>>>> AndroidRuntime START com.android.internal.os.RuntimeInit <<<<<<
D/AndroidRuntime(19927): CheckJNI is ON
D/dalvikvm(19927): Trying to load lib libjavacore.so 0x0
D/dalvikvm(19927): Added shared lib libjavacore.so 0x0
D/dalvikvm(19927): Trying to load lib libnativehelper.so 0x0
D/dalvikvm(19927): Added shared lib libnativehelper.so 0x0
D/dalvikvm(19927): No JNI_OnLoad found in libnativehelper.so 0x0, skipping init
D/dalvikvm(19927): Note: class Landroid/app/ActivityManagerNative; has 179 unimplemented (abstract) methods
E/memtrack(19927): Couldn't load memtrack module (No such file or directory)
E/android.os.Debug(19927): failed to load memtrack module: -2
D/AndroidRuntime(19927): Calling main entry com.android.commands.content.Content
D/SimpleDynamoProvider(19906): Insert() :: Values set in operation are Key : 7RzFvo7O6u1p20qvW7Bb3Jhzd3GAvYUo, value: QsF0qfGLALWfsBmEDdHOvlIYZgex6zTb, CurrentNode/Originator : 5556, Type : insert, Succ : 5554
D/SimpleDynamoProvider(19906): Insert() Client forward Insert node : 5558 from currentNode : 5556 Key : 7RzFvo7O6u1p20qvW7Bb3Jhzd3GAvYUo Value :QsF0qfGLALWfsBmEDdHOvlIYZgex6zTb
D/SimpleDynamoProvider(19906): Insert() Replicating to succ's check succ port's, Key: 7RzFvo7O6u1p20qvW7Bb3Jhzd3GAvYUovalue: QsF0qfGLALWfsBmEDdHOvlIYZgex6zTb
D/SimpleDynamoProvider(19906): Replicate() Calling client currentNode 5556 Succ is :5560 key: 7RzFvo7O6u1p20qvW7Bb3Jhzd3GAvYUo values: QsF0qfGLALWfsBmEDdHOvlIYZgex6zTb
D/SimpleDynamoProvider(19906): Replicate() Calling client currentNode 5556 Succ is :5562 key: 7RzFvo7O6u1p20qvW7Bb3Jhzd3GAvYUo values: QsF0qfGLALWfsBmEDdHOvlIYZgex6zTb
D/AndroidRuntime(19927): Shutting down VM
D/jdwp    (19927): Got wake-up signal, bailing out of select
D/dalvikvm(19927): Debugger has detached; object registry had 1 entries
D/SimpleDynamoProvider(19906): Client sending to Succ Server :: Values set in operation are Key : 7RzFvo7O6u1p20qvW7Bb3Jhzd3GAvYUo, value: QsF0qfGLALWfsBmEDdHOvlIYZgex6zTb, CurrentNode/Originator : 5556, Type : replicate, Succ : 5562
D/SimpleDynamoProvider(19906): Client Remote port is 11124
D/SimpleDynamoProvider(19906): Client sending to Succ Server :: Values set in operation are Key : 7RzFvo7O6u1p20qvW7Bb3Jhzd3GAvYUo, value: QsF0qfGLALWfsBmEDdHOvlIYZgex6zTb, CurrentNode/Originator : 5556, Type : replicate, Succ : 5562
D/SimpleDynamoProvider(19906): Client Remote port is 11120
D/SimpleDynamoProvider(19906): Client sending to Succ Server :: Values set in operation are Key : 7RzFvo7O6u1p20qvW7Bb3Jhzd3GAvYUo, value: QsF0qfGLALWfsBmEDdHOvlIYZgex6zTb, CurrentNode/Originator : 5556, Type : replicate, Succ : 5562
D/SimpleDynamoProvider(19906): Client Remote port is 11116
D/AndroidRuntime(19941): 
D/AndroidRuntime(19941): >>>>>> AndroidRuntime START com.android.internal.os.RuntimeInit <<<<<<
D/AndroidRuntime(19941): CheckJNI is ON
D/dalvikvm(19941): Trying to load lib libjavacore.so 0x0
D/dalvikvm(19941): Added shared lib libjavacore.so 0x0
D/dalvikvm(19941): Trying to load lib libnativehelper.so 0x0
D/dalvikvm(19941): Added shared lib libnativehelper.so 0x0
D/dalvikvm(19941): No JNI_OnLoad found in libnativehelper.so 0x0, skipping init
D/dalvikvm(19941): Note: class Landroid/app/ActivityManagerNative; has 179 unimplemented (abstract) methods
E/memtrack(19941): Couldn't load memtrack module (No such file or directory)
E/android.os.Debug(19941): failed to load memtrack module: -2
D/AndroidRuntime(19941): Calling main entry com.android.commands.content.Content
D/SimpleDynamoProvider(19906): Insert() :: Values set in operation are Key : igL9RO3CCgtTBq4DJNCbyGYJq9y24amI, value: ykWWKCDdAsek77LoYKnsIgHCBr7XEEEV, CurrentNode/Originator : 5556, Type : insert, Succ : 5554
D/SimpleDynamoProvider(19906): Insert() Client forward Insert node : 5558 from currentNode : 5556 Key : igL9RO3CCgtTBq4DJNCbyGYJq9y24amI Value :ykWWKCDdAsek77LoYKnsIgHCBr7XEEEV
D/SimpleDynamoProvider(19906): Insert() Replicating to succ's check succ port's, Key: igL9RO3CCgtTBq4DJNCbyGYJq9y24amIvalue: ykWWKCDdAsek77LoYKnsIgHCBr7XEEEV
D/SimpleDynamoProvider(19906): Replicate() Calling client currentNode 5556 Succ is :5560 key: igL9RO3CCgtTBq4DJNCbyGYJq9y24amI values: ykWWKCDdAsek77LoYKnsIgHCBr7XEEEV
D/SimpleDynamoProvider(19906): Client sending to Succ Server :: Values set in operation are Key : igL9RO3CCgtTBq4DJNCbyGYJq9y24amI, value: ykWWKCDdAsek77LoYKnsIgHCBr7XEEEV, CurrentNode/Originator : 5556, Type : replicate, Succ : 5560
D/SimpleDynamoProvider(19906): Client Remote port is 11116
D/SimpleDynamoProvider(19906): Replicate() Calling client currentNode 5556 Succ is :5562 key: igL9RO3CCgtTBq4DJNCbyGYJq9y24amI values: ykWWKCDdAsek77LoYKnsIgHCBr7XEEEV
D/AndroidRuntime(19941): Shutting down VM
D/jdwp    (19941): Got wake-up signal, bailing out of select
D/dalvikvm(19941): Debugger has detached; object registry had 1 entries
D/SimpleDynamoProvider(19906): Client sending to Succ Server :: Values set in operation are Key : igL9RO3CCgtTBq4DJNCbyGYJq9y24amI, value: ykWWKCDdAsek77LoYKnsIgHCBr7XEEEV, CurrentNode/Originator : 5556, Type : replicate, Succ : 5562
D/SimpleDynamoProvider(19906): Client sending to Succ Server :: Values set in operation are Key : igL9RO3CCgtTBq4DJNCbyGYJq9y24amI, value: ykWWKCDdAsek77LoYKnsIgHCBr7XEEEV, CurrentNode/Originator : 5556, Type : replicate, Succ : 5562
D/SimpleDynamoProvider(19906): Client Remote port is 11124
D/SimpleDynamoProvider(19906): Client Remote port is 11120
D/dalvikvm(19906): GC_FOR_ALLOC freed 441K, 15% free 2846K/3340K, paused 3ms, total 3ms
D/AndroidRuntime(19955): 
D/AndroidRuntime(19955): >>>>>> AndroidRuntime START com.android.internal.os.RuntimeInit <<<<<<
D/AndroidRuntime(19955): CheckJNI is ON
D/dalvikvm(19955): Trying to load lib libjavacore.so 0x0
D/dalvikvm(19955): Added shared lib libjavacore.so 0x0
D/dalvikvm(19955): Trying to load lib libnativehelper.so 0x0
D/dalvikvm(19955): Added shared lib libnativehelper.so 0x0
D/dalvikvm(19955): No JNI_OnLoad found in libnativehelper.so 0x0, skipping init
D/dalvikvm(19955): Note: class Landroid/app/ActivityManagerNative; has 179 unimplemented (abstract) methods
E/memtrack(19955): Couldn't load memtrack module (No such file or directory)
E/android.os.Debug(19955): failed to load memtrack module: -2
D/AndroidRuntime(19955): Calling main entry com.android.commands.content.Content
D/SimpleDynamoProvider(19906): Insert() :: Values set in operation are Key : HMNlFE2aMjKO7OiEuVcgDLt5Yy8PKyAU, value: mlzU3fH4Hlb2AO1JUfdWssZNblVqHhAs, CurrentNode/Originator : 5556, Type : insert, Succ : 5554
D/SimpleDynamoProvider(19906): Insert() Client forward Insert node : 5554 from currentNode : 5556 Key : HMNlFE2aMjKO7OiEuVcgDLt5Yy8PKyAU Value :mlzU3fH4Hlb2AO1JUfdWssZNblVqHhAs
D/SimpleDynamoProvider(19906): Insert() Replicating to succ's check succ port's, Key: HMNlFE2aMjKO7OiEuVcgDLt5Yy8PKyAUvalue: mlzU3fH4Hlb2AO1JUfdWssZNblVqHhAs
D/SimpleDynamoProvider(19906): Replicate() Calling client currentNode 5556 Succ is :5558 key: HMNlFE2aMjKO7OiEuVcgDLt5Yy8PKyAU values: mlzU3fH4Hlb2AO1JUfdWssZNblVqHhAs
D/SimpleDynamoProvider(19906): Client sending to Succ Server :: Values set in operation are Key : HMNlFE2aMjKO7OiEuVcgDLt5Yy8PKyAU, value: mlzU3fH4Hlb2AO1JUfdWssZNblVqHhAs, CurrentNode/Originator : 5556, Type : replicate, Succ : 5558
D/SimpleDynamoProvider(19906): Client Remote port is 11108
D/SimpleDynamoProvider(19906): Replicate() Calling client currentNode 5556 Succ is :5560 key: HMNlFE2aMjKO7OiEuVcgDLt5Yy8PKyAU values: mlzU3fH4Hlb2AO1JUfdWssZNblVqHhAs
D/SimpleDynamoProvider(19906): Client sending to Succ Server :: Values set in operation are Key : HMNlFE2aMjKO7OiEuVcgDLt5Yy8PKyAU, value: mlzU3fH4Hlb2AO1JUfdWssZNblVqHhAs, CurrentNode/Originator : 5556, Type : replicate, Succ : 5560
D/SimpleDynamoProvider(19906): Client Remote port is 11116
D/AndroidRuntime(19955): Shutting down VM
D/jdwp    (19955): Got wake-up signal, bailing out of select
D/dalvikvm(19955): Debugger has detached; object registry had 1 entries
D/SimpleDynamoProvider(19906): Client sending to Succ Server :: Values set in operation are Key : HMNlFE2aMjKO7OiEuVcgDLt5Yy8PKyAU, value: mlzU3fH4Hlb2AO1JUfdWssZNblVqHhAs, CurrentNode/Originator : 5556, Type : replicate, Succ : 5560
D/SimpleDynamoProvider(19906): Client Remote port is 11120
I/AndroidRuntime(19955): NOTE: attach of thread 'Binder_1' failed
D/AndroidRuntime(19968): 
D/AndroidRuntime(19968): >>>>>> AndroidRuntime START com.android.internal.os.RuntimeInit <<<<<<
D/AndroidRuntime(19968): CheckJNI is ON
D/dalvikvm(19968): Trying to load lib libjavacore.so 0x0
D/dalvikvm(19968): Added shared lib libjavacore.so 0x0
D/dalvikvm(19968): Trying to load lib libnativehelper.so 0x0
D/dalvikvm(19968): Added shared lib libnativehelper.so 0x0
D/dalvikvm(19968): No JNI_OnLoad found in libnativehelper.so 0x0, skipping init
D/dalvikvm(19968): Note: class Landroid/app/ActivityManagerNative; has 179 unimplemented (abstract) methods
E/memtrack(19968): Couldn't load memtrack module (No such file or directory)
E/android.os.Debug(19968): failed to load memtrack module: -2
D/AndroidRuntime(19968): Calling main entry com.android.commands.content.Content
D/SimpleDynamoProvider(19906): Insert() :: Values set in operation are Key : Sr4hlJB6SvVCc7m1aYtLmNMnU15ySTaW, value: M2AE5h7HYc9cBNMpjcgjilj3CJ2nlnhT, CurrentNode/Originator : 5556, Type : insert, Succ : 5554
D/SimpleDynamoProvider(19906): Insert() Client forward Insert node : 5558 from currentNode : 5556 Key : Sr4hlJB6SvVCc7m1aYtLmNMnU15ySTaW Value :M2AE5h7HYc9cBNMpjcgjilj3CJ2nlnhT
D/SimpleDynamoProvider(19906): Insert() Replicating to succ's check succ port's, Key: Sr4hlJB6SvVCc7m1aYtLmNMnU15ySTaWvalue: M2AE5h7HYc9cBNMpjcgjilj3CJ2nlnhT
D/SimpleDynamoProvider(19906): Replicate() Calling client currentNode 5556 Succ is :5560 key: Sr4hlJB6SvVCc7m1aYtLmNMnU15ySTaW values: M2AE5h7HYc9cBNMpjcgjilj3CJ2nlnhT
D/SimpleDynamoProvider(19906): Client sending to Succ Server :: Values set in operation are Key : Sr4hlJB6SvVCc7m1aYtLmNMnU15ySTaW, value: M2AE5h7HYc9cBNMpjcgjilj3CJ2nlnhT, CurrentNode/Originator : 5556, Type : replicate, Succ : 5560
D/SimpleDynamoProvider(19906): Client Remote port is 11116
D/SimpleDynamoProvider(19906): Replicate() Calling client currentNode 5556 Succ is :5562 key: Sr4hlJB6SvVCc7m1aYtLmNMnU15ySTaW values: M2AE5h7HYc9cBNMpjcgjilj3CJ2nlnhT
D/SimpleDynamoProvider(19906): Client sending to Succ Server :: Values set in operation are Key : Sr4hlJB6SvVCc7m1aYtLmNMnU15ySTaW, value: M2AE5h7HYc9cBNMpjcgjilj3CJ2nlnhT, CurrentNode/Originator : 5556, Type : replicate, Succ : 5562
D/SimpleDynamoProvider(19906): Client Remote port is 11120
D/SimpleDynamoProvider(19906): Client sending to Succ Server :: Values set in operation are Key : Sr4hlJB6SvVCc