I/PackageManager( 1250): Package edu.buffalo.cse.cse486586.simpledynamo codePath changed from /data/app/edu.buffalo.cse.cse486586.simpledynamo-1.apk to /data/app/edu.buffalo.cse.cse486586.simpledynamo-2.apk; Retaining data and using new
W/InputMethodManagerService( 1250): Got RemoteException sending setActive(false) notification to pid 13248 uid 10393
W/PackageManager( 1250): Code path for pkg : edu.buffalo.cse.cse486586.simpledynamo changing from /data/app/edu.buffalo.cse.cse486586.simpledynamo-1.apk to /data/app/edu.buffalo.cse.cse486586.simpledynamo-2.apk
W/PackageManager( 1250): Resource path for pkg : edu.buffalo.cse.cse486586.simpledynamo changing from /data/app/edu.buffalo.cse.cse486586.simpledynamo-1.apk to /data/app/edu.buffalo.cse.cse486586.simpledynamo-2.apk
I/ActivityManager( 1250): Force stopping edu.buffalo.cse.cse486586.simpledynamo appid=10393 user=-1: update pkg
I/ActivityManager( 1250): Force stopping edu.buffalo.cse.cse486586.simpledynamo appid=10393 user=0: pkg removed
D/BackupManagerService( 1250): Received broadcast Intent { act=android.intent.action.PACKAGE_REMOVED dat=package:edu.buffalo.cse.cse486586.simpledynamo flg=0x4000010 (has extras) }
D/BackupManagerService( 1250): Received broadcast Intent { act=android.intent.action.PACKAGE_ADDED dat=package:edu.buffalo.cse.cse486586.simpledynamo flg=0x4000010 (has extras) }
V/BackupManagerService( 1250): removePackageParticipantsLocked: uid=10393 #1
V/BackupManagerService( 1250): addPackageParticipantsLocked: #1
W/ContextImpl( 1757): Calling a method in the system process without a qualified user: android.app.ContextImpl.startService:1479 android.content.ContextWrapper.startService:494 android.content.ContextWrapper.startService:494 com.android.keychain.KeyChainBroadcastReceiver.onReceive:12 android.app.ActivityThread.handleReceiver:2400 
W/RecognitionManagerService( 1250): no available voice recognition services found for user 0
I/ActivityManager( 1250): START u0 {act=android.intent.action.MAIN cat=[android.intent.category.LAUNCHER] flg=0x10000000 cmp=edu.buffalo.cse.cse486586.simpledynamo/.SimpleDynamoActivity} from pid 13704
W/WindowManager( 1250): Screenshot failure taking screenshot for (123x164) to layer 21005
I/ActivityManager( 1250): Start proc edu.buffalo.cse.cse486586.simpledynamo for activity edu.buffalo.cse.cse486586.simpledynamo/.SimpleDynamoActivity: pid=13715 uid=10393 gids={50393, 3003}
I/ActivityManager( 1250): Force stopping edu.buffalo.cse.cse486586.simpledynamo appid=10393 user=-1: uninstall pkg
I/ActivityManager( 1250): Killing 13715:edu.buffalo.cse.cse486586.simpledynamo/u0a393 (adj 0): stop edu.buffalo.cse.cse486586.simpledynamo
I/ActivityManager( 1250):   Force finishing activity ActivityRecord{b41e82f8 u0 edu.buffalo.cse.cse486586.simpledynamo/.SimpleDynamoActivity t302}
W/PackageManager( 1250): Couldn't delete native library directory /data/app-lib/edu.buffalo.cse.cse486586.simpledynamo
I/ActivityManager( 1250): Force stopping edu.buffalo.cse.cse486586.simpledynamo appid=10393 user=0: pkg removed
W/InputMethodManagerService( 1250): Window already focused, ignoring focus gain of: com.android.internal.view.IInputMethodClient$Stub$Proxy@b42cf6f8 attribute=null, token = android.os.BinderProxy@b4260958
W/ContextImpl( 1757): Calling a method in the system process without a qualified user: android.app.ContextImpl.startService:1479 android.content.ContextWrapper.startService:494 android.content.ContextWrapper.startService:494 com.android.keychain.KeyChainBroadcastReceiver.onReceive:12 android.app.ActivityThread.handleReceiver:2400 
D/BackupManagerService( 1250): Received broadcast Intent { act=android.intent.action.PACKAGE_REMOVED dat=package:edu.buffalo.cse.cse486586.simpledynamo flg=0x4000010 (has extras) }
V/BackupManagerService( 1250): removePackageParticipantsLocked: uid=10393 #1
W/ActivityManager( 1250): No content provider found for permission revoke: file:///data/local/tmp/SimpleDynamo.apk
W/ActivityManager( 1250): No content provider found for permission revoke: file:///data/local/tmp/SimpleDynamo.apk
I/PackageManager( 1250): Copying native libraries to /data/app-lib/vmdl125725198
I/ActivityManager( 1250): Force stopping edu.buffalo.cse.cse486586.simpledynamo appid=10394 user=-1: update pkg
W/RecognitionManagerService( 1250): no available voice recognition services found for user 0
D/BackupManagerService( 1250): Received broadcast Intent { act=android.intent.action.PACKAGE_ADDED dat=package:edu.buffalo.cse.cse486586.simpledynamo flg=0x4000010 (has extras) }
V/BackupManagerService( 1250): addPackageParticipantsLocked: #1
I/ActivityManager( 1250): Force stopping edu.buffalo.cse.cse486586.simpledynamo appid=10394 user=0: from pid 13776
I/ActivityManager( 1250): START u0 {act=android.intent.action.MAIN cat=[android.intent.category.LAUNCHER] flg=0x10000000 cmp=edu.buffalo.cse.cse486586.simpledynamo/.SimpleDynamoActivity} from pid 13776
W/WindowManager( 1250): Screenshot failure taking screenshot for (123x164) to layer 21010
I/ActivityManager( 1250): Start proc edu.buffalo.cse.cse486586.simpledynamo for activity edu.buffalo.cse.cse486586.simpledynamo/.SimpleDynamoActivity: pid=13787 uid=10394 gids={50394, 3003}
W/ActivityManager( 1250): Launch timeout has expired, giving up wake lock!
E/WindowManager( 1250): Starting window AppWindowToken{b435bed8 token=Token{b41f7938 ActivityRecord{b3fbced8 u0 edu.buffalo.cse.cse486586.simpledynamo/.SimpleDynamoActivity t303}}} timed out
I/ActivityManager( 1250): Force stopping edu.buffalo.cse.cse486586.simpledynamo appid=10394 user=0: from pid 13804
I/ActivityManager( 1250): Killing 13787:edu.buffalo.cse.cse486586.simpledynamo/u0a394 (adj 0): stop edu.buffalo.cse.cse486586.simpledynamo
I/ActivityManager( 1250):   Force finishing activity ActivityRecord{b3fbced8 u0 edu.buffalo.cse.cse486586.simpledynamo/.SimpleDynamoActivity t303}
W/InputMethodManagerService( 1250): Window already focused, ignoring focus gain of: com.android.internal.view.IInputMethodClient$Stub$Proxy@b4252040 attribute=null, token = android.os.BinderProxy@b4260958
D/ConnectivityService( 1250): Sampling interval elapsed, updating statistics ..
D/ConnectivityService( 1250): Done.
D/ConnectivityService( 1250): Setting timer for 720seconds
I/ActivityManager( 1250): Force stopping edu.buffalo.cse.cse486586.simpledynamo appid=10394 user=-1: uninstall pkg
W/PackageManager( 1250): Couldn't delete native library directory /data/app-lib/edu.buffalo.cse.cse486586.simpledynamo
I/ActivityManager( 1250): Force stopping edu.buffalo.cse.cse486586.simpledynamo appid=10394 user=0: pkg removed
W/ContextImpl( 1757): Calling a method in the system process without a qualified user: android.app.ContextImpl.startService:1479 android.content.ContextWrapper.startService:494 android.content.ContextWrapper.startService:494 com.android.keychain.KeyChainBroadcastReceiver.onReceive:12 android.app.ActivityThread.handleReceiver:2400 
D/BackupManagerService( 1250): Received broadcast Intent { act=android.intent.action.PACKAGE_REMOVED dat=package:edu.buffalo.cse.cse486586.simpledynamo flg=0x4000010 (has extras) }
V/BackupManagerService( 1250): removePackageParticipantsLocked: uid=10394 #1
W/ActivityManager( 1250): No content provider found for permission revoke: file:///data/local/tmp/SimpleDynamo.apk
W/ActivityManager( 1250): No content provider found for permission revoke: file:///data/local/tmp/SimpleDynamo.apk
I/PackageManager( 1250): Copying native libraries to /data/app-lib/vmdl80508615
I/ActivityManager( 1250): Force stopping edu.buffalo.cse.cse486586.simpledynamo appid=10395 user=-1: update pkg
D/BackupManagerService( 1250): Received broadcast Intent { act=android.intent.action.PACKAGE_ADDED dat=package:edu.buffalo.cse.cse486586.simpledynamo flg=0x4000010 (has extras) }
V/BackupManagerService( 1250): addPackageParticipantsLocked: #1
W/RecognitionManagerService( 1250): no available voice recognition services found for user 0
I/ActivityManager( 1250): Force stopping edu.buffalo.cse.cse486586.simpledynamo appid=10395 user=0: from pid 13857
I/ActivityManager( 1250): START u0 {act=android.intent.action.MAIN cat=[android.intent.category.LAUNCHER] flg=0x10000000 cmp=edu.buffalo.cse.cse486586.simpledynamo/.SimpleDynamoActivity} from pid 13857
W/WindowManager( 1250): Screenshot failure taking screenshot for (123x164) to layer 21010
I/UsageStats( 1250): Deleting usage file : usage-20140503
I/ActivityManager( 1250): Start proc edu.buffalo.cse.cse486586.simpledynamo for activity edu.buffalo.cse.cse486586.simpledynamo/.SimpleDynamoActivity: pid=13869 uid=10395 gids={50395, 3003}
W/ActivityManager( 1250): Launch timeout has expired, giving up wake lock!
E/WindowManager( 1250): Starting window AppWindowToken{b4220c10 token=Token{b4268e78 ActivityRecord{b4162d30 u0 edu.buffalo.cse.cse486586.simpledynamo/.SimpleDynamoActivity t304}}} timed out
I/ActivityManager( 1250): Force stopping edu.buffalo.cse.cse486586.simpledynamo appid=10395 user=0: from pid 13886
I/ActivityManager( 1250): Killing 13869:edu.buffalo.cse.cse486586.simpledynamo/u0a395 (adj 0): stop edu.buffalo.cse.cse486586.simpledynamo
I/ActivityManager( 1250):   Force finishing activity ActivityRecord{b4162d30 u0 edu.buffalo.cse.cse486586.simpledynamo/.SimpleDynamoActivity t304}
W/InputMethodManagerService( 1250): Window already focused, ignoring focus gain of: com.android.internal.view.IInputMethodClient$Stub$Proxy@b422f8b8 attribute=null, token = android.os.BinderProxy@b4260958
V/BackupManagerService( 1250): Running a backup pass
V/BackupManagerService( 1250): clearing pending backups
V/PerformBackupTask( 1250): Beginning backup of 7 targets
I/PerformBackupTask( 1250): Initializing (wiping) backup state and transport storage
D/BackupManagerService( 1250): Now staging backup of android
D/BackupManagerService( 1250): Now staging backup of com.android.providers.settings
D/BackupManagerService( 1250): Now staging backup of com.android.providers.userdictionary
D/BackupManagerService( 1250): Now staging backup of com.android.dialer
D/BackupManagerService( 1250): Now staging backup of com.android.sharedstoragebackup
D/BackupManagerService( 1250): Now staging backup of com.android.browser
D/PerformBackupTask( 1250): invokeAgentForBackup on @pm@
E/PerformBackupTask( 1250): Error invoking for backup on @pm@
D/BackupManagerService( 1250): Now staging backup of com.android.calendar
I/PerformBackupTask( 1250): Backup pass finished.
E/PerformBackupTask( 1250): Duplicate finish
I/ProcessStatsService( 1250): Prepared write state in 1ms
D/ConnectivityService( 1250): Sampling interval elapsed, updating statistics ..
D/ConnectivityService( 1250): Done.
D/ConnectivityService( 1250): Setting timer for 720seconds
W/ActivityManager( 1250): No content provider found for permission revoke: file:///data/local/tmp/SimpleDynamo.apk
W/ActivityManager( 1250): No content provider found for permission revoke: file:///data/local/tmp/SimpleDynamo.apk
I/PackageManager( 1250): Copying native libraries to /data/app-lib/vmdl-1218143512
I/ActivityManager( 1250): Force stopping edu.buffalo.cse.cse486586.simpledynamo appid=10395 user=-1: uninstall pkg
I/PackageManager( 1250): Package edu.buffalo.cse.cse486586.simpledynamo codePath changed from /data/app/edu.buffalo.cse.cse486586.simpledynamo-1.apk to /data/app/edu.buffalo.cse.cse486586.simpledynamo-2.apk; Retaining data and using new
W/PackageManager( 1250): Code path for pkg : edu.buffalo.cse.cse486586.simpledynamo changing from /data/app/edu.buffalo.cse.cse486586.simpledynamo-1.apk to /data/app/edu.buffalo.cse.cse486586.simpledynamo-2.apk
W/PackageManager( 1250): Resource path for pkg : edu.buffalo.cse.cse486586.simpledynamo changing from /data/app/edu.buffalo.cse.cse486586.simpledynamo-1.apk to /data/app/edu.buffalo.cse.cse486586.simpledynamo-2.apk
I/ActivityManager( 1250): Force stopping edu.buffalo.cse.cse486586.simpledynamo appid=10395 user=-1: update pkg
I/ActivityManager( 1250): Force stopping edu.buffalo.cse.cse486586.simpledynamo appid=10395 user=0: pkg removed
W/ContextImpl( 1757): Calling a method in the system process without a qualified user: android.app.ContextImpl.startService:1479 android.content.ContextWrapper.startService:494 android.content.ContextWrapper.startService:494 com.android.keychain.KeyChainBroadcastReceiver.onReceive:12 android.app.ActivityThread.handleReceiver:2400 
D/BackupManagerService( 1250): Received broadcast Intent { act=android.intent.action.PACKAGE_REMOVED dat=package:edu.buffalo.cse.cse486586.simpledynamo flg=0x4000010 (has extras) }
D/BackupManagerService( 1250): Received broadcast Intent { act=android.intent.action.PACKAGE_ADDED dat=package:edu.buffalo.cse.cse486586.simpledynamo flg=0x4000010 (has extras) }
V/BackupManagerService( 1250): removePackageParticipantsLocked: uid=10395 #1
V/BackupManagerService( 1250): addPackageParticipantsLocked: #1
W/RecognitionManagerService( 1250): no available voice recognition services found for user 0
I/ActivityManager( 1250): START u0 {act=android.intent.action.MAIN cat=[android.intent.category.LAUNCHER] flg=0x10000000 cmp=edu.buffalo.cse.cse486586.simpledynamo/.SimpleDynamoActivity} from pid 13919
W/WindowManager( 1250): Screenshot failure taking screenshot for (123x164) to layer 21005
I/ActivityManager( 1250): Start proc edu.buffalo.cse.cse486586.simpledynamo for activity edu.buffalo.cse.cse486586.simpledynamo/.SimpleDynamoActivity: pid=13930 uid=10395 gids={50395, 3003}
I/ActivityManager( 1250): Force stopping edu.buffalo.cse.cse486586.simpledynamo appid=10395 user=-1: uninstall pkg
I/ActivityManager( 1250): Killing 13930:edu.buffalo.cse.cse486586.simpledynamo/u0a395 (adj 0): stop edu.buffalo.cse.cse486586.simpledynamo
I/ActivityManager( 1250):   Force finishing activity ActivityRecord{b4221700 u0 edu.buffalo.cse.cse486586.simpledynamo/.SimpleDynamoActivity t305}
W/PackageManager( 1250): Couldn't delete native library directory /data/app-lib/edu.buffalo.cse.cse486586.simpledynamo
I/ActivityManager( 1250): Force stopping edu.buffalo.cse.cse486586.simpledynamo appid=10395 user=0: pkg removed
I/ActivityManager( 1250):   Force finishing activity ActivityRecord{b4221700 u0 edu.buffalo.cse.cse486586.simpledynamo/.SimpleDynamoActivity t305 f}
W/ActivityManager( 1250): Duplicate finish request for ActivityRecord{b4221700 u0 edu.buffalo.cse.cse486586.simpledynamo/.SimpleDynamoActivity t305 f}
W/InputMethodManagerService( 1250): Window already focused, ignoring focus gain of: com.android.internal.view.IInputMethodClient$Stub$Proxy@b432c1d0 attribute=null, token = android.os.BinderProxy@b4260958
D/BackupManagerService( 1250): Received broadcast Intent { act=android.intent.action.PACKAGE_REMOVED dat=package:edu.buffalo.cse.cse486586.simpledynamo flg=0x4000010 (has extras) }
W/ContextImpl( 1757): Calling a method in the system process without a qualified user: android.app.ContextImpl.startService:1479 android.content.ContextWrapper.startService:494 android.content.ContextWrapper.startService:494 com.android.keychain.KeyChainBroadcastReceiver.onReceive:12 android.app.ActivityThread.handleReceiver:2400 
V/BackupManagerService( 1250): removePackageParticipantsLocked: uid=10395 #1
W/ActivityManager( 1250): No content provider found for permission revoke: file:///data/local/tmp/SimpleDynamo.apk
W/ActivityManager( 1250): No content provider found for permission revoke: file:///data/local/tmp/SimpleDynamo.apk
I/PackageManager( 1250): Copying native libraries to /data/app-lib/vmdl-535590992
I/ActivityManager( 1250): Force stopping edu.buffalo.cse.cse486586.simpledynamo appid=10396 user=-1: update pkg
D/BackupManagerService( 1250): Received broadcast Intent { act=android.intent.action.PACKAGE_ADDED dat=package:edu.buffalo.cse.cse486586.simpledynamo flg=0x4000010 (has extras) }
V/BackupManagerService( 1250): addPackageParticipantsLocked: #1
W/RecognitionManagerService( 1250): no available voice recognition services found for user 0
I/ActivityManager( 1250): Force stopping edu.buffalo.cse.cse486586.simpledynamo appid=10396 user=0: from pid 13992
I/ActivityManager( 1250): START u0 {act=android.intent.action.MAIN cat=[android.intent.category.LAUNCHER] flg=0x10000000 cmp=edu.buffalo.cse.cse486586.simpledynamo/.SimpleDynamoActivity} from pid 13992
W/WindowManager( 1250): Screenshot failure taking screenshot for (123x164) to layer 21010
I/ActivityManager( 1250): Start proc edu.buffalo.cse.cse486586.simpledynamo for activity edu.buffalo.cse.cse486586.simpledynamo/.SimpleDynamoActivity: pid=14003 uid=10396 gids={50396, 3003}
W/ActivityManager( 1250): Launch timeout has expired, giving up wake lock!
E/WindowManager( 1250): Starting window AppWindowToken{b4242948 token=Token{b41f5640 ActivityRecord{b4221700 u0 edu.buffalo.cse.cse486586.simpledynamo/.SimpleDynamoActivity t306}}} timed out
W/ActivityManager( 1250): No content provider found for permission revoke: file:///data/local/tmp/SimpleDynamo.apk
W/ActivityManager( 1250): No content provider found for permission revoke: file:///data/local/tmp/SimpleDynamo.apk
I/PackageManager( 1250): Copying native libraries to /data/app-lib/vmdl464157206
I/ActivityManager( 1250): Force stopping edu.buffalo.cse.cse486586.simpledynamo appid=10396 user=-1: uninstall pkg
I/ActivityManager( 1250): Killing 14003:edu.buffalo.cse.cse486586.simpledynamo/u0a396 (adj 0): stop edu.buffalo.cse.cse486586.simpledynamo
I/ActivityManager( 1250):   Force finishing activity ActivityRecord{b4221700 u0 edu.buffalo.cse.cse486586.simpledynamo/.SimpleDynamoActivity t306}
W/InputMethodManagerService( 1250): Window already focused, ignoring focus gain of: com.android.internal.view.IInputMethodClient$Stub$Proxy@b4236bb0 attribute=null, token = android.os.BinderProxy@b4260958
I/PackageManager( 1250): Package edu.buffalo.cse.cse486586.simpledynamo codePath changed from /data/app/edu.buffalo.cse.cse486586.simpledynamo-1.apk to /data/app/edu.buffalo.cse.cse486586.simpledynamo-2.apk; Retaining data and using new
W/PackageManager( 1250): Code path for pkg : edu.buffalo.cse.cse486586.simpledynamo changing from /data/app/edu.buffalo.cse.cse486586.simpledynamo-1.apk to /data/app/edu.buffalo.cse.cse486586.simpledynamo-2.apk
W/PackageManager( 1250): Resource path for pkg : edu.buffalo.cse.cse486586.simpledynamo changing from /data/app/edu.buffalo.cse.cse486586.simpledynamo-1.apk to /data/app/edu.buffalo.cse.cse486586.simpledynamo-2.apk
I/ActivityManager( 1250): Force stopping edu.buffalo.cse.cse486586.simpledynamo appid=10396 user=-1: update pkg
I/ActivityManager( 1250): Force stopping edu.buffalo.cse.cse486586.simpledynamo appid=10396 user=0: pkg removed
D/BackupManagerService( 1250): Received broadcast Intent { act=android.intent.action.PACKAGE_REMOVED dat=package:edu.buffalo.cse.cse486586.simpledynamo flg=0x4000010 (has extras) }
D/BackupManagerService( 1250): Received broadcast Intent { act=android.intent.action.PACKAGE_ADDED dat=package:edu.buffalo.cse.cse486586.simpledynamo flg=0x4000010 (has extras) }
V/BackupManagerService( 1250): removePackageParticipantsLocked: uid=10396 #1
V/BackupManagerService( 1250): addPackageParticipantsLocked: #1
W/ContextImpl( 1757): Calling a method in the system process without a qualified user: android.app.ContextImpl.startService:1479 android.content.ContextWrapper.startService:494 android.content.ContextWrapper.startService:494 com.android.keychain.KeyChainBroadcastReceiver.onReceive:12 android.app.ActivityThread.handleReceiver:2400 
W/RecognitionManagerService( 1250): no available voice recognition services found for user 0
I/ActivityManager( 1250): START u0 {act=android.intent.action.MAIN cat=[android.intent.category.LAUNCHER] flg=0x10000000 cmp=edu.buffalo.cse.cse486586.simpledynamo/.SimpleDynamoActivity} from pid 14039
W/WindowManager( 1250): Screenshot failure taking screenshot for (123x164) to layer 21005
I/ActivityManager( 1250): Start proc edu.buffalo.cse.cse486586.simpledynamo for activity edu.buffalo.cse.cse486586.simpledynamo/.SimpleDynamoActivity: pid=14050 uid=10396 gids={50396, 3003}
W/PackageManager( 1250): Couldn't delete native library directory /data/app-lib/edu.buffalo.cse.cse486586.simpledynamo
I/ActivityManager( 1250): Force stopping edu.buffalo.cse.cse486586.simpledynamo appid=10396 user=-1: uninstall pkg
I/ActivityManager( 1250): Killing 14050:edu.buffalo.cse.cse486586.simpledynamo/u0a396 (adj 0): stop edu.buffalo.cse.cse486586.simpledynamo
I/ActivityManager( 1250):   Force finishing activity ActivityRecord{b41e89b8 u0 edu.buffalo.cse.cse486586.simpledynamo/.SimpleDynamoActivity t307}
I/ActivityManager( 1250): Force stopping edu.buffalo.cse.cse486586.simpledynamo appid=10396 user=0: pkg removed
D/BackupManagerService( 1250): Received broadcast Intent { act=android.intent.action.PACKAGE_REMOVED dat=package:edu.buffalo.cse.cse486586.simpledynamo flg=0x4000010 (has extras) }
V/BackupManagerService( 1250): removePackageParticipantsLocked: uid=10396 #1
W/ContextImpl( 1757): Calling a method in the system process without a qualified user: android.app.ContextImpl.startService:1479 android.content.ContextWrapper.startService:494 android.content.ContextWrapper.startService:494 com.android.keychain.KeyChainBroadcastReceiver.onReceive:12 android.app.ActivityThread.handleReceiver:2400 
W/InputMethodManagerService( 1250): Window already focused, ignoring focus gain of: com.android.internal.view.IInputMethodClient$Stub$Proxy@b42afce0 attribute=null, token = android.os.BinderProxy@b4260958
W/ActivityManager( 1250): No content provider found for permission revoke: file:///data/local/tmp/SimpleDynamo.apk
W/ActivityManager( 1250): No content provider found for permission revoke: file:///data/local/tmp/SimpleDynamo.apk
I/PackageManager( 1250): Copying native libraries to /data/app-lib/vmdl-1116602664
I/ActivityManager( 1250): Force stopping edu.buffalo.cse.cse486586.simpledynamo appid=10397 user=-1: update pkg
D/BackupManagerService( 1250): Received broadcast Intent { act=android.intent.action.PACKAGE_ADDED dat=package:edu.buffalo.cse.cse486586.simpledynamo flg=0x4000010 (has extras) }
V/BackupManagerService( 1250): addPackageParticipantsLocked: #1
W/RecognitionManagerService( 1250): no available voice recognition services found for user 0
I/ActivityManager( 1250): Force stopping edu.buffalo.cse.cse486586.simpledynamo appid=10397 user=0: from pid 14111
I/ActivityManager( 1250): START u0 {act=android.intent.action.MAIN cat=[android.intent.category.LAUNCHER] flg=0x10000000 cmp=edu.buffalo.cse.cse486586.simpledynamo/.SimpleDynamoActivity} from pid 14111
W/WindowManager( 1250): Screenshot failure taking screenshot for (123x164) to layer 21010
I/ActivityManager( 1250): Start proc edu.buffalo.cse.cse486586.simpledynamo for activity edu.buffalo.cse.cse486586.simpledynamo/.SimpleDynamoActivity: pid=14122 uid=10397 gids={50397, 3003}
W/ActivityManager( 1250): Launch timeout has expired, giving up wake lock!
E/WindowManager( 1250): Starting window AppWindowToken{b432c758 token=Token{b420c080 ActivityRecord{b4221700 u0 edu.buffalo.cse.cse486586.simpledynamo/.SimpleDynamoActivity t308}}} timed out
I/ActivityManager( 1250): Force stopping edu.buffalo.cse.cse486586.simpledynamo appid=10397 user=0: from pid 14139
I/ActivityManager( 1250): Killing 14122:edu.buffalo.cse.cse486586.simpledynamo/u0a397 (adj 0): stop edu.buffalo.cse.cse486586.simpledynamo
I/ActivityManager( 1250):   Force finishing activity ActivityRecord{b4221700 u0 edu.buffalo.cse.cse486586.simpledynamo/.SimpleDynamoActivity t308}
W/InputMethodManagerService( 1250): Window already focused, ignoring focus gain of: com.android.internal.view.IInputMethodClient$Stub$Proxy@b42de5d0 attribute=null, token = android.os.BinderProxy@b4260958
I/ActivityManager( 1250): Force stopping edu.buffalo.cse.cse486586.simpledynamo appid=10397 user=-1: uninstall pkg
W/PackageManager( 1250): Couldn't delete native library directory /data/app-lib/edu.buffalo.cse.cse486586.simpledynamo
I/ActivityManager( 1250): Force stopping edu.buffalo.cse.cse486586.simpledynamo appid=10397 user=0: pkg removed
D/BackupManagerService( 1250): Received broadcast Intent { act=android.intent.action.PACKAGE_REMOVED dat=package:edu.buffalo.cse.cse486586.simpledynamo flg=0x4000010 (has extras) }
V/BackupManagerService( 1250): removePackageParticipantsLocked: uid=10397 #1
W/ContextImpl( 1757): Calling a method in the system process without a qualified user: android.app.ContextImpl.startService:1479 android.content.ContextWrapper.startService:494 android.content.ContextWrapper.startService:494 com.android.keychain.KeyChainBroadcastReceiver.onReceive:12 android.app.ActivityThread.handleReceiver:2400 
W/ActivityManager( 1250): No content provider found for permission revoke: file:///data/local/tmp/SimpleDynamo.apk
W/ActivityManager( 1250): No content provider found for permission revoke: file:///data/local/tmp/SimpleDynamo.apk
I/PackageManager( 1250): Copying native libraries to /data/app-lib/vmdl-353842931
I/ActivityManager( 1250): Force stopping edu.buffalo.cse.cse486586.simpledynamo appid=10398 user=-1: update pkg
D/BackupManagerService( 1250): Received broadcast Intent { act=android.intent.action.PACKAGE_ADDED dat=package:edu.buffalo.cse.cse486586.simpledynamo flg=0x4000010 (has extras) }
V/BackupManagerService( 1250): addPackageParticipantsLocked: #1
W/RecognitionManagerService( 1250): no available voice recognition services found for user 0
I/ActivityManager( 1250): Force stopping edu.buffalo.cse.cse486586.simpledynamo appid=10398 user=0: from pid 14192
I/ActivityManager( 1250): START u0 {act=android.intent.action.MAIN cat=[android.intent.category.LAUNCHER] flg=0x10000000 cmp=edu.buffalo.cse.cse486586.simpledynamo/.SimpleDynamoActivity} from pid 14192
W/WindowManager( 1250): Screenshot failure taking screenshot for (123x164) to layer 21010
I/ActivityManager( 1250): Start proc edu.buffalo.cse.cse486586.simpledynamo for activity edu.buffalo.cse.cse486586.simpledynamo/.SimpleDynamoActivity: pid=14203 uid=10398 gids={50398, 3003}
W/ActivityManager( 1250): Launch timeout has expired, giving up wake lock!
E/WindowManager( 1250): Starting window AppWindowToken{b42dea30 token=Token{b424a510 ActivityRecord{b4177c30 u0 edu.buffalo.cse.cse486586.simpledynamo/.SimpleDynamoActivity t309}}} timed out
D/ConnectivityService( 1250): Sampling interval elapsed, updating statistics ..
D/ConnectivityService( 1250): Done.
D/ConnectivityService( 1250): Setting timer for 720seconds
W/ActivityManager( 1250): No content provider found for permission revoke: file:///data/local/tmp/SimpleDynamo.apk
W/ActivityManager( 1250): No content provider found for permission revoke: file:///data/local/tmp/SimpleDynamo.apk
I/PackageManager( 1250): Copying native libraries to /data/app-lib/vmdl1626433918
I/ActivityManager( 1250): Force stopping edu.buffalo.cse.cse486586.simpledynamo appid=10398 user=-1: uninstall pkg
I/ActivityManager( 1250): Killing 14203:edu.buffalo.cse.cse486586.simpledynamo/u0a398 (adj 0): stop edu.buffalo.cse.cse486586.simpledynamo
I/ActivityManager( 1250):   Force finishing activity ActivityRecord{b4177c30 u0 edu.buffalo.cse.cse486586.simpledynamo/.SimpleDynamoActivity t309}
W/InputMethodManagerService( 1250): Window already focused, ignoring focus gain of: com.android.internal.view.IInputMethodClient$Stub$Proxy@b4179b28 attribute=null, token = android.os.BinderProxy@b4260958
I/PackageManager( 1250): Package edu.buffalo.cse.cse486586.simpledynamo codePath changed from /data/app/edu.buffalo.cse.cse486586.simpledynamo-1.apk to /data/app/edu.buffalo.cse.cse486586.simpledynamo-2.apk; Retaining data and using new
W/PackageManager( 1250): Code path for pkg : edu.buffalo.cse.cse486586.simpledynamo changing from /data/app/edu.buffalo.cse.cse486586.simpledynamo-1.apk to /data/app/edu.buffalo.cse.cse486586.simpledynamo-2.apk
W/PackageManager( 1250): Resource path for pkg : edu.buffalo.cse.cse486586.simpledynamo changing from /data/app/edu.buffalo.cse.cse486586.simpledynamo-1.apk to /data/app/edu.buffalo.cse.cse486586.simpledynamo-2.apk
I/ActivityManager( 1250): Force stopping edu.buffalo.cse.cse486586.simpledynamo appid=10398 user=-1: update pkg
I/ActivityManager( 1250): Force stopping edu.buffalo.cse.cse486586.simpledynamo appid=10398 user=0: pkg removed
D/BackupManagerService( 1250): Received broadcast Intent { act=android.intent.action.PACKAGE_REMOVED dat=package:edu.buffalo.cse.cse486586.simpledynamo flg=0x4000010 (has extras) }
D/BackupManagerService( 1250): Received broadcast Intent { act=android.intent.action.PACKAGE_ADDED dat=package:edu.buffalo.cse.cse486586.simpledynamo flg=0x4000010 (has extras) }
V/BackupManagerService( 1250): removePackageParticipantsLocked: uid=10398 #1
V/BackupManagerService( 1250): addPackageParticipantsLocked: #1
W/ContextImpl( 1757): Calling a method in the system process without a qualified user: android.app.ContextImpl.startService:1479 android.content.ContextWrapper.startService:494 android.content.ContextWrapper.startService:494 com.android.keychain.KeyChainBroadcastReceiver.onReceive:12 android.app.ActivityThread.handleReceiver:2400 
W/RecognitionManagerService( 1250): no available voice recognition services found for user 0
I/ActivityManager( 1250): START u0 {act=android.intent.action.MAIN cat=[android.intent.category.LAUNCHER] flg=0x10000000 cmp=edu.buffalo.cse.cse486586.simpledynamo/.SimpleDynamoActivity} from pid 14242
W/WindowManager( 1250): Screenshot failure taking screenshot for (123x164) to layer 21005
I/ActivityManager( 1250): Start proc edu.buffalo.cse.cse486586.simpledynamo for activity edu.buffalo.cse.cse486586.simpledynamo/.SimpleDynamoActivity: pid=14254 uid=10398 gids={50398, 3003}
I/ActivityManager( 1250): Force stopping edu.buffalo.cse.cse486586.simpledynamo appid=10398 user=-1: uninstall pkg
I/ActivityManager( 1250): Killing 14254:edu.buffalo.cse.cse486586.simpledynamo/u0a398 (adj 0): stop edu.buffalo.cse.cse486586.simpledynamo
W/ActivityManager( 1250): Force removing ActivityRecord{b4221700 u0 edu.buffalo.cse.cse486586.simpledynamo/.SimpleDynamoActivity t310}: app died, no saved state
W/PackageManager( 1250): Couldn't delete native library directory /data/app-lib/edu.buffalo.cse.cse486586.simpledynamo
I/WindowState( 1250): WIN DEATH: Window{b4269408 u0 edu.buffalo.cse.cse486586.simpledynamo/edu.buffalo.cse.cse486586.simpledynamo.SimpleDynamoActivity}
I/ActivityManager( 1250): Force stopping edu.buffalo.cse.cse486586.simpledynamo appid=10398 user=0: pkg removed
W/InputMethodManagerService( 1250): Got RemoteException sending setActive(false) notification to pid 14254 uid 10398
W/ContextImpl( 1757): Calling a method in the system process without a qualified user: android.app.ContextImpl.startService:1479 android.content.ContextWrapper.startService:494 android.content.ContextWrapper.startService:494 com.android.keychain.KeyChainBroadcastReceiver.onReceive:12 android.app.ActivityThread.handleReceiver:2400 
D/BackupManagerService( 1250): Received broadcast Intent { act=android.intent.action.PACKAGE_REMOVED dat=package:edu.buffalo.cse.cse486586.simpledynamo flg=0x4000010 (has extras) }
V/BackupManagerService( 1250): removePackageParticipantsLocked: uid=10398 #1
W/ActivityManager( 1250): No content provider found for permission revoke: file:///data/local/tmp/SimpleDynamo.apk
W/ActivityManager( 1250): No content provider found for permission revoke: file:///data/local/tmp/SimpleDynamo.apk
I/PackageManager( 1250): Copying native libraries to /data/app-lib/vmdl-196808028
I/ActivityManager( 1250): Force stopping edu.buffalo.cse.cse486586.simpledynamo appid=10399 user=-1: update pkg
D/BackupManagerService( 1250): Received broadcast Intent { act=android.intent.action.PACKAGE_ADDED dat=package:edu.buffalo.cse.cse486586.simpledynamo flg=0x4000010 (has extras) }
V/BackupManagerService( 1250): addPackageParticipantsLocked: #1
W/RecognitionManagerService( 1250): no available voice recognition services found for user 0
I/ActivityManager( 1250): Force stopping edu.buffalo.cse.cse486586.simpledynamo appid=10399 user=0: from pid 14315
I/ActivityManager( 1250): START u0 {act=android.intent.action.MAIN cat=[android.intent.category.LAUNCHER] flg=0x10000000 cmp=edu.buffalo.cse.cse486586.simpledynamo/.SimpleDynamoActivity} from pid 14315
W/WindowManager( 1250): Screenshot failure taking screenshot for (123x164) to layer 21010
I/ActivityManager( 1250): Start proc edu.buffalo.cse.cse486586.simpledynamo for activity edu.buffalo.cse.cse486586.simpledynamo/.SimpleDynamoActivity: pid=14326 uid=10399 gids={50399, 3003}
I/ActivityManager( 1250): Force stopping edu.buffalo.cse.cse486586.simpledynamo appid=10399 user=-1: uninstall pkg
I/ActivityManager( 1250): Killing 14326:edu.buffalo.cse.cse486586.simpledynamo/u0a399 (adj 0): stop edu.buffalo.cse.cse486586.simpledynamo
W/ActivityManager( 1250): Force removing ActivityRecord{b4221700 u0 edu.buffalo.cse.cse486586.simpledynamo/.SimpleDynamoActivity t311}: app died, no saved state
W/PackageManager( 1250): Couldn't delete native library directory /data/app-lib/edu.buffalo.cse.cse486586.simpledynamo
I/WindowState( 1250): WIN DEATH: Window{b3fc3e08 u0 edu.buffalo.cse.cse486586.simpledynamo/edu.buffalo.cse.cse486586.simpledynamo.SimpleDynamoActivity}
I/ActivityManager( 1250): Force stopping edu.buffalo.cse.cse486586.simpledynamo appid=10399 user=0: pkg removed
W/InputMethodManagerService( 1250): Got RemoteException sending setActive(false) notification to pid 14326 uid 10399
W/ContextImpl( 1757): Calling a method in the system process without a qualified user: android.app.ContextImpl.startService:1479 android.content.ContextWrapper.startService:494 android.content.ContextWrapper.startService:494 com.android.keychain.KeyChainBroadcastReceiver.onReceive:12 android.app.ActivityThread.handleReceiver:2400 
D/BackupManagerService( 1250): Received broadcast Intent { act=android.intent.action.PACKAGE_REMOVED dat=package:edu.buffalo.cse.cse486586.simpledynamo flg=0x4000010 (has extras) }
V/BackupManagerService( 1250): removePackageParticipantsLocked: uid=10399 #1
W/ActivityManager( 1250): No content provider found for permission revoke: file:///data/local/tmp/SimpleDynamo.apk
W/ActivityManager( 1250): No content provider found for permission revoke: file:///data/local/tmp/SimpleDynamo.apk
I/PackageManager( 1250): Copying native libraries to /data/app-lib/vmdl897436213
I/ActivityManager( 1250): Force stopping edu.buffalo.cse.cse486586.simpledynamo appid=10400 user=-1: update pkg
D/BackupManagerService( 1250): Received broadcast Intent { act=android.intent.action.PACKAGE_ADDED dat=package:edu.buffalo.cse.cse486586.simpledynamo flg=0x4000010 (has extras) }
V/BackupManagerService( 1250): addPackageParticipantsLocked: #1
W/RecognitionManagerService( 1250): no available voice recognition services found for user 0
I/ActivityManager( 1250): Force stopping edu.buffalo.cse.cse486586.simpledynamo appid=10400 user=0: from pid 14836
I/ActivityManager( 1250): START u0 {act=android.intent.action.MAIN cat=[android.intent.category.LAUNCHER] flg=0x10000000 cmp=edu.buffalo.cse.cse486586.simpledynamo/.SimpleDynamoActivity} from pid 14836
W/WindowManager( 1250): Screenshot failure taking screenshot for (123x164) to layer 21010
I/ActivityManager( 1250): Start proc edu.buffalo.cse.cse486586.simpledynamo for activity edu.buffalo.cse.cse486586.simpledynamo/.SimpleDynamoActivity: pid=14847 uid=10400 gids={50400, 3003}
I/ActivityManager( 1250): Force stopping edu.buffalo.cse.cse486586.simpledynamo appid=10400 user=0: from pid 15864
I/ActivityManager( 1250): Killing 14847:edu.buffalo.cse.cse486586.simpledynamo/u0a400 (adj 0): stop edu.buffalo.cse.cse486586.simpledynamo
W/ActivityManager( 1250): Force removing ActivityRecord{b41f11a8 u0 edu.buffalo.cse.cse486586.simpledynamo/.SimpleDynamoActivity t312}: app died, no saved state
I/WindowState( 1250): WIN DEATH: Window{b4269408 u0 edu.buffalo.cse.cse486586.simpledynamo/edu.buffalo.cse.cse486586.simpledynamo.SimpleDynamoActivity}
W/InputMethodManagerService( 1250): Got RemoteException sending setActive(false) notification to pid 14847 uid 10400
I/ActivityManager( 1250): Force stopping edu.buffalo.cse.cse486586.simpledynamo appid=10400 user=0: from pid 15887
I/ActivityManager( 1250): START u0 {act=android.intent.action.MAIN cat=[android.intent.category.LAUNCHER] flg=0x10000000 cmp=edu.buffalo.cse.cse486586.simpledynamo/.SimpleDynamoActivity} from pid 15887
W/WindowManager( 1250): Screenshot failure taking screenshot for (123x164) to layer 21010
I/ActivityManager( 1250): Start proc edu.buffalo.cse.cse486586.simpledynamo for activity edu.buffalo.cse.cse486586.simpledynamo/.SimpleDynamoActivity: pid=15898 uid=10400 gids={50400, 3003}
I/ProcessStatsService( 1250): Prepared write state in 1ms
D/ConnectivityService( 1250): Sampling interval elapsed, updating statistics ..
D/ConnectivityService( 1250): Done.
D/ConnectivityService( 1250): Setting timer for 720seconds
I/ActivityManager( 1250): Force stopping edu.buffalo.cse.cse486586.simpledynamo appid=10400 user=-1: uninstall pkg
I/ActivityManager( 1250): Killing 15898:edu.buffalo.cse.cse486586.simpledynamo/u0a400 (adj 0): stop edu.buffalo.cse.cse486586.simpledynamo
W/ActivityManager( 1250): Force removing ActivityRecord{b4221700 u0 edu.buffalo.cse.cse486586.simpledynamo/.SimpleDynamoActivity t313}: app died, no saved state
W/PackageManager( 1250): Couldn't delete native library directory /data/app-lib/edu.buffalo.cse.cse486586.simpledynamo
I/WindowState( 1250): WIN DEATH: Window{b42c5600 u0 edu.buffalo.cse.cse486586.simpledynamo/edu.buffalo.cse.cse486586.simpledynamo.SimpleDynamoActivity}
I/ActivityManager( 1250): Force stopping edu.buffalo.cse.cse486586.simpledynamo appid=10400 user=0: pkg removed
W/InputMethodManagerService( 1250): Got RemoteException sending setActive(false) notification to pid 15898 uid 10400
W/ContextImpl( 1757): Calling a method in the system process without a qualified user: android.app.ContextImpl.startService:1479 android.content.ContextWrapper.startService:494 android.content.ContextWrapper.startService:494 com.android.keychain.KeyChainBroadcastReceiver.onReceive:12 android.app.ActivityThread.handleReceiver:2400 
D/BackupManagerService( 1250): Received broadcast Intent { act=android.intent.action.PACKAGE_REMOVED dat=package:edu.buffalo.cse.cse486586.simpledynamo flg=0x4000010 (has extras) }
V/BackupManagerService( 1250): removePackageParticipantsLocked: uid=10400 #1
W/ActivityManager( 1250): No content provider found for permission revoke: file:///data/local/tmp/SimpleDynamo.apk
W/ActivityManager( 1250): No content provider found for permission revoke: file:///data/local/tmp/SimpleDynamo.apk
I/PackageManager( 1250): Copying native libraries to /data/app-lib/vmdl-899704545
I/ActivityManager( 1250): Force stopping edu.buffalo.cse.cse486586.simpledynamo appid=10401 user=-1: update pkg
D/BackupManagerService( 1250): Received broadcast Intent { act=android.intent.action.PACKAGE_ADDED dat=package:edu.buffalo.cse.cse486586.simpledynamo flg=0x4000010 (has extras) }
V/BackupManagerService( 1250): addPackageParticipantsLocked: #1
W/RecognitionManagerService( 1250): no available voice recognition services found for user 0
I/ActivityManager( 1250): Force stopping edu.buffalo.cse.cse486586.simpledynamo appid=10401 user=0: from pid 16115
I/ActivityManager( 1250): START u0 {act=android.intent.action.MAIN cat=[android.intent.category.LAUNCHER] flg=0x10000000 cmp=edu.buffalo.cse.cse486586.simpledynamo/.SimpleDynamoActivity} from pid 16115
W/WindowManager( 1250): Screenshot failure taking screenshot for (123x164) to layer 21010
I/ActivityManager( 1250): Start proc edu.buffalo.cse.cse486586.simpledynamo for activity edu.buffalo.cse.cse486586.simpledynamo/.SimpleDynamoActivity: pid=16126 uid=10401 gids={50401, 3003}
I/ActivityManager( 1250): Force stopping edu.buffalo.cse.cse486586.simpledynamo appid=10401 user=0: from pid 16556
I/ActivityManager( 1250): Killing 16126:edu.buffalo.cse.cse486586.simpledynamo/u0a401 (adj 0): stop edu.buffalo.cse.cse486586.simpledynamo
W/ActivityManager( 1250): Force removing ActivityRecord{b4221700 u0 edu.buffalo.cse.cse486586.simpledynamo/.SimpleDynamoActivity t314}: app died, no saved state
I/WindowState( 1250): WIN DEATH: Window{b41655e8 u0 edu.buffalo.cse.cse486586.simpledynamo/edu.buffalo.cse.cse486586.simpledynamo.SimpleDynamoActivity}
W/InputMethodManagerService( 1250): Got RemoteException sending setActive(false) notification to pid 16126 uid 10401
I/ActivityManager( 1250): Force stopping edu.buffalo.cse.cse486586.simpledynamo appid=10401 user=0: from pid 16577
I/ActivityManager( 1250): START u0 {act=android.intent.action.MAIN cat=[android.intent.category.LAUNCHER] flg=0x10000000 cmp=edu.buffalo.cse.cse486586.simpledynamo/.SimpleDynamoActivity} from pid 16577
W/WindowManager( 1250): Screenshot failure taking screenshot for (123x164) to layer 21010
I/ActivityManager( 1250): Start proc edu.buffalo.cse.cse486586.simpledynamo for activity edu.buffalo.cse.cse486586.simpledynamo/.SimpleDynamoActivity: pid=16588 uid=10401 gids={50401, 3003}
W/ActivityManager( 1250): No content provider found for permission revoke: file:///data/local/tmp/SimpleDynamo.apk
W/ActivityManager( 1250): No content provider found for permission revoke: file:///data/local/tmp/SimpleDynamo.apk
I/PackageManager( 1250): Copying native libraries to /data/app-lib/vmdl1850517556
I/ActivityManager( 1250): Force stopping edu.buffalo.cse.cse486586.simpledynamo appid=10401 user=-1: uninstall pkg
I/ActivityManager( 1250): Killing 16588:edu.buffalo.cse.cse486586.simpledynamo/u0a401 (adj 0): stop edu.buffalo.cse.cse486586.simpledynamo
W/ActivityManager( 1250): Force removing ActivityRecord{b424bf10 u0 edu.buffalo.cse.cse486586.simpledynamo/.SimpleDynamoActivity t315}: app died, no saved state
I/WindowState( 1250): WIN DEATH: Window{b432a518 u0 edu.buffalo.cse.cse486586.simpledynamo/edu.buffalo.cse.cse486586.simpledynamo.SimpleDynamoActivity}
I/PackageManager( 1250): Package edu.buffalo.cse.cse486586.simpledynamo codePath changed from /data/app/edu.buffalo.cse.cse486586.simpledynamo-1.apk to /data/app/edu.buffalo.cse.cse486586.simpledynamo-2.apk; Retaining data and using new
W/InputMethodManagerService( 1250): Got RemoteException sending setActive(false) notification to pid 16588 uid 10401
W/PackageManager( 1250): Code path for pkg : edu.buffalo.cse.cse486586.simpledynamo changing from /data/app/edu.buffalo.cse.cse486586.simpledynamo-1.apk to /data/app/edu.buffalo.cse.cse486586.simpledynamo-2.apk
W/PackageManager( 1250): Resource path for pkg : edu.buffalo.cse.cse486586.simpledynamo changing from /data/app/edu.buffalo.cse.cse486586.simpledynamo-1.apk to /data/app/edu.buffalo.cse.cse486586.simpledynamo-2.apk
I/ActivityManager( 1250): Force stopping edu.buffalo.cse.cse486586.simpledynamo appid=10401 user=-1: update pkg
I/ActivityManager( 1250): Force stopping edu.buffalo.cse.cse486586.simpledynamo appid=10401 user=0: pkg removed
D/BackupManagerService( 1250): Received broadcast Intent { act=android.intent.action.PACKAGE_REMOVED dat=package:edu.buffalo.cse.cse486586.simpledynamo flg=0x4000010 (has extras) }
W/ContextImpl( 1757): Calling a method in the system process without a qualified user: android.app.ContextImpl.startService:1479 android.content.ContextWrapper.startService:494 android.content.ContextWrapper.startService:494 com.android.keychain.KeyChainBroadcastReceiver.onReceive:12 android.app.ActivityThread.handleReceiver:2400 
D/BackupManagerService( 1250): Received broadcast Intent { act=android.intent.action.PACKAGE_ADDED dat=package:edu.buffalo.cse.cse486586.simpledynamo flg=0x4000010 (has extras) }
V/BackupManagerService( 1250): removePackageParticipantsLocked: uid=10401 #1
V/BackupManagerService( 1250): addPackageParticipantsLocked: #1
W/RecognitionManagerService( 1250): no available voice recognition services found for user 0
W/ActivityManager( 1250): No content provider found for permission revoke: file:///data/local/tmp/SimpleDynamo.apk
W/ActivityManager( 1250): No content provider found for permission revoke: file:///data/local/tmp/SimpleDynamo.apk
I/PackageManager( 1250): Copying native libraries to /data/app-lib/vmdl-1961695812
I/ActivityManager( 1250): Force stopping edu.buffalo.cse.cse486586.simpledynamo appid=10401 user=-1: uninstall pkg
I/PackageManager( 1250): Package edu.buffalo.cse.cse486586.simpledynamo codePath changed from /data/app/edu.buffalo.cse.cse486586.simpledynamo-2.apk to /data/app/edu.buffalo.cse.cse486586.simpledynamo-1.apk; Retaining data and using new
W/PackageManager( 1250): Code path for pkg : edu.buffalo.cse.cse486586.simpledynamo changing from /data/app/edu.buffalo.cse.cse486586.simpledynamo-2.apk to /data/app/edu.buffalo.cse.cse486586.simpledynamo-1.apk
W/PackageManager( 1250): Resource path for pkg : edu.buffalo.cse.cse486586.simpledynamo changing from /data/app/edu.buffalo.cse.cse486586.simpledynamo-2.apk to /data/app/edu.buffalo.cse.cse486586.simpledynamo-1.apk
I/ActivityManager( 1250): Force stopping edu.buffalo.cse.cse486586.simpledynamo appid=10401 user=-1: update pkg
I/ActivityManager( 1250): Force stopping edu.buffalo.cse.cse486586.simpledynamo appid=10401 user=0: pkg removed
D/BackupManagerService( 1250): Received broadcast Intent { act=android.intent.action.PACKAGE_REMOVED dat=package:edu.buffalo.cse.cse486586.simpledynamo flg=0x4000010 (has extras) }
D/BackupManagerService( 1250): Received broadcast Intent { act=android.intent.action.PACKAGE_ADDED dat=package:edu.buffalo.cse.cse486586.simpledynamo flg=0x4000010 (has extras) }
V/BackupManagerService( 1250): removePackageParticipantsLocked: uid=10401 #1
V/BackupManagerService( 1250): addPackageParticipantsLocked: #1
W/ContextImpl( 1757): Calling a method in the system process without a qualified user: android.app.ContextImpl.startService:1479 android.content.ContextWrapper.startService:494 android.content.ContextWrapper.startService:494 com.android.keychain.KeyChainBroadcastReceiver.onReceive:12 android.app.ActivityThread.handleReceiver:2400 
W/RecognitionManagerService( 1250): no available voice recognition services found for user 0
I/ActivityManager( 1250): START u0 {act=android.intent.action.MAIN cat=[android.intent.category.LAUNCHER] flg=0x10000000 cmp=edu.buffalo.cse.cse486586.simpledynamo/.SimpleDynamoActivity} from pid 16682
W/WindowManager( 1250): Screenshot failure taking screenshot for (123x164) to layer 21005
I/ActivityManager( 1250): Start proc edu.buffalo.cse.cse486586.simpledynamo for activity edu.buffalo.cse.cse486586.simpledynamo/.SimpleDynamoActivity: pid=16693 uid=10401 gids={50401, 3003}
I/ActivityManager( 1250): START u0 {act=android.intent.action.MAIN cat=[android.intent.category.LAUNCHER] flg=0x10000000 cmp=edu.buffalo.cse.cse486586.simpledynamo/.SimpleDynamoActivity} from pid 16709
W/ActivityManager( 1250): Launch timeout has expired, giving up wake lock!
E/WindowManager( 1250): Starting window AppWindowToken{b43869a8 token=Token{b4320628 ActivityRecord{b41e76b0 u0 edu.buffalo.cse.cse486586.simpledynamo/.SimpleDynamoActivity t316}}} timed out
I/ActivityManager( 1250): Force stopping edu.buffalo.cse.cse486586.simpledynamo appid=10401 user=-1: uninstall pkg
I/ActivityManager( 1250): Killing 16693:edu.buffalo.cse.cse486586.simpledynamo/u0a401 (adj 0): stop edu.buffalo.cse.cse486586.simpledynamo
I/ActivityManager( 1250):   Force finishing activity ActivityRecord{b41e76b0 u0 edu.buffalo.cse.cse486586.simpledynamo/.SimpleDynamoActivity t316}
W/PackageManager( 1250): Couldn't delete native library directory /data/app-lib/edu.buffalo.cse.cse486586.simpledynamo
I/ActivityManager( 1250): Force stopping edu.buffalo.cse.cse486586.simpledynamo appid=10401 user=0: pkg removed
W/InputMethodManagerService( 1250): Window already focused, ignoring focus gain of: com.android.internal.view.IInputMethodClient$Stub$Proxy@b4281508 attribute=null, token = android.os.BinderProxy@b4260958
D/BackupManagerService( 1250): Received broadcast Intent { act=android.intent.action.PACKAGE_REMOVED dat=package:edu.buffalo.cse.cse486586.simpledynamo flg=0x4000010 (has extras) }
V/BackupManagerService( 1250): removePackageParticipantsLocked: uid=10401 #1
W/ContextImpl( 1757): Calling a method in the system process without a qualified user: android.app.ContextImpl.startService:1479 android.content.ContextWrapper.startService:494 android.content.ContextWrapper.startService:494 com.android.keychain.KeyChainBroadcastReceiver.onReceive:12 android.app.ActivityThread.handleReceiver:2400 
W/ActivityManager( 1250): No content provider found for permission revoke: file:///data/local/tmp/SimpleDynamo.apk
W/ActivityManager( 1250): No content provider found for permission revoke: file:///data/local/tmp/SimpleDynamo.apk
I/PackageManager( 1250): Copying native libraries to /data/app-lib/vmdl1992345076
I/ActivityManager( 1250): Force stopping edu.buffalo.cse.cse486586.simpledynamo appid=10402 user=-1: update pkg
D/BackupManagerService( 1250): Received broadcast Intent { act=android.intent.action.PACKAGE_ADDED dat=package:edu.buffalo.cse.cse486586.simpledynamo flg=0x4000010 (has extras) }
V/BackupManagerService( 1250): addPackageParticipantsLocked: #1
W/RecognitionManagerService( 1250): no available voice recognition services found for user 0
I/ActivityManager( 1250): Force stopping edu.buffalo.cse.cse486586.simpledynamo appid=10402 user=0: from pid 16765
I/ActivityManager( 1250): START u0 {act=android.intent.action.MAIN cat=[android.intent.category.LAUNCHER] flg=0x10000000 cmp=edu.buffalo.cse.cse486586.simpledynamo/.SimpleDynamoActivity} from pid 16765
W/WindowManager( 1250): Screenshot failure taking screenshot for (123x164) to layer 21010
I/ActivityManager( 1250): Start proc edu.buffalo.cse.cse486586.simpledynamo for activity edu.buffalo.cse.cse486586.simpledynamo/.SimpleDynamoActivity: pid=16776 uid=10402 gids={50402, 3003}
W/ActivityManager( 1250): Launch timeout has expired, giving up wake lock!
