E/WindowManager( 1250): Starting window AppWindowToken{b4364318 token=Token{b4073780 ActivityRecord{b41e76b0 u0 edu.buffalo.cse.cse486586.simpledynamo/.SimpleDynamoActivity t317}}} timed out
I/ActivityManager( 1250): Force stopping edu.buffalo.cse.cse486586.simpledynamo appid=10402 user=0: from pid 16793
I/ActivityManager( 1250): Killing 16776:edu.buffalo.cse.cse486586.simpledynamo/u0a402 (adj 0): stop edu.buffalo.cse.cse486586.simpledynamo
I/ActivityManager( 1250):   Force finishing activity ActivityRecord{b41e76b0 u0 edu.buffalo.cse.cse486586.simpledynamo/.SimpleDynamoActivity t317}
W/InputMethodManagerService( 1250): Window already focused, ignoring focus gain of: com.android.internal.view.IInputMethodClient$Stub$Proxy@b43265f0 attribute=null, token = android.os.BinderProxy@b4260958
V/BackupManagerService( 1250): Running a backup pass
D/ConnectivityService( 1250): Sampling interval elapsed, updating statistics ..
D/ConnectivityService( 1250): Done.
D/ConnectivityService( 1250): Setting timer for 720seconds
V/BackupManagerService( 1250): clearing pending backups
V/PerformBackupTask( 1250): Beginning backup of 7 targets
I/PerformBackupTask( 1250): Initializing (wiping) backup state and transport storage
D/BackupManagerService( 1250): Now staging backup of android
D/BackupManagerService( 1250): Now staging backup of com.android.providers.settings
D/BackupManagerService( 1250): Now staging backup of com.android.providers.userdictionary
D/BackupManagerService( 1250): Now staging backup of com.android.dialer
D/BackupManagerService( 1250): Now staging backup of com.android.sharedstoragebackup
D/BackupManagerService( 1250): Now staging backup of com.android.browser
D/BackupManagerService( 1250): Now staging backup of com.android.calendar
D/PerformBackupTask( 1250): invokeAgentForBackup on @pm@
E/PerformBackupTask( 1250): Error invoking for backup on @pm@
I/PerformBackupTask( 1250): Backup pass finished.
E/PerformBackupTask( 1250): Duplicate finish
I/ProcessStatsService( 1250): Prepared write state in 1ms
I/ProcessStatsService( 1250): Prepared write state in 2ms
W/ActivityManager( 1250): No content provider found for permission revoke: file:///data/local/tmp/SimpleDynamo.apk
W/ActivityManager( 1250): No content provider found for permission revoke: file:///data/local/tmp/SimpleDynamo.apk
I/PackageManager( 1250): Copying native libraries to /data/app-lib/vmdl-830584293
I/ActivityManager( 1250): Force stopping edu.buffalo.cse.cse486586.simpledynamo appid=10402 user=-1: uninstall pkg
I/PackageManager( 1250): Package edu.buffalo.cse.cse486586.simpledynamo codePath changed from /data/app/edu.buffalo.cse.cse486586.simpledynamo-1.apk to /data/app/edu.buffalo.cse.cse486586.simpledynamo-2.apk; Retaining data and using new
W/PackageManager( 1250): Code path for pkg : edu.buffalo.cse.cse486586.simpledynamo changing from /data/app/edu.buffalo.cse.cse486586.simpledynamo-1.apk to /data/app/edu.buffalo.cse.cse486586.simpledynamo-2.apk
W/PackageManager( 1250): Resource path for pkg : edu.buffalo.cse.cse486586.simpledynamo changing from /data/app/edu.buffalo.cse.cse486586.simpledynamo-1.apk to /data/app/edu.buffalo.cse.cse486586.simpledynamo-2.apk
I/ActivityManager( 1250): Force stopping edu.buffalo.cse.cse486586.simpledynamo appid=10402 user=-1: update pkg
D/BackupManagerService( 1250): Received broadcast Intent { act=android.intent.action.PACKAGE_REMOVED dat=package:edu.buffalo.cse.cse486586.simpledynamo flg=0x4000010 (has extras) }
I/ActivityManager( 1250): Force stopping edu.buffalo.cse.cse486586.simpledynamo appid=10402 user=0: pkg removed
D/BackupManagerService( 1250): Received broadcast Intent { act=android.intent.action.PACKAGE_ADDED dat=package:edu.buffalo.cse.cse486586.simpledynamo flg=0x4000010 (has extras) }
V/BackupManagerService( 1250): removePackageParticipantsLocked: uid=10402 #1
V/BackupManagerService( 1250): addPackageParticipantsLocked: #1
W/ContextImpl( 1757): Calling a method in the system process without a qualified user: android.app.ContextImpl.startService:1479 android.content.ContextWrapper.startService:494 android.content.ContextWrapper.startService:494 com.android.keychain.KeyChainBroadcastReceiver.onReceive:12 android.app.ActivityThread.handleReceiver:2400 
W/RecognitionManagerService( 1250): no available voice recognition services found for user 0
I/ActivityManager( 1250): START u0 {act=android.intent.action.MAIN cat=[android.intent.category.LAUNCHER] flg=0x10000000 cmp=edu.buffalo.cse.cse486586.simpledynamo/.SimpleDynamoActivity} from pid 16824
W/WindowManager( 1250): Screenshot failure taking screenshot for (123x164) to layer 21005
I/ActivityManager( 1250): Start proc edu.buffalo.cse.cse486586.simpledynamo for activity edu.buffalo.cse.cse486586.simpledynamo/.SimpleDynamoActivity: pid=16836 uid=10402 gids={50402, 3003}
I/ActivityManager( 1250): Force stopping edu.buffalo.cse.cse486586.simpledynamo appid=10402 user=-1: uninstall pkg
I/ActivityManager( 1250): Killing 16836:edu.buffalo.cse.cse486586.simpledynamo/u0a402 (adj 0): stop edu.buffalo.cse.cse486586.simpledynamo
I/ActivityManager( 1250):   Force finishing activity ActivityRecord{b42c3da8 u0 edu.buffalo.cse.cse486586.simpledynamo/.SimpleDynamoActivity t318}
W/PackageManager( 1250): Couldn't delete native library directory /data/app-lib/edu.buffalo.cse.cse486586.simpledynamo
I/ActivityManager( 1250): Force stopping edu.buffalo.cse.cse486586.simpledynamo appid=10402 user=0: pkg removed
D/BackupManagerService( 1250): Received broadcast Intent { act=android.intent.action.PACKAGE_REMOVED dat=package:edu.buffalo.cse.cse486586.simpledynamo flg=0x4000010 (has extras) }
V/BackupManagerService( 1250): removePackageParticipantsLocked: uid=10402 #1
W/InputMethodManagerService( 1250): Window already focused, ignoring focus gain of: com.android.internal.view.IInputMethodClient$Stub$Proxy@b4351428 attribute=null, token = android.os.BinderProxy@b4260958
W/ContextImpl( 1757): Calling a method in the system process without a qualified user: android.app.ContextImpl.startService:1479 android.content.ContextWrapper.startService:494 android.content.ContextWrapper.startService:494 com.android.keychain.KeyChainBroadcastReceiver.onReceive:12 android.app.ActivityThread.handleReceiver:2400 
W/ActivityManager( 1250): No content provider found for permission revoke: file:///data/local/tmp/SimpleDynamo.apk
W/ActivityManager( 1250): No content provider found for permission revoke: file:///data/local/tmp/SimpleDynamo.apk
I/PackageManager( 1250): Copying native libraries to /data/app-lib/vmdl545147801
I/ActivityManager( 1250): Force stopping edu.buffalo.cse.cse486586.simpledynamo appid=10403 user=-1: update pkg
D/BackupManagerService( 1250): Received broadcast Intent { act=android.intent.action.PACKAGE_ADDED dat=package:edu.buffalo.cse.cse486586.simpledynamo flg=0x4000010 (has extras) }
V/BackupManagerService( 1250): addPackageParticipantsLocked: #1
W/RecognitionManagerService( 1250): no available voice recognition services found for user 0
I/ActivityManager( 1250): Force stopping edu.buffalo.cse.cse486586.simpledynamo appid=10403 user=0: from pid 16897
I/ActivityManager( 1250): START u0 {act=android.intent.action.MAIN cat=[android.intent.category.LAUNCHER] flg=0x10000000 cmp=edu.buffalo.cse.cse486586.simpledynamo/.SimpleDynamoActivity} from pid 16897
W/WindowManager( 1250): Screenshot failure taking screenshot for (123x164) to layer 21010
I/ActivityManager( 1250): Start proc edu.buffalo.cse.cse486586.simpledynamo for activity edu.buffalo.cse.cse486586.simpledynamo/.SimpleDynamoActivity: pid=16908 uid=10403 gids={50403, 3003}
W/ActivityManager( 1250): Launch timeout has expired, giving up wake lock!
E/WindowManager( 1250): Starting window AppWindowToken{b43443d0 token=Token{b4179fb0 ActivityRecord{b424bf10 u0 edu.buffalo.cse.cse486586.simpledynamo/.SimpleDynamoActivity t319}}} timed out
D/ConnectivityService( 1250): Sampling interval elapsed, updating statistics ..
D/ConnectivityService( 1250): Done.
D/ConnectivityService( 1250): Setting timer for 720seconds
D/ConnectivityService( 1250): Sampling interval elapsed, updating statistics ..
D/ConnectivityService( 1250): Done.
D/ConnectivityService( 1250): Setting timer for 720seconds
W/ActivityManager( 1250): No content provider found for permission revoke: file:///data/local/tmp/SimpleDynamo.apk
W/ActivityManager( 1250): No content provider found for permission revoke: file:///data/local/tmp/SimpleDynamo.apk
I/PackageManager( 1250): Copying native libraries to /data/app-lib/vmdl716491780
I/ActivityManager( 1250): Force stopping edu.buffalo.cse.cse486586.simpledynamo appid=10403 user=-1: uninstall pkg
I/ActivityManager( 1250): Killing 16908:edu.buffalo.cse.cse486586.simpledynamo/u0a403 (adj 0): stop edu.buffalo.cse.cse486586.simpledynamo
I/ActivityManager( 1250):   Force finishing activity ActivityRecord{b424bf10 u0 edu.buffalo.cse.cse486586.simpledynamo/.SimpleDynamoActivity t319}
I/PackageManager( 1250): Package edu.buffalo.cse.cse486586.simpledynamo codePath changed from /data/app/edu.buffalo.cse.cse486586.simpledynamo-1.apk to /data/app/edu.buffalo.cse.cse486586.simpledynamo-2.apk; Retaining data and using new
W/InputMethodManagerService( 1250): Window already focused, ignoring focus gain of: com.android.internal.view.IInputMethodClient$Stub$Proxy@b42de338 attribute=null, token = android.os.BinderProxy@b4260958
W/PackageManager( 1250): Code path for pkg : edu.buffalo.cse.cse486586.simpledynamo changing from /data/app/edu.buffalo.cse.cse486586.simpledynamo-1.apk to /data/app/edu.buffalo.cse.cse486586.simpledynamo-2.apk
W/PackageManager( 1250): Resource path for pkg : edu.buffalo.cse.cse486586.simpledynamo changing from /data/app/edu.buffalo.cse.cse486586.simpledynamo-1.apk to /data/app/edu.buffalo.cse.cse486586.simpledynamo-2.apk
I/ActivityManager( 1250): Force stopping edu.buffalo.cse.cse486586.simpledynamo appid=10403 user=-1: update pkg
I/ActivityManager( 1250): Force stopping edu.buffalo.cse.cse486586.simpledynamo appid=10403 user=0: pkg removed
D/BackupManagerService( 1250): Received broadcast Intent { act=android.intent.action.PACKAGE_REMOVED dat=package:edu.buffalo.cse.cse486586.simpledynamo flg=0x4000010 (has extras) }
D/BackupManagerService( 1250): Received broadcast Intent { act=android.intent.action.PACKAGE_ADDED dat=package:edu.buffalo.cse.cse486586.simpledynamo flg=0x4000010 (has extras) }
V/BackupManagerService( 1250): removePackageParticipantsLocked: uid=10403 #1
V/BackupManagerService( 1250): addPackageParticipantsLocked: #1
W/ContextImpl( 1757): Calling a method in the system process without a qualified user: android.app.ContextImpl.startService:1479 android.content.ContextWrapper.startService:494 android.content.ContextWrapper.startService:494 com.android.keychain.KeyChainBroadcastReceiver.onReceive:12 android.app.ActivityThread.handleReceiver:2400 
W/RecognitionManagerService( 1250): no available voice recognition services found for user 0
I/ActivityManager( 1250): START u0 {act=android.intent.action.MAIN cat=[android.intent.category.LAUNCHER] flg=0x10000000 cmp=edu.buffalo.cse.cse486586.simpledynamo/.SimpleDynamoActivity} from pid 16945
W/WindowManager( 1250): Screenshot failure taking screenshot for (123x164) to layer 21005
I/ActivityManager( 1250): Start proc edu.buffalo.cse.cse486586.simpledynamo for activity edu.buffalo.cse.cse486586.simpledynamo/.SimpleDynamoActivity: pid=16956 uid=10403 gids={50403, 3003}
I/ActivityManager( 1250): Force stopping edu.buffalo.cse.cse486586.simpledynamo appid=10403 user=-1: uninstall pkg
I/ActivityManager( 1250): Killing 16956:edu.buffalo.cse.cse486586.simpledynamo/u0a403 (adj 0): stop edu.buffalo.cse.cse486586.simpledynamo
I/ActivityManager( 1250):   Force finishing activity ActivityRecord{b4221700 u0 edu.buffalo.cse.cse486586.simpledynamo/.SimpleDynamoActivity t320}
W/InputMethodManagerService( 1250): Window already focused, ignoring focus gain of: com.android.internal.view.IInputMethodClient$Stub$Proxy@b4163630 attribute=null, token = android.os.BinderProxy@b4260958
W/PackageManager( 1250): Couldn't delete native library directory /data/app-lib/edu.buffalo.cse.cse486586.simpledynamo
I/ActivityManager( 1250): Force stopping edu.buffalo.cse.cse486586.simpledynamo appid=10403 user=0: pkg removed
W/ContextImpl( 1757): Calling a method in the system process without a qualified user: android.app.ContextImpl.startService:1479 android.content.ContextWrapper.startService:494 android.content.ContextWrapper.startService:494 com.android.keychain.KeyChainBroadcastReceiver.onReceive:12 android.app.ActivityThread.handleReceiver:2400 
D/BackupManagerService( 1250): Received broadcast Intent { act=android.intent.action.PACKAGE_REMOVED dat=package:edu.buffalo.cse.cse486586.simpledynamo flg=0x4000010 (has extras) }
V/BackupManagerService( 1250): removePackageParticipantsLocked: uid=10403 #1
W/ActivityManager( 1250): No content provider found for permission revoke: file:///data/local/tmp/SimpleDynamo.apk
W/ActivityManager( 1250): No content provider found for permission revoke: file:///data/local/tmp/SimpleDynamo.apk
I/PackageManager( 1250): Copying native libraries to /data/app-lib/vmdl1553897515
I/ActivityManager( 1250): Force stopping edu.buffalo.cse.cse486586.simpledynamo appid=10404 user=-1: update pkg
D/BackupManagerService( 1250): Received broadcast Intent { act=android.intent.action.PACKAGE_ADDED dat=package:edu.buffalo.cse.cse486586.simpledynamo flg=0x4000010 (has extras) }
V/BackupManagerService( 1250): addPackageParticipantsLocked: #1
W/RecognitionManagerService( 1250): no available voice recognition services found for user 0
I/ActivityManager( 1250): Force stopping edu.buffalo.cse.cse486586.simpledynamo appid=10404 user=0: from pid 17017
I/ActivityManager( 1250): START u0 {act=android.intent.action.MAIN cat=[android.intent.category.LAUNCHER] flg=0x10000000 cmp=edu.buffalo.cse.cse486586.simpledynamo/.SimpleDynamoActivity} from pid 17017
W/WindowManager( 1250): Screenshot failure taking screenshot for (123x164) to layer 21010
I/ActivityManager( 1250): Start proc edu.buffalo.cse.cse486586.simpledynamo for activity edu.buffalo.cse.cse486586.simpledynamo/.SimpleDynamoActivity: pid=17028 uid=10404 gids={50404, 3003}
W/ActivityManager( 1250): Launch timeout has expired, giving up wake lock!
E/WindowManager( 1250): Starting window AppWindowToken{b435f4a8 token=Token{b418af40 ActivityRecord{b41bc188 u0 edu.buffalo.cse.cse486586.simpledynamo/.SimpleDynamoActivity t321}}} timed out
W/ActivityManager( 1250): No content provider found for permission revoke: file:///data/local/tmp/SimpleDynamo.apk
W/ActivityManager( 1250): No content provider found for permission revoke: file:///data/local/tmp/SimpleDynamo.apk
I/PackageManager( 1250): Copying native libraries to /data/app-lib/vmdl826772055
I/ActivityManager( 1250): Force stopping edu.buffalo.cse.cse486586.simpledynamo appid=10404 user=-1: uninstall pkg
I/ActivityManager( 1250): Killing 17028:edu.buffalo.cse.cse486586.simpledynamo/u0a404 (adj 0): stop edu.buffalo.cse.cse486586.simpledynamo
I/ActivityManager( 1250):   Force finishing activity ActivityRecord{b41bc188 u0 edu.buffalo.cse.cse486586.simpledynamo/.SimpleDynamoActivity t321}
I/PackageManager( 1250): Package edu.buffalo.cse.cse486586.simpledynamo codePath changed from /data/app/edu.buffalo.cse.cse486586.simpledynamo-1.apk to /data/app/edu.buffalo.cse.cse486586.simpledynamo-2.apk; Retaining data and using new
W/PackageManager( 1250): Code path for pkg : edu.buffalo.cse.cse486586.simpledynamo changing from /data/app/edu.buffalo.cse.cse486586.simpledynamo-1.apk to /data/app/edu.buffalo.cse.cse486586.simpledynamo-2.apk
W/PackageManager( 1250): Resource path for pkg : edu.buffalo.cse.cse486586.simpledynamo changing from /data/app/edu.buffalo.cse.cse486586.simpledynamo-1.apk to /data/app/edu.buffalo.cse.cse486586.simpledynamo-2.apk
I/ActivityManager( 1250): Force stopping edu.buffalo.cse.cse486586.simpledynamo appid=10404 user=-1: update pkg
W/InputMethodManagerService( 1250): Window already focused, ignoring focus gain of: com.android.internal.view.IInputMethodClient$Stub$Proxy@b422a738 attribute=null, token = android.os.BinderProxy@b4260958
I/ActivityManager( 1250): Force stopping edu.buffalo.cse.cse486586.simpledynamo appid=10404 user=0: pkg removed
D/BackupManagerService( 1250): Received broadcast Intent { act=android.intent.action.PACKAGE_REMOVED dat=package:edu.buffalo.cse.cse486586.simpledynamo flg=0x4000010 (has extras) }
D/BackupManagerService( 1250): Received broadcast Intent { act=android.intent.action.PACKAGE_ADDED dat=package:edu.buffalo.cse.cse486586.simpledynamo flg=0x4000010 (has extras) }
V/BackupManagerService( 1250): removePackageParticipantsLocked: uid=10404 #1
V/BackupManagerService( 1250): addPackageParticipantsLocked: #1
W/ContextImpl( 1757): Calling a method in the system process without a qualified user: android.app.ContextImpl.startService:1479 android.content.ContextWrapper.startService:494 android.content.ContextWrapper.startService:494 com.android.keychain.KeyChainBroadcastReceiver.onReceive:12 android.app.ActivityThread.handleReceiver:2400 
W/RecognitionManagerService( 1250): no available voice recognition services found for user 0
I/ActivityManager( 1250): START u0 {act=android.intent.action.MAIN cat=[android.intent.category.LAUNCHER] flg=0x10000000 cmp=edu.buffalo.cse.cse486586.simpledynamo/.SimpleDynamoActivity} from pid 17065
W/WindowManager( 1250): Screenshot failure taking screenshot for (123x164) to layer 21005
I/ActivityManager( 1250): Start proc edu.buffalo.cse.cse486586.simpledynamo for activity edu.buffalo.cse.cse486586.simpledynamo/.SimpleDynamoActivity: pid=17076 uid=10404 gids={50404, 3003}
I/ActivityManager( 1250): Force stopping edu.buffalo.cse.cse486586.simpledynamo appid=10404 user=-1: uninstall pkg
I/ActivityManager( 1250): Killing 17076:edu.buffalo.cse.cse486586.simpledynamo/u0a404 (adj 0): stop edu.buffalo.cse.cse486586.simpledynamo
I/ActivityManager( 1250):   Force finishing activity ActivityRecord{b4177ad0 u0 edu.buffalo.cse.cse486586.simpledynamo/.SimpleDynamoActivity t322}
W/PackageManager( 1250): Couldn't delete native library directory /data/app-lib/edu.buffalo.cse.cse486586.simpledynamo
I/ActivityManager( 1250): Force stopping edu.buffalo.cse.cse486586.simpledynamo appid=10404 user=0: pkg removed
I/ActivityManager( 1250):   Force finishing activity ActivityRecord{b4177ad0 u0 edu.buffalo.cse.cse486586.simpledynamo/.SimpleDynamoActivity t322 f}
W/ActivityManager( 1250): Duplicate finish request for ActivityRecord{b4177ad0 u0 edu.buffalo.cse.cse486586.simpledynamo/.SimpleDynamoActivity t322 f}
D/BackupManagerService( 1250): Received broadcast Intent { act=android.intent.action.PACKAGE_REMOVED dat=package:edu.buffalo.cse.cse486586.simpledynamo flg=0x4000010 (has extras) }
V/BackupManagerService( 1250): removePackageParticipantsLocked: uid=10404 #1
W/InputMethodManagerService( 1250): Window already focused, ignoring focus gain of: com.android.internal.view.IInputMethodClient$Stub$Proxy@b3f86098 attribute=null, token = android.os.BinderProxy@b4260958
W/ContextImpl( 1757): Calling a method in the system process without a qualified user: android.app.ContextImpl.startService:1479 android.content.ContextWrapper.startService:494 android.content.ContextWrapper.startService:494 com.android.keychain.KeyChainBroadcastReceiver.onReceive:12 android.app.ActivityThread.handleReceiver:2400 
W/ActivityManager( 1250): No content provider found for permission revoke: file:///data/local/tmp/SimpleDynamo.apk
W/ActivityManager( 1250): No content provider found for permission revoke: file:///data/local/tmp/SimpleDynamo.apk
I/PackageManager( 1250): Copying native libraries to /data/app-lib/vmdl-817535444
I/ActivityManager( 1250): Force stopping edu.buffalo.cse.cse486586.simpledynamo appid=10405 user=-1: update pkg
W/RecognitionManagerService( 1250): no available voice recognition services found for user 0
D/BackupManagerService( 1250): Received broadcast Intent { act=android.intent.action.PACKAGE_ADDED dat=package:edu.buffalo.cse.cse486586.simpledynamo flg=0x4000010 (has extras) }
V/BackupManagerService( 1250): addPackageParticipantsLocked: #1
I/ActivityManager( 1250): Force stopping edu.buffalo.cse.cse486586.simpledynamo appid=10405 user=0: from pid 17138
I/ActivityManager( 1250): START u0 {act=android.intent.action.MAIN cat=[android.intent.category.LAUNCHER] flg=0x10000000 cmp=edu.buffalo.cse.cse486586.simpledynamo/.SimpleDynamoActivity} from pid 17138
W/WindowManager( 1250): Screenshot failure taking screenshot for (123x164) to layer 21010
I/ActivityManager( 1250): Start proc edu.buffalo.cse.cse486586.simpledynamo for activity edu.buffalo.cse.cse486586.simpledynamo/.SimpleDynamoActivity: pid=17149 uid=10405 gids={50405, 3003}
W/ActivityManager( 1250): Launch timeout has expired, giving up wake lock!
E/WindowManager( 1250): Starting window AppWindowToken{b435d140 token=Token{b41e13d8 ActivityRecord{b3fbce90 u0 edu.buffalo.cse.cse486586.simpledynamo/.SimpleDynamoActivity t323}}} timed out
I/ActivityManager( 1250): Force stopping edu.buffalo.cse.cse486586.simpledynamo appid=10405 user=0: from pid 17166
I/ActivityManager( 1250): Killing 17149:edu.buffalo.cse.cse486586.simpledynamo/u0a405 (adj 0): stop edu.buffalo.cse.cse486586.simpledynamo
I/ActivityManager( 1250):   Force finishing activity ActivityRecord{b3fbce90 u0 edu.buffalo.cse.cse486586.simpledynamo/.SimpleDynamoActivity t323}
W/InputMethodManagerService( 1250): Window already focused, ignoring focus gain of: com.android.internal.view.IInputMethodClient$Stub$Proxy@b42070c8 attribute=null, token = android.os.BinderProxy@b4260958
I/ProcessStatsService( 1250): Prepared write state in 0ms
W/ActivityManager( 1250): No content provider found for permission revoke: file:///data/local/tmp/SimpleDynamo.apk
W/ActivityManager( 1250): No content provider found for permission revoke: file:///data/local/tmp/SimpleDynamo.apk
I/PackageManager( 1250): Copying native libraries to /data/app-lib/vmdl748292499
I/ActivityManager( 1250): Force stopping edu.buffalo.cse.cse486586.simpledynamo appid=10405 user=-1: uninstall pkg
I/PackageManager( 1250): Package edu.buffalo.cse.cse486586.simpledynamo codePath changed from /data/app/edu.buffalo.cse.cse486586.simpledynamo-1.apk to /data/app/edu.buffalo.cse.cse486586.simpledynamo-2.apk; Retaining data and using new
W/PackageManager( 1250): Code path for pkg : edu.buffalo.cse.cse486586.simpledynamo changing from /data/app/edu.buffalo.cse.cse486586.simpledynamo-1.apk to /data/app/edu.buffalo.cse.cse486586.simpledynamo-2.apk
W/PackageManager( 1250): Resource path for pkg : edu.buffalo.cse.cse486586.simpledynamo changing from /data/app/edu.buffalo.cse.cse486586.simpledynamo-1.apk to /data/app/edu.buffalo.cse.cse486586.simpledynamo-2.apk
I/ActivityManager( 1250): Force stopping edu.buffalo.cse.cse486586.simpledynamo appid=10405 user=-1: update pkg
I/ActivityManager( 1250): Force stopping edu.buffalo.cse.cse486586.simpledynamo appid=10405 user=0: pkg removed
D/BackupManagerService( 1250): Received broadcast Intent { act=android.intent.action.PACKAGE_REMOVED dat=package:edu.buffalo.cse.cse486586.simpledynamo flg=0x4000010 (has extras) }
W/ContextImpl( 1757): Calling a method in the system process without a qualified user: android.app.ContextImpl.startService:1479 android.content.ContextWrapper.startService:494 android.content.ContextWrapper.startService:494 com.android.keychain.KeyChainBroadcastReceiver.onReceive:12 android.app.ActivityThread.handleReceiver:2400 
D/BackupManagerService( 1250): Received broadcast Intent { act=android.intent.action.PACKAGE_ADDED dat=package:edu.buffalo.cse.cse486586.simpledynamo flg=0x4000010 (has extras) }
V/BackupManagerService( 1250): removePackageParticipantsLocked: uid=10405 #1
V/BackupManagerService( 1250): addPackageParticipantsLocked: #1
W/RecognitionManagerService( 1250): no available voice recognition services found for user 0
I/ActivityManager( 1250): START u0 {act=android.intent.action.MAIN cat=[android.intent.category.LAUNCHER] flg=0x10000000 cmp=edu.buffalo.cse.cse486586.simpledynamo/.SimpleDynamoActivity} from pid 17196
W/WindowManager( 1250): Screenshot failure taking screenshot for (123x164) to layer 21005
I/ActivityManager( 1250): Start proc edu.buffalo.cse.cse486586.simpledynamo for activity edu.buffalo.cse.cse486586.simpledynamo/.SimpleDynamoActivity: pid=17207 uid=10405 gids={50405, 3003}
I/ActivityManager( 1250): Force stopping edu.buffalo.cse.cse486586.simpledynamo appid=10405 user=-1: uninstall pkg
I/ActivityManager( 1250): Killing 17207:edu.buffalo.cse.cse486586.simpledynamo/u0a405 (adj 0): stop edu.buffalo.cse.cse486586.simpledynamo
W/ActivityManager( 1250): Force removing ActivityRecord{b3fbce90 u0 edu.buffalo.cse.cse486586.simpledynamo/.SimpleDynamoActivity t324}: app died, no saved state
W/PackageManager( 1250): Couldn't delete native library directory /data/app-lib/edu.buffalo.cse.cse486586.simpledynamo
I/WindowState( 1250): WIN DEATH: Window{b425e888 u0 edu.buffalo.cse.cse486586.simpledynamo/edu.buffalo.cse.cse486586.simpledynamo.SimpleDynamoActivity}
I/ActivityManager( 1250): Force stopping edu.buffalo.cse.cse486586.simpledynamo appid=10405 user=0: pkg removed
D/BackupManagerService( 1250): Received broadcast Intent { act=android.intent.action.PACKAGE_REMOVED dat=package:edu.buffalo.cse.cse486586.simpledynamo flg=0x4000010 (has extras) }
V/BackupManagerService( 1250): removePackageParticipantsLocked: uid=10405 #1
W/InputMethodManagerService( 1250): Got RemoteException sending setActive(false) notification to pid 17207 uid 10405
W/ContextImpl( 1757): Calling a method in the system process without a qualified user: android.app.ContextImpl.startService:1479 android.content.ContextWrapper.startService:494 android.content.ContextWrapper.startService:494 com.android.keychain.KeyChainBroadcastReceiver.onReceive:12 android.app.ActivityThread.handleReceiver:2400 
W/ActivityManager( 1250): No content provider found for permission revoke: file:///data/local/tmp/SimpleDynamo.apk
W/ActivityManager( 1250): No content provider found for permission revoke: file:///data/local/tmp/SimpleDynamo.apk
I/PackageManager( 1250): Copying native libraries to /data/app-lib/vmdl1141330871
I/ActivityManager( 1250): Force stopping edu.buffalo.cse.cse486586.simpledynamo appid=10406 user=-1: update pkg
D/BackupManagerService( 1250): Received broadcast Intent { act=android.intent.action.PACKAGE_ADDED dat=package:edu.buffalo.cse.cse486586.simpledynamo flg=0x4000010 (has extras) }
V/BackupManagerService( 1250): addPackageParticipantsLocked: #1
W/RecognitionManagerService( 1250): no available voice recognition services found for user 0
I/ActivityManager( 1250): Force stopping edu.buffalo.cse.cse486586.simpledynamo appid=10406 user=0: from pid 17270
I/ActivityManager( 1250): START u0 {act=android.intent.action.MAIN cat=[android.intent.category.LAUNCHER] flg=0x10000000 cmp=edu.buffalo.cse.cse486586.simpledynamo/.SimpleDynamoActivity} from pid 17270
W/WindowManager( 1250): Screenshot failure taking screenshot for (123x164) to layer 21010
I/ActivityManager( 1250): Start proc edu.buffalo.cse.cse486586.simpledynamo for activity edu.buffalo.cse.cse486586.simpledynamo/.SimpleDynamoActivity: pid=17281 uid=10406 gids={50406, 3003}
D/ConnectivityService( 1250): Sampling interval elapsed, updating statistics ..
D/ConnectivityService( 1250): Done.
D/ConnectivityService( 1250): Setting timer for 720seconds
I/ActivityManager( 1250): Force stopping edu.buffalo.cse.cse486586.simpledynamo appid=10406 user=-1: uninstall pkg
I/ActivityManager( 1250): Killing 17281:edu.buffalo.cse.cse486586.simpledynamo/u0a406 (adj 0): stop edu.buffalo.cse.cse486586.simpledynamo
W/ActivityManager( 1250): Force removing ActivityRecord{b3fbce90 u0 edu.buffalo.cse.cse486586.simpledynamo/.SimpleDynamoActivity t325}: app died, no saved state
W/PackageManager( 1250): Couldn't delete native library directory /data/app-lib/edu.buffalo.cse.cse486586.simpledynamo
I/WindowState( 1250): WIN DEATH: Window{b42931b0 u0 edu.buffalo.cse.cse486586.simpledynamo/edu.buffalo.cse.cse486586.simpledynamo.SimpleDynamoActivity}
I/ActivityManager( 1250): Force stopping edu.buffalo.cse.cse486586.simpledynamo appid=10406 user=0: pkg removed
D/BackupManagerService( 1250): Received broadcast Intent { act=android.intent.action.PACKAGE_REMOVED dat=package:edu.buffalo.cse.cse486586.simpledynamo flg=0x4000010 (has extras) }
V/BackupManagerService( 1250): removePackageParticipantsLocked: uid=10406 #1
W/InputMethodManagerService( 1250): Got RemoteException sending setActive(false) notification to pid 17281 uid 10406
W/ContextImpl( 1757): Calling a method in the system process without a qualified user: android.app.ContextImpl.startService:1479 android.content.ContextWrapper.startService:494 android.content.ContextWrapper.startService:494 com.android.keychain.KeyChainBroadcastReceiver.onReceive:12 android.app.ActivityThread.handleReceiver:2400 
W/ActivityManager( 1250): No content provider found for permission revoke: file:///data/local/tmp/SimpleDynamo.apk
W/ActivityManager( 1250): No content provider found for permission revoke: file:///data/local/tmp/SimpleDynamo.apk
I/PackageManager( 1250): Copying native libraries to /data/app-lib/vmdl549077373
I/ActivityManager( 1250): Force stopping edu.buffalo.cse.cse486586.simpledynamo appid=10407 user=-1: update pkg
D/BackupManagerService( 1250): Received broadcast Intent { act=android.intent.action.PACKAGE_ADDED dat=package:edu.buffalo.cse.cse486586.simpledynamo flg=0x4000010 (has extras) }
V/BackupManagerService( 1250): addPackageParticipantsLocked: #1
W/RecognitionManagerService( 1250): no available voice recognition services found for user 0
I/ActivityManager( 1250): Force stopping edu.buffalo.cse.cse486586.simpledynamo appid=10407 user=0: from pid 17563
I/ActivityManager( 1250): START u0 {act=android.intent.action.MAIN cat=[android.intent.category.LAUNCHER] flg=0x10000000 cmp=edu.buffalo.cse.cse486586.simpledynamo/.SimpleDynamoActivity} from pid 17563
W/WindowManager( 1250): Screenshot failure taking screenshot for (123x164) to layer 21010
I/ActivityManager( 1250): Start proc edu.buffalo.cse.cse486586.simpledynamo for activity edu.buffalo.cse.cse486586.simpledynamo/.SimpleDynamoActivity: pid=17574 uid=10407 gids={50407, 3003}
I/ActivityManager( 1250): Force stopping edu.buffalo.cse.cse486586.simpledynamo appid=10407 user=-1: uninstall pkg
I/ActivityManager( 1250): Killing 17574:edu.buffalo.cse.cse486586.simpledynamo/u0a407 (adj 0): stop edu.buffalo.cse.cse486586.simpledynamo
W/ActivityManager( 1250): Force removing ActivityRecord{b3f87060 u0 edu.buffalo.cse.cse486586.simpledynamo/.SimpleDynamoActivity t326}: app died, no saved state
W/PackageManager( 1250): Couldn't delete native library directory /data/app-lib/edu.buffalo.cse.cse486586.simpledynamo
I/WindowState( 1250): WIN DEATH: Window{b4221ab0 u0 edu.buffalo.cse.cse486586.simpledynamo/edu.buffalo.cse.cse486586.simpledynamo.SimpleDynamoActivity}
I/ActivityManager( 1250): Force stopping edu.buffalo.cse.cse486586.simpledynamo appid=10407 user=0: pkg removed
D/BackupManagerService( 1250): Received broadcast Intent { act=android.intent.action.PACKAGE_REMOVED dat=package:edu.buffalo.cse.cse486586.simpledynamo flg=0x4000010 (has extras) }
V/BackupManagerService( 1250): removePackageParticipantsLocked: uid=10407 #1
W/InputMethodManagerService( 1250): Got RemoteException sending setActive(false) notification to pid 17574 uid 10407
W/ContextImpl( 1757): Calling a method in the system process without a qualified user: android.app.ContextImpl.startService:1479 android.content.ContextWrapper.startService:494 android.content.ContextWrapper.startService:494 com.android.keychain.KeyChainBroadcastReceiver.onReceive:12 android.app.ActivityThread.handleReceiver:2400 
W/ActivityManager( 1250): No content provider found for permission revoke: file:///data/local/tmp/SimpleDynamo.apk
W/ActivityManager( 1250): No content provider found for permission revoke: file:///data/local/tmp/SimpleDynamo.apk
I/PackageManager( 1250): Copying native libraries to /data/app-lib/vmdl-1378598884
I/ActivityManager( 1250): Force stopping edu.buffalo.cse.cse486586.simpledynamo appid=10408 user=-1: update pkg
D/BackupManagerService( 1250): Received broadcast Intent { act=android.intent.action.PACKAGE_ADDED dat=package:edu.buffalo.cse.cse486586.simpledynamo flg=0x4000010 (has extras) }
V/BackupManagerService( 1250): addPackageParticipantsLocked: #1
W/RecognitionManagerService( 1250): no available voice recognition services found for user 0
I/ActivityManager( 1250): Force stopping edu.buffalo.cse.cse486586.simpledynamo appid=10408 user=0: from pid 18462
I/ActivityManager( 1250): START u0 {act=android.intent.action.MAIN cat=[android.intent.category.LAUNCHER] flg=0x10000000 cmp=edu.buffalo.cse.cse486586.simpledynamo/.SimpleDynamoActivity} from pid 18462
W/WindowManager( 1250): Screenshot failure taking screenshot for (123x164) to layer 21010
I/ActivityManager( 1250): Start proc edu.buffalo.cse.cse486586.simpledynamo for activity edu.buffalo.cse.cse486586.simpledynamo/.SimpleDynamoActivity: pid=18473 uid=10408 gids={50408, 3003}
--------- beginning of /dev/log/main
D/SimpleDynamoProvider(18473): Client sending to Succ Server :: Values set in operation are Key : hShvX1noC1BpkjdWAPh9kW5qUCZCUWic, value: fzQKJARaMStPsNHte5BZ3fbgxy63utVX, CurrentNode/Originator : 5556, Type : insert, Succ : 5558
D/SimpleDynamoProvider(18473): Client Remote port is 11116
D/SimpleDynamoProvider(18473): Replicate() Calling client currentNode 5556 Succ is :5562 key: hShvX1noC1BpkjdWAPh9kW5qUCZCUWic values: fzQKJARaMStPsNHte5BZ3fbgxy63utVX
D/AndroidRuntime(18899): Shutting down VM
D/dalvikvm(18899): Debugger has detached; object registry had 1 entries
D/SimpleDynamoProvider(18473): Client sending to Succ Server :: Values set in operation are Key : hShvX1noC1BpkjdWAPh9kW5qUCZCUWic, value: fzQKJARaMStPsNHte5BZ3fbgxy63utVX, CurrentNode/Originator : 5556, Type : insert, Succ : 5562
D/SimpleDynamoProvider(18473): Client Remote port is 11124
D/SimpleDynamoProvider(18473): Client sending to Succ Server :: Values set in operation are Key : hShvX1noC1BpkjdWAPh9kW5qUCZCUWic, value: fzQKJARaMStPsNHte5BZ3fbgxy63utVX, CurrentNode/Originator : 5556, Type : insert, Succ : 5560
D/SimpleDynamoProvider(18473): Client  Socket Time out type : insert key : hShvX1noC1BpkjdWAPh9kW5qUCZCUWic value : fzQKJARaMStPsNHte5BZ3fbgxy63utVX
D/SimpleDynamoProvider(18473): Client Remote port is 11120
W/System.err(18473): java.io.StreamCorruptedException
W/System.err(18473): 	at java.io.ObjectOutputStream.writeObject(ObjectOutputStream.java:1528)
W/System.err(18473): 	at java.io.ObjectOutputStream.writeObject(ObjectOutputStream.java:1481)
W/System.err(18473): 	at edu.buffalo.cse.cse486586.simpledynamo.SimpleDynamoProvider$Client.run(SimpleDynamoProvider.java:570)
W/System.err(18473): 	at java.lang.Thread.run(Thread.java:841)
I/AndroidRuntime(18899): NOTE: attach of thread 'Binder_1' failed
D/SimpleDynamoProvider(18473): Server :: Values in serverObject are Key : ZU6An2S02loD5fr8AirnakiMAHzI7pd3, value: TPDtPjlxCV4Dtoo9pwjMoTlbaL2WVmXj, CurrentNode/Originator : 5554, Type : insert, Succ : 5554
D/SimpleDynamoProvider(18473): Insert() current port no : 5556 Key: ZU6An2S02loD5fr8AirnakiMAHzI7pd3 value: TPDtPjlxCV4Dtoo9pwjMoTlbaL2WVmXj.1
D/AndroidRuntime(18914): 
D/AndroidRuntime(18914): >>>>>> AndroidRuntime START com.android.internal.os.RuntimeInit <<<<<<
D/AndroidRuntime(18914): CheckJNI is ON
D/dalvikvm(18914): Trying to load lib libjavacore.so 0x0
D/dalvikvm(18914): Added shared lib libjavacore.so 0x0
D/dalvikvm(18914): Trying to load lib libnativehelper.so 0x0
D/dalvikvm(18914): Added shared lib libnativehelper.so 0x0
D/dalvikvm(18914): No JNI_OnLoad found in libnativehelper.so 0x0, skipping init
D/dalvikvm(18914): Note: class Landroid/app/ActivityManagerNative; has 179 unimplemented (abstract) methods
E/memtrack(18914): Couldn't load memtrack module (No such file or directory)
E/android.os.Debug(18914): failed to load memtrack module: -2
D/AndroidRuntime(18914): Calling main entry com.android.commands.content.Content
D/SimpleDynamoProvider(18473): Query selection : hShvX1noC1BpkjdWAPh9kW5qUCZCUWic
D/SimpleDynamoProvider(18473): returnValueForKeyQuery() checking in Node CurrentNode: 5556 Key is : hShvX1noC1BpkjdWAPh9kW5qUCZCUWic
D/SimpleDynamoProvider(18473): returnValueForKeyQuery() Not found in Node CurrentNode: 5556 Key is : hShvX1noC1BpkjdWAPh9kW5qUCZCUWic
D/SimpleDynamoProvider(18473): Query() :: Not found key hShvX1noC1BpkjdWAPh9kW5qUCZCUWic in Node : 5556 sending key to 5558
D/SimpleDynamoProvider(18473): Query() holding for value of key :hShvX1noC1BpkjdWAPh9kW5qUCZCUWic type : singleKeyQueryCurrent Value for mutex is : null
D/SimpleDynamoProvider(18473): Client sending to Succ Server :: Values set in operation are Key : hShvX1noC1BpkjdWAPh9kW5qUCZCUWic, value: null, CurrentNode/Originator : 5556, Type : singleKeyQuery, Succ : 5558
D/SimpleDynamoProvider(18473): Client Remote port is 11116
D/dalvikvm(18473): JIT unchain all for threadid=9
D/dalvikvm(18473): GC_FOR_ALLOC freed 512K, 18% free 2850K/3436K, paused 276ms, total 277ms
D/SimpleDynamoProvider(18473): Server :: Values in serverObject are Key : null, value: null, CurrentNode/Originator : 5558, Type : @query, Succ : 5556
D/SimpleDynamoProvider(18473): Server @query currentNode :5556
D/dalvikvm(18473): JIT unchain all for threadid=9
D/dalvikvm(18473): GC_FOR_ALLOC freed 498K, 17% free 2863K/3436K, paused 284ms, total 284ms
D/dalvikvm(18473): JIT unchain all for threadid=9
D/dalvikvm(18473): GC_FOR_ALLOC freed 417K, 17% free 2863K/3436K, paused 286ms, total 286ms
D/SimpleDynamoProvider(18473): returnLDumpHash() adding Key :bPD1z4N01Y7U2wmocmcI2HAJ0oounYQk value : rrXfDcG3QPkBxEVl9ksUGwqskb30iqiL.1
D/dalvikvm(18473): JIT unchain all for threadid=9
D/dalvikvm(18473): GC_FOR_ALLOC freed 426K, 17% free 2864K/3436K, paused 290ms, total 290ms
D/SimpleDynamoProvider(18473): returnLDumpHash() adding Key :nd8PtsLPKNwsIIi4s9jxqDNgxXsyc6nY value : bLFCkZnCXT687fNUCg2MIjOGmtMIeBbZ.1
D/SimpleDynamoProvider(18473): returnLDumpHash() adding Key :9fHvSUoRh4BdgkYN2GI2OVUTVrV9Egno value : kPahcrOasyLadZyhgGdADcH2CnLp2bLE.1
D/dalvikvm(18473): JIT unchain all for threadid=9
D/dalvikvm(18473): GC_FOR_ALLOC freed 493K, 17% free 2882K/3436K, paused 286ms, total 286ms
D/SimpleDynamoProvider(18473): Server :: Values in serverObject are Key : 634CsUkdknk3o43bruUjNBfw2yOlyUHU, value: zvgB0w3oFcrG6BG1yRzu1FClzDO8jc0v, CurrentNode/Originator : 5562, Type : insert, Succ : 5554
D/SimpleDynamoProvider(18473): Insert() current port no : 5556 Key: 634CsUkdknk3o43bruUjNBfw2yOlyUHU value: zvgB0w3oFcrG6BG1yRzu1FClzDO8jc0v.1
D/SimpleDynamoProvider(18473): Server :: Values in serverObject are Key : udAtyJkvLCRv0ahSzP07VN435LHeOukg, value: euOyiUJt6fVITMW4gPpL1aYafOSGjBIG, CurrentNode/Originator : 5554, Type : insert, Succ : 5554
D/SimpleDynamoProvider(18473): Insert() current port no : 5556 Key: udAtyJkvLCRv0ahSzP07VN435LHeOukg value: euOyiUJt6fVITMW4gPpL1aYafOSGjBIG.1
D/SimpleDynamoProvider(18473): Server :: Values in serverObject are Key : hShvX1noC1BpkjdWAPh9kW5qUCZCUWic, value: null, CurrentNode/Originator : 5556, Type : singleKeyQueryValue, Succ : 5556
D/SimpleDynamoProvider(18473): Server singleKeyQueryValue coming form 5558 Current Node is :5556 Value returned is :null for key :hShvX1noC1BpkjdWAPh9kW5qUCZCUWic
D/SimpleDynamoProvider(18473): Operation.getOriginator() : 5556 value for mutexQuery is null
D/SimpleDynamoProvider(18473): Server :: Values in serverObject are Key : OdkRZ4M4emhI5Z1cpMfk3owOiMKQLmDi, value: z17G4WlqPhic2RxviCNdtSBKhBw87fXt, CurrentNode/Originator : 5558, Type : insert, Succ : 5554
D/SimpleDynamoProvider(18473): Insert() current port no : 5556 Key: OdkRZ4M4emhI5Z1cpMfk3owOiMKQLmDi value: z17G4WlqPhic2RxviCNdtSBKhBw87fXt.1
D/SimpleDynamoProvider(18473): Client sending to Succ Server :: Values set in operation are Key : null, value: null, CurrentNode/Originator : 5558, Type : updateRecovery, Succ : 5558
D/SimpleDynamoProvider(18473): Client Remote port is 11116
D/SimpleDynamoProvider(18473): Server :: Values in serverObject are Key : 61zqp9qUQ0KOslSlILw626jyDcdRPgYg, value: oitw10lIjMbAWzLYOZqXClOG3X0C5GB3, CurrentNode/Originator : 5554, Type : insert, Succ : 5554
D/SimpleDynamoProvider(18473): Insert() current port no : 5556 Key: 61zqp9qUQ0KOslSlILw626jyDcdRPgYg value: oitw10lIjMbAWzLYOZqXClOG3X0C5GB3.1
D/SimpleDynamoProvider(18473): Server :: Values in serverObject are Key : o2HVMaYDN7njvMdvHScYpe2ZF4uDAggt, value: 7F1dt6YCPHA7xpwYhqgKi2Nx8wC8KZ2p, CurrentNode/Originator : 5562, Type : insert, Succ : 5554
D/SimpleDynamoProvider(18473): Insert() current port no : 5556 Key: o2HVMaYDN7njvMdvHScYpe2ZF4uDAggt value: 7F1dt6YCPHA7xpwYhqgKi2Nx8wC8KZ2p.1
D/SimpleDynamoProvider(18473): Server :: Values in serverObject are Key : koH3R7jV1gfPUNkufx8awDomYQdYcqpM, value: X9PEx1qv3WeSxb15dJJebVrBN8rW32p0, CurrentNode/Originator : 5558, Type : insert, Succ : 5554
D/dalvikvm(18473): JIT unchain all for threadid=9
D/dalvikvm(18473): GC_FOR_ALLOC freed 443K, 18% free 2853K/3448K, paused 290ms, total 290ms
D/SimpleDynamoProvider(18473): Insert() current port no : 5556 Key: koH3R7jV1gfPUNkufx8awDomYQdYcqpM value: X9PEx1qv3WeSxb15dJJebVrBN8rW32p0.1
D/SimpleDynamoProvider(18473): Server :: Values in serverObject are Key : iSSukV1oDOWjeE8NEpVPPdkluQpWipcK, value: HtjM8nJXuVQr1GfJ8UmsoCAhcIsCX1uI, CurrentNode/Originator : 5560, Type : insert, Succ : 5556
D/SimpleDynamoProvider(18473): Insert() current port no : 5556 Key: iSSukV1oDOWjeE8NEpVPPdkluQpWipcK value: HtjM8nJXuVQr1GfJ8UmsoCAhcIsCX1uI.1
D/SimpleDynamoProvider(18473): Server :: Values in serverObject are Key : YfjvVnKCIxzdWphhrFr21FR1osqMwuLN, value: pxkAxdDw35CZn4K8ACZvRlhQxduZKRU9, CurrentNode/Originator : 5554, Type : insert, Succ : 5554
D/SimpleDynamoProvider(18473): Insert() current port no : 5556 Key: YfjvVnKCIxzdWphhrFr21FR1osqMwuLN value: pxkAxdDw35CZn4K8ACZvRlhQxduZKRU9.1
D/SimpleDynamoProvider(18473): Server :: Values in serverObject are Key : XNd7GoOeUzH6lvxCLf3YxudUQvIa3Gn8, value: h0jrpTcvbOtxlF1z5f02KfyAtOcCt3eR, CurrentNode/Originator : 5558, Type : insert, Succ : 5554
D/SimpleDynamoProvider(18473): Insert() current port no : 5556 Key: XNd7GoOeUzH6lvxCLf3YxudUQvIa3Gn8 value: h0jrpTcvbOtxlF1z5f02KfyAtOcCt3eR.1
D/SimpleDynamoProvider(18473): Server :: Values in serverObject are Key : 8AwKuOOoSAGSA99PM10LJbR2PDvkGVMt, value: jqYBMqI0KY5IlnNqp4owI7ltsdASD03Y, CurrentNode/Originator : 5554, Type : insert, Succ : 5554
D/SimpleDynamoProvider(18473): Insert() current port no : 5556 Key: 8AwKuOOoSAGSA99PM10LJbR2PDvkGVMt value: jqYBMqI0KY5IlnNqp4owI7ltsdASD03Y.1
D/SimpleDynamoProvider(18473): Server :: Values in serverObject are Key : rrezkjHHYDFLeuMzaawGVariaijj0yvz, value: KCQ6h4vx1mlQugS7G2RF3zLatWrlT3OH, CurrentNode/Originator : 5560, Type : insert, Succ : 5554
D/SimpleDynamoProvider(18473): Insert() current port no : 5556 Key: rrezkjHHYDFLeuMzaawGVariaijj0yvz value: KCQ6h4vx1mlQugS7G2RF3zLatWrlT3OH.1
D/SimpleDynamoProvider(18473): Server :: Values in serverObject are Key : TydwMVlZToOWuNfxn72c9J4B3TVck7C2, value: asNQikDD7zu7orsH6xzxJnqZDdqaRPl6, CurrentNode/Originator : 5558, Type : insert, Succ : 5556
D/SimpleDynamoProvider(18473): Insert() current port no : 5556 Key: TydwMVlZToOWuNfxn72c9J4B3TVck7C2 value: asNQikDD7zu7orsH6xzxJnqZDdqaRPl6.1
D/SimpleDynamoProvider(18473): Server :: Values in serverObject are Key : AXcDVek6aPDqYExRrxd0D42IkZT3UobG, value: 9u8cubMxE20j4ZrOQbzRmOAGFG1nRwb8, CurrentNode/Originator : 5560, Type : insert, Succ : 5554
D/SimpleDynamoProvider(18473): Insert() current port no : 5556 Key: AXcDVek6aPDqYExRrxd0D42IkZT3UobG value: 9u8cubMxE20j4ZrOQbzRmOAGFG1nRwb8.1
D/SimpleDynamoProvider(18473): Server :: Values in serverObject are Key : t1qB4qoZiwnWNJlip6sTjso0yBbtEZQL, value: mKStu1pzy61cCXKoBWeKMO9RiPjrYdka, CurrentNode/Originator : 5558, Type : insert, Succ : 5554
D/SimpleDynamoProvider(18473): Insert() current port no : 5556 Key: t1qB4qoZiwnWNJlip6sTjso0yBbtEZQL value: mKStu1pzy61cCXKoBWeKMO9RiPjrYdka.1
D/SimpleDynamoProvider(18473): Server :: Values in serverObject are Key : gH79UUId45ujvnLvENB3KI0PxRwJByxq, value: TggZE8is3SE8O3Os8IFABesn1Ot2QxAg, CurrentNode/Originator : 5554, Type : insert, Succ : 5554
D/SimpleDynamoProvider(18473): Insert() current port no : 5556 Key: gH79UUId45ujvnLvENB3KI0PxRwJByxq value: TggZE8is3SE8O3Os8IFABesn1Ot2QxAg.1
D/SimpleDynamoProvider(18473): Server :: Values in serverObject are Key : OzuIFne2O77ZPRVRHRjmXSy988b1AuKL, value: VpKtyVsP2oVrOWCDNAiq2hk1NfzBE11N, CurrentNode/Originator : 5554, Type : insert, Succ : 5554
D/SimpleDynamoProvider(18473): Insert() current port no : 5556 Key: OzuIFne2O77ZPRVRHRjmXSy988b1AuKL value: VpKtyVsP2oVrOWCDNAiq2hk1NfzBE11N.1
D/SimpleDynamoProvider(18473): Server :: Values in serverObject are Key : nCk9lUND27YHS3EH5XSawrXWk8hcXema, value: QYb8xF9KbPBE9BjUOBPiTC61t3A7XMgW, CurrentNode/Originator : 5554, Type : insert, Succ : 5554
D/SimpleDynamoProvider(18473): Insert() current port no : 5556 Key: nCk9lUND27YHS3EH5XSawrXWk8hcXema value: QYb8xF9KbPBE9BjUOBPiTC61t3A7XMgW.1
D/SimpleDynamoProvider(18473): Server :: Values in serverObject are Key : i8ntQiA2alh53xDXB0WRWhhPDTJULT7B, value: sSzI9Xanzso8KycJq9i59z3qUa3s0DVj, CurrentNode/Originator : 5560, Type : insert, Succ : 5554
D/SimpleDynamoProvider(18473): Insert() current port no : 5556 Key: i8ntQiA2alh53xDXB0WRWhhPDTJULT7B value: sSzI9Xanzso8KycJq9i59z3qUa3s0DVj.1
D/SimpleDynamoProvider(18473): Insert() current port no : 5556 Key: UUCkhRO5GOYp3ByP8VPLVVSQSZsEiRK2 value: KGt9BxcvDsvvmKCheCRaxRVtqjCvaqfT.1
D/SimpleDynamoProvider(18473): Server :: Values in serverObject are Key : UUCkhRO5GOYp3ByP8VPLVVSQSZsEiRK2, value: KGt9BxcvDsvvmKCheCRaxRVtqjCvaqfT, CurrentNode/Originator : 5554, Type : insert, Succ : 5554
D/SimpleDynamoProvider(18473): Server :: Values in serverObject are Key : IZYKUzKSY5tvmn2ErFd4eEf1xz2sx94p, value: Zu87FthiKtx05sg8ukMQXIzoTzIQA0GY, CurrentNode/Originator : 5562, Type : insert, Succ : 5558
D/SimpleDynamoProvider(18473): Insert() current port no : 5556 Key: IZYKUzKSY5tvmn2ErFd4eEf1xz2sx94p value: Zu87FthiKtx05sg8ukMQXIzoTzIQA0GY.1
D/SimpleDynamoProvider(18473): Server :: Values in serverObject are Key : IZYKUzKSY5tvmn2ErFd4eEf1xz2sx94p, value: null, CurrentNode/Originator : 5562, Type : singleKeyQuery, Succ : 5556
D/SimpleDynamoProvider(18473): Server singleKeyQuery key is IZYKUzKSY5tvmn2ErFd4eEf1xz2sx94p currentNode is 5556 Originator is 5562
D/SimpleDynamoProvider(18473): returnValueForKeyQuery() checking in Node CurrentNode: 5556 Key is : IZYKUzKSY5tvmn2ErFd4eEf1xz2sx94p
D/SimpleDynamoProvider(18473): returnValueForKeyQuery() :: found key IZYKUzKSY5tvmn2ErFd4eEf1xz2sx94p value is : Zu87FthiKtx05sg8ukMQXIzoTzIQA0GY in Node : 5556
D/SimpleDynamoProvider(18473): Server singleKeyQuery sending to Originator :: Values set in serverObject are Key : IZYKUzKSY5tvmn2ErFd4eEf1xz2sx94p, value: Zu87FthiKtx05sg8ukMQXIzoTzIQA0GY, CurrentNode/Originator : 5562, Type : singleKeyQueryValue, Succ : 5562
D/SimpleDynamoProvider(18473): Client sending to Succ Server :: Values set in operation are Key : IZYKUzKSY5tvmn2ErFd4eEf1xz2sx94p, value: Zu87FthiKtx05sg8ukMQXIzoTzIQA0GY, CurrentNode/Originator : 5562, Type : singleKeyQueryValue, Succ : 5562
D/SimpleDynamoProvider(18473): Client Remote port is 11124
D/SimpleDynamoProvider(18473): Server :: Values in serverObject are Key : pPEFeTxEIfaXq1eMdH6VbWGdNER8CBiA, value: Xd2mGz8DDkqoEHlrRsF6iNLZxw0bhbbf, CurrentNode/Originator : 5554, Type : insert, Succ : 5556
D/SimpleDynamoProvider(18473): Insert() current port no : 5556 Key: pPEFeTxEIfaXq1eMdH6VbWGdNER8CBiA value: Xd2mGz8DDkqoEHlrRsF6iNLZxw0bhbbf.1
D/SimpleDynamoProvider(18473): Server :: Values in serverObject are Key : ILY1WXLQpwOR6YaENJNl8vKZcqCWJmmS, value: DfgrLWvqfZJnIKfIBuvlLHzBFKNPBXll, CurrentNode/Originator : 5554, Type : insert, Succ : 5554
D/SimpleDynamoProvider(18473): Insert() current port no : 5556 Key: ILY1WXLQpwOR6YaENJNl8vKZcqCWJmmS value: DfgrLWvqfZJnIKfIBuvlLHzBFKNPBXll.1
D/SimpleDynamoProvider(18473): Server :: Values in serverObject are Key : zDAZxiTIs3t2EqtFnS1LekKtZQlyTj1H, value: d09E1tICsLCOei70lAmtVA6FNx73fIT8, CurrentNode/Originator : 5558, Type : insert, Succ : 5556
D/SimpleDynamoProvider(18473): Insert() current port no : 5556 Key: zDAZxiTIs3t2EqtFnS1LekKtZQlyTj1H value: d09E1tICsLCOei70lAmtVA6FNx73fIT8.1
D/SimpleDynamoProvider(18473): Server :: Values in serverObject are Key : hDCpMwPKqYSdT55zct1nbNbzdl2BPABf, value: Z5ZBDAMTRThgZ81ruq3xWyuH8EzkARqb, CurrentNode/Originator : 5560, Type : insert, Succ : 5554
D/dalvikvm(18473): JIT unchain all for threadid=9
D/dalvikvm(18473): GC_FOR_ALLOC freed 501K, 18% free 2861K/3448K, paused 292ms, total 292ms
D/SimpleDynamoProvider(18473): Insert() current port no : 5556 Key: hDCpMwPKqYSdT55zct1nbNbzdl2BPABf value: Z5ZBDAMTRThgZ81ruq3xWyuH8EzkARqb.1
D/SimpleDynamoProvider(18473): Server :: Values in serverObject are Key : ju2YlUywGo4I5fOMFn6sbVBnvGS61I8g, value: bWAwyVCqJ4x6Bq9lVzen3xlot8vhQ1D4, CurrentNode/Originator : 5560, Type : insert, Succ : 5558
D/SimpleDynamoProvider(18473): Insert() current port no : 5556 Key: ju2YlUywGo4I5fOMFn6sbVBnvGS61I8g value: bWAwyVCqJ4x6Bq9lVzen3xlot8vhQ1D4.1
D/LightsService( 1250): Excessive delay setting light: 119ms
D/LightsService( 1250): Excessive delay setting light: 127ms
D/SimpleDynamoProvider(18473): Server :: Values in serverObject are Key : ju2YlUywGo4I5fOMFn6sbVBnvGS61I8g, value: null, CurrentNode/Originator : 5560, Type : singleKeyQuery, Succ : 5556
D/SimpleDynamoProvider(18473): Server singleKeyQuery key is ju2YlUywGo4I5fOMFn6sbVBnvGS61I8g currentNode is 5556 Originator is 5560
D/SimpleDynamoProvider(18473): returnValueForKeyQuery() checking in Node CurrentNode: 5556 Key is : ju2YlUywGo4I5fOMFn6sbVBnvGS61I8g
