D/SimpleDynamoProvider(16798): returnLDump() :: Key : gI66betzO0FCWNJ9sKEQjOwonm2nEr7v value : JRkzuaj3aPsIf5TP7uTJpREpZ7mBDWTz
D/dalvikvm(16798): GC_FOR_ALLOC freed 296K, 17% free 2868K/3432K, paused 5ms, total 5ms
D/SimpleDynamoProvider(16798): returnLDump() :: Key : rJ9TNECltkvZPj9solL6D6XYX36vfwa0 value : WYye1fX3HMwO8jJWHmUDAy8nYuR6P3yO
D/SimpleDynamoProvider(16798): returnLDump() :: Key : uT6JUE937WCVvIvQCjBSoBxxnxaMhPhw value : LtQFeoEJj9MDz2jcqszARwvIpUlEluMG
D/SimpleDynamoProvider(16798): returnLDump() :: Key : C0zjOnp54xSThHpgwlSoDwYdoyux0Yt3 value : nMI28T9cMhgE2d9lBnBJzhhBBC2XzAjb
D/SimpleDynamoProvider(16798): returnLDump() :: Key : dSTPQYpHMMGDuU7JQmjGRVVvmkoQd6cO value : AkV5HDvOCoKGFtuLG7XQe4uMRLfMoWmn
D/SimpleDynamoProvider(16798): returnLDump() :: Key : kruHbMpVXInLeBh2pXbWoNQF8u2WSSdo value : geZbJlIOveoaaUP2jXuYhK36rKg0BQId
D/SimpleDynamoProvider(16798): returnLDump() :: Key : quA3dE2h7rHJB3lYo75MUgncXMpIi0Fs value : eW6g5uTK2XptTiXolXxtX5zo1HkWvqhb
D/SimpleDynamoProvider(16798): returnLDump() :: Key : 7BsdD2eY8FqQCVYrQmRzzWGW0PmlKI36 value : WEd7e7MseG2Vv3jKvKteapry2BnSN72J
D/SimpleDynamoProvider(16798): returnLDump() :: Key : uKRNFRbZG6YCIEHXoonJ4nxhlyjYBtBn value : 8jXe9AY8yvqDK5xeIHVCk7oPxqNSQ5HF
D/SimpleDynamoProvider(16798): returnLDump() :: Key : GmjqM8Tm4XWTCdDhm51T4P5IMplUdCNk value : wDhTgUcOY7v1yjsTS2WXk5bwUV03ngVL
D/SimpleDynamoProvider(16798): returnLDump() :: Key : LTdi7TjmnYUIQX8cnKoawrmt7CTPnbPv value : ObAcf1bML2iREOOC5CFcHB0yhJPX6ihq
D/SimpleDynamoProvider(16798): returnLDump() :: Key : U6tqyAyGfUGSdcpZ2zmFKlKPr27PATpm value : qzkxO5fOtYHKlVlOMP4AyrOX9L0FEC2r
D/SimpleDynamoProvider(16798): returnLDump() :: Key : s2ruENeUGNI07a1PeXjMNs9kN4X96fDw value : 8hr5DT4qNjALy1PKhrxMMSaV9d2tGnqu
D/dalvikvm(16798): GC_FOR_ALLOC freed 295K, 16% free 2886K/3432K, paused 3ms, total 3ms
D/SimpleDynamoProvider(16798): returnLDump() :: Key : bmsM9FZciux03PFPQHEuB376MrkRz4rl value : c8cldI82sDjB9ZNNVDlJ96xinUvQuN6b
D/SimpleDynamoProvider(16798): returnLDump() :: Key : PDbIOKgcSRX3rmgLg7gXSOEC6ev2H0q0 value : dd4m08JCUTonNGntOGQiGtI17r4kU5Gi
D/SimpleDynamoProvider(16798): returnLDump() :: Key : Gky1aFsX8UzdfPh5snZRBLsvJFpz8aoB value : IquXIACC7gHQ9zjRDeiotcF59mBCXzpO
D/SimpleDynamoProvider(16798): returnLDump() :: Key : DLxfmvLyDCPbKjSSsmh6IBpx57GEE2tJ value : tV6o70sTLMWmpDBMaOckvAdv7uAQtCrK
D/SimpleDynamoProvider(16798): returnLDump() :: Key : AvRR5kipdvU6UISHjHfBLPnpbxyeTsLm value : CIwj22Uv7P52mI8F1AW8OERasy0SizZM
D/SimpleDynamoProvider(16798): returnLDump() :: Key : CVrNzbePBkWolP3xfrAIctmMuF5CKVJn value : JSck1hXBGoejMklGzHl6e6g3iQjDzb2t
D/SimpleDynamoProvider(16798): returnLDump() :: Key : XYWETgfhq7UGs0xQvxosHMrKliK6yfw3 value : Lj86yzvqKzfmTYXp5bnZ8iBWzYvFs4Jp
D/SimpleDynamoProvider(16798): returnLDump() :: Key : J6o9pBXHJpUNEy4VrkyGNWMNIWoIhPXZ value : Ctd19kDdTbVWtGnBYWAFPZdYbNargkvj
D/SimpleDynamoProvider(16798): returnLDump() :: Key : NwQhfxEKGIHbdDJMR4tBH8za5kmvUtDP value : XnDURbJC3xsJ5p1U4bpep6xiw64gAHiC
D/SimpleDynamoProvider(16798): returnLDump() :: Key : ZB26oIULioeZGi9aB8I9sGRQgTQhq1nP value : PASirE6vhljhwATRWTSJLTst3kfLjamN
D/SimpleDynamoProvider(16798): returnLDump() :: Key : s5DgQLhYU85yCqPgTINLYuwlSBYVW19Q value : xgRw7Me6kPJy8B6JtkygLns7Vg549BB3
D/dalvikvm(16798): GC_FOR_ALLOC freed 317K, 17% free 2871K/3444K, paused 6ms, total 7ms
D/SimpleDynamoProvider(16798): returnLDump() :: Key : mtItshCFcFtodBkzJrYF4W2NnvtP6Gm6 value : shrVNaxM8JBbIxFLq0QTYuqtMLyn9Tui
D/SimpleDynamoProvider(16798): returnLDump() :: Key : 2mLDknCTRjACvVR4rGjeQJ8vJ9eIRBC0 value : cbifUWWy4fxRVMm7xpV0aa3WOQVLF5j7
D/SimpleDynamoProvider(16798): returnLDump() :: Key : 5bWwvrAnPqqfuHxO9KPNc5B55lSvDbR7 value : QZfpdIu7blaXhVWFGSlQE89paR0UEm4y
D/SimpleDynamoProvider(16798): returnLDump() :: Key : hvPeyPhMGghAczL6PVJ7ybcjxqogKsNd value : rZIE4BuEZ6sRk2m6pZU2UKEgwlm7KIjr
D/SimpleDynamoProvider(16798): returnLDump() :: Key : 5YRLrmoa0PjM4KxPzl4MCVMeoWby6X1r value : WxCZmWkghF0frLnNscXqhFQM10FQIOJw
D/SimpleDynamoProvider(16798): returnLDump() :: Key : NphIoyyyzw8pKJ72Ja8iJKON9vjPUWLk value : MmQwrj3EjO4QBMlTJFwvjRSnEflix7J6
D/SimpleDynamoProvider(16798): returnLDump() :: Key : yxLtrZNYbKwGgrYQg6YBUG7ZKJn2ivmC value : 3ZyZiX38M5d4sXH4BPyyLEsEqkPRNkGg
D/SimpleDynamoProvider(16798): returnLDump() :: Key : yMvQxhc6TfgoddkFObwXamsQoPdoKqjv value : UU8GO6ohMgEEzibs90EWTae24abr5u77
D/SimpleDynamoProvider(16798): returnLDump() :: Key : oAhYisUxiKfE2NQlXZvIYej2QEQSh65F value : 3ypQZ6inXd01D2c0c07DvfiBi3aaf4Tu
D/SimpleDynamoProvider(16798): returnLDump() :: Key : qr3IsE1ogDhv4sLj7lNf1jkBjnQ5PwN4 value : UU1vLnJJmi1izysJF0rQ3jqxh5B2V0Hj
D/SimpleDynamoProvider(16798): returnLDump() :: Key : R4ArVY1iem2hltjKpi5dQ8NgDEMykEEp value : 2wtog9fKbGY0cwxMokM5mFS10ztw8doq
D/SimpleDynamoProvider(16798): returnLDump() :: Key : S4NQ58HipQYK8AvnmukMtUtNjE9xJuoq value : 4bZ73AW5Uu94wdkGRQeA7EPWbL6e5DAy
D/dalvikvm(16798): GC_FOR_ALLOC freed 319K, 17% free 2872K/3444K, paused 3ms, total 3ms
D/SimpleDynamoProvider(16798): returnLDump() :: Key : LMwkpXY93ocmBvF9go05qEFw3PLWVrej value : dtOeju3qcgOuM945VWO7d3CqIWzCVBKq
D/SimpleDynamoProvider(16798): returnLDump() :: Key : oWXBxDC9NchNDrFqvX3mUdW8XsMtUYrZ value : W02MOYvF9dAPfXsDwAfitmC9kfnTdbG2
D/SimpleDynamoProvider(16798): returnLDump() :: Key : a7j3rqxHkEa4AkIAg7ogRvJ3DxCfWcVb value : fQ6AidxtXiJ2sGFedVM7YFcjrFDKT5lp
D/SimpleDynamoProvider(16798): returnLDump() :: Key : vIDguOjNkQHE4myeu5LwprR4fElkcdxI value : DbG54F8o8hF1aZasqEmLViNRxzo9bxh3
D/SimpleDynamoProvider(16798): returnLDump() :: Key : eD9ll3ZY3nPtddBsHsrP1Wqp4H84OT3b value : RiGBUDWVLjB39p6sc4yBWrdohDN2nVEu
D/SimpleDynamoProvider(16798): returnLDump() :: Key : eIN6jpwjHTxEl7VD5b05fEiK84HZblE1 value : vu4aiT7pRlffdeZyY5kxdle4YVYUVOqC
D/SimpleDynamoProvider(16798): returnLDump() :: Key : qhuw2JFrvGGBQh10HKUMDZDTKPuiGQ30 value : IMz3I1u24aBd7fQotclRv5UgcEfy8sUq
D/SimpleDynamoProvider(16798): returnLDump() :: Key : 9zuTuQmEhKqiBrWKDmSmhbJCBj2tHZUS value : XT84u8S8WojSaAk5HqF2DtD1SbNrGTRG
D/SimpleDynamoProvider(16798): returnLDump() :: Key : Jova1a4Fz8aw8QuoPQEXDIOlorVFgufi value : ScAEByhoyaOncWvzzOL2purQtLDsntPQ
D/SimpleDynamoProvider(16798): returnLDump() :: Key : NfhdaazkpYT2yPXMYgX4hWhAhVPiDAXg value : LdGqak98VW5UjXrEi4PbxINh4AfuhT7H
D/SimpleDynamoProvider(16798): returnLDump() :: Key : O0AqQ3rf8BOfo02q32ot24n48HqMPsgz value : ZY2X8NV4YnIzy1fY7GLx6pOszHe5RY5e
D/SimpleDynamoProvider(16798): returnLDump() :: Key : aZrzp3orJQiIsoQedrIY35jeH9tkTYcA value : YLGzMD7u1SaHvw7t8RJuHybf9dShenYV
D/dalvikvm(16798): GC_FOR_ALLOC freed 319K, 17% free 2874K/3444K, paused 3ms, total 3ms
D/SimpleDynamoProvider(16798): returnLDump() :: Key : XPGUwTrKwR7jcsJ2S7lBtVFrk9hR6RqH value : 1Xnoabl6ehHgG6eXVR0w7P6TeMHVW7Xc
D/SimpleDynamoProvider(16798): returnLDump() :: Key : XDjsP1DODh6oRFyMt4or2QmAhMCbV2Bi value : G9aujoGyZmvHaEVxptlECHBeHBiwnGco
D/SimpleDynamoProvider(16798): returnLDump() :: Key : RL7mhRodVPlig3tJs6HdhbzTIlQpN4Cc value : WmYZ6SLsfmgSlC42RndsbpJYCqvGdGac
D/SimpleDynamoProvider(16798): returnLDump() :: Key : tAZmNuVoOQNjdICF8T7IIdxdLBicIGm2 value : gB2dBZVArntRIr24U4s0aTj3Pmv3Qgno
D/SimpleDynamoProvider(16798): returnLDump() :: Key : HHfGcBplWROV3fPJ6dvMwhmk8HciVZUc value : WKkKO3B9H4x9konVUbrx3sNVNofKewL3
D/SimpleDynamoProvider(16798): returnLDump() :: Key : whZShlPiMLu2ZI48jPJJ3y0WO0liq9uA value : FPj895Fd6keAvHH6kF94noFoRX9SqQNs
D/SimpleDynamoProvider(16798): returnLDump() :: Key : 9AObofWoWQnTau1XsZ3MUSTwzCIvDTVM value : S0bklQcBGEtNjPVUqZ8dKG76pAThsK4x
D/SimpleDynamoProvider(16798): returnLDump() :: Key : jyxisNe88ozUuCGclouxDn0sdREdLR1D value : JKk2QiVlJDbrTaJqBZbFtEFL3BQb6Ezd
D/SimpleDynamoProvider(16798): returnLDump() :: Key : tz49fV9JdPQQT2sMZSfP70HxVs90uozX value : 9mKJRM4YaZtT4rJFC2ZGH0vSSOWj55Ds
D/SimpleDynamoProvider(16798): returnLDump() :: Key : BALzXf7pcHAJ4qOVWPeV9BDewxINPhlA value : 7ya6GMSWof2GixNMsX0e7tem8qIavD6x
D/SimpleDynamoProvider(16798): returnLDump() :: Key : plGH9r2svpysPzC69KleRSSiMLPKXQT3 value : oJ67ZQgJkn46B4wwx2AmpKROlKJDQDnC
D/SimpleDynamoProvider(16798): returnLDump() :: Key : EgdrPodC9a6vXhUmRfRNKsyHZ2QNOtzn value : UB7LE4KgxYeJlxVmoY8I8kOteNQSXVub
D/dalvikvm(16798): GC_FOR_ALLOC freed 320K, 17% free 2876K/3444K, paused 3ms, total 3ms
D/SimpleDynamoProvider(16798): returnLDump() :: Key : v9myCnQERpdW7jkVKWSUVbPWclCzNtVf value : Xj3QUn7ICcRjZwr6XPT4Q4MKjIuV7XnV
D/SimpleDynamoProvider(16798): returnLDump() :: Key : wueW1lachlMTS1kH8wamCuUbyvCP2n6d value : ScdWUs1RGBD10Piifx6thkdToE6MfIuE
D/SimpleDynamoProvider(16798): returnLDump() :: Key : tCIn010xGq3MqUuTKjjfAYiCvQfVeakY value : YiQbj4icPTnARRns1nfOVFXAGCyW0uer
D/SimpleDynamoProvider(16798): returnLDump() :: Key : lKDUvipQ4Y3fdBrEcuYW45OnWDTO0shg value : MMmxtnZD56gWW72YaaGdK940GZFrKPLz
D/SimpleDynamoProvider(16798): returnLDump() :: Key : gKZWloG6GCLgkDtmkydZLFFTD3mCDmbC value : 0Bbba2pv3lVDINg7DpivFTjCcNz4QxyS
D/SimpleDynamoProvider(16798): returnLDump() :: Key : mYU8sgz0tRZQb5N97PyInuWaF08PihxS value : 4aB4rHZSD2Na4h3WLRXXDf2doON0rcf6
D/SimpleDynamoProvider(16798): returnLDump() :: Key : zZXz4j95JssGHa7VPG9DlWrnQ3ySLDgr value : 9Nxyq3DJLDmQsMfSTaZyQcZtfagK22Hp
D/SimpleDynamoProvider(16798): returnLDump() :: Key : XH1HAa3mjULUiAqoh6SxPOll6qHVlB5J value : 9z1DxznkmEBzsC7eqrH3LCQmDr9wQhAg
D/SimpleDynamoProvider(16798): returnLDump() :: Key : PNTeameZA8m8Tz1n9GQflProliN1oa5y value : 4peXVCVZ1zkfqzZPzV2t0iCfvWZWei4g
D/SimpleDynamoProvider(16798): returnLDump() :: Key : ky3gIhEWstCDUKG4yJv6V8Idpd7D8mKW value : wHA4Bot46CYtaG2XvV2y0xEoLLh2AMTj
D/SimpleDynamoProvider(16798): returnLDump() :: Key : 0f7034HW4EU536c7qO8WN1bblxbcXxDI value : 5uvLeNmPxTd5iwVQhAoLx19JbpzoHTpi
D/SimpleDynamoProvider(16798): returnLDump() :: Key : jOOm4tStfsHco5AdzXvahd1evO1PYfJk value : SQXs38UqVPvVHNjXkCU2b1qF7peFod7w
D/dalvikvm(16798): GC_FOR_ALLOC freed 319K, 17% free 2877K/3444K, paused 2ms, total 2ms
D/SimpleDynamoProvider(16798): returnLDump() :: Key : YZimI9VCDZBrjFNufTmr7ZeoS9y5A3q9 value : StYaxgkOuHuDtg5cdbTuEG3xyTa59bXk
D/SimpleDynamoProvider(16798): returnLDump() :: Key : jBpk8IkxdACGFMgdvjpFG598baxiec9d value : UV36U7HedauHbHZutMOVYFROuFxK7kqn
D/AndroidRuntime(17630): Shutting down VM
D/jdwp    (17630): Got wake-up signal, bailing out of select
D/dalvikvm(17630): Debugger has detached; object registry had 1 entries
D/AndroidRuntime(17642): 
D/AndroidRuntime(17642): >>>>>> AndroidRuntime START com.android.internal.os.RuntimeInit <<<<<<
D/AndroidRuntime(17642): CheckJNI is ON
D/dalvikvm(17642): Trying to load lib libjavacore.so 0x0
D/dalvikvm(17642): Added shared lib libjavacore.so 0x0
D/dalvikvm(17642): Trying to load lib libnativehelper.so 0x0
D/dalvikvm(17642): Added shared lib libnativehelper.so 0x0
D/dalvikvm(17642): No JNI_OnLoad found in libnativehelper.so 0x0, skipping init
D/dalvikvm(17642): Note: class Landroid/app/ActivityManagerNative; has 179 unimplemented (abstract) methods
E/memtrack(17642): Couldn't load memtrack module (No such file or directory)
E/android.os.Debug(17642): failed to load memtrack module: -2
D/AndroidRuntime(17642): Calling main entry com.android.commands.content.Content
D/SimpleDynamoProvider(16798): Query selection : @
D/SimpleDynamoProvider(16798): query() : originator calling LDump
D/SimpleDynamoProvider(16798): returnLDump() ::  noOfFiles :[Ljava.lang.String;@b3faca08
D/SimpleDynamoProvider(16798): returnLDump() :: Key : 8fjqihdehZuyqtQsHPdpeVoGOXNGvxDX value : x6IB46EzFtkpR8DdOgIWceoxrYEWmiKQ
D/SimpleDynamoProvider(16798): returnLDump() :: Key : hFnyZosie4xE3q2X5bppVPgNGOOe8jeW value : rXxjyoTpxYALKMKuPbTRGuCJZCdftqKh
D/SimpleDynamoProvider(16798): returnLDump() :: Key : xoMKuzVCl9t7ANOPDgijiWGkIjeJLuIC value : af2voUuW42201oacLNN7e4RhpSD2blwZ
D/SimpleDynamoProvider(16798): returnLDump() :: Key : oIuiQmzPnnEbyNaEjKd9E5nZfg0gmspc value : TI9BYE2FSbx4aNg4Uf80V4hVUgwYZe9C
D/SimpleDynamoProvider(16798): returnLDump() :: Key : i0RDzrQ55WMtRxTVsGSlJC641gM9F2ln value : FRN2m5UPS45aIEmSdEfZXm0TUTo4GKWR
D/SimpleDynamoProvider(16798): returnLDump() :: Key : q4bwKqnwZl8wzmY59r6p7ISyXJZcfceI value : 8aI0zP3LureHPIOv1n9whhZZlIsSqeeA
D/SimpleDynamoProvider(16798): returnLDump() :: Key : GEvKh7kIlMbZUFrRgbrhtB9ySCT5ErUe value : cVe9nhiuVP0l8qKoiLuZDWumb5R8mByO
D/SimpleDynamoProvider(16798): returnLDump() :: Key : 880rKZXxGCC9uJH60oUUylCnn49tbt1k value : TnjDsLHqJXdNnyxixzdGey2SfuiPTI1O
D/SimpleDynamoProvider(16798): returnLDump() :: Key : 5XSSj6ClGWSkL3RxjYXjXrUEnv3C5N7p value : xULjlgbQK3hyrwTEUUobifj1EPCLLBTi
D/SimpleDynamoProvider(16798): returnLDump() :: Key : TIVATjG1jVi7Syedoxh1uYQzNDgnk0A5 value : 4Rs2N9OTPSN5G9diu71ZJr5MEdArRz23
D/dalvikvm(16798): GC_FOR_ALLOC freed 321K, 17% free 2889K/3444K, paused 2ms, total 2ms
D/SimpleDynamoProvider(16798): returnLDump() :: Key : AtefPYdktMKMNvdMWssNzA0p69pDns4P value : TO822tYQhoq90CZNwbyE60r3QnSB2L5g
D/SimpleDynamoProvider(16798): returnLDump() :: Key : JkyAOxFBia2tnlYA5oOMPKdy4GQhoho6 value : aMPAn9J8l7Pmh0AkvGSte7MsYb3Dof4L
D/SimpleDynamoProvider(16798): returnLDump() :: Key : byJxSRWVSgxHljFMAKM5mwH1ysvU1zv4 value : 2wfkatwgOiR6iLkB0XLsKm3lYc4o54l0
D/SimpleDynamoProvider(16798): returnLDump() :: Key : zYbx4vMeTwHZWUFVulBeTZv87dwcJxxK value : 6QxZYAbBZGE6ufMvnT5caioTTB89xeQW
D/SimpleDynamoProvider(16798): returnLDump() :: Key : gI66betzO0FCWNJ9sKEQjOwonm2nEr7v value : JRkzuaj3aPsIf5TP7uTJpREpZ7mBDWTz
D/SimpleDynamoProvider(16798): returnLDump() :: Key : rJ9TNECltkvZPj9solL6D6XYX36vfwa0 value : WYye1fX3HMwO8jJWHmUDAy8nYuR6P3yO
D/SimpleDynamoProvider(16798): returnLDump() :: Key : uT6JUE937WCVvIvQCjBSoBxxnxaMhPhw value : LtQFeoEJj9MDz2jcqszARwvIpUlEluMG
D/SimpleDynamoProvider(16798): returnLDump() :: Key : C0zjOnp54xSThHpgwlSoDwYdoyux0Yt3 value : nMI28T9cMhgE2d9lBnBJzhhBBC2XzAjb
D/SimpleDynamoProvider(16798): returnLDump() :: Key : dSTPQYpHMMGDuU7JQmjGRVVvmkoQd6cO value : AkV5HDvOCoKGFtuLG7XQe4uMRLfMoWmn
D/SimpleDynamoProvider(16798): returnLDump() :: Key : kruHbMpVXInLeBh2pXbWoNQF8u2WSSdo value : geZbJlIOveoaaUP2jXuYhK36rKg0BQId
D/SimpleDynamoProvider(16798): returnLDump() :: Key : quA3dE2h7rHJB3lYo75MUgncXMpIi0Fs value : eW6g5uTK2XptTiXolXxtX5zo1HkWvqhb
D/SimpleDynamoProvider(16798): returnLDump() :: Key : 7BsdD2eY8FqQCVYrQmRzzWGW0PmlKI36 value : WEd7e7MseG2Vv3jKvKteapry2BnSN72J
D/dalvikvm(16798): GC_FOR_ALLOC freed 341K, 17% free 2869K/3444K, paused 3ms, total 3ms
D/SimpleDynamoProvider(16798): returnLDump() :: Key : uKRNFRbZG6YCIEHXoonJ4nxhlyjYBtBn value : 8jXe9AY8yvqDK5xeIHVCk7oPxqNSQ5HF
D/SimpleDynamoProvider(16798): returnLDump() :: Key : GmjqM8Tm4XWTCdDhm51T4P5IMplUdCNk value : wDhTgUcOY7v1yjsTS2WXk5bwUV03ngVL
D/SimpleDynamoProvider(16798): returnLDump() :: Key : LTdi7TjmnYUIQX8cnKoawrmt7CTPnbPv value : ObAcf1bML2iREOOC5CFcHB0yhJPX6ihq
D/SimpleDynamoProvider(16798): returnLDump() :: Key : U6tqyAyGfUGSdcpZ2zmFKlKPr27PATpm value : qzkxO5fOtYHKlVlOMP4AyrOX9L0FEC2r
D/SimpleDynamoProvider(16798): returnLDump() :: Key : s2ruENeUGNI07a1PeXjMNs9kN4X96fDw value : 8hr5DT4qNjALy1PKhrxMMSaV9d2tGnqu
D/SimpleDynamoProvider(16798): returnLDump() :: Key : bmsM9FZciux03PFPQHEuB376MrkRz4rl value : c8cldI82sDjB9ZNNVDlJ96xinUvQuN6b
D/SimpleDynamoProvider(16798): returnLDump() :: Key : PDbIOKgcSRX3rmgLg7gXSOEC6ev2H0q0 value : dd4m08JCUTonNGntOGQiGtI17r4kU5Gi
D/SimpleDynamoProvider(16798): returnLDump() :: Key : Gky1aFsX8UzdfPh5snZRBLsvJFpz8aoB value : IquXIACC7gHQ9zjRDeiotcF59mBCXzpO
D/SimpleDynamoProvider(16798): returnLDump() :: Key : DLxfmvLyDCPbKjSSsmh6IBpx57GEE2tJ value : tV6o70sTLMWmpDBMaOckvAdv7uAQtCrK
D/SimpleDynamoProvider(16798): returnLDump() :: Key : AvRR5kipdvU6UISHjHfBLPnpbxyeTsLm value : CIwj22Uv7P52mI8F1AW8OERasy0SizZM
D/SimpleDynamoProvider(16798): returnLDump() :: Key : CVrNzbePBkWolP3xfrAIctmMuF5CKVJn value : JSck1hXBGoejMklGzHl6e6g3iQjDzb2t
D/SimpleDynamoProvider(16798): returnLDump() :: Key : XYWETgfhq7UGs0xQvxosHMrKliK6yfw3 value : Lj86yzvqKzfmTYXp5bnZ8iBWzYvFs4Jp
D/SimpleDynamoProvider(16798): returnLDump() :: Key : J6o9pBXHJpUNEy4VrkyGNWMNIWoIhPXZ value : Ctd19kDdTbVWtGnBYWAFPZdYbNargkvj
D/dalvikvm(16798): GC_FOR_ALLOC freed 346K, 17% free 2871K/3444K, paused 6ms, total 6ms
D/SimpleDynamoProvider(16798): returnLDump() :: Key : NwQhfxEKGIHbdDJMR4tBH8za5kmvUtDP value : XnDURbJC3xsJ5p1U4bpep6xiw64gAHiC
D/SimpleDynamoProvider(16798): returnLDump() :: Key : ZB26oIULioeZGi9aB8I9sGRQgTQhq1nP value : PASirE6vhljhwATRWTSJLTst3kfLjamN
D/SimpleDynamoProvider(16798): returnLDump() :: Key : s5DgQLhYU85yCqPgTINLYuwlSBYVW19Q value : xgRw7Me6kPJy8B6JtkygLns7Vg549BB3
D/SimpleDynamoProvider(16798): returnLDump() :: Key : mtItshCFcFtodBkzJrYF4W2NnvtP6Gm6 value : shrVNaxM8JBbIxFLq0QTYuqtMLyn9Tui
D/SimpleDynamoProvider(16798): returnLDump() :: Key : 2mLDknCTRjACvVR4rGjeQJ8vJ9eIRBC0 value : cbifUWWy4fxRVMm7xpV0aa3WOQVLF5j7
D/SimpleDynamoProvider(16798): returnLDump() :: Key : 5bWwvrAnPqqfuHxO9KPNc5B55lSvDbR7 value : QZfpdIu7blaXhVWFGSlQE89paR0UEm4y
D/SimpleDynamoProvider(16798): returnLDump() :: Key : hvPeyPhMGghAczL6PVJ7ybcjxqogKsNd value : rZIE4BuEZ6sRk2m6pZU2UKEgwlm7KIjr
D/SimpleDynamoProvider(16798): returnLDump() :: Key : 5YRLrmoa0PjM4KxPzl4MCVMeoWby6X1r value : WxCZmWkghF0frLnNscXqhFQM10FQIOJw
D/SimpleDynamoProvider(16798): returnLDump() :: Key : NphIoyyyzw8pKJ72Ja8iJKON9vjPUWLk value : MmQwrj3EjO4QBMlTJFwvjRSnEflix7J6
D/SimpleDynamoProvider(16798): returnLDump() :: Key : yxLtrZNYbKwGgrYQg6YBUG7ZKJn2ivmC value : 3ZyZiX38M5d4sXH4BPyyLEsEqkPRNkGg
D/SimpleDynamoProvider(16798): returnLDump() :: Key : yMvQxhc6TfgoddkFObwXamsQoPdoKqjv value : UU8GO6ohMgEEzibs90EWTae24abr5u77
D/SimpleDynamoProvider(16798): returnLDump() :: Key : oAhYisUxiKfE2NQlXZvIYej2QEQSh65F value : 3ypQZ6inXd01D2c0c07DvfiBi3aaf4Tu
D/SimpleDynamoProvider(16798): returnLDump() :: Key : qr3IsE1ogDhv4sLj7lNf1jkBjnQ5PwN4 value : UU1vLnJJmi1izysJF0rQ3jqxh5B2V0Hj
D/dalvikvm(16798): GC_FOR_ALLOC freed 346K, 17% free 2873K/3444K, paused 2ms, total 2ms
D/SimpleDynamoProvider(16798): returnLDump() :: Key : R4ArVY1iem2hltjKpi5dQ8NgDEMykEEp value : 2wtog9fKbGY0cwxMokM5mFS10ztw8doq
D/SimpleDynamoProvider(16798): returnLDump() :: Key : S4NQ58HipQYK8AvnmukMtUtNjE9xJuoq value : 4bZ73AW5Uu94wdkGRQeA7EPWbL6e5DAy
D/SimpleDynamoProvider(16798): returnLDump() :: Key : LMwkpXY93ocmBvF9go05qEFw3PLWVrej value : dtOeju3qcgOuM945VWO7d3CqIWzCVBKq
D/SimpleDynamoProvider(16798): returnLDump() :: Key : oWXBxDC9NchNDrFqvX3mUdW8XsMtUYrZ value : W02MOYvF9dAPfXsDwAfitmC9kfnTdbG2
D/SimpleDynamoProvider(16798): returnLDump() :: Key : a7j3rqxHkEa4AkIAg7ogRvJ3DxCfWcVb value : fQ6AidxtXiJ2sGFedVM7YFcjrFDKT5lp
D/SimpleDynamoProvider(16798): returnLDump() :: Key : vIDguOjNkQHE4myeu5LwprR4fElkcdxI value : DbG54F8o8hF1aZasqEmLViNRxzo9bxh3
D/SimpleDynamoProvider(16798): returnLDump() :: Key : eD9ll3ZY3nPtddBsHsrP1Wqp4H84OT3b value : RiGBUDWVLjB39p6sc4yBWrdohDN2nVEu
D/SimpleDynamoProvider(16798): returnLDump() :: Key : eIN6jpwjHTxEl7VD5b05fEiK84HZblE1 value : vu4aiT7pRlffdeZyY5kxdle4YVYUVOqC
D/SimpleDynamoProvider(16798): returnLDump() :: Key : qhuw2JFrvGGBQh10HKUMDZDTKPuiGQ30 value : IMz3I1u24aBd7fQotclRv5UgcEfy8sUq
D/SimpleDynamoProvider(16798): returnLDump() :: Key : 9zuTuQmEhKqiBrWKDmSmhbJCBj2tHZUS value : XT84u8S8WojSaAk5HqF2DtD1SbNrGTRG
D/SimpleDynamoProvider(16798): returnLDump() :: Key : Jova1a4Fz8aw8QuoPQEXDIOlorVFgufi value : ScAEByhoyaOncWvzzOL2purQtLDsntPQ
D/SimpleDynamoProvider(16798): returnLDump() :: Key : NfhdaazkpYT2yPXMYgX4hWhAhVPiDAXg value : LdGqak98VW5UjXrEi4PbxINh4AfuhT7H
D/SimpleDynamoProvider(16798): returnLDump() :: Key : O0AqQ3rf8BOfo02q32ot24n48HqMPsgz value : ZY2X8NV4YnIzy1fY7GLx6pOszHe5RY5e
D/dalvikvm(16798): GC_FOR_ALLOC freed 346K, 17% free 2874K/3444K, paused 3ms, total 3ms
D/SimpleDynamoProvider(16798): returnLDump() :: Key : aZrzp3orJQiIsoQedrIY35jeH9tkTYcA value : YLGzMD7u1SaHvw7t8RJuHybf9dShenYV
D/SimpleDynamoProvider(16798): returnLDump() :: Key : XPGUwTrKwR7jcsJ2S7lBtVFrk9hR6RqH value : 1Xnoabl6ehHgG6eXVR0w7P6TeMHVW7Xc
D/SimpleDynamoProvider(16798): returnLDump() :: Key : XDjsP1DODh6oRFyMt4or2QmAhMCbV2Bi value : G9aujoGyZmvHaEVxptlECHBeHBiwnGco
D/SimpleDynamoProvider(16798): returnLDump() :: Key : RL7mhRodVPlig3tJs6HdhbzTIlQpN4Cc value : WmYZ6SLsfmgSlC42RndsbpJYCqvGdGac
D/SimpleDynamoProvider(16798): returnLDump() :: Key : tAZmNuVoOQNjdICF8T7IIdxdLBicIGm2 value : gB2dBZVArntRIr24U4s0aTj3Pmv3Qgno
D/SimpleDynamoProvider(16798): returnLDump() :: Key : HHfGcBplWROV3fPJ6dvMwhmk8HciVZUc value : WKkKO3B9H4x9konVUbrx3sNVNofKewL3
D/SimpleDynamoProvider(16798): returnLDump() :: Key : whZShlPiMLu2ZI48jPJJ3y0WO0liq9uA value : FPj895Fd6keAvHH6kF94noFoRX9SqQNs
D/SimpleDynamoProvider(16798): returnLDump() :: Key : 9AObofWoWQnTau1XsZ3MUSTwzCIvDTVM value : S0bklQcBGEtNjPVUqZ8dKG76pAThsK4x
D/SimpleDynamoProvider(16798): returnLDump() :: Key : jyxisNe88ozUuCGclouxDn0sdREdLR1D value : JKk2QiVlJDbrTaJqBZbFtEFL3BQb6Ezd
D/SimpleDynamoProvider(16798): returnLDump() :: Key : tz49fV9JdPQQT2sMZSfP70HxVs90uozX value : 9mKJRM4YaZtT4rJFC2ZGH0vSSOWj55Ds
D/SimpleDynamoProvider(16798): returnLDump() :: Key : BALzXf7pcHAJ4qOVWPeV9BDewxINPhlA value : 7ya6GMSWof2GixNMsX0e7tem8qIavD6x
D/SimpleDynamoProvider(16798): returnLDump() :: Key : plGH9r2svpysPzC69KleRSSiMLPKXQT3 value : oJ67ZQgJkn46B4wwx2AmpKROlKJDQDnC
D/SimpleDynamoProvider(16798): returnLDump() :: Key : EgdrPodC9a6vXhUmRfRNKsyHZ2QNOtzn value : UB7LE4KgxYeJlxVmoY8I8kOteNQSXVub
D/dalvikvm(16798): GC_FOR_ALLOC freed 347K, 17% free 2876K/3444K, paused 3ms, total 3ms
D/SimpleDynamoProvider(16798): returnLDump() :: Key : v9myCnQERpdW7jkVKWSUVbPWclCzNtVf value : Xj3QUn7ICcRjZwr6XPT4Q4MKjIuV7XnV
D/SimpleDynamoProvider(16798): returnLDump() :: Key : wueW1lachlMTS1kH8wamCuUbyvCP2n6d value : ScdWUs1RGBD10Piifx6thkdToE6MfIuE
D/SimpleDynamoProvider(16798): returnLDump() :: Key : tCIn010xGq3MqUuTKjjfAYiCvQfVeakY value : YiQbj4icPTnARRns1nfOVFXAGCyW0uer
D/SimpleDynamoProvider(16798): returnLDump() :: Key : lKDUvipQ4Y3fdBrEcuYW45OnWDTO0shg value : MMmxtnZD56gWW72YaaGdK940GZFrKPLz
D/SimpleDynamoProvider(16798): returnLDump() :: Key : gKZWloG6GCLgkDtmkydZLFFTD3mCDmbC value : 0Bbba2pv3lVDINg7DpivFTjCcNz4QxyS
D/SimpleDynamoProvider(16798): returnLDump() :: Key : mYU8sgz0tRZQb5N97PyInuWaF08PihxS value : 4aB4rHZSD2Na4h3WLRXXDf2doON0rcf6
D/SimpleDynamoProvider(16798): returnLDump() :: Key : zZXz4j95JssGHa7VPG9DlWrnQ3ySLDgr value : 9Nxyq3DJLDmQsMfSTaZyQcZtfagK22Hp
D/SimpleDynamoProvider(16798): returnLDump() :: Key : XH1HAa3mjULUiAqoh6SxPOll6qHVlB5J value : 9z1DxznkmEBzsC7eqrH3LCQmDr9wQhAg
D/SimpleDynamoProvider(16798): returnLDump() :: Key : PNTeameZA8m8Tz1n9GQflProliN1oa5y value : 4peXVCVZ1zkfqzZPzV2t0iCfvWZWei4g
D/SimpleDynamoProvider(16798): returnLDump() :: Key : ky3gIhEWstCDUKG4yJv6V8Idpd7D8mKW value : wHA4Bot46CYtaG2XvV2y0xEoLLh2AMTj
D/SimpleDynamoProvider(16798): returnLDump() :: Key : 0f7034HW4EU536c7qO8WN1bblxbcXxDI value : 5uvLeNmPxTd5iwVQhAoLx19JbpzoHTpi
D/SimpleDynamoProvider(16798): returnLDump() :: Key : jOOm4tStfsHco5AdzXvahd1evO1PYfJk value : SQXs38UqVPvVHNjXkCU2b1qF7peFod7w
D/SimpleDynamoProvider(16798): returnLDump() :: Key : YZimI9VCDZBrjFNufTmr7ZeoS9y5A3q9 value : StYaxgkOuHuDtg5cdbTuEG3xyTa59bXk
D/dalvikvm(16798): GC_FOR_ALLOC freed 346K, 17% free 2877K/3444K, paused 3ms, total 3ms
D/SimpleDynamoProvider(16798): returnLDump() :: Key : jBpk8IkxdACGFMgdvjpFG598baxiec9d value : UV36U7HedauHbHZutMOVYFROuFxK7kqn
D/AndroidRuntime(17642): Shutting down VM
D/dalvikvm(17642): Debugger has detached; object registry had 1 entries
D/AndroidRuntime(17656): 
D/AndroidRuntime(17656): >>>>>> AndroidRuntime START com.android.internal.os.RuntimeInit <<<<<<
D/AndroidRuntime(17656): CheckJNI is ON
D/dalvikvm(17656): Trying to load lib libjavacore.so 0x0
D/dalvikvm(17656): Added shared lib libjavacore.so 0x0
D/dalvikvm(17656): Trying to load lib libnativehelper.so 0x0
D/dalvikvm(17656): Added shared lib libnativehelper.so 0x0
D/dalvikvm(17656): No JNI_OnLoad found in libnativehelper.so 0x0, skipping init
D/dalvikvm(17656): Note: class Landroid/app/ActivityManagerNative; has 179 unimplemented (abstract) methods
E/memtrack(17656): Couldn't load memtrack module (No such file or directory)
E/android.os.Debug(17656): failed to load memtrack module: -2
D/AndroidRuntime(17656): Calling main entry com.android.commands.pm.Pm
I/ActivityManager( 1249): Force stopping edu.buffalo.cse.cse486586.simpledynamo appid=10543 user=-1: uninstall pkg
I/ActivityManager( 1249): Killing 16798:edu.buffalo.cse.cse486586.simpledynamo/u0a543 (adj 0): stop edu.buffalo.cse.cse486586.simpledynamo
W/ActivityManager( 1249): Force removing ActivityRecord{b4174398 u0 edu.buffalo.cse.cse486586.simpledynamo/.SimpleDynamoActivity t333}: app died, no saved state
W/PackageManager( 1249): Couldn't delete native library directory /data/app-lib/edu.buffalo.cse.cse486586.simpledynamo
W/InputDispatcher( 1249): channel 'b42b9680 edu.buffalo.cse.cse486586.simpledynamo/edu.buffalo.cse.cse486586.simpledynamo.SimpleDynamoActivity (server)' ~ Consumer closed input channel or an error occurred.  events=0x9
E/InputDispatcher( 1249): channel 'b42b9680 edu.buffalo.cse.cse486586.simpledynamo/edu.buffalo.cse.cse486586.simpledynamo.SimpleDynamoActivity (server)' ~ Channel is unrecoverably broken and will be disposed!
W/InputDispatcher( 1249): Attempted to unregister already unregistered input channel 'b42b9680 edu.buffalo.cse.cse486586.simpledynamo/edu.buffalo.cse.cse486586.simpledynamo.SimpleDynamoActivity (server)'
I/WindowState( 1249): WIN DEATH: Window{b42b9680 u0 edu.buffalo.cse.cse486586.simpledynamo/edu.buffalo.cse.cse486586.simpledynamo.SimpleDynamoActivity}
W/SurfaceFlinger(  923): couldn't log to binary event log: overflow.
D/keystore(  928): calling clear_uid in state: 3
I/ActivityManager( 1249): Force stopping edu.buffalo.cse.cse486586.simpledynamo appid=10543 user=0: pkg removed
I/InputReader( 1249): Reconfiguring input devices.  changes=0x00000010
D/VoicemailCleanupService( 1436): Cleaning up data for package: edu.buffalo.cse.cse486586.simpledynamo
D/dalvikvm( 1249): GC_EXPLICIT freed 593K, 15% free 5981K/6964K, paused 14ms+13ms, total 75ms
D/dalvikvm( 1249): WAIT_FOR_CONCURRENT_GC blocked 26ms
D/BackupManagerService( 1249): Received broadcast Intent { act=android.intent.action.PACKAGE_REMOVED dat=package:edu.buffalo.cse.cse486586.simpledynamo flg=0x4000010 (has extras) }
V/BackupManagerService( 1249): removePackageParticipantsLocked: uid=10543 #1
W/Binder  ( 1346): Caught a RuntimeException from the binder stub implementation.
W/Binder  ( 1346): java.lang.NullPointerException
W/Binder  ( 1346): 	at android.inputmethodservice.IInputMethodWrapper.setSessionEnabled(IInputMethodWrapper.java:280)
W/Binder  ( 1346): 	at com.android.internal.view.IInputMethod$Stub.onTransact(IInputMethod.java:129)
W/Binder  ( 1346): 	at android.os.Binder.execTransact(Binder.java:404)
W/Binder  ( 1346): 	at dalvik.system.NativeStart.run(Native Method)
W/InputMethodManagerService( 1249): Got RemoteException sending setActive(false) notification to pid 16798 uid 10543
W/ContextImpl( 1750): Calling a method in the system process without a qualified user: android.app.ContextImpl.startService:1479 android.content.ContextWrapper.startService:494 android.content.ContextWrapper.startService:494 com.android.keychain.KeyChainBroadcastReceiver.onReceive:12 android.app.ActivityThread.handleReceiver:2400 
I/LatinIME:LogUtils( 1346): Dictionary info: dictionary = main:en ; version = 42 ; date = 1381226429
D/dalvikvm( 1249): GC_EXPLICIT freed 249K, 16% free 5895K/6964K, paused 0ms+7ms, total 101ms
D/AndroidRuntime(17656): Shutting down VM
D/jdwp    (17656): Got wake-up signal, bailing out of select
D/dalvikvm(17656): Debugger has detached; object registry had 1 entries
D/AndroidRuntime(17672): 
D/AndroidRuntime(17672): >>>>>> AndroidRuntime START com.android.internal.os.RuntimeInit <<<<<<
D/AndroidRuntime(17672): CheckJNI is ON
D/dalvikvm(17672): Trying to load lib libjavacore.so 0x0
D/dalvikvm(17672): Added shared lib libjavacore.so 0x0
D/dalvikvm(17672): Trying to load lib libnativehelper.so 0x0
D/dalvikvm(17672): Added shared lib libnativehelper.so 0x0
D/dalvikvm(17672): No JNI_OnLoad found in libnativehelper.so 0x0, skipping init
D/dalvikvm(17672): Note: class Landroid/app/ActivityManagerNative; has 179 unimplemented (abstract) methods
E/memtrack(17672): Couldn't load memtrack module (No such file or directory)
E/android.os.Debug(17672): failed to load memtrack module: -2
D/AndroidRuntime(17672): Calling main entry com.android.commands.pm.Pm
W/ActivityManager( 1249): No content provider found for permission revoke: file:///data/local/tmp/SimpleDynamo.apk
W/ActivityManager( 1249): No content provider found for permission revoke: file:///data/local/tmp/SimpleDynamo.apk
I/PackageManager( 1249): Copying native libraries to /data/app-lib/vmdl886349234
I/PackageManager( 1249): Running dexopt on: edu.buffalo.cse.cse486586.simpledynamo
D/dalvikvm(17684): DexOpt: load 0ms, verify+opt 45ms, 866420 bytes
I/ActivityManager( 1249): Force stopping edu.buffalo.cse.cse486586.simpledynamo appid=10544 user=-1: update pkg
D/BackupManagerService( 1249): Received broadcast Intent { act=android.intent.action.PACKAGE_ADDED dat=package:edu.buffalo.cse.cse486586.simpledynamo flg=0x4000010 (has extras) }
V/BackupManagerService( 1249): addPackageParticipantsLocked: #1
I/InputReader( 1249): Reconfiguring input devices.  changes=0x00000010
W/RecognitionManagerService( 1249): no available voice recognition services found for user 0
D/dalvikvm( 1249): GC_EXPLICIT freed 771K, 15% free 5932K/6964K, paused 1ms+16ms, total 39ms
D/AndroidRuntime(17672): Shutting down VM
D/jdwp    (17672): Got wake-up signal, bailing out of select
D/dalvikvm(17672): Debugger has detached; object registry had 1 entries
D/AndroidRuntime(17687): 
D/AndroidRuntime(17687): >>>>>> AndroidRuntime START com.android.internal.os.RuntimeInit <<<<<<
D/AndroidRuntime(17687): CheckJNI is ON
D/dalvikvm(17687): Trying to load lib libjavacore.so 0x0
D/dalvikvm(17687): Added shared lib libjavacore.so 0x0
D/dalvikvm(17687): Trying to load lib libnativehelper.so 0x0
D/dalvikvm(17687): Added shared lib libnativehelper.so 0x0
D/dalvikvm(17687): No JNI_OnLoad found in libnativehelper.so 0x0, skipping init
D/dalvikvm(17687): Note: class Landroid/app/ActivityManagerNative; has 179 unimplemented (abstract) methods
E/memtrack(17687): Couldn't load memtrack module (No such file or directory)
E/android.os.Debug(17687): failed to load memtrack module: -2
D/AndroidRuntime(17687): Calling main entry com.android.commands.input.Input
I/Input   (17687): injectKeyEvent: KeyEvent { action=ACTION_DOWN, keyCode=KEYCODE_MENU, scanCode=0, metaState=0, flags=0x0, repeatCount=0, eventTime=85957306, downTime=85957306, deviceId=-1, source=0x101 }
I/Input   (17687): injectKeyEvent: KeyEvent { action=ACTION_UP, keyCode=KEYCODE_MENU, scanCode=0, metaState=0, flags=0x0, repeatCount=0, eventTime=85957306, downTime=85957306, deviceId=-1, source=0x101 }
I/Choreographer( 1395): Skipped 34 frames!  The application may be doing too much work on its main thread.
D/AndroidRuntime(17687): Shutting down VM
D/jdwp    (17687): Got wake-up signal, bailing out of select
D/dalvikvm(17687): Debugger has detached; object registry had 1 entries
I/Choreographer( 1395): Skipped 38 frames!  The application may be doing too much work on its main thread.
D/LightsService( 1249): Excessive delay setting light: 53ms
I/Choreographer( 1249): Skipped 39 frames!  The application may be doing too much work on its main thread.
I/Choreographer( 1249): Skipped 50 frames!  The application may be doing too much work on its main thread.
I/Choreographer( 1249): Skipped 60 frames!  The application may be doing too much work on its main thread.
I/Choreographer( 1249): Skipped 40 frames!  The application may be doing too much work on its main thread.
D/AndroidRuntime(17699): 
D/AndroidRuntime(17699): >>>>>> AndroidRuntime START com.android.internal.os.RuntimeInit <<<<<<
D/AndroidRuntime(17699): CheckJNI is ON
D/dalvikvm(17699): Trying to load lib libjavacore.so 0x0
D/dalvikvm(17699): Added shared lib libjavacore.so 0x0
D/dalvikvm(17699): Trying to load lib libnativehelper.so 0x0
D/dalvikvm(17699): Added shared lib libnativehelper.so 0x0
D/dalvikvm(17699): No JNI_OnLoad found in libnativehelper.so 0x0, skipping init
D/dalvikvm(17699): Note: class Landroid/app/ActivityManagerNative; has 179 unimplemented (abstract) methods
E/memtrack(17699): Couldn't load memtrack module (No such file or directory)
E/android.os.Debug(17699): failed to load memtrack module: -2
D/AndroidRuntime(17699): Calling main entry com.android.commands.am.Am
I/ActivityManager( 1249): Force stopping edu.buffalo.cse.cse486586.simpledynamo appid=10544 user=0: from pid 17699
I/ActivityManager( 1249): START u0 {act=android.intent.action.MAIN cat=[android.intent.category.LAUNCHER] flg=0x10000000 cmp=edu.buffalo.cse.cse486586.simpledynamo/.SimpleDynamoActivity} from pid 17699
D/gralloc (  923): Registering a buffer in the process that created it. This may cause memory ordering problems.
E/libEGL  (  923): called unimplemented OpenGL ES API
E/libEGL  (  923): called unimplemented OpenGL ES API
E/libEGL  (  923): called unimplemented OpenGL ES API
E/libEGL  (  923): called unimplemented OpenGL ES API
E/SurfaceFlinger(  923): glCheckFramebufferStatusOES error 36395356
E/SurfaceFlinger(  923): got GL_FRAMEBUFFER_COMPLETE_OES error while taking screenshot
E/libEGL  (  923): called unimplemented OpenGL ES API
E/libEGL  (  923): called unimplemented OpenGL ES API
W/WindowManager( 1249): Screenshot failure taking screenshot for (123x164) to layer 21010
D/AndroidRuntime(17699): Shutting down VM
D/jdwp    (17699): Got wake-up signal, bailing out of select
D/dalvikvm(17699): Debugger has detached; object registry had 1 entries
D/dalvikvm(17710): Not late-enabling CheckJNI (already on)
I/ActivityManager( 1249): Start proc edu.buffalo.cse.cse486586.simpledynamo for activity edu.buffalo.cse.cse486586.simpledynamo/.SimpleDynamoActivity: pid=17710 uid=10544 gids={50544, 3003}
D/SimpleDynamoProvider(17710): onCreate() :: init() and predAvailNode(currentNode) called
D/SimpleDynamoProvider(17710): delete() CurrentNode : 5558
D/SimpleDynamoProvider(17710): Delete() : @ selection : @
D/SimpleDynamoProvider(17710): recoery() Sending to succ : 5560
D/SimpleDynamoProvider(17710): Client sending to Succ Server :: Values set in operation are Key : null, value: null, CurrentNode/Originator : 5558, Type : @query, Succ : 5562
D/SimpleDynamoProvider(17710): Client Remote port is 11120
D/SimpleDynamoProvider(17710): recoery() Sending to succ's succ : 5562
D/SimpleDynamoProvider(17710): recoery() Sending to pred : 5554
D/SimpleDynamoProvider(17710): recoery() Sending to pred's pred : 5556
D/SimpleDynamoProvider(17710): Client  Socket Time out type : @query key : null value : null
W/System.err(17710): java.io.StreamCorruptedException
W/System.err(17710): 	at java.io.ObjectOutputStream.writeObject(ObjectOutputStream.java:1528)
W/System.err(17710): 	at java.io.ObjectOutputStream.writeObject(ObjectOutputStream.java:1481)
W/System.err(17710): 	at edu.buffalo.cse.cse486586.simpledynamo.SimpleDynamoProvider$Client.run(SimpleDynamoProvider.java:435)
W/System.err(17710): 	at java.lang.Thread.run(Thread.java:841)
D/SimpleDynamoProvider(17710): Client sending to Succ Server :: Values set in operation are Key : null, value: null, CurrentNode/Originator : 5558, Type : @query, Succ : 5556
D/SimpleDynamoProvider(17710): Client Remote port is 11112
D/SimpleDynamoProvider(17710): Client sending to Succ Server :: Values set in operation are Key : null, value: null, CurrentNode/Originator : 5558, Type : @query, Succ : 5556
D/SimpleDynamoProvider(17710): Client Remote port is 11108
D/SimpleDynamoProvider(17710): Client sending to Succ Server :: Values set in operation are Key : null, value: null, CurrentNode/Originator : 5558, Type : @query, Succ : 5556
D/SimpleDynamoProvider(17710): Client Remote port is 11124
D/SimpleDynamoProvider(17710): Client  Socket Time out type : @query key : null value : null
W/System.err(17710): java.io.StreamCorruptedException
W/System.err(17710): 	at java.io.ObjectOutputStream.writeObject(ObjectOutputStream.java:1528)
W/System.err(17710): 	at java.io.ObjectOutputStream.writeObject(ObjectOutputStream.java:1481)
W/System.err(17710): 	at edu.buffalo.cse.cse486586.simpledynamo.SimpleDynamoProvider$Client.run(SimpleDynamoProvider.java:435)
W/System.err(17710): 	at java.lang.Thread.run(Thread.java:841)
I/Choreographer( 1249): Skipped 44 frames!  The application may be doing too much work on its main thread.
I/Choreographer( 1249): Skipped 39 frames!  The application may be doing too much work on its main thread.
I/Choreographer( 1249): Skipped 86 frames!  The application may be doing too much work on its main thread.
D/SimpleDynamoProvider(17710): Server :: Values in operation are Key : null, value: null, CurrentNode/Originator : 5558, Type : updateRecovery, Succ : 5558
D/SimpleDynamoProvider(17710): Server updateRecovery :: response coming from : 5554 size of map is : 0
I/Choreographer( 1249): Skipped 66 frames!  The application may be doing too much work on its main thread.
D/SimpleDynamoProvider(17710): Server :: Values in operation are Key : null, value: null, CurrentNode/Originator : 5558, Type : updateRecovery, Succ : 5558
D/SimpleDynamoProvider(17710): Server updateRecovery :: response coming from : 5556 size of map is : 0
I/Choreographer(17710): Skipped 47 frames!  The application may be doing too much work on its main thread.
D/gralloc_goldfish(17710): Emulator without GPU emulation detected.
I/ActivityManager( 1249): Displayed edu.buffalo.cse.cse486586.simpledynamo/.SimpleDynamoActivity: +624ms
D/SimpleDynamoProvider(17710): Server :: Values in operation are Key : null, value: null, CurrentNode/Originator : 5560, Type : @query, Succ : 5554
D/SimpleDynamoProvider(17710): Server @query currentNode :5558
D/SimpleDynamoProvider(17710): Client sending to Succ Server :: Values set in operation are Key : null, value: null, CurrentNode/Originator : 5560, Type : updateRecovery, Succ : 5560
D/SimpleDynamoProvider(17710): Client Remote port is 11120
D/SimpleDynamoProvider(17710): Server :: Values in operation are Key : null, value: null, CurrentNode/Originator : 5562, Type : @query, Succ : 5558
D/SimpleDynamoProvider(17710): Server @query currentNode :5558
D/SimpleDynamoProvider(17710): Client sending to Succ Server :: Values set in operation are Key : null, value: null, CurrentNode/Originator : 5562, Type : updateRecovery, Succ : 5562
D/SimpleDynamoProvider(17710): Client Remote port is 11124
D/SimpleDynamoProvider(17710): Server :: Values in operation are Key : 5mBBK5NBAKkZhrPfv5s4VtnhCQt1PO2R, value: QdS7cAaqVSTMSRCK9PB7TOKTJtlt00JB, CurrentNode/Originator : 5554, Type : replicate, Succ : 5558
D/SimpleDynamoProvider(17710): Server replicated values at currentNode 5558 key: 5mBBK5NBAKkZhrPfv5s4VtnhCQt1PO2R values: QdS7cAaqVSTMSRCK9PB7TOKTJtlt00JB
D/SimpleDynamoProvider(17710): Server :: Values in operation are Key : 3Ip7JWzRelFHCTPqUdIegk4hSPv2l7hn, value: a0WYDWXtxIE5mlEFBrKCwo21GM6l9Gsn, CurrentNode/Originator : 5554, Type : replicate, Succ : 5558
D/dalvikvm(17710): GC_FOR_ALLOC freed 361K, 14% free 2771K/3188K, paused 0ms, total 0ms
D/SimpleDynamoProvider(17710): Server replicated values at currentNode 5558 key: 3Ip7JWzRelFHCTPqUdIegk4hSPv2l7hn values: a0WYDWXtxIE5mlEFBrKCwo21GM6l9Gsn
D/SimpleDynamoProvider(17710): Server :: Values in operation are Key : twb8j9DXD1CqjsCqCQ4OT5GRYm2frNRC, value: tmyA0NGNjqNBqVODTFgH90SZbTJWRnBy, CurrentNode/Originator : 5554, Type : replicate, Succ : 5562
D/SimpleDynamoProvider(17710): Server replicated values at currentNode 5558 key: twb8j9DXD1CqjsCqCQ4OT5GRYm2frNRC values: tmyA0NGNjqNBqVODTFgH90SZbTJWRnBy
D/SimpleDynamoProvider(17710): Server :: Values in operation are Key : 7RzFvo7O6u1p20qvW7Bb3Jhzd3GAvYUo, value: QsF0qfGLALWfsBmEDdHOvlIYZgex6zTb, CurrentNode/Originator : 5556, Type : replicate, Succ : 5562
D/SimpleDynamoProvider(17710): Server replicated values at currentNode 5558 key: 7RzFvo7O6u1p20qvW7Bb3Jhzd3GAvYUo values: QsF0qfGLALWfsBmEDdHOvlIYZgex6zTb
D/SimpleDynamoProvider(17710): Server :: Values in operation are Key : igL9RO3CCgtTBq4DJNCbyGYJq9y24amI, value: ykWWKCDdAsek77LoYKnsIgHCBr7XEEEV, CurrentNode/Originator : 5556, Type : replicate, Succ : 5562
D/SimpleDynamoProvider(17710): Server replicated values at currentNode 5558 key: igL9RO3CCgtTBq4DJNCbyGYJq9y24amI values: ykWWKCDdAsek77LoYKnsIgHCBr7XEEEV
D/SimpleDynamoProvider(17710): Server :: Values in operation are Key : HMNlFE2aMjKO7OiEuVcgDLt5Yy8PKyAU, value: mlzU3fH4Hlb2AO1JUfdWssZNblVqHhAs, CurrentNode/Originator : 5556, Type : replicate, Succ : 5560
D/SimpleDynamoProvider(17710): Server replicated values at currentNode 5558 key: HMNlFE2aMjKO7OiEuVcgDLt5Yy8PKyAU values: mlzU3fH4Hlb2AO1JUfdWssZNblVqHhAs
D/SimpleDynamoProvider(17710): Server :: Values in operation are Key : Sr4hlJB6SvVCc7m1aYtLmNMnU15ySTaW, value: M2AE5h7HYc9cBNMpjcgjilj3CJ2nlnhT, CurrentNode/Originator : 5556, Type : replicate, Succ : 5562
D/SimpleDynamoProvider(17710): Server replicated values at currentNode 5558 key: Sr4hlJB6SvVCc7m1aYtLmNMnU15ySTaW values: M2AE5h7HYc9cBNMpjcgjilj3CJ2nlnhT
D/AndroidRuntime(17730): 
D/AndroidRuntime(17730): >>>>>> AndroidRuntime START com.android.internal.os.RuntimeInit <<<<<<
D/AndroidRuntime(17730): CheckJNI is ON
D/dalvikvm(17730): Trying to load lib libjavacore.so 0x0
D/dalvikvm(17730): Added shared lib libjavacore.so 0x0
D/dalvikvm(17730): Trying to load lib libnativehelper.so 0x0
D/dalvikvm(17730): Added shared lib libnativehelper.so 0x0
D/dalvikvm(17730): No JNI_OnLoad found in libnativehelper.so 0x0, skipping init
D/dalvikvm(17730): Note: class Landroid/app/ActivityManagerNative; has 179 unimplemented (abstract) methods
E/memtrack(17730): Couldn't load memtrack module (No such file or directory)
E/android.os.Debug(17730): failed to load memtrack module: -2
D/AndroidRuntime(17730): Calling main entry com.android.commands.content.Content
D/SimpleDynamoProvider(17710): Insert() :: Values set in operation are Key : 5nyzW4NGhnBxmmZ90ERtyNXFtnxFMOoU, value: MYzqguu9BUaew7aEqm6Zw5vDkg5XMzRR, CurrentNode/Originator : 5558, Type : insert, Succ : 5560
D/SimpleDynamoProvider(17710): Insert() and replicating current port no : 5558 Key: 5nyzW4NGhnBxmmZ90ERtyNXFtnxFMOoUvalue: MYzqguu9BUaew7aEqm6Zw5vDkg5XMzRR
D/SimpleDynamoProvider(17710): Replicate() Calling client currentNode 5558 Succ is :5560 key: 5nyzW4NGhnBxmmZ90ERtyNXFtnxFMOoU values: MYzqguu9BUaew7aEqm6Zw5vDkg5XMzRR
D/SimpleDynamoProvider(17710): Replicate() Calling client currentNode 5558 Succ is :5562 key: 5nyzW4NGhnBxmmZ90ERtyNXFtnxFMOoU values: MYzqguu9BUaew7aEqm6Zw5vDkg5XMzRR
D/SimpleDynamoProvider(17710): Client sending to Succ Server :: Values set in operation are Key : 5nyzW4NGhnBxmmZ90ERtyNXFtnxFMOoU, value: MYzqguu9BUaew7aEqm6Zw5vDkg5XMzRR, CurrentNode/Originator : 5558, Type : replicate, Succ : 5562
D/SimpleDynamoProvider(17710): Client Remote port is 11120
D/AndroidRuntime(17730): Shutting down VM
D/jdwp    (17730): Got wake-up signal, bailing out of select
D/dalvikvm(17730): Debugger has detached; object registry had 1 entries
D/SimpleDynamoProvider(17710): Client sending to Succ Server :: Values set in operation are Key : 5nyzW4NGhnBxmmZ90ERtyNXFtnxFMOoU, value: MYzqguu9BUaew7aEqm6Zw5vDkg5XMzRR, CurrentNode/Originator : 5558, Type : replicate, Succ : 5562
D/SimpleDynamoProvider(17710): Client Remote port is 11124
D/AndroidRuntime(17743): 
D/AndroidRuntime(17743): >>>>>> AndroidRuntime START com.android.internal.os.RuntimeInit <<<<<<
D/AndroidRuntime(17743): CheckJNI is ON
D/dalvikvm(17743): Trying to load lib libjavacore.so 0x0
D/dalvikvm(17743): Added shared lib libjavacore.so 0x0
D/dalvikvm(17743): Trying to load lib libnativehelper.so 0x0
D/dalvikvm(17743): Added shared lib libnativehelper.so 0x0
D/dalvikvm(17743): No JNI_OnLoad found in libnativehelper.so 0x0, skipping init
D/dalvikvm(17743): Note: class Landroid/app/ActivityManagerNative; has 179 unimplemented (abstract) methods
E/memtrack(17743): Couldn't load memtrack module (No such file or directory)
E/android.os.Debug(17743): failed to load memtrack module: -2
D/AndroidRuntime(17743): Calling main entry com.android.commands.content.Content
D/SimpleDynamoProvider(17710): Insert() :: Values set in operation are Key : gld7j91vVKvHfeyqjTDYKU9n95LyuNhh, value: mLE5aPJPDiTubP0nfOYxHQxnPyqXQAW9, CurrentNode/Originator : 5558, Type : insert, Succ : 5560
D/SimpleDynamoProvider(17710): Insert() and replicating current port no : 5558 Key: gld7j91vVKvHfeyqjTDYKU9n95LyuNhhvalue: mLE5aPJPDiTubP0nfOYxHQxnPyqXQAW9
D/SimpleDynamoProvider(17710): Replicate() Calling client currentNode 5558 Succ is :5560 key: gld7j91vVKvHfeyqjTDYKU9n95LyuNhh values: mLE5aPJPDiTubP0nfOYxHQxnPyqXQAW9
D/SimpleDynamoProvider(17710): Replicate() Calling client currentNode 5558 Succ is :5562 key: gld7j91vVKvHfeyqjTDYKU9n95LyuNhh values: mLE5aPJPDiTubP0nfOYxHQxnPyqXQAW9
D/SimpleDynamoProvider(17710): Client sending to Succ Server :: Values set in operation are Key : gld7j91vVKvHfeyqjTDYKU9n95LyuNhh, value: mLE5aPJPDiTubP0nfOYxHQxnPyqXQAW9, CurrentNode/Originator : 5558, Type : replicate, Succ : 5562
D/SimpleDynamoProvider(17710): Client Remote port is 11120
D/AndroidRuntime(17743): Shutting down VM
D/dalvikvm(17743): Debugger has detached; object registry had 1 entries
D/SimpleDynamoProvider(17710): Client sending to Succ Server :: Values set in operation are Key : gld7j91vVKvHfeyqjTDYKU9n95LyuNhh, value: mLE5aPJPDiTubP0nfOYxHQxnPyqXQAW9, CurrentNode/Originator : 5558, Type : replicate, Succ : 5562
D/SimpleDynamoProvider(17710): Client Remote port is 11124
D/dalvikvm(17710): GC_FOR_ALLOC freed 436K, 15% free 2847K/3336K, paused 4ms, total 4ms
D/AndroidRuntime(17756): 
D/AndroidRuntime(17756): >>>>>> AndroidRuntime START com.android.internal.os.RuntimeInit <<<<<<
D/AndroidRuntime(17756): CheckJNI is ON
D/dalvikvm(17756): Trying to load lib libjavacore.so 0x0
D/dalvikvm(17756): Added shared lib libjavacore.so 0x0
D/dalvikvm(17756): Trying to load lib libnativehelper.so 0x0
D/dalvikvm(17756): Added shared lib libnativehelper.so 0x0
D/dalvikvm(17756): No JNI_OnLoad found in libnativehelper.so 0x0, skipping init
D/dalvikvm(17756): Note: class Landroid/app/ActivityManagerNative; has 179 unimplemented (abstract) methods
E/memtrack(17756): Couldn't load memtrack module (No such file or directory)
E/android.os.Debug(17756): failed to load memtrack module: -2
D/AndroidRuntime(17756): Calling main entry com.android.commands.content.Content
D/SimpleDynamoProvider(17710): Insert() :: Values set in operation are Key : d3CI6JhhzQNyef6Fup0HxQ97GAipfTHE, value: YKFcM3hoRd1XdXD29Q2NGgyNutEaOt