I/ActivityManager( 1249): Force stopping edu.buffalo.cse.cse486586.simpledynamo appid=10535 user=-1: uninstall pkg
I/ActivityManager( 1249): Killing 14343:edu.buffalo.cse.cse486586.simpledynamo/u0a535 (adj 0): stop edu.buffalo.cse.cse486586.simpledynamo
I/ActivityManager( 1249):   Force finishing activity ActivityRecord{b432e938 u0 edu.buffalo.cse.cse486586.simpledynamo/.SimpleDynamoActivity t320}
W/PackageManager( 1249): Couldn't delete native library directory /data/app-lib/edu.buffalo.cse.cse486586.simpledynamo
I/ActivityManager( 1249): Force stopping edu.buffalo.cse.cse486586.simpledynamo appid=10535 user=0: pkg removed
D/BackupManagerService( 1249): Received broadcast Intent { act=android.intent.action.PACKAGE_REMOVED dat=package:edu.buffalo.cse.cse486586.simpledynamo flg=0x4000010 (has extras) }
V/BackupManagerService( 1249): removePackageParticipantsLocked: uid=10535 #1
W/InputMethodManagerService( 1249): Window already focused, ignoring focus gain of: com.android.internal.view.IInputMethodClient$Stub$Proxy@b4282a58 attribute=null, token = android.os.BinderProxy@b42366d0
W/ContextImpl( 1750): Calling a method in the system process without a qualified user: android.app.ContextImpl.startService:1479 android.content.ContextWrapper.startService:494 android.content.ContextWrapper.startService:494 com.android.keychain.KeyChainBroadcastReceiver.onReceive:12 android.app.ActivityThread.handleReceiver:2400 
W/ActivityManager( 1249): No content provider found for permission revoke: file:///data/local/tmp/SimpleDynamo.apk
W/ActivityManager( 1249): No content provider found for permission revoke: file:///data/local/tmp/SimpleDynamo.apk
I/PackageManager( 1249): Copying native libraries to /data/app-lib/vmdl215190597
I/ActivityManager( 1249): Force stopping edu.buffalo.cse.cse486586.simpledynamo appid=10536 user=-1: update pkg
D/BackupManagerService( 1249): Received broadcast Intent { act=android.intent.action.PACKAGE_ADDED dat=package:edu.buffalo.cse.cse486586.simpledynamo flg=0x4000010 (has extras) }
W/RecognitionManagerService( 1249): no available voice recognition services found for user 0
V/BackupManagerService( 1249): addPackageParticipantsLocked: #1
I/ActivityManager( 1249): Force stopping edu.buffalo.cse.cse486586.simpledynamo appid=10536 user=0: from pid 14413
I/ActivityManager( 1249): START u0 {act=android.intent.action.MAIN cat=[android.intent.category.LAUNCHER] flg=0x10000000 cmp=edu.buffalo.cse.cse486586.simpledynamo/.SimpleDynamoActivity} from pid 14413
W/WindowManager( 1249): Screenshot failure taking screenshot for (123x164) to layer 21010
I/ActivityManager( 1249): Start proc edu.buffalo.cse.cse486586.simpledynamo for activity edu.buffalo.cse.cse486586.simpledynamo/.SimpleDynamoActivity: pid=14424 uid=10536 gids={50536, 3003}
W/ActivityManager( 1249): Launch timeout has expired, giving up wake lock!
E/WindowManager( 1249): Starting window AppWindowToken{b433dde0 token=Token{b41fe088 ActivityRecord{b41c79d8 u0 edu.buffalo.cse.cse486586.simpledynamo/.SimpleDynamoActivity t321}}} timed out
D/ConnectivityService( 1249): Sampling interval elapsed, updating statistics ..
D/ConnectivityService( 1249): Done.
D/ConnectivityService( 1249): Setting timer for 720seconds
V/BackupManagerService( 1249): Running a backup pass
V/BackupManagerService( 1249): clearing pending backups
V/PerformBackupTask( 1249): Beginning backup of 7 targets
I/PerformBackupTask( 1249): Initializing (wiping) backup state and transport storage
D/BackupManagerService( 1249): Now staging backup of android
D/BackupManagerService( 1249): Now staging backup of com.android.providers.settings
D/BackupManagerService( 1249): Now staging backup of com.android.providers.userdictionary
D/BackupManagerService( 1249): Now staging backup of com.android.dialer
D/BackupManagerService( 1249): Now staging backup of com.android.sharedstoragebackup
D/BackupManagerService( 1249): Now staging backup of com.android.browser
D/BackupManagerService( 1249): Now staging backup of com.android.calendar
D/PerformBackupTask( 1249): invokeAgentForBackup on @pm@
E/PerformBackupTask( 1249): Error invoking for backup on @pm@
I/PerformBackupTask( 1249): Backup pass finished.
E/PerformBackupTask( 1249): Duplicate finish
I/ProcessStatsService( 1249): Prepared write state in 1ms
I/ProcessStatsService( 1249): Prepared write state in 1ms
W/ActivityManager( 1249): No content provider found for permission revoke: file:///data/local/tmp/SimpleDynamo.apk
W/ActivityManager( 1249): No content provider found for permission revoke: file:///data/local/tmp/SimpleDynamo.apk
I/PackageManager( 1249): Copying native libraries to /data/app-lib/vmdl-1076250997
I/ActivityManager( 1249): Force stopping edu.buffalo.cse.cse486586.simpledynamo appid=10536 user=-1: uninstall pkg
I/ActivityManager( 1249): Killing 14424:edu.buffalo.cse.cse486586.simpledynamo/u0a536 (adj 0): stop edu.buffalo.cse.cse486586.simpledynamo
I/ActivityManager( 1249):   Force finishing activity ActivityRecord{b41c79d8 u0 edu.buffalo.cse.cse486586.simpledynamo/.SimpleDynamoActivity t321}
I/PackageManager( 1249): Package edu.buffalo.cse.cse486586.simpledynamo codePath changed from /data/app/edu.buffalo.cse.cse486586.simpledynamo-1.apk to /data/app/edu.buffalo.cse.cse486586.simpledynamo-2.apk; Retaining data and using new
W/InputMethodManagerService( 1249): Window already focused, ignoring focus gain of: com.android.internal.view.IInputMethodClient$Stub$Proxy@b4182870 attribute=null, token = android.os.BinderProxy@b42366d0
W/PackageManager( 1249): Code path for pkg : edu.buffalo.cse.cse486586.simpledynamo changing from /data/app/edu.buffalo.cse.cse486586.simpledynamo-1.apk to /data/app/edu.buffalo.cse.cse486586.simpledynamo-2.apk
W/PackageManager( 1249): Resource path for pkg : edu.buffalo.cse.cse486586.simpledynamo changing from /data/app/edu.buffalo.cse.cse486586.simpledynamo-1.apk to /data/app/edu.buffalo.cse.cse486586.simpledynamo-2.apk
I/ActivityManager( 1249): Force stopping edu.buffalo.cse.cse486586.simpledynamo appid=10536 user=-1: update pkg
I/ActivityManager( 1249): Force stopping edu.buffalo.cse.cse486586.simpledynamo appid=10536 user=0: pkg removed
D/BackupManagerService( 1249): Received broadcast Intent { act=android.intent.action.PACKAGE_REMOVED dat=package:edu.buffalo.cse.cse486586.simpledynamo flg=0x4000010 (has extras) }
W/ContextImpl( 1750): Calling a method in the system process without a qualified user: android.app.ContextImpl.startService:1479 android.content.ContextWrapper.startService:494 android.content.ContextWrapper.startService:494 com.android.keychain.KeyChainBroadcastReceiver.onReceive:12 android.app.ActivityThread.handleReceiver:2400 
D/BackupManagerService( 1249): Received broadcast Intent { act=android.intent.action.PACKAGE_ADDED dat=package:edu.buffalo.cse.cse486586.simpledynamo flg=0x4000010 (has extras) }
V/BackupManagerService( 1249): removePackageParticipantsLocked: uid=10536 #1
V/BackupManagerService( 1249): addPackageParticipantsLocked: #1
W/RecognitionManagerService( 1249): no available voice recognition services found for user 0
I/ActivityManager( 1249): START u0 {act=android.intent.action.MAIN cat=[android.intent.category.LAUNCHER] flg=0x10000000 cmp=edu.buffalo.cse.cse486586.simpledynamo/.SimpleDynamoActivity} from pid 14461
W/WindowManager( 1249): Screenshot failure taking screenshot for (123x164) to layer 21005
I/ActivityManager( 1249): Start proc edu.buffalo.cse.cse486586.simpledynamo for activity edu.buffalo.cse.cse486586.simpledynamo/.SimpleDynamoActivity: pid=14473 uid=10536 gids={50536, 3003}
I/ActivityManager( 1249): Force stopping edu.buffalo.cse.cse486586.simpledynamo appid=10536 user=-1: uninstall pkg
I/ActivityManager( 1249): Killing 14473:edu.buffalo.cse.cse486586.simpledynamo/u0a536 (adj 0): stop edu.buffalo.cse.cse486586.simpledynamo
I/ActivityManager( 1249):   Force finishing activity ActivityRecord{b430b2e8 u0 edu.buffalo.cse.cse486586.simpledynamo/.SimpleDynamoActivity t322}
W/PackageManager( 1249): Couldn't delete native library directory /data/app-lib/edu.buffalo.cse.cse486586.simpledynamo
I/ActivityManager( 1249): Force stopping edu.buffalo.cse.cse486586.simpledynamo appid=10536 user=0: pkg removed
D/BackupManagerService( 1249): Received broadcast Intent { act=android.intent.action.PACKAGE_REMOVED dat=package:edu.buffalo.cse.cse486586.simpledynamo flg=0x4000010 (has extras) }
V/BackupManagerService( 1249): removePackageParticipantsLocked: uid=10536 #1
W/ContextImpl( 1750): Calling a method in the system process without a qualified user: android.app.ContextImpl.startService:1479 android.content.ContextWrapper.startService:494 android.content.ContextWrapper.startService:494 com.android.keychain.KeyChainBroadcastReceiver.onReceive:12 android.app.ActivityThread.handleReceiver:2400 
W/InputMethodManagerService( 1249): Window already focused, ignoring focus gain of: com.android.internal.view.IInputMethodClient$Stub$Proxy@b4290538 attribute=null, token = android.os.BinderProxy@b42366d0
W/ActivityManager( 1249): No content provider found for permission revoke: file:///data/local/tmp/SimpleDynamo.apk
W/ActivityManager( 1249): No content provider found for permission revoke: file:///data/local/tmp/SimpleDynamo.apk
I/PackageManager( 1249): Copying native libraries to /data/app-lib/vmdl57695996
I/ActivityManager( 1249): Force stopping edu.buffalo.cse.cse486586.simpledynamo appid=10537 user=-1: update pkg
D/BackupManagerService( 1249): Received broadcast Intent { act=android.intent.action.PACKAGE_ADDED dat=package:edu.buffalo.cse.cse486586.simpledynamo flg=0x4000010 (has extras) }
V/BackupManagerService( 1249): addPackageParticipantsLocked: #1
W/RecognitionManagerService( 1249): no available voice recognition services found for user 0
I/ActivityManager( 1249): Force stopping edu.buffalo.cse.cse486586.simpledynamo appid=10537 user=0: from pid 14532
I/ActivityManager( 1249): START u0 {act=android.intent.action.MAIN cat=[android.intent.category.LAUNCHER] flg=0x10000000 cmp=edu.buffalo.cse.cse486586.simpledynamo/.SimpleDynamoActivity} from pid 14532
W/WindowManager( 1249): Screenshot failure taking screenshot for (123x164) to layer 21010
I/ActivityManager( 1249): Start proc edu.buffalo.cse.cse486586.simpledynamo for activity edu.buffalo.cse.cse486586.simpledynamo/.SimpleDynamoActivity: pid=14543 uid=10537 gids={50537, 3003}
W/ActivityManager( 1249): Launch timeout has expired, giving up wake lock!
E/WindowManager( 1249): Starting window AppWindowToken{b434ce58 token=Token{b4196ce0 ActivityRecord{b41c79d8 u0 edu.buffalo.cse.cse486586.simpledynamo/.SimpleDynamoActivity t323}}} timed out
D/ConnectivityService( 1249): Sampling interval elapsed, updating statistics ..
D/ConnectivityService( 1249): Done.
D/ConnectivityService( 1249): Setting timer for 720seconds
D/ConnectivityService( 1249): Sampling interval elapsed, updating statistics ..
D/ConnectivityService( 1249): Done.
D/ConnectivityService( 1249): Setting timer for 720seconds
W/ActivityManager( 1249): No content provider found for permission revoke: file:///data/local/tmp/SimpleDynamo.apk
W/ActivityManager( 1249): No content provider found for permission revoke: file:///data/local/tmp/SimpleDynamo.apk
I/PackageManager( 1249): Copying native libraries to /data/app-lib/vmdl53230007
I/ActivityManager( 1249): Force stopping edu.buffalo.cse.cse486586.simpledynamo appid=10537 user=-1: uninstall pkg
I/ActivityManager( 1249): Killing 14543:edu.buffalo.cse.cse486586.simpledynamo/u0a537 (adj 0): stop edu.buffalo.cse.cse486586.simpledynamo
I/ActivityManager( 1249):   Force finishing activity ActivityRecord{b41c79d8 u0 edu.buffalo.cse.cse486586.simpledynamo/.SimpleDynamoActivity t323}
W/InputMethodManagerService( 1249): Window already focused, ignoring focus gain of: com.android.internal.view.IInputMethodClient$Stub$Proxy@b423c9c0 attribute=null, token = android.os.BinderProxy@b42366d0
I/PackageManager( 1249): Package edu.buffalo.cse.cse486586.simpledynamo codePath changed from /data/app/edu.buffalo.cse.cse486586.simpledynamo-1.apk to /data/app/edu.buffalo.cse.cse486586.simpledynamo-2.apk; Retaining data and using new
W/PackageManager( 1249): Code path for pkg : edu.buffalo.cse.cse486586.simpledynamo changing from /data/app/edu.buffalo.cse.cse486586.simpledynamo-1.apk to /data/app/edu.buffalo.cse.cse486586.simpledynamo-2.apk
W/PackageManager( 1249): Resource path for pkg : edu.buffalo.cse.cse486586.simpledynamo changing from /data/app/edu.buffalo.cse.cse486586.simpledynamo-1.apk to /data/app/edu.buffalo.cse.cse486586.simpledynamo-2.apk
I/ActivityManager( 1249): Force stopping edu.buffalo.cse.cse486586.simpledynamo appid=10537 user=-1: update pkg
I/ActivityManager( 1249): Force stopping edu.buffalo.cse.cse486586.simpledynamo appid=10537 user=0: pkg removed
D/BackupManagerService( 1249): Received broadcast Intent { act=android.intent.action.PACKAGE_REMOVED dat=package:edu.buffalo.cse.cse486586.simpledynamo flg=0x4000010 (has extras) }
D/BackupManagerService( 1249): Received broadcast Intent { act=android.intent.action.PACKAGE_ADDED dat=package:edu.buffalo.cse.cse486586.simpledynamo flg=0x4000010 (has extras) }
V/BackupManagerService( 1249): removePackageParticipantsLocked: uid=10537 #1
V/BackupManagerService( 1249): addPackageParticipantsLocked: #1
W/ContextImpl( 1750): Calling a method in the system process without a qualified user: android.app.ContextImpl.startService:1479 android.content.ContextWrapper.startService:494 android.content.ContextWrapper.startService:494 com.android.keychain.KeyChainBroadcastReceiver.onReceive:12 android.app.ActivityThread.handleReceiver:2400 
W/RecognitionManagerService( 1249): no available voice recognition services found for user 0
I/ActivityManager( 1249): START u0 {act=android.intent.action.MAIN cat=[android.intent.category.LAUNCHER] flg=0x10000000 cmp=edu.buffalo.cse.cse486586.simpledynamo/.SimpleDynamoActivity} from pid 14580
W/WindowManager( 1249): Screenshot failure taking screenshot for (123x164) to layer 21005
I/ActivityManager( 1249): Start proc edu.buffalo.cse.cse486586.simpledynamo for activity edu.buffalo.cse.cse486586.simpledynamo/.SimpleDynamoActivity: pid=14591 uid=10537 gids={50537, 3003}
W/ActivityManager( 1249): Launch timeout has expired, giving up wake lock!
E/WindowManager( 1249): Starting window AppWindowToken{b4382a20 token=Token{b40d0c88 ActivityRecord{b41c79d8 u0 edu.buffalo.cse.cse486586.simpledynamo/.SimpleDynamoActivity t324}}} timed out
I/ActivityManager( 1249): Force stopping edu.buffalo.cse.cse486586.simpledynamo appid=10537 user=-1: uninstall pkg
I/ActivityManager( 1249): Killing 14591:edu.buffalo.cse.cse486586.simpledynamo/u0a537 (adj 0): stop edu.buffalo.cse.cse486586.simpledynamo
I/ActivityManager( 1249):   Force finishing activity ActivityRecord{b41c79d8 u0 edu.buffalo.cse.cse486586.simpledynamo/.SimpleDynamoActivity t324}
W/PackageManager( 1249): Couldn't delete native library directory /data/app-lib/edu.buffalo.cse.cse486586.simpledynamo
I/ActivityManager( 1249): Force stopping edu.buffalo.cse.cse486586.simpledynamo appid=10537 user=0: pkg removed
W/InputMethodManagerService( 1249): Window already focused, ignoring focus gain of: com.android.internal.view.IInputMethodClient$Stub$Proxy@b430aef8 attribute=null, token = android.os.BinderProxy@b42366d0
D/BackupManagerService( 1249): Received broadcast Intent { act=android.intent.action.PACKAGE_REMOVED dat=package:edu.buffalo.cse.cse486586.simpledynamo flg=0x4000010 (has extras) }
V/BackupManagerService( 1249): removePackageParticipantsLocked: uid=10537 #1
W/ContextImpl( 1750): Calling a method in the system process without a qualified user: android.app.ContextImpl.startService:1479 android.content.ContextWrapper.startService:494 android.content.ContextWrapper.startService:494 com.android.keychain.KeyChainBroadcastReceiver.onReceive:12 android.app.ActivityThread.handleReceiver:2400 
W/ActivityManager( 1249): No content provider found for permission revoke: file:///data/local/tmp/SimpleDynamo.apk
W/ActivityManager( 1249): No content provider found for permission revoke: file:///data/local/tmp/SimpleDynamo.apk
I/PackageManager( 1249): Copying native libraries to /data/app-lib/vmdl-1515787902
I/ActivityManager( 1249): Force stopping edu.buffalo.cse.cse486586.simpledynamo appid=10538 user=-1: update pkg
D/BackupManagerService( 1249): Received broadcast Intent { act=android.intent.action.PACKAGE_ADDED dat=package:edu.buffalo.cse.cse486586.simpledynamo flg=0x4000010 (has extras) }
V/BackupManagerService( 1249): addPackageParticipantsLocked: #1
W/RecognitionManagerService( 1249): no available voice recognition services found for user 0
I/ActivityManager( 1249): Force stopping edu.buffalo.cse.cse486586.simpledynamo appid=10538 user=0: from pid 14651
I/ActivityManager( 1249): START u0 {act=android.intent.action.MAIN cat=[android.intent.category.LAUNCHER] flg=0x10000000 cmp=edu.buffalo.cse.cse486586.simpledynamo/.SimpleDynamoActivity} from pid 14651
W/WindowManager( 1249): Screenshot failure taking screenshot for (123x164) to layer 21010
I/ActivityManager( 1249): Start proc edu.buffalo.cse.cse486586.simpledynamo for activity edu.buffalo.cse.cse486586.simpledynamo/.SimpleDynamoActivity: pid=14662 uid=10538 gids={50538, 3003}
W/ActivityManager( 1249): Launch timeout has expired, giving up wake lock!
E/WindowManager( 1249): Starting window AppWindowToken{b434cbe8 token=Token{b42460e8 ActivityRecord{b3fcb110 u0 edu.buffalo.cse.cse486586.simpledynamo/.SimpleDynamoActivity t325}}} timed out
W/ActivityManager( 1249): No content provider found for permission revoke: file:///data/local/tmp/SimpleDynamo.apk
W/ActivityManager( 1249): No content provider found for permission revoke: file:///data/local/tmp/SimpleDynamo.apk
I/PackageManager( 1249): Copying native libraries to /data/app-lib/vmdl879274772
I/ActivityManager( 1249): Force stopping edu.buffalo.cse.cse486586.simpledynamo appid=10538 user=-1: uninstall pkg
I/ActivityManager( 1249): Killing 14662:edu.buffalo.cse.cse486586.simpledynamo/u0a538 (adj 0): stop edu.buffalo.cse.cse486586.simpledynamo
I/ActivityManager( 1249):   Force finishing activity ActivityRecord{b3fcb110 u0 edu.buffalo.cse.cse486586.simpledynamo/.SimpleDynamoActivity t325}
I/PackageManager( 1249): Package edu.buffalo.cse.cse486586.simpledynamo codePath changed from /data/app/edu.buffalo.cse.cse486586.simpledynamo-1.apk to /data/app/edu.buffalo.cse.cse486586.simpledynamo-2.apk; Retaining data and using new
W/InputMethodManagerService( 1249): Window already focused, ignoring focus gain of: com.android.internal.view.IInputMethodClient$Stub$Proxy@b41d78e8 attribute=null, token = android.os.BinderProxy@b42366d0
W/PackageManager( 1249): Code path for pkg : edu.buffalo.cse.cse486586.simpledynamo changing from /data/app/edu.buffalo.cse.cse486586.simpledynamo-1.apk to /data/app/edu.buffalo.cse.cse486586.simpledynamo-2.apk
W/PackageManager( 1249): Resource path for pkg : edu.buffalo.cse.cse486586.simpledynamo changing from /data/app/edu.buffalo.cse.cse486586.simpledynamo-1.apk to /data/app/edu.buffalo.cse.cse486586.simpledynamo-2.apk
I/ActivityManager( 1249): Force stopping edu.buffalo.cse.cse486586.simpledynamo appid=10538 user=-1: update pkg
I/ActivityManager( 1249): Force stopping edu.buffalo.cse.cse486586.simpledynamo appid=10538 user=0: pkg removed
D/BackupManagerService( 1249): Received broadcast Intent { act=android.intent.action.PACKAGE_REMOVED dat=package:edu.buffalo.cse.cse486586.simpledynamo flg=0x4000010 (has extras) }
D/BackupManagerService( 1249): Received broadcast Intent { act=android.intent.action.PACKAGE_ADDED dat=package:edu.buffalo.cse.cse486586.simpledynamo flg=0x4000010 (has extras) }
V/BackupManagerService( 1249): removePackageParticipantsLocked: uid=10538 #1
V/BackupManagerService( 1249): addPackageParticipantsLocked: #1
W/ContextImpl( 1750): Calling a method in the system process without a qualified user: android.app.ContextImpl.startService:1479 android.content.ContextWrapper.startService:494 android.content.ContextWrapper.startService:494 com.android.keychain.KeyChainBroadcastReceiver.onReceive:12 android.app.ActivityThread.handleReceiver:2400 
W/RecognitionManagerService( 1249): no available voice recognition services found for user 0
I/ActivityManager( 1249): START u0 {act=android.intent.action.MAIN cat=[android.intent.category.LAUNCHER] flg=0x10000000 cmp=edu.buffalo.cse.cse486586.simpledynamo/.SimpleDynamoActivity} from pid 14698
W/WindowManager( 1249): Screenshot failure taking screenshot for (123x164) to layer 21005
I/ActivityManager( 1249): Start proc edu.buffalo.cse.cse486586.simpledynamo for activity edu.buffalo.cse.cse486586.simpledynamo/.SimpleDynamoActivity: pid=14708 uid=10538 gids={50538, 3003}
I/ActivityManager( 1249): Force stopping edu.buffalo.cse.cse486586.simpledynamo appid=10538 user=-1: uninstall pkg
I/ActivityManager( 1249): Killing 14708:edu.buffalo.cse.cse486586.simpledynamo/u0a538 (adj 0): stop edu.buffalo.cse.cse486586.simpledynamo
I/ActivityManager( 1249):   Force finishing activity ActivityRecord{b41c79d8 u0 edu.buffalo.cse.cse486586.simpledynamo/.SimpleDynamoActivity t326}
W/PackageManager( 1249): Couldn't delete native library directory /data/app-lib/edu.buffalo.cse.cse486586.simpledynamo
W/InputMethodManagerService( 1249): Window already focused, ignoring focus gain of: com.android.internal.view.IInputMethodClient$Stub$Proxy@b4323a08 attribute=null, token = android.os.BinderProxy@b42366d0
I/ActivityManager( 1249): Force stopping edu.buffalo.cse.cse486586.simpledynamo appid=10538 user=0: pkg removed
W/ContextImpl( 1750): Calling a method in the system process without a qualified user: android.app.ContextImpl.startService:1479 android.content.ContextWrapper.startService:494 android.content.ContextWrapper.startService:494 com.android.keychain.KeyChainBroadcastReceiver.onReceive:12 android.app.ActivityThread.handleReceiver:2400 
D/BackupManagerService( 1249): Received broadcast Intent { act=android.intent.action.PACKAGE_REMOVED dat=package:edu.buffalo.cse.cse486586.simpledynamo flg=0x4000010 (has extras) }
V/BackupManagerService( 1249): removePackageParticipantsLocked: uid=10538 #1
W/ActivityManager( 1249): No content provider found for permission revoke: file:///data/local/tmp/SimpleDynamo.apk
W/ActivityManager( 1249): No content provider found for permission revoke: file:///data/local/tmp/SimpleDynamo.apk
I/PackageManager( 1249): Copying native libraries to /data/app-lib/vmdl-646168759
I/ActivityManager( 1249): Force stopping edu.buffalo.cse.cse486586.simpledynamo appid=10539 user=-1: update pkg
D/BackupManagerService( 1249): Received broadcast Intent { act=android.intent.action.PACKAGE_ADDED dat=package:edu.buffalo.cse.cse486586.simpledynamo flg=0x4000010 (has extras) }
V/BackupManagerService( 1249): addPackageParticipantsLocked: #1
W/RecognitionManagerService( 1249): no available voice recognition services found for user 0
I/ActivityManager( 1249): Force stopping edu.buffalo.cse.cse486586.simpledynamo appid=10539 user=0: from pid 14768
I/ActivityManager( 1249): START u0 {act=android.intent.action.MAIN cat=[android.intent.category.LAUNCHER] flg=0x10000000 cmp=edu.buffalo.cse.cse486586.simpledynamo/.SimpleDynamoActivity} from pid 14768
W/WindowManager( 1249): Screenshot failure taking screenshot for (123x164) to layer 21010
I/ActivityManager( 1249): Start proc edu.buffalo.cse.cse486586.simpledynamo for activity edu.buffalo.cse.cse486586.simpledynamo/.SimpleDynamoActivity: pid=14779 uid=10539 gids={50539, 3003}
E/WindowManager( 1249): Starting window AppWindowToken{b43617c0 token=Token{b41be8c8 ActivityRecord{b41c79d8 u0 edu.buffalo.cse.cse486586.simpledynamo/.SimpleDynamoActivity t327}}} timed out
W/ActivityManager( 1249): Launch timeout has expired, giving up wake lock!
W/ActivityManager( 1249): No content provider found for permission revoke: file:///data/local/tmp/SimpleDynamo.apk
W/ActivityManager( 1249): No content provider found for permission revoke: file:///data/local/tmp/SimpleDynamo.apk
I/PackageManager( 1249): Copying native libraries to /data/app-lib/vmdl-1423610905
I/ActivityManager( 1249): Force stopping edu.buffalo.cse.cse486586.simpledynamo appid=10539 user=-1: uninstall pkg
I/ActivityManager( 1249): Killing 14779:edu.buffalo.cse.cse486586.simpledynamo/u0a539 (adj 0): stop edu.buffalo.cse.cse486586.simpledynamo
I/ActivityManager( 1249):   Force finishing activity ActivityRecord{b41c79d8 u0 edu.buffalo.cse.cse486586.simpledynamo/.SimpleDynamoActivity t327}
I/PackageManager( 1249): Package edu.buffalo.cse.cse486586.simpledynamo codePath changed from /data/app/edu.buffalo.cse.cse486586.simpledynamo-1.apk to /data/app/edu.buffalo.cse.cse486586.simpledynamo-2.apk; Retaining data and using new
W/InputMethodManagerService( 1249): Window already focused, ignoring focus gain of: com.android.internal.view.IInputMethodClient$Stub$Proxy@b435db60 attribute=null, token = android.os.BinderProxy@b42366d0
W/PackageManager( 1249): Code path for pkg : edu.buffalo.cse.cse486586.simpledynamo changing from /data/app/edu.buffalo.cse.cse486586.simpledynamo-1.apk to /data/app/edu.buffalo.cse.cse486586.simpledynamo-2.apk
W/PackageManager( 1249): Resource path for pkg : edu.buffalo.cse.cse486586.simpledynamo changing from /data/app/edu.buffalo.cse.cse486586.simpledynamo-1.apk to /data/app/edu.buffalo.cse.cse486586.simpledynamo-2.apk
I/ActivityManager( 1249): Force stopping edu.buffalo.cse.cse486586.simpledynamo appid=10539 user=-1: update pkg
I/ActivityManager( 1249): Force stopping edu.buffalo.cse.cse486586.simpledynamo appid=10539 user=0: pkg removed
D/BackupManagerService( 1249): Received broadcast Intent { act=android.intent.action.PACKAGE_REMOVED dat=package:edu.buffalo.cse.cse486586.simpledynamo flg=0x4000010 (has extras) }
D/BackupManagerService( 1249): Received broadcast Intent { act=android.intent.action.PACKAGE_ADDED dat=package:edu.buffalo.cse.cse486586.simpledynamo flg=0x4000010 (has extras) }
V/BackupManagerService( 1249): removePackageParticipantsLocked: uid=10539 #1
V/BackupManagerService( 1249): addPackageParticipantsLocked: #1
W/ContextImpl( 1750): Calling a method in the system process without a qualified user: android.app.ContextImpl.startService:1479 android.content.ContextWrapper.startService:494 android.content.ContextWrapper.startService:494 com.android.keychain.KeyChainBroadcastReceiver.onReceive:12 android.app.ActivityThread.handleReceiver:2400 
W/RecognitionManagerService( 1249): no available voice recognition services found for user 0
I/ProcessStatsService( 1249): Prepared write state in 0ms
I/ProcessStatsService( 1249): Prepared write state in 1ms
I/ActivityManager( 1249): START u0 {act=android.intent.action.MAIN cat=[android.intent.category.LAUNCHER] flg=0x10000000 cmp=edu.buffalo.cse.cse486586.simpledynamo/.SimpleDynamoActivity} from pid 14815
W/WindowManager( 1249): Screenshot failure taking screenshot for (123x164) to layer 21005
I/ActivityManager( 1249): Start proc edu.buffalo.cse.cse486586.simpledynamo for activity edu.buffalo.cse.cse486586.simpledynamo/.SimpleDynamoActivity: pid=14826 uid=10539 gids={50539, 3003}
I/ActivityManager( 1249): Force stopping edu.buffalo.cse.cse486586.simpledynamo appid=10539 user=-1: uninstall pkg
I/ActivityManager( 1249): Killing 14826:edu.buffalo.cse.cse486586.simpledynamo/u0a539 (adj 0): stop edu.buffalo.cse.cse486586.simpledynamo
W/ActivityManager( 1249): Force removing ActivityRecord{b4175810 u0 edu.buffalo.cse.cse486586.simpledynamo/.SimpleDynamoActivity t328}: app died, no saved state
W/PackageManager( 1249): Couldn't delete native library directory /data/app-lib/edu.buffalo.cse.cse486586.simpledynamo
I/WindowState( 1249): WIN DEATH: Window{b431be60 u0 edu.buffalo.cse.cse486586.simpledynamo/edu.buffalo.cse.cse486586.simpledynamo.SimpleDynamoActivity}
I/ActivityManager( 1249): Force stopping edu.buffalo.cse.cse486586.simpledynamo appid=10539 user=0: pkg removed
W/ContextImpl( 1750): Calling a method in the system process without a qualified user: android.app.ContextImpl.startService:1479 android.content.ContextWrapper.startService:494 android.content.ContextWrapper.startService:494 com.android.keychain.KeyChainBroadcastReceiver.onReceive:12 android.app.ActivityThread.handleReceiver:2400 
W/InputMethodManagerService( 1249): Got RemoteException sending setActive(false) notification to pid 14826 uid 10539
D/BackupManagerService( 1249): Received broadcast Intent { act=android.intent.action.PACKAGE_REMOVED dat=package:edu.buffalo.cse.cse486586.simpledynamo flg=0x4000010 (has extras) }
V/BackupManagerService( 1249): removePackageParticipantsLocked: uid=10539 #1
W/ActivityManager( 1249): No content provider found for permission revoke: file:///data/local/tmp/SimpleDynamo.apk
W/ActivityManager( 1249): No content provider found for permission revoke: file:///data/local/tmp/SimpleDynamo.apk
I/PackageManager( 1249): Copying native libraries to /data/app-lib/vmdl-1110139618
I/ActivityManager( 1249): Force stopping edu.buffalo.cse.cse486586.simpledynamo appid=10540 user=-1: update pkg
D/BackupManagerService( 1249): Received broadcast Intent { act=android.intent.action.PACKAGE_ADDED dat=package:edu.buffalo.cse.cse486586.simpledynamo flg=0x4000010 (has extras) }
V/BackupManagerService( 1249): addPackageParticipantsLocked: #1
W/RecognitionManagerService( 1249): no available voice recognition services found for user 0
I/ActivityManager( 1249): Force stopping edu.buffalo.cse.cse486586.simpledynamo appid=10540 user=0: from pid 14888
I/ActivityManager( 1249): START u0 {act=android.intent.action.MAIN cat=[android.intent.category.LAUNCHER] flg=0x10000000 cmp=edu.buffalo.cse.cse486586.simpledynamo/.SimpleDynamoActivity} from pid 14888
W/WindowManager( 1249): Screenshot failure taking screenshot for (123x164) to layer 21010
I/ActivityManager( 1249): Start proc edu.buffalo.cse.cse486586.simpledynamo for activity edu.buffalo.cse.cse486586.simpledynamo/.SimpleDynamoActivity: pid=14899 uid=10540 gids={50540, 3003}
D/ConnectivityService( 1249): Sampling interval elapsed, updating statistics ..
D/ConnectivityService( 1249): Done.
D/ConnectivityService( 1249): Setting timer for 720seconds
I/ActivityManager( 1249): Force stopping edu.buffalo.cse.cse486586.simpledynamo appid=10540 user=-1: uninstall pkg
I/ActivityManager( 1249): Killing 14899:edu.buffalo.cse.cse486586.simpledynamo/u0a540 (adj 0): stop edu.buffalo.cse.cse486586.simpledynamo
W/ActivityManager( 1249): Force removing ActivityRecord{b416e480 u0 edu.buffalo.cse.cse486586.simpledynamo/.SimpleDynamoActivity t329}: app died, no saved state
W/PackageManager( 1249): Couldn't delete native library directory /data/app-lib/edu.buffalo.cse.cse486586.simpledynamo
I/WindowState( 1249): WIN DEATH: Window{b427f4c8 u0 edu.buffalo.cse.cse486586.simpledynamo/edu.buffalo.cse.cse486586.simpledynamo.SimpleDynamoActivity}
I/ActivityManager( 1249): Force stopping edu.buffalo.cse.cse486586.simpledynamo appid=10540 user=0: pkg removed
W/InputMethodManagerService( 1249): Got RemoteException sending setActive(false) notification to pid 14899 uid 10540
W/ContextImpl( 1750): Calling a method in the system process without a qualified user: android.app.ContextImpl.startService:1479 android.content.ContextWrapper.startService:494 android.content.ContextWrapper.startService:494 com.android.keychain.KeyChainBroadcastReceiver.onReceive:12 android.app.ActivityThread.handleReceiver:2400 
D/BackupManagerService( 1249): Received broadcast Intent { act=android.intent.action.PACKAGE_REMOVED dat=package:edu.buffalo.cse.cse486586.simpledynamo flg=0x4000010 (has extras) }
V/BackupManagerService( 1249): removePackageParticipantsLocked: uid=10540 #1
W/ActivityManager( 1249): No content provider found for permission revoke: file:///data/local/tmp/SimpleDynamo.apk
W/ActivityManager( 1249): No content provider found for permission revoke: file:///data/local/tmp/SimpleDynamo.apk
I/PackageManager( 1249): Copying native libraries to /data/app-lib/vmdl1384625582
I/ActivityManager( 1249): Force stopping edu.buffalo.cse.cse486586.simpledynamo appid=10541 user=-1: update pkg
D/BackupManagerService( 1249): Received broadcast Intent { act=android.intent.action.PACKAGE_ADDED dat=package:edu.buffalo.cse.cse486586.simpledynamo flg=0x4000010 (has extras) }
V/BackupManagerService( 1249): addPackageParticipantsLocked: #1
W/RecognitionManagerService( 1249): no available voice recognition services found for user 0
I/ActivityManager( 1249): Force stopping edu.buffalo.cse.cse486586.simpledynamo appid=10541 user=0: from pid 14963
I/ActivityManager( 1249): START u0 {act=android.intent.action.MAIN cat=[android.intent.category.LAUNCHER] flg=0x10000000 cmp=edu.buffalo.cse.cse486586.simpledynamo/.SimpleDynamoActivity} from pid 14963
W/WindowManager( 1249): Screenshot failure taking screenshot for (123x164) to layer 21010
I/ActivityManager( 1249): Start proc edu.buffalo.cse.cse486586.simpledynamo for activity edu.buffalo.cse.cse486586.simpledynamo/.SimpleDynamoActivity: pid=14976 uid=10541 gids={50541, 3003}
I/ActivityManager( 1249): Force stopping edu.buffalo.cse.cse486586.simpledynamo appid=10541 user=-1: uninstall pkg
I/ActivityManager( 1249): Killing 14976:edu.buffalo.cse.cse486586.simpledynamo/u0a541 (adj 0): stop edu.buffalo.cse.cse486586.simpledynamo
W/ActivityManager( 1249): Force removing ActivityRecord{b3fb72f8 u0 edu.buffalo.cse.cse486586.simpledynamo/.SimpleDynamoActivity t330}: app died, no saved state
W/PackageManager( 1249): Couldn't delete native library directory /data/app-lib/edu.buffalo.cse.cse486586.simpledynamo
I/WindowState( 1249): WIN DEATH: Window{b435a548 u0 edu.buffalo.cse.cse486586.simpledynamo/edu.buffalo.cse.cse486586.simpledynamo.SimpleDynamoActivity}
I/ActivityManager( 1249): Force stopping edu.buffalo.cse.cse486586.simpledynamo appid=10541 user=0: pkg removed
W/ContextImpl( 1750): Calling a method in the system process without a qualified user: android.app.ContextImpl.startService:1479 android.content.ContextWrapper.startService:494 android.content.ContextWrapper.startService:494 com.android.keychain.KeyChainBroadcastReceiver.onReceive:12 android.app.ActivityThread.handleReceiver:2400 
W/InputMethodManagerService( 1249): Got RemoteException sending setActive(false) notification to pid 14976 uid 10541
D/BackupManagerService( 1249): Received broadcast Intent { act=android.intent.action.PACKAGE_REMOVED dat=package:edu.buffalo.cse.cse486586.simpledynamo flg=0x4000010 (has extras) }
V/BackupManagerService( 1249): removePackageParticipantsLocked: uid=10541 #1
W/ActivityManager( 1249): No content provider found for permission revoke: file:///data/local/tmp/SimpleDynamo.apk
W/ActivityManager( 1249): No content provider found for permission revoke: file:///data/local/tmp/SimpleDynamo.apk
I/PackageManager( 1249): Copying native libraries to /data/app-lib/vmdl-1854286612
I/ActivityManager( 1249): Force stopping edu.buffalo.cse.cse486586.simpledynamo appid=10542 user=-1: update pkg
D/BackupManagerService( 1249): Received broadcast Intent { act=android.intent.action.PACKAGE_ADDED dat=package:edu.buffalo.cse.cse486586.simpledynamo flg=0x4000010 (has extras) }
V/BackupManagerService( 1249): addPackageParticipantsLocked: #1
W/RecognitionManagerService( 1249): no available voice recognition services found for user 0
I/ActivityManager( 1249): Force stopping edu.buffalo.cse.cse486586.simpledynamo appid=10542 user=0: from pid 15869
I/ActivityManager( 1249): START u0 {act=android.intent.action.MAIN cat=[android.intent.category.LAUNCHER] flg=0x10000000 cmp=edu.buffalo.cse.cse486586.simpledynamo/.SimpleDynamoActivity} from pid 15869
W/WindowManager( 1249): Screenshot failure taking screenshot for (123x164) to layer 21010
I/ActivityManager( 1249): Start proc edu.buffalo.cse.cse486586.simpledynamo for activity edu.buffalo.cse.cse486586.simpledynamo/.SimpleDynamoActivity: pid=15880 uid=10542 gids={50542, 3003}
I/ActivityManager( 1249): Force stopping edu.buffalo.cse.cse486586.simpledynamo appid=10542 user=0: from pid 15986
I/ActivityManager( 1249): Killing 15880:edu.buffalo.cse.cse486586.simpledynamo/u0a542 (adj 0): stop edu.buffalo.cse.cse486586.simpledynamo
W/ActivityManager( 1249): Force removing ActivityRecord{b41762e0 u0 edu.buffalo.cse.cse486586.simpledynamo/.SimpleDynamoActivity t331}: app died, no saved state
I/WindowState( 1249): WIN DEATH: Window{b436a978 u0 edu.buffalo.cse.cse486586.simpledynamo/edu.buffalo.cse.cse486586.simpledynamo.SimpleDynamoActivity}
W/InputMethodManagerService( 1249): Got RemoteException sending setActive(false) notification to pid 15880 uid 10542
I/ActivityManager( 1249): Force stopping edu.buffalo.cse.cse486586.simpledynamo appid=10542 user=0: from pid 16009
I/ActivityManager( 1249): START u0 {act=android.intent.action.MAIN cat=[android.intent.category.LAUNCHER] flg=0x10000000 cmp=edu.buffalo.cse.cse486586.simpledynamo/.SimpleDynamoActivity} from pid 16009
W/WindowManager( 1249): Screenshot failure taking screenshot for (123x164) to layer 21010
I/ActivityManager( 1249): Start proc edu.buffalo.cse.cse486586.simpledynamo for activity edu.buffalo.cse.cse486586.simpledynamo/.SimpleDynamoActivity: pid=16020 uid=10542 gids={50542, 3003}
I/ActivityManager( 1249): Force stopping edu.buffalo.cse.cse486586.simpledynamo appid=10542 user=-1: uninstall pkg
I/ActivityManager( 1249): Killing 16020:edu.buffalo.cse.cse486586.simpledynamo/u0a542 (adj 0): stop edu.buffalo.cse.cse486586.simpledynamo
W/ActivityManager( 1249): Force removing ActivityRecord{b41c79d8 u0 edu.buffalo.cse.cse486586.simpledynamo/.SimpleDynamoActivity t332}: app died, no saved state
W/PackageManager( 1249): Couldn't delete native library directory /data/app-lib/edu.buffalo.cse.cse486586.simpledynamo
I/WindowState( 1249): WIN DEATH: Window{b437af98 u0 edu.buffalo.cse.cse486586.simpledynamo/edu.buffalo.cse.cse486586.simpledynamo.SimpleDynamoActivity}
I/ActivityManager( 1249): Force stopping edu.buffalo.cse.cse486586.simpledynamo appid=10542 user=0: pkg removed
D/BackupManagerService( 1249): Received broadcast Intent { act=android.intent.action.PACKAGE_REMOVED dat=package:edu.buffalo.cse.cse486586.simpledynamo flg=0x4000010 (has extras) }
V/BackupManagerService( 1249): removePackageParticipantsLocked: uid=10542 #1
W/ContextImpl( 1750): Calling a method in the system process without a qualified user: android.app.ContextImpl.startService:1479 android.content.ContextWrapper.startService:494 android.content.ContextWrapper.startService:494 com.android.keychain.KeyChainBroadcastReceiver.onReceive:12 android.app.ActivityThread.handleReceiver:2400 
W/InputMethodManagerService( 1249): Got RemoteException sending setActive(false) notification to pid 16020 uid 10542
W/ActivityManager( 1249): No content provider found for permission revoke: file:///data/local/tmp/SimpleDynamo.apk
W/ActivityManager( 1249): No content provider found for permission revoke: file:///data/local/tmp/SimpleDynamo.apk
I/PackageManager( 1249): Copying native libraries to /data/app-lib/vmdl1341473002
I/ActivityManager( 1249): Force stopping edu.buffalo.cse.cse486586.simpledynamo appid=10543 user=-1: update pkg
D/BackupManagerService( 1249): Received broadcast Intent { act=android.intent.action.PACKAGE_ADDED dat=package:edu.buffalo.cse.cse486586.simpledynamo flg=0x4000010 (has extras) }
V/BackupManagerService( 1249): addPackageParticipantsLocked: #1
W/RecognitionManagerService( 1249): no available voice recognition services found for user 0
I/ActivityManager( 1249): Force stopping edu.buffalo.cse.cse486586.simpledynamo appid=10543 user=0: from pid 16787
I/ActivityManager( 1249): START u0 {act=android.intent.action.MAIN cat=[android.intent.category.LAUNCHER] flg=0x10000000 cmp=edu.buffalo.cse.cse486586.simpledynamo/.SimpleDynamoActivity} from pid 16787
W/WindowManager( 1249): Screenshot failure taking screenshot for (123x164) to layer 21010
I/ActivityManager( 1249): Start proc edu.buffalo.cse.cse486586.simpledynamo for activity edu.buffalo.cse.cse486586.simpledynamo/.SimpleDynamoActivity: pid=16798 uid=10543 gids={50543, 3003}
--------- beginning of /dev/log/main
D/SimpleDynamoProvider(16798): Client Remote port is 11112
I/Choreographer(16798): Skipped 44 frames!  The application may be doing too much work on its main thread.
D/gralloc_goldfish(16798): Emulator without GPU emulation detected.
I/ActivityManager( 1249): Displayed edu.buffalo.cse.cse486586.simpledynamo/.SimpleDynamoActivity: +192ms
I/Choreographer( 1249): Skipped 54 frames!  The application may be doing too much work on its main thread.
D/SimpleDynamoProvider(16798): Server :: Values in operation are Key : null, value: null, CurrentNode/Originator : 5558, Type : updateRecovery, Succ : 5558
D/SimpleDynamoProvider(16798): Server updateRecovery :: response coming from : 5556 size of map is : 0
D/SimpleDynamoProvider(16798): Server :: Values in operation are Key : null, value: null, CurrentNode/Originator : 5558, Type : updateRecovery, Succ : 5558
D/SimpleDynamoProvider(16798): Server updateRecovery :: response coming from : 5554 size of map is : 0
I/Choreographer( 1249): Skipped 69 frames!  The application may be doing too much work on its main thread.
I/Choreographer( 1249): Skipped 52 frames!  The application may be doing too much work on its main thread.
I/Choreographer( 1249): Skipped 41 frames!  The application may be doing too much work on its main thread.
D/SimpleDynamoProvider(16798): Server :: Values in operation are Key : null, value: null, CurrentNode/Originator : 5560, Type : @query, Succ : 5554
D/SimpleDynamoProvider(16798): Server @query currentNode :5558
D/SimpleDynamoProvider(16798): Client sending to Succ Server :: Values set in operation are Key : null, value: null, CurrentNode/Originator : 5560, Type : updateRecovery, Succ : 5560
D/SimpleDynamoProvider(16798): Client Remote port is 11120
D/SimpleDynamoProvider(16798): Server :: Values in operation are Key : null, value: null, CurrentNode/Originator : 5562, Type : @query, Succ : 5558
D/SimpleDynamoProvider(16798): Server @query currentNode :5558
D/SimpleDynamoProvider(16798): Client sending to Succ Server :: Values set in operation are Key : null, value: null, CurrentNode/Originator : 5562, Type : updateRecovery, Succ : 5562
D/SimpleDynamoProvider(16798): Client Remote port is 11124
D/AndroidRuntime(16818): 
D/AndroidRuntime(16818): >>>>>> AndroidRuntime START com.android.internal.os.RuntimeInit <<<<<<
D/AndroidRuntime(16818): CheckJNI is ON
D/dalvikvm(16818): Trying to load lib libjavacore.so 0x0
D/dalvikvm(16818): Added shared lib libjavacore.so 0x0
D/dalvikvm(16818): Trying to load lib libnativehelper.so 0x0
D/dalvikvm(16818): Added shared lib libnativehelper.so 0x0
D/dalvikvm(16818): No JNI_OnLoad found in libnativehelper.so 0x0, skipping init
D/dalvikvm(16818): Note: class Landroid/app/ActivityManagerNative; has 179 unimplemented (abstract) methods
E/memtrack(16818): Couldn't load memtrack module (No such file or directory)
E/android.os.Debug(16818): failed to load memtrack module: -2
D/AndroidRuntime(16818): Calling main entry com.android.commands.content.Content
D/SimpleDynamoProvider(16798): Insert() :: Values set in operation are Key : WFibOwVXMWUZAGqdNXIFvdhWT9JnAsnA, value: wWYyjLE85bHyVQdZevCiYzAtGeVfslbc, CurrentNode/Originator : 5558, Type : insert, Succ : 5560
D/dalvikvm(16798): GC_FOR_ALLOC freed 350K, 13% free 2789K/3192K, paused 21ms, total 21ms
D/SimpleDynamoProvider(16798): Insert() Client forward Insert node : 5562 from currentNode : 5558 Key : WFibOwVXMWUZAGqdNXIFvdhWT9JnAsnA Value :wWYyjLE85bHyVQdZevCiYzAtGeVfslbc
D/SimpleDynamoProvider(16798): Insert() Replicating to succ's check succ port's, Key: WFibOwVXMWUZAGqdNXIFvdhWT9JnAsnAvalue: wWYyjLE85bHyVQdZevCiYzAtGeVfslbc
D/SimpleDynamoProvider(16798): Replicate() Calling client currentNode 5558 Succ is :5556 key: WFibOwVXMWUZAGqdNXIFvdhWT9JnAsnA values: wWYyjLE85bHyVQdZevCiYzAtGeVfslbc
D/SimpleDynamoProvider(16798): Client sending to Succ Server :: Values set in operation are Key : WFibOwVXMWUZAGqdNXIFvdhWT9JnAsnA, value: wWYyjLE85bHyVQdZevCiYzAtGeVfslbc, CurrentNode/Originator : 5558, Type : replicate, Succ : 5556
D/SimpleDynamoProvider(16798): Replicate() Calling client currentNode 5558 Succ is :5554 key: WFibOwVXMWUZAGqdNXIFvdhWT9JnAsnA values: wWYyjLE85bHyVQdZevCiYzAtGeVfslbc
D/SimpleDynamoProvider(16798): Client sending to Succ Server :: Values set in operation are Key : WFibOwVXMWUZAGqdNXIFvdhWT9JnAsnA, value: wWYyjLE85bHyVQdZevCiYzAtGeVfslbc, CurrentNode/Originator : 5558, Type : replicate, Succ : 5554
D/SimpleDynamoProvider(16798): Client Remote port is 11108
D/SimpleDynamoProvider(16798): Client Remote port is 11124
D/SimpleDynamoProvider(16798): Client sending to Succ Server :: Values set in operation are Key : WFibOwVXMWUZAGqdNXIFvdhWT9JnAsnA, value: wWYyjLE85bHyVQdZevCiYzAtGeVfslbc, CurrentNode/Originator : 5558, Type : replicate, Succ : 5554
D/SimpleDynamoProvider(16798): Client Remote port is 11112
D/AndroidRuntime(16818): Shutting down VM
D/SimpleDynamoProvider(16798): Server :: Values in operation are Key : 8fjqihdehZuyqtQsHPdpeVoGOXNGvxDX, value: x6IB46EzFtkpR8DdOgIWceoxrYEWmiKQ, CurrentNode/Originator : 5560, Type : replicate, Succ : 5562
D/SimpleDynamoProvider(16798): Server replicated values at currentNode 5558 key: 8fjqihdehZuyqtQsHPdpeVoGOXNGvxDX values: x6IB46EzFtkpR8DdOgIWceoxrYEWmiKQ
D/dalvikvm(16818): Debugger has detached; object registry had 1 entries
D/AndroidRuntime(16834): 
D/AndroidRuntime(16834): >>>>>> AndroidRuntime START com.android.internal.os.RuntimeInit <<<<<<
D/AndroidRuntime(16834): CheckJNI is ON
D/dalvikvm(16834): Trying to load lib libjavacore.so 0x0
D/dalvikvm(16834): Added shared lib libjavacore.so 0x0
D/dalvikvm(16834): Trying to load lib libnativehelper.so 0x0
D/dalvikvm(16834): Added shared lib libnativehelper.so 0x0
D/dalvikvm(16834): No JNI_OnLoad found in libnativehelper.so 0x0, skipping init
D/dalvikvm(16834): Note: class Landroid/app/ActivityManagerNative; has 179 unimplemented (abstract) methods
E/memtrack(16834): Couldn't load memtrack module (No such file or directory)
E/android.os.Debug(16834): failed to load memtrack module: -2
D/AndroidRuntime(16834): Calling main entry com.android.commands.content.Content
D/SimpleDynamoProvider(16798): Query selection : WFibOwVXMWUZAGqdNXIFvdhWT9JnAsnA
D/SimpleDynamoProvider(16798): returnValueForKeyQuery() checking in Node CurrentNode: 5558 Key is : WFibOwVXMWUZAGqdNXIFvdhWT9JnAsnA
D/SimpleDynamoProvider(16798): returnValueForKeyQuery() Not found in Node CurrentNode: 5558 Key is : WFibOwVXMWUZAGqdNXIFvdhWT9JnAsnA
D/SimpleDynamoProvider(16798): Query() :: Not found key WFibOwVXMWUZAGqdNXIFvdhWT9JnAsnA in Node : 5558 sending key to 5562
D/SimpleDynamoProvider(16798): Query() holding for value of key :WFibOwVXMWUZAGqdNXIFvdhWT9JnAsnA type : singleKeyQueryCurrent Value for mutex is : null
D/SimpleDynamoProvider(16798): Client sending to Succ Server :: Values set in operation are Key : WFibOwVXMWUZAGqdNXIFvdhWT9JnAsnA, value: null, CurrentNode/Originator : 5558, Type : singleKeyQuery, Succ : 5562
D/SimpleDynamoProvider(16798): Client Remote port is 11124
D/SimpleDynamoProvider(16798): Server :: Values in operation are Key : WFibOwVXMWUZAGqdNXIFvdhWT9JnAsnA, value: wWYyjLE85bHyVQdZevCiYzAtGeVfslbc, CurrentNode/Originator : 5558, Type : singleKeyQueryValue, Succ : 5558
D/SimpleDynamoProvider(16798): Server singleKeyQueryValue coming form 5562 Current Node is :5558 Value returned is :wWYyjLE85bHyVQdZevCiYzAtGeVfslbc for key :WFibOwVXMWUZAGqdNXIFvdhWT9JnAsnA
D/SimpleDynamoProvider(16798): Operation.getOriginator() : 5558
D/SimpleDynamoProvider(16798): Query() after hold got value : wWYyjLE85bHyVQdZevCiYzAtGeVfslbc for Key : WFibOwVXMWUZAGqdNXIFvdhWT9JnAsnA Responded by null
D/SimpleDynamoProvider(16798): Query() Value for mutexQuery null key : WFibOwVXMWUZAGqdNXIFvdhWT9JnAsnA
D/AndroidRuntime(16834): Shutting down VM
D/dalvikvm(16834): Debugger has detached; object registry had 1 entries
D/SimpleDynamoProvider(16798): Server :: Values in operation are Key : hFnyZosie4xE3q2X5bppVPgNGOOe8jeW, value: rXxjyoTpxYALKMKuPbTRGuCJZCdftqKh, CurrentNode/Originator : 5560, Type : replicate, Succ : 5562
D/SimpleDynamoProvider(16798): Server replicated values at currentNode 5558 key: hFnyZosie4xE3q2X5bppVPgNGOOe8jeW values: rXxjyoTpxYALKMKuPbTRGuCJZCdftqKh
D/SimpleDynamoProvider(16798): Server :: Values in operation are Key : xoMKuzVCl9t7ANOPDgijiWGkIjeJLuIC, value: af2voUuW42201oacLNN7e4RhpSD2blwZ, CurrentNode/Originator : 5554, Type : replicate, Succ : 5562
D/SimpleDynamoProvider(16798): Server replicated values at currentNode 5558 key: xoMKuzVCl9t7ANOPDgijiWGkIjeJLuIC values: af2voUuW42201oacLNN7e4RhpSD2blwZ
D/AndroidRuntime(16846): 
D/AndroidRuntime(16846): >>>>>> AndroidRuntime START com.android.internal.os.RuntimeInit <<<<<<
D/AndroidRuntime(16846): CheckJNI is ON
D/dalvikvm(16846): Trying to load lib libjavacore.so 0x0
D/dalvikvm(16846): Added shared lib libjavacore.so 0x0
D/dalvikvm(16846): Trying to load lib libnativehelper.so 0x0
D/dalvikvm(16846): Added shared lib libnativehelper.so 0x0
D/dalvikvm(16846): No JNI_OnLoad found in libnativehelper.so 0x0, skipping init
D/dalvikvm(16846): Note: class Landroid/app/ActivityManagerNative; has 179 unimplemented (abstract) methods
E/memtrack(16846): Couldn't load memtrack module (No such file or directory)
E/android.os.Debug(16846): failed to load memtrack module: -2
D/AndroidRuntime(16846): Calling main entry com.android.commands.content.Content
D/SimpleDynamoProvider(16798): Insert() :: Values set in operation are Key : oIuiQmzPnnEbyNaEjKd9E5nZfg0gmspc, value: TI9BYE2FSbx4aNg4Uf80V4hVUgwYZe9C, CurrentNode/Originator : 5558, Type : insert, Succ : 5560
D/SimpleDynamoProvider(16798): Insert() and replicating current port no : 5558 Key: oIuiQmzPnnEbyNaEjKd9E5nZfg0gmspcvalue: TI9BYE2FSbx4aNg4Uf80V4hVUgwYZe9C
D/SimpleDynamoProvider(16798): Replicate() Calling client currentNode 5558 Succ is :5560 key: oIuiQmzPnnEbyNaEjKd9E5nZfg0gmspc values: TI9BYE2FSbx4aNg4Uf80V4hVUgwYZe9C
