D/SimpleDynamoProvider(16798): Replicate() Calling client currentNode 5558 Succ is :5562 key: oIuiQmzPnnEbyNaEjKd9E5nZfg0gmspc values: TI9BYE2FSbx4aNg4Uf80V4hVUgwYZe9C
D/AndroidRuntime(16846): Shutting down VM
D/jdwp    (16846): Got wake-up signal, bailing out of select
D/dalvikvm(16846): Debugger has detached; object registry had 1 entries
D/SimpleDynamoProvider(16798): Client sending to Succ Server :: Values set in operation are Key : oIuiQmzPnnEbyNaEjKd9E5nZfg0gmspc, value: TI9BYE2FSbx4aNg4Uf80V4hVUgwYZe9C, CurrentNode/Originator : 5558, Type : replicate, Succ : 5562
D/SimpleDynamoProvider(16798): Client Remote port is 11124
D/SimpleDynamoProvider(16798): Client sending to Succ Server :: Values set in operation are Key : oIuiQmzPnnEbyNaEjKd9E5nZfg0gmspc, value: TI9BYE2FSbx4aNg4Uf80V4hVUgwYZe9C, CurrentNode/Originator : 5558, Type : replicate, Succ : 5562
D/SimpleDynamoProvider(16798): Client Remote port is 11120
D/dalvikvm(16798): GC_FOR_ALLOC freed 461K, 16% free 2842K/3356K, paused 4ms, total 5ms
D/SimpleDynamoProvider(16798): Server :: Values in operation are Key : xoMKuzVCl9t7ANOPDgijiWGkIjeJLuIC, value: null, CurrentNode/Originator : 5554, Type : singleKeyQuery, Succ : 5558
D/SimpleDynamoProvider(16798): Server singleKeyQuery key is xoMKuzVCl9t7ANOPDgijiWGkIjeJLuIC currentNode is 5558 Originator is 5554
D/SimpleDynamoProvider(16798): returnValueForKeyQuery() checking in Node CurrentNode: 5558 Key is : xoMKuzVCl9t7ANOPDgijiWGkIjeJLuIC
D/SimpleDynamoProvider(16798): returnValueForKeyQuery() :: found key xoMKuzVCl9t7ANOPDgijiWGkIjeJLuIC value is : af2voUuW42201oacLNN7e4RhpSD2blwZ in Node : 5558
D/SimpleDynamoProvider(16798): Server singleKeyQuery sending to Originator :: Values set in operation are Key : xoMKuzVCl9t7ANOPDgijiWGkIjeJLuIC, value: af2voUuW42201oacLNN7e4RhpSD2blwZ, CurrentNode/Originator : 5554, Type : singleKeyQueryValue, Succ : 5554
D/SimpleDynamoProvider(16798): Client sending to Succ Server :: Values set in operation are Key : xoMKuzVCl9t7ANOPDgijiWGkIjeJLuIC, value: af2voUuW42201oacLNN7e4RhpSD2blwZ, CurrentNode/Originator : 5554, Type : singleKeyQueryValue, Succ : 5554
D/SimpleDynamoProvider(16798): Client Remote port is 11108
D/AndroidRuntime(16862): 
D/AndroidRuntime(16862): >>>>>> AndroidRuntime START com.android.internal.os.RuntimeInit <<<<<<
D/AndroidRuntime(16862): CheckJNI is ON
D/dalvikvm(16862): Trying to load lib libjavacore.so 0x0
D/dalvikvm(16862): Added shared lib libjavacore.so 0x0
D/dalvikvm(16862): Trying to load lib libnativehelper.so 0x0
D/dalvikvm(16862): Added shared lib libnativehelper.so 0x0
D/dalvikvm(16862): No JNI_OnLoad found in libnativehelper.so 0x0, skipping init
D/dalvikvm(16862): Note: class Landroid/app/ActivityManagerNative; has 179 unimplemented (abstract) methods
E/memtrack(16862): Couldn't load memtrack module (No such file or directory)
E/android.os.Debug(16862): failed to load memtrack module: -2
D/AndroidRuntime(16862): Calling main entry com.android.commands.content.Content
D/SimpleDynamoProvider(16798): Query selection : oIuiQmzPnnEbyNaEjKd9E5nZfg0gmspc
D/SimpleDynamoProvider(16798): returnValueForKeyQuery() checking in Node CurrentNode: 5558 Key is : oIuiQmzPnnEbyNaEjKd9E5nZfg0gmspc
D/SimpleDynamoProvider(16798): returnValueForKeyQuery() :: found key oIuiQmzPnnEbyNaEjKd9E5nZfg0gmspc value is : TI9BYE2FSbx4aNg4Uf80V4hVUgwYZe9C in Node : 5558
D/SimpleDynamoProvider(16798): Query() :: found key oIuiQmzPnnEbyNaEjKd9E5nZfg0gmspc in Node : 5558 mutexQuery : null
D/AndroidRuntime(16862): Shutting down VM
D/dalvikvm(16862): Debugger has detached; object registry had 1 entries
D/AndroidRuntime(16872): 
D/AndroidRuntime(16872): >>>>>> AndroidRuntime START com.android.internal.os.RuntimeInit <<<<<<
D/AndroidRuntime(16872): CheckJNI is ON
D/dalvikvm(16872): Trying to load lib libjavacore.so 0x0
D/dalvikvm(16872): Added shared lib libjavacore.so 0x0
D/dalvikvm(16872): Trying to load lib libnativehelper.so 0x0
D/dalvikvm(16872): Added shared lib libnativehelper.so 0x0
D/dalvikvm(16872): No JNI_OnLoad found in libnativehelper.so 0x0, skipping init
D/SimpleDynamoProvider(16798): Server :: Values in operation are Key : i0RDzrQ55WMtRxTVsGSlJC641gM9F2ln, value: FRN2m5UPS45aIEmSdEfZXm0TUTo4GKWR, CurrentNode/Originator : 5556, Type : replicate, Succ : 5562
D/SimpleDynamoProvider(16798): Server replicated values at currentNode 5558 key: i0RDzrQ55WMtRxTVsGSlJC641gM9F2ln values: FRN2m5UPS45aIEmSdEfZXm0TUTo4GKWR
D/dalvikvm(16872): Note: class Landroid/app/ActivityManagerNative; has 179 unimplemented (abstract) methods
D/SimpleDynamoProvider(16798): Server :: Values in operation are Key : q4bwKqnwZl8wzmY59r6p7ISyXJZcfceI, value: 8aI0zP3LureHPIOv1n9whhZZlIsSqeeA, CurrentNode/Originator : 5554, Type : replicate, Succ : 5562
D/SimpleDynamoProvider(16798): Server replicated values at currentNode 5558 key: q4bwKqnwZl8wzmY59r6p7ISyXJZcfceI values: 8aI0zP3LureHPIOv1n9whhZZlIsSqeeA
E/memtrack(16872): Couldn't load memtrack module (No such file or directory)
E/android.os.Debug(16872): failed to load memtrack module: -2
D/AndroidRuntime(16872): Calling main entry com.android.commands.content.Content
D/SimpleDynamoProvider(16798): Insert() :: Values set in operation are Key : M2D5bpGc39n9Ka3pn85TehQFn93O6kTl, value: 14GEQttMw7e208biWCa5yo1tCYdVX6KP, CurrentNode/Originator : 5558, Type : insert, Succ : 5560
D/SimpleDynamoProvider(16798): Insert() Client forward Insert node : 5562 from currentNode : 5558 Key : M2D5bpGc39n9Ka3pn85TehQFn93O6kTl Value :14GEQttMw7e208biWCa5yo1tCYdVX6KP
D/SimpleDynamoProvider(16798): Insert() Replicating to succ's check succ port's, Key: M2D5bpGc39n9Ka3pn85TehQFn93O6kTlvalue: 14GEQttMw7e208biWCa5yo1tCYdVX6KP
D/SimpleDynamoProvider(16798): Replicate() Calling client currentNode 5558 Succ is :5556 key: M2D5bpGc39n9Ka3pn85TehQFn93O6kTl values: 14GEQttMw7e208biWCa5yo1tCYdVX6KP
D/SimpleDynamoProvider(16798): Client sending to Succ Server :: Values set in operation are Key : M2D5bpGc39n9Ka3pn85TehQFn93O6kTl, value: 14GEQttMw7e208biWCa5yo1tCYdVX6KP, CurrentNode/Originator : 5558, Type : replicate, Succ : 5556
D/SimpleDynamoProvider(16798): Client Remote port is 11124
D/SimpleDynamoProvider(16798): Client sending to Succ Server :: Values set in operation are Key : M2D5bpGc39n9Ka3pn85TehQFn93O6kTl, value: 14GEQttMw7e208biWCa5yo1tCYdVX6KP, CurrentNode/Originator : 5558, Type : replicate, Succ : 5554
D/SimpleDynamoProvider(16798): Client Remote port is 11112
D/AndroidRuntime(16872): Shutting down VM
D/SimpleDynamoProvider(16798): Replicate() Calling client currentNode 5558 Succ is :5554 key: M2D5bpGc39n9Ka3pn85TehQFn93O6kTl values: 14GEQttMw7e208biWCa5yo1tCYdVX6KP
D/SimpleDynamoProvider(16798): Client sending to Succ Server :: Values set in operation are Key : M2D5bpGc39n9Ka3pn85TehQFn93O6kTl, value: 14GEQttMw7e208biWCa5yo1tCYdVX6KP, CurrentNode/Originator : 5558, Type : replicate, Succ : 5554
D/SimpleDynamoProvider(16798): Client Remote port is 11108
D/dalvikvm(16872): Debugger has detached; object registry had 1 entries
D/SimpleDynamoProvider(16798): Server :: Values in operation are Key : i0RDzrQ55WMtRxTVsGSlJC641gM9F2ln, value: null, CurrentNode/Originator : 5556, Type : singleKeyQuery, Succ : 5558
D/SimpleDynamoProvider(16798): Server singleKeyQuery key is i0RDzrQ55WMtRxTVsGSlJC641gM9F2ln currentNode is 5558 Originator is 5556
D/SimpleDynamoProvider(16798): returnValueForKeyQuery() checking in Node CurrentNode: 5558 Key is : i0RDzrQ55WMtRxTVsGSlJC641gM9F2ln
D/SimpleDynamoProvider(16798): returnValueForKeyQuery() :: found key i0RDzrQ55WMtRxTVsGSlJC641gM9F2ln value is : FRN2m5UPS45aIEmSdEfZXm0TUTo4GKWR in Node : 5558
D/SimpleDynamoProvider(16798): Server singleKeyQuery sending to Originator :: Values set in operation are Key : i0RDzrQ55WMtRxTVsGSlJC641gM9F2ln, value: FRN2m5UPS45aIEmSdEfZXm0TUTo4GKWR, CurrentNode/Originator : 5556, Type : singleKeyQueryValue, Succ : 5556
D/SimpleDynamoProvider(16798): Client sending to Succ Server :: Values set in operation are Key : i0RDzrQ55WMtRxTVsGSlJC641gM9F2ln, value: FRN2m5UPS45aIEmSdEfZXm0TUTo4GKWR, CurrentNode/Originator : 5556, Type : singleKeyQueryValue, Succ : 5556
D/SimpleDynamoProvider(16798): Client Remote port is 11112
D/AndroidRuntime(16889): 
D/AndroidRuntime(16889): >>>>>> AndroidRuntime START com.android.internal.os.RuntimeInit <<<<<<
D/AndroidRuntime(16889): CheckJNI is ON
D/dalvikvm(16889): Trying to load lib libjavacore.so 0x0
D/dalvikvm(16889): Added shared lib libjavacore.so 0x0
D/dalvikvm(16889): Trying to load lib libnativehelper.so 0x0
D/dalvikvm(16889): Added shared lib libnativehelper.so 0x0
D/dalvikvm(16889): No JNI_OnLoad found in libnativehelper.so 0x0, skipping init
D/dalvikvm(16889): Note: class Landroid/app/ActivityManagerNative; has 179 unimplemented (abstract) methods
E/memtrack(16889): Couldn't load memtrack module (No such file or directory)
E/android.os.Debug(16889): failed to load memtrack module: -2
D/AndroidRuntime(16889): Calling main entry com.android.commands.content.Content
D/SimpleDynamoProvider(16798): Query selection : M2D5bpGc39n9Ka3pn85TehQFn93O6kTl
D/SimpleDynamoProvider(16798): returnValueForKeyQuery() checking in Node CurrentNode: 5558 Key is : M2D5bpGc39n9Ka3pn85TehQFn93O6kTl
D/SimpleDynamoProvider(16798): returnValueForKeyQuery() Not found in Node CurrentNode: 5558 Key is : M2D5bpGc39n9Ka3pn85TehQFn93O6kTl
D/dalvikvm(16798): GC_FOR_ALLOC freed 519K, 17% free 2836K/3408K, paused 8ms, total 8ms
D/SimpleDynamoProvider(16798): Query() :: Not found key M2D5bpGc39n9Ka3pn85TehQFn93O6kTl in Node : 5558 sending key to 5562
D/SimpleDynamoProvider(16798): Query() holding for value of key :M2D5bpGc39n9Ka3pn85TehQFn93O6kTl type : singleKeyQueryCurrent Value for mutex is : null
D/SimpleDynamoProvider(16798): Client sending to Succ Server :: Values set in operation are Key : M2D5bpGc39n9Ka3pn85TehQFn93O6kTl, value: null, CurrentNode/Originator : 5558, Type : singleKeyQuery, Succ : 5562
D/SimpleDynamoProvider(16798): Client Remote port is 11124
D/SimpleDynamoProvider(16798): Server :: Values in operation are Key : q4bwKqnwZl8wzmY59r6p7ISyXJZcfceI, value: null, CurrentNode/Originator : 5554, Type : singleKeyQuery, Succ : 5558
D/SimpleDynamoProvider(16798): Server singleKeyQuery key is q4bwKqnwZl8wzmY59r6p7ISyXJZcfceI currentNode is 5558 Originator is 5554
D/SimpleDynamoProvider(16798): returnValueForKeyQuery() checking in Node CurrentNode: 5558 Key is : q4bwKqnwZl8wzmY59r6p7ISyXJZcfceI
D/SimpleDynamoProvider(16798): returnValueForKeyQuery() :: found key q4bwKqnwZl8wzmY59r6p7ISyXJZcfceI value is : 8aI0zP3LureHPIOv1n9whhZZlIsSqeeA in Node : 5558
D/SimpleDynamoProvider(16798): Server singleKeyQuery sending to Originator :: Values set in operation are Key : q4bwKqnwZl8wzmY59r6p7ISyXJZcfceI, value: 8aI0zP3LureHPIOv1n9whhZZlIsSqeeA, CurrentNode/Originator : 5554, Type : singleKeyQueryValue, Succ : 5554
D/SimpleDynamoProvider(16798): Client sending to Succ Server :: Values set in operation are Key : q4bwKqnwZl8wzmY59r6p7ISyXJZcfceI, value: 8aI0zP3LureHPIOv1n9whhZZlIsSqeeA, CurrentNode/Originator : 5554, Type : singleKeyQueryValue, Succ : 5554
D/SimpleDynamoProvider(16798): Client Remote port is 11108
D/SimpleDynamoProvider(16798): Server :: Values in operation are Key : M2D5bpGc39n9Ka3pn85TehQFn93O6kTl, value: 14GEQttMw7e208biWCa5yo1tCYdVX6KP, CurrentNode/Originator : 5558, Type : singleKeyQueryValue, Succ : 5558
D/SimpleDynamoProvider(16798): Server singleKeyQueryValue coming form 5562 Current Node is :5558 Value returned is :14GEQttMw7e208biWCa5yo1tCYdVX6KP for key :M2D5bpGc39n9Ka3pn85TehQFn93O6kTl
D/SimpleDynamoProvider(16798): Operation.getOriginator() : 5558
D/SimpleDynamoProvider(16798): Query() after hold got value : 14GEQttMw7e208biWCa5yo1tCYdVX6KP for Key : M2D5bpGc39n9Ka3pn85TehQFn93O6kTl Responded by null
D/SimpleDynamoProvider(16798): Query() Value for mutexQuery null key : M2D5bpGc39n9Ka3pn85TehQFn93O6kTl
D/AndroidRuntime(16889): Shutting down VM
D/dalvikvm(16889): Debugger has detached; object registry had 1 entries
D/AndroidRuntime(16901): 
D/AndroidRuntime(16901): >>>>>> AndroidRuntime START com.android.internal.os.RuntimeInit <<<<<<
D/AndroidRuntime(16901): CheckJNI is ON
D/dalvikvm(16901): Trying to load lib libjavacore.so 0x0
D/dalvikvm(16901): Added shared lib libjavacore.so 0x0
D/dalvikvm(16901): Trying to load lib libnativehelper.so 0x0
D/dalvikvm(16901): Added shared lib libnativehelper.so 0x0
D/dalvikvm(16901): No JNI_OnLoad found in libnativehelper.so 0x0, skipping init
D/SimpleDynamoProvider(16798): Server :: Values in operation are Key : GEvKh7kIlMbZUFrRgbrhtB9ySCT5ErUe, value: cVe9nhiuVP0l8qKoiLuZDWumb5R8mByO, CurrentNode/Originator : 5560, Type : replicate, Succ : 5562
D/SimpleDynamoProvider(16798): Server replicated values at currentNode 5558 key: GEvKh7kIlMbZUFrRgbrhtB9ySCT5ErUe values: cVe9nhiuVP0l8qKoiLuZDWumb5R8mByO
D/dalvikvm(16901): Note: class Landroid/app/ActivityManagerNative; has 179 unimplemented (abstract) methods
E/memtrack(16901): Couldn't load memtrack module (No such file or directory)
E/android.os.Debug(16901): failed to load memtrack module: -2
D/AndroidRuntime(16901): Calling main entry com.android.commands.content.Content
D/SimpleDynamoProvider(16798): Insert() :: Values set in operation are Key : 880rKZXxGCC9uJH60oUUylCnn49tbt1k, value: TnjDsLHqJXdNnyxixzdGey2SfuiPTI1O, CurrentNode/Originator : 5558, Type : insert, Succ : 5560
D/SimpleDynamoProvider(16798): Insert() and replicating current port no : 5558 Key: 880rKZXxGCC9uJH60oUUylCnn49tbt1kvalue: TnjDsLHqJXdNnyxixzdGey2SfuiPTI1O
D/SimpleDynamoProvider(16798): Replicate() Calling client currentNode 5558 Succ is :5560 key: 880rKZXxGCC9uJH60oUUylCnn49tbt1k values: TnjDsLHqJXdNnyxixzdGey2SfuiPTI1O
D/SimpleDynamoProvider(16798): Replicate() Calling client currentNode 5558 Succ is :5562 key: 880rKZXxGCC9uJH60oUUylCnn49tbt1k values: TnjDsLHqJXdNnyxixzdGey2SfuiPTI1O
D/SimpleDynamoProvider(16798): Client sending to Succ Server :: Values set in operation are Key : 880rKZXxGCC9uJH60oUUylCnn49tbt1k, value: TnjDsLHqJXdNnyxixzdGey2SfuiPTI1O, CurrentNode/Originator : 5558, Type : replicate, Succ : 5562
D/SimpleDynamoProvider(16798): Client Remote port is 11120
D/AndroidRuntime(16901): Shutting down VM
D/jdwp    (16901): Got wake-up signal, bailing out of select
D/dalvikvm(16901): Debugger has detached; object registry had 1 entries
D/SimpleDynamoProvider(16798): Client sending to Succ Server :: Values set in operation are Key : 880rKZXxGCC9uJH60oUUylCnn49tbt1k, value: TnjDsLHqJXdNnyxixzdGey2SfuiPTI1O, CurrentNode/Originator : 5558, Type : replicate, Succ : 5562
D/SimpleDynamoProvider(16798): Client Remote port is 11124
D/AndroidRuntime(16916): 
D/AndroidRuntime(16916): >>>>>> AndroidRuntime START com.android.internal.os.RuntimeInit <<<<<<
D/AndroidRuntime(16916): CheckJNI is ON
D/dalvikvm(16916): Trying to load lib libjavacore.so 0x0
D/dalvikvm(16916): Added shared lib libjavacore.so 0x0
D/dalvikvm(16916): Trying to load lib libnativehelper.so 0x0
D/dalvikvm(16916): Added shared lib libnativehelper.so 0x0
D/dalvikvm(16916): No JNI_OnLoad found in libnativehelper.so 0x0, skipping init
D/dalvikvm(16916): Note: class Landroid/app/ActivityManagerNative; has 179 unimplemented (abstract) methods
E/memtrack(16916): Couldn't load memtrack module (No such file or directory)
E/android.os.Debug(16916): failed to load memtrack module: -2
D/SimpleDynamoProvider(16798): Server :: Values in operation are Key : 5XSSj6ClGWSkL3RxjYXjXrUEnv3C5N7p, value: xULjlgbQK3hyrwTEUUobifj1EPCLLBTi, CurrentNode/Originator : 5562, Type : replicate, Succ : 5562
D/SimpleDynamoProvider(16798): Server replicated values at currentNode 5558 key: 5XSSj6ClGWSkL3RxjYXjXrUEnv3C5N7p values: xULjlgbQK3hyrwTEUUobifj1EPCLLBTi
D/AndroidRuntime(16916): Calling main entry com.android.commands.content.Content
D/SimpleDynamoProvider(16798): Query selection : 880rKZXxGCC9uJH60oUUylCnn49tbt1k
D/SimpleDynamoProvider(16798): returnValueForKeyQuery() checking in Node CurrentNode: 5558 Key is : 880rKZXxGCC9uJH60oUUylCnn49tbt1k
D/SimpleDynamoProvider(16798): returnValueForKeyQuery() :: found key 880rKZXxGCC9uJH60oUUylCnn49tbt1k value is : TnjDsLHqJXdNnyxixzdGey2SfuiPTI1O in Node : 5558
D/SimpleDynamoProvider(16798): Query() :: found key 880rKZXxGCC9uJH60oUUylCnn49tbt1k in Node : 5558 mutexQuery : null
D/AndroidRuntime(16916): Shutting down VM
D/dalvikvm(16916): Debugger has detached; object registry had 1 entries
D/SimpleDynamoProvider(16798): Server :: Values in operation are Key : TIVATjG1jVi7Syedoxh1uYQzNDgnk0A5, value: 4Rs2N9OTPSN5G9diu71ZJr5MEdArRz23, CurrentNode/Originator : 5556, Type : replicate, Succ : 5562
D/SimpleDynamoProvider(16798): Server replicated values at currentNode 5558 key: TIVATjG1jVi7Syedoxh1uYQzNDgnk0A5 values: 4Rs2N9OTPSN5G9diu71ZJr5MEdArRz23
D/AndroidRuntime(16926): 
D/AndroidRuntime(16926): >>>>>> AndroidRuntime START com.android.internal.os.RuntimeInit <<<<<<
D/AndroidRuntime(16926): CheckJNI is ON
D/dalvikvm(16926): Trying to load lib libjavacore.so 0x0
D/dalvikvm(16926): Added shared lib libjavacore.so 0x0
D/dalvikvm(16926): Trying to load lib libnativehelper.so 0x0
D/dalvikvm(16926): Added shared lib libnativehelper.so 0x0
D/dalvikvm(16926): No JNI_OnLoad found in libnativehelper.so 0x0, skipping init
D/dalvikvm(16926): Note: class Landroid/app/ActivityManagerNative; has 179 unimplemented (abstract) methods
E/memtrack(16926): Couldn't load memtrack module (No such file or directory)
E/android.os.Debug(16926): failed to load memtrack module: -2
D/AndroidRuntime(16926): Calling main entry com.android.commands.content.Content
D/SimpleDynamoProvider(16798): Insert() :: Values set in operation are Key : AtefPYdktMKMNvdMWssNzA0p69pDns4P, value: TO822tYQhoq90CZNwbyE60r3QnSB2L5g, CurrentNode/Originator : 5558, Type : insert, Succ : 5560
D/SimpleDynamoProvider(16798): Insert() and replicating current port no : 5558 Key: AtefPYdktMKMNvdMWssNzA0p69pDns4Pvalue: TO822tYQhoq90CZNwbyE60r3QnSB2L5g
D/SimpleDynamoProvider(16798): Replicate() Calling client currentNode 5558 Succ is :5560 key: AtefPYdktMKMNvdMWssNzA0p69pDns4P values: TO822tYQhoq90CZNwbyE60r3QnSB2L5g
D/SimpleDynamoProvider(16798): Replicate() Calling client currentNode 5558 Succ is :5562 key: AtefPYdktMKMNvdMWssNzA0p69pDns4P values: TO822tYQhoq90CZNwbyE60r3QnSB2L5g
D/SimpleDynamoProvider(16798): Client sending to Succ Server :: Values set in operation are Key : AtefPYdktMKMNvdMWssNzA0p69pDns4P, value: TO822tYQhoq90CZNwbyE60r3QnSB2L5g, CurrentNode/Originator : 5558, Type : replicate, Succ : 5562
D/dalvikvm(16798): GC_FOR_ALLOC freed 496K, 17% free 2851K/3408K, paused 5ms, total 5ms
D/SimpleDynamoProvider(16798): Client Remote port is 11120
D/SimpleDynamoProvider(16798): Client sending to Succ Server :: Values set in operation are Key : AtefPYdktMKMNvdMWssNzA0p69pDns4P, value: TO822tYQhoq90CZNwbyE60r3QnSB2L5g, CurrentNode/Originator : 5558, Type : replicate, Succ : 5562
D/AndroidRuntime(16926): Shutting down VM
D/jdwp    (16926): Got wake-up signal, bailing out of select
D/dalvikvm(16926): Debugger has detached; object registry had 1 entries
D/SimpleDynamoProvider(16798): Client Remote port is 11124
D/AndroidRuntime(16941): 
D/AndroidRuntime(16941): >>>>>> AndroidRuntime START com.android.internal.os.RuntimeInit <<<<<<
D/AndroidRuntime(16941): CheckJNI is ON
D/dalvikvm(16941): Trying to load lib libjavacore.so 0x0
D/dalvikvm(16941): Added shared lib libjavacore.so 0x0
D/dalvikvm(16941): Trying to load lib libnativehelper.so 0x0
D/dalvikvm(16941): Added shared lib libnativehelper.so 0x0
D/dalvikvm(16941): No JNI_OnLoad found in libnativehelper.so 0x0, skipping init
D/SimpleDynamoProvider(16798): Server :: Values in operation are Key : TIVATjG1jVi7Syedoxh1uYQzNDgnk0A5, value: null, CurrentNode/Originator : 5556, Type : singleKeyQuery, Succ : 5558
D/SimpleDynamoProvider(16798): Server singleKeyQuery key is TIVATjG1jVi7Syedoxh1uYQzNDgnk0A5 currentNode is 5558 Originator is 5556
D/SimpleDynamoProvider(16798): returnValueForKeyQuery() checking in Node CurrentNode: 5558 Key is : TIVATjG1jVi7Syedoxh1uYQzNDgnk0A5
D/SimpleDynamoProvider(16798): returnValueForKeyQuery() :: found key TIVATjG1jVi7Syedoxh1uYQzNDgnk0A5 value is : 4Rs2N9OTPSN5G9diu71ZJr5MEdArRz23 in Node : 5558
D/SimpleDynamoProvider(16798): Server singleKeyQuery sending to Originator :: Values set in operation are Key : TIVATjG1jVi7Syedoxh1uYQzNDgnk0A5, value: 4Rs2N9OTPSN5G9diu71ZJr5MEdArRz23, CurrentNode/Originator : 5556, Type : singleKeyQueryValue, Succ : 5556
D/SimpleDynamoProvider(16798): Client sending to Succ Server :: Values set in operation are Key : TIVATjG1jVi7Syedoxh1uYQzNDgnk0A5, value: 4Rs2N9OTPSN5G9diu71ZJr5MEdArRz23, CurrentNode/Originator : 5556, Type : singleKeyQueryValue, Succ : 5556
D/SimpleDynamoProvider(16798): Client Remote port is 11112
D/dalvikvm(16941): Note: class Landroid/app/ActivityManagerNative; has 179 unimplemented (abstract) methods
D/SimpleDynamoProvider(16798): Server :: Values in operation are Key : JkyAOxFBia2tnlYA5oOMPKdy4GQhoho6, value: aMPAn9J8l7Pmh0AkvGSte7MsYb3Dof4L, CurrentNode/Originator : 5562, Type : replicate, Succ : 5562
D/SimpleDynamoProvider(16798): Server replicated values at currentNode 5558 key: JkyAOxFBia2tnlYA5oOMPKdy4GQhoho6 values: aMPAn9J8l7Pmh0AkvGSte7MsYb3Dof4L
E/memtrack(16941): Couldn't load memtrack module (No such file or directory)
E/android.os.Debug(16941): failed to load memtrack module: -2
D/AndroidRuntime(16941): Calling main entry com.android.commands.content.Content
D/SimpleDynamoProvider(16798): Query selection : AtefPYdktMKMNvdMWssNzA0p69pDns4P
D/SimpleDynamoProvider(16798): returnValueForKeyQuery() checking in Node CurrentNode: 5558 Key is : AtefPYdktMKMNvdMWssNzA0p69pDns4P
D/SimpleDynamoProvider(16798): returnValueForKeyQuery() :: found key AtefPYdktMKMNvdMWssNzA0p69pDns4P value is : TO822tYQhoq90CZNwbyE60r3QnSB2L5g in Node : 5558
D/SimpleDynamoProvider(16798): Query() :: found key AtefPYdktMKMNvdMWssNzA0p69pDns4P in Node : 5558 mutexQuery : null
D/AndroidRuntime(16941): Shutting down VM
D/dalvikvm(16941): Debugger has detached; object registry had 1 entries
D/AndroidRuntime(16952): 
D/AndroidRuntime(16952): >>>>>> AndroidRuntime START com.android.internal.os.RuntimeInit <<<<<<
D/AndroidRuntime(16952): CheckJNI is ON
D/dalvikvm(16952): Trying to load lib libjavacore.so 0x0
D/dalvikvm(16952): Added shared lib libjavacore.so 0x0
D/dalvikvm(16952): Trying to load lib libnativehelper.so 0x0
D/dalvikvm(16952): Added shared lib libnativehelper.so 0x0
D/dalvikvm(16952): No JNI_OnLoad found in libnativehelper.so 0x0, skipping init
D/dalvikvm(16952): Note: class Landroid/app/ActivityManagerNative; has 179 unimplemented (abstract) methods
D/SimpleDynamoProvider(16798): Server :: Values in operation are Key : byJxSRWVSgxHljFMAKM5mwH1ysvU1zv4, value: 2wfkatwgOiR6iLkB0XLsKm3lYc4o54l0, CurrentNode/Originator : 5554, Type : replicate, Succ : 5562
D/SimpleDynamoProvider(16798): Server replicated values at currentNode 5558 key: byJxSRWVSgxHljFMAKM5mwH1ysvU1zv4 values: 2wfkatwgOiR6iLkB0XLsKm3lYc4o54l0
E/memtrack(16952): Couldn't load memtrack module (No such file or directory)
E/android.os.Debug(16952): failed to load memtrack module: -2
D/AndroidRuntime(16952): Calling main entry com.android.commands.content.Content
D/SimpleDynamoProvider(16798): Insert() :: Values set in operation are Key : gI66betzO0FCWNJ9sKEQjOwonm2nEr7v, value: JRkzuaj3aPsIf5TP7uTJpREpZ7mBDWTz, CurrentNode/Originator : 5558, Type : insert, Succ : 5560
D/SimpleDynamoProvider(16798): Insert() Client forward Insert node : 5554 from currentNode : 5558 Key : gI66betzO0FCWNJ9sKEQjOwonm2nEr7v Value :JRkzuaj3aPsIf5TP7uTJpREpZ7mBDWTz
D/SimpleDynamoProvider(16798): Insert() Replicating to succ's check succ port's, Key: gI66betzO0FCWNJ9sKEQjOwonm2nEr7vvalue: JRkzuaj3aPsIf5TP7uTJpREpZ7mBDWTz
D/SimpleDynamoProvider(16798): Replicate() Calling client currentNode 5558 Succ is :5558 key: gI66betzO0FCWNJ9sKEQjOwonm2nEr7v values: JRkzuaj3aPsIf5TP7uTJpREpZ7mBDWTz
D/SimpleDynamoProvider(16798): Client sending to Succ Server :: Values set in operation are Key : gI66betzO0FCWNJ9sKEQjOwonm2nEr7v, value: JRkzuaj3aPsIf5TP7uTJpREpZ7mBDWTz, CurrentNode/Originator : 5558, Type : replicate, Succ : 5558
D/SimpleDynamoProvider(16798): Client Remote port is 11108
D/SimpleDynamoProvider(16798): Replicate() Calling client currentNode 5558 Succ is :5560 key: gI66betzO0FCWNJ9sKEQjOwonm2nEr7v values: JRkzuaj3aPsIf5TP7uTJpREpZ7mBDWTz
D/SimpleDynamoProvider(16798): Client sending to Succ Server :: Values set in operation are Key : gI66betzO0FCWNJ9sKEQjOwonm2nEr7v, value: JRkzuaj3aPsIf5TP7uTJpREpZ7mBDWTz, CurrentNode/Originator : 5558, Type : replicate, Succ : 5560
D/SimpleDynamoProvider(16798): Client Remote port is 11116
D/AndroidRuntime(16952): Shutting down VM
D/jdwp    (16952): Got wake-up signal, bailing out of select
D/dalvikvm(16952): Debugger has detached; object registry had 1 entries
D/SimpleDynamoProvider(16798): Client sending to Succ Server :: Values set in operation are Key : gI66betzO0FCWNJ9sKEQjOwonm2nEr7v, value: JRkzuaj3aPsIf5TP7uTJpREpZ7mBDWTz, CurrentNode/Originator : 5558, Type : replicate, Succ : 5560
D/SimpleDynamoProvider(16798): Client Remote port is 11120
D/SimpleDynamoProvider(16798): Server :: Values in operation are Key : zYbx4vMeTwHZWUFVulBeTZv87dwcJxxK, value: 6QxZYAbBZGE6ufMvnT5caioTTB89xeQW, CurrentNode/Originator : 5556, Type : replicate, Succ : 5562
D/SimpleDynamoProvider(16798): Server replicated values at currentNode 5558 key: zYbx4vMeTwHZWUFVulBeTZv87dwcJxxK values: 6QxZYAbBZGE6ufMvnT5caioTTB89xeQW
D/SimpleDynamoProvider(16798): Server :: Values in operation are Key : gI66betzO0FCWNJ9sKEQjOwonm2nEr7v, value: JRkzuaj3aPsIf5TP7uTJpREpZ7mBDWTz, CurrentNode/Originator : 5558, Type : replicate, Succ : 5560
D/SimpleDynamoProvider(16798): Server replicated values at currentNode 5558 key: gI66betzO0FCWNJ9sKEQjOwonm2nEr7v values: JRkzuaj3aPsIf5TP7uTJpREpZ7mBDWTz
D/SimpleDynamoProvider(16798): Server :: Values in operation are Key : byJxSRWVSgxHljFMAKM5mwH1ysvU1zv4, value: null, CurrentNode/Originator : 5554, Type : singleKeyQuery, Succ : 5558
D/SimpleDynamoProvider(16798): Server singleKeyQuery key is byJxSRWVSgxHljFMAKM5mwH1ysvU1zv4 currentNode is 5558 Originator is 5554
D/SimpleDynamoProvider(16798): returnValueForKeyQuery() checking in Node CurrentNode: 5558 Key is : byJxSRWVSgxHljFMAKM5mwH1ysvU1zv4
D/SimpleDynamoProvider(16798): returnValueForKeyQuery() :: found key byJxSRWVSgxHljFMAKM5mwH1ysvU1zv4 value is : 2wfkatwgOiR6iLkB0XLsKm3lYc4o54l0 in Node : 5558
D/SimpleDynamoProvider(16798): Server singleKeyQuery sending to Originator :: Values set in operation are Key : byJxSRWVSgxHljFMAKM5mwH1ysvU1zv4, value: 2wfkatwgOiR6iLkB0XLsKm3lYc4o54l0, CurrentNode/Originator : 5554, Type : singleKeyQueryValue, Succ : 5554
D/SimpleDynamoProvider(16798): Client sending to Succ Server :: Values set in operation are Key : byJxSRWVSgxHljFMAKM5mwH1ysvU1zv4, value: 2wfkatwgOiR6iLkB0XLsKm3lYc4o54l0, CurrentNode/Originator : 5554, Type : singleKeyQueryValue, Succ : 5554
D/SimpleDynamoProvider(16798): Client Remote port is 11108
D/AndroidRuntime(16968): 
D/AndroidRuntime(16968): >>>>>> AndroidRuntime START com.android.internal.os.RuntimeInit <<<<<<
D/AndroidRuntime(16968): CheckJNI is ON
D/dalvikvm(16968): Trying to load lib libjavacore.so 0x0
D/dalvikvm(16968): Added shared lib libjavacore.so 0x0
D/dalvikvm(16968): Trying to load lib libnativehelper.so 0x0
D/dalvikvm(16968): Added shared lib libnativehelper.so 0x0
D/dalvikvm(16968): No JNI_OnLoad found in libnativehelper.so 0x0, skipping init
D/dalvikvm(16968): Note: class Landroid/app/ActivityManagerNative; has 179 unimplemented (abstract) methods
D/SimpleDynamoProvider(16798): Server :: Values in operation are Key : zYbx4vMeTwHZWUFVulBeTZv87dwcJxxK, value: null, CurrentNode/Originator : 5556, Type : singleKeyQuery, Succ : 5558
D/SimpleDynamoProvider(16798): Server singleKeyQuery key is zYbx4vMeTwHZWUFVulBeTZv87dwcJxxK currentNode is 5558 Originator is 5556
D/SimpleDynamoProvider(16798): returnValueForKeyQuery() checking in Node CurrentNode: 5558 Key is : zYbx4vMeTwHZWUFVulBeTZv87dwcJxxK
D/dalvikvm(16798): GC_FOR_ALLOC freed 504K, 17% free 2840K/3408K, paused 7ms, total 7ms
D/SimpleDynamoProvider(16798): returnValueForKeyQuery() :: found key zYbx4vMeTwHZWUFVulBeTZv87dwcJxxK value is : 6QxZYAbBZGE6ufMvnT5caioTTB89xeQW in Node : 5558
D/SimpleDynamoProvider(16798): Server singleKeyQuery sending to Originator :: Values set in operation are Key : zYbx4vMeTwHZWUFVulBeTZv87dwcJxxK, value: 6QxZYAbBZGE6ufMvnT5caioTTB89xeQW, CurrentNode/Originator : 5556, Type : singleKeyQueryValue, Succ : 5556
D/SimpleDynamoProvider(16798): Client sending to Succ Server :: Values set in operation are Key : zYbx4vMeTwHZWUFVulBeTZv87dwcJxxK, value: 6QxZYAbBZGE6ufMvnT5caioTTB89xeQW, CurrentNode/Originator : 5556, Type : singleKeyQueryValue, Succ : 5556
D/SimpleDynamoProvider(16798): Client Remote port is 11112
D/SimpleDynamoProvider(16798): Server :: Values in operation are Key : rJ9TNECltkvZPj9solL6D6XYX36vfwa0, value: WYye1fX3HMwO8jJWHmUDAy8nYuR6P3yO, CurrentNode/Originator : 5562, Type : replicate, Succ : 5560
D/SimpleDynamoProvider(16798): Server replicated values at currentNode 5558 key: rJ9TNECltkvZPj9solL6D6XYX36vfwa0 values: WYye1fX3HMwO8jJWHmUDAy8nYuR6P3yO
E/memtrack(16968): Couldn't load memtrack module (No such file or directory)
E/android.os.Debug(16968): failed to load memtrack module: -2
D/AndroidRuntime(16968): Calling main entry com.android.commands.content.Content
D/SimpleDynamoProvider(16798): Query selection : gI66betzO0FCWNJ9sKEQjOwonm2nEr7v
D/SimpleDynamoProvider(16798): returnValueForKeyQuery() checking in Node CurrentNode: 5558 Key is : gI66betzO0FCWNJ9sKEQjOwonm2nEr7v
D/SimpleDynamoProvider(16798): returnValueForKeyQuery() :: found key gI66betzO0FCWNJ9sKEQjOwonm2nEr7v value is : JRkzuaj3aPsIf5TP7uTJpREpZ7mBDWTz in Node : 5558
D/SimpleDynamoProvider(16798): Query() :: found key gI66betzO0FCWNJ9sKEQjOwonm2nEr7v in Node : 5558 mutexQuery : null
D/AndroidRuntime(16968): Shutting down VM
D/dalvikvm(16968): Debugger has detached; object registry had 1 entries
D/AndroidRuntime(16980): 
D/AndroidRuntime(16980): >>>>>> AndroidRuntime START com.android.internal.os.RuntimeInit <<<<<<
D/AndroidRuntime(16980): CheckJNI is ON
D/dalvikvm(16980): Trying to load lib libjavacore.so 0x0
D/dalvikvm(16980): Added shared lib libjavacore.so 0x0
D/dalvikvm(16980): Trying to load lib libnativehelper.so 0x0
D/dalvikvm(16980): Added shared lib libnativehelper.so 0x0
D/dalvikvm(16980): No JNI_OnLoad found in libnativehelper.so 0x0, skipping init
D/dalvikvm(16980): Note: class Landroid/app/ActivityManagerNative; has 179 unimplemented (abstract) methods
D/SimpleDynamoProvider(16798): Server :: Values in operation are Key : uT6JUE937WCVvIvQCjBSoBxxnxaMhPhw, value: LtQFeoEJj9MDz2jcqszARwvIpUlEluMG, CurrentNode/Originator : 5554, Type : replicate, Succ : 5560
D/SimpleDynamoProvider(16798): Server replicated values at currentNode 5558 key: uT6JUE937WCVvIvQCjBSoBxxnxaMhPhw values: LtQFeoEJj9MDz2jcqszARwvIpUlEluMG
E/memtrack(16980): Couldn't load memtrack module (No such file or directory)
E/android.os.Debug(16980): failed to load memtrack module: -2
D/AndroidRuntime(16980): Calling main entry com.android.commands.content.Content
D/SimpleDynamoProvider(16798): Server :: Values in operation are Key : C0zjOnp54xSThHpgwlSoDwYdoyux0Yt3, value: nMI28T9cMhgE2d9lBnBJzhhBBC2XzAjb, CurrentNode/Originator : 5556, Type : replicate, Succ : 5562
D/SimpleDynamoProvider(16798): Server replicated values at currentNode 5558 key: C0zjOnp54xSThHpgwlSoDwYdoyux0Yt3 values: nMI28T9cMhgE2d9lBnBJzhhBBC2XzAjb
D/SimpleDynamoProvider(16798): Insert() :: Values set in operation are Key : 6C0nZU7CJR8kOMEFgYHK2QUSFTpslAR2, value: IPfvnaDw0TOXbta2ozWB59FidXPraA0d, CurrentNode/Originator : 5558, Type : insert, Succ : 5560
D/SimpleDynamoProvider(16798): Insert() Client forward Insert node : 5560 from currentNode : 5558 Key : 6C0nZU7CJR8kOMEFgYHK2QUSFTpslAR2 Value :IPfvnaDw0TOXbta2ozWB59FidXPraA0d
D/SimpleDynamoProvider(16798): Insert() Replicating to succ's check succ port's, Key: 6C0nZU7CJR8kOMEFgYHK2QUSFTpslAR2value: IPfvnaDw0TOXbta2ozWB59FidXPraA0d
D/SimpleDynamoProvider(16798): Replicate() Calling client currentNode 5558 Succ is :5562 key: 6C0nZU7CJR8kOMEFgYHK2QUSFTpslAR2 values: IPfvnaDw0TOXbta2ozWB59FidXPraA0d
D/SimpleDynamoProvider(16798): Client sending to Succ Server :: Values set in operation are Key : 6C0nZU7CJR8kOMEFgYHK2QUSFTpslAR2, value: IPfvnaDw0TOXbta2ozWB59FidXPraA0d, CurrentNode/Originator : 5558, Type : replicate, Succ : 5562
D/SimpleDynamoProvider(16798): Client Remote port is 11120
D/SimpleDynamoProvider(16798): Replicate() Calling client currentNode 5558 Succ is :5556 key: 6C0nZU7CJR8kOMEFgYHK2QUSFTpslAR2 values: IPfvnaDw0TOXbta2ozWB59FidXPraA0d
D/SimpleDynamoProvider(16798): Client sending to Succ Server :: Values set in operation are Key : 6C0nZU7CJR8kOMEFgYHK2QUSFTpslAR2, value: IPfvnaDw0TOXbta2ozWB59FidXPraA0d, CurrentNode/Originator : 5558, Type : replicate, Succ : 5556
D/SimpleDynamoProvider(16798): Client Remote port is 11124
D/AndroidRuntime(16980): Shutting down VM
D/jdwp    (16980): Got wake-up signal, bailing out of select
D/dalvikvm(16980): Debugger has detached; object registry had 1 entries
D/SimpleDynamoProvider(16798): Client sending to Succ Server :: Values set in operation are Key : 6C0nZU7CJR8kOMEFgYHK2QUSFTpslAR2, value: IPfvnaDw0TOXbta2ozWB59FidXPraA0d, CurrentNode/Originator : 5558, Type : replicate, Succ : 5556
D/SimpleDynamoProvider(16798): Client Remote port is 11112
D/AndroidRuntime(16996): 
D/AndroidRuntime(16996): >>>>>> AndroidRuntime START com.android.internal.os.RuntimeInit <<<<<<
D/AndroidRuntime(16996): CheckJNI is ON
D/dalvikvm(16996): Trying to load lib libjavacore.so 0x0
D/dalvikvm(16996): Added shared lib libjavacore.so 0x0
D/dalvikvm(16996): Trying to load lib libnativehelper.so 0x0
D/dalvikvm(16996): Added shared lib libnativehelper.so 0x0
D/dalvikvm(16996): No JNI_OnLoad found in libnativehelper.so 0x0, skipping init
D/dalvikvm(16996): Note: class Landroid/app/ActivityManagerNative; has 179 unimplemented (abstract) methods
E/memtrack(16996): Couldn't load memtrack module (No such file or directory)
E/android.os.Debug(16996): failed to load memtrack module: -2
D/AndroidRuntime(16996): Calling main entry com.android.commands.content.Content
D/SimpleDynamoProvider(16798): Query selection : 6C0nZU7CJR8kOMEFgYHK2QUSFTpslAR2
D/SimpleDynamoProvider(16798): returnValueForKeyQuery() checking in Node CurrentNode: 5558 Key is : 6C0nZU7CJR8kOMEFgYHK2QUSFTpslAR2
D/SimpleDynamoProvider(16798): returnValueForKeyQuery() Not found in Node CurrentNode: 5558 Key is : 6C0nZU7CJR8kOMEFgYHK2QUSFTpslAR2
D/SimpleDynamoProvider(16798): Query() :: Not found key 6C0nZU7CJR8kOMEFgYHK2QUSFTpslAR2 in Node : 5558 sending key to 5560
D/SimpleDynamoProvider(16798): Query() holding for value of key :6C0nZU7CJR8kOMEFgYHK2QUSFTpslAR2 type : singleKeyQueryCurrent Value for mutex is : null
D/SimpleDynamoProvider(16798): Client sending to Succ Server :: Values set in operation are Key : 6C0nZU7CJR8kOMEFgYHK2QUSFTpslAR2, value: null, CurrentNode/Originator : 5558, Type : singleKeyQuery, Succ : 5560
D/SimpleDynamoProvider(16798): Client Remote port is 11120
D/SimpleDynamoProvider(16798): Client  Socket Time out type : singleKeyQuery key : 6C0nZU7CJR8kOMEFgYHK2QUSFTpslAR2 value : null
D/SimpleDynamoProvider(16798): Client Remote Port : 11120 is down sending to 5562
W/System.err(16798): java.io.StreamCorruptedException
D/SimpleDynamoProvider(16798): Client sending to Succ Server :: Values set in operation are Key : 6C0nZU7CJR8kOMEFgYHK2QUSFTpslAR2, value: null, CurrentNode/Originator : 5558, Type : singleKeyQuery, Succ : 5562
W/System.err(16798): 	at java.io.ObjectOutputStream.writeObject(ObjectOutputStream.java:1528)
D/SimpleDynamoProvider(16798): Client Remote port is 11124
W/System.err(16798): 	at java.io.ObjectOutputStream.writeObject(ObjectOutputStream.java:1481)
W/System.err(16798): 	at edu.buffalo.cse.cse486586.simpledynamo.SimpleDynamoProvider$Client.run(SimpleDynamoProvider.java:435)
W/System.err(16798): 	at java.lang.Thread.run(Thread.java:841)
D/SimpleDynamoProvider(16798): Server :: Values in operation are Key : dSTPQYpHMMGDuU7JQmjGRVVvmkoQd6cO, value: AkV5HDvOCoKGFtuLG7XQe4uMRLfMoWmn, CurrentNode/Originator : 5562, Type : replicate, Succ : 5562
D/SimpleDynamoProvider(16798): Server replicated values at currentNode 5558 key: dSTPQYpHMMGDuU7JQmjGRVVvmkoQd6cO values: AkV5HDvOCoKGFtuLG7XQe4uMRLfMoWmn
D/SimpleDynamoProvider(16798): Server :: Values in operation are Key : C0zjOnp54xSThHpgwlSoDwYdoyux0Yt3, value: null, CurrentNode/Originator : 5556, Type : singleKeyQuery, Succ : 5558
D/SimpleDynamoProvider(16798): Server singleKeyQuery key is C0zjOnp54xSThHpgwlSoDwYdoyux0Yt3 currentNode is 5558 Originator is 5556
D/SimpleDynamoProvider(16798): returnValueForKeyQuery() checking in Node CurrentNode: 5558 Key is : C0zjOnp54xSThHpgwlSoDwYdoyux0Yt3
D/dalvikvm(16798): JIT unchain all for threadid=12
D/dalvikvm(16798): GC_FOR_ALLOC freed 496K, 17% free 2851K/3408K, paused 276ms, total 276ms
D/SimpleDynamoProvider(16798): returnValueForKeyQuery() :: found key C0zjOnp54xSThHpgwlSoDwYdoyux0Yt3 value is : nMI28T9cMhgE2d9lBnBJzhhBBC2XzAjb in Node : 5558
D/SimpleDynamoProvider(16798): Server singleKeyQuery sending to Originator :: Values set in operation are Key : C0zjOnp54xSThHpgwlSoDwYdoyux0Yt3, value: nMI28T9cMhgE2d9lBnBJzhhBBC2XzAjb, CurrentNode/Originator : 5556, Type : singleKeyQueryValue, Succ : 5556
D/SimpleDynamoProvider(16798): Server :: Values in operation are Key : 6C0nZU7CJR8kOMEFgYHK2QUSFTpslAR2, value: IPfvnaDw0TOXbta2ozWB59FidXPraA0d, CurrentNode/Originator : 5558, Type : singleKeyQueryValue, Succ : 5558
D/SimpleDynamoProvider(16798): Server singleKeyQueryValue coming form 5562 Current Node is :5558 Value returned is :IPfvnaDw0TOXbta2ozWB59FidXPraA0d for key :6C0nZU7CJR8kOMEFgYHK2QUSFTpslAR2
D/SimpleDynamoProvider(16798): Operation.getOriginator() : 5558
D/SimpleDynamoProvider(16798): Server :: Values in operation are Key : kruHbMpVXInLeBh2pXbWoNQF8u2WSSdo, value: geZbJlIOveoaaUP2jXuYhK36rKg0BQId, CurrentNode/Originator : 5554, Type : replicate, Succ : 5562
D/SimpleDynamoProvider(16798): Server replicated values at currentNode 5558 key: kruHbMpVXInLeBh2pXbWoNQF8u2WSSdo values: geZbJlIOveoaaUP2jXuYhK36rKg0BQId
D/SimpleDynamoProvider(16798): Client sending to Succ Server :: Values set in operation are Key : C0zjOnp54xSThHpgwlSoDwYdoyux0Yt3, value: nMI28T9cMhgE2d9lBnBJzhhBBC2XzAjb, CurrentNode/Originator : 5556, Type : singleKeyQueryValue, Succ : 5556
D/SimpleDynamoProvider(16798): Client Remote port is 11112
D/SimpleDynamoProvider(16798): Query() after hold got value : IPfvnaDw0TOXbta2ozWB59FidXPraA0d for Key : 6C0nZU7CJR8kOMEFgYHK2QUSFTpslAR2 Responded by null
D/SimpleDynamoProvider(16798): Query() Value for mutexQuery null key : 6C0nZU7CJR8kOMEFgYHK2QUSFTpslAR2
D/AndroidRuntime(16996): Shutting down VM
D/dalvikvm(16996): Debugger has detached; object registry had 1 entries
D/AndroidRuntime(17009): 
D/AndroidRuntime(17009): >>>>>> AndroidRuntime START com.android.internal.os.RuntimeInit <<<<<<
D/AndroidRuntime(17009): CheckJNI is ON
D/SimpleDynamoProvider(16798): Server :: Values in operation are Key : kruHbMpVXInLeBh2pXbWoNQF8u2WSSdo, value: null, CurrentNode/Originator : 5554, Type : singleKeyQuery, Succ : 5558
D/SimpleDynamoProvider(16798): Server singleKeyQuery key is kruHbMpVXInLeBh2pXbWoNQF8u2WSSdo currentNode is 5558 Originator is 5554
D/SimpleDynamoProvider(16798): returnValueForKeyQuery() checking in Node CurrentNode: 5558 Key is : kruHbMpVXInLeBh2pXbWoNQF8u2WSSdo
D/SimpleDynamoProvider(16798): returnValueForKeyQuery() :: found key kruHbMpVXInLeBh2pXbWoNQF8u2WSSdo value is : geZbJlIOveoaaUP2jXuYhK36rKg0BQId in Node : 5558
D/SimpleDynamoProvider(16798): Server singleKeyQuery sending to Originator :: Values set in operation are Key : kruHbMpVXInLeBh2pXbWoNQF8u2WSSdo, value: geZbJlIOveoaaUP2jXuYhK36rKg0BQId, CurrentNode/Originator : 5554, Type : singleKeyQueryValue, Succ : 5554
D/dalvikvm(17009): Trying to load lib libjavacore.so 0x0
D/dalvikvm(17009): Added shared lib libjavacore.so 0x0
D/dalvikvm(17009): Trying to load lib libnativehelper.so 0x0
D/dalvikvm(17009): Added shared lib libnativehelper.so 0x0
D/dalvikvm(17009): No JNI_OnLoad found in libnativehelper.so 0x0, skipping init
D/SimpleDynamoProvider(16798): Client sending to Succ Server :: Values set in operation are Key : kruHbMpVXInLeBh2pXbWoNQF8u2WSSdo, value: geZbJlIOveoaaUP2jXuYhK36rKg0BQId, CurrentNode/Originator : 5554, Type : singleKeyQueryValue, Succ : 5554
D/SimpleDynamoProvider(16798): Client Remote port is 11108
D/dalvikvm(17009): Note: class Landroid/app/ActivityManagerNative; has 179 unimplemented (abstract) methods
E/memtrack(17009): Couldn't load memtrack module (No such file or directory)
E/android.os.Debug(17009): failed to load memtrack module: -2
D/AndroidRuntime(17009): Calling main entry com.android.commands.content.Content
D/SimpleDynamoProvider(16798): Insert() :: Values set in operation are Key : quA3dE2h7rHJB3lYo75MUgncXMpIi0Fs, value: eW6g5uTK2XptTiXolXxtX5zo1HkWvqhb, CurrentNode/Originator : 5558, Type : insert, Succ : 5560
D/SimpleDynamoProvider(16798): Insert() and replicating current port no : 5558 Key: quA3dE2h7rHJB3lYo75MUgncXMpIi0Fsvalue: eW6g5uTK2XptTiXolXxtX5zo1HkWvqhb
D/SimpleDynamoProvider(16798): Replicate() Calling client currentNode 5558 Succ is :5560 key: quA3dE2h7rHJB3lYo75MUgncXMpIi0Fs values: eW6g5uTK2XptTiXolXxtX5zo1HkWvqhb
D/SimpleDynamoProvider(16798): Replicate() Calling client currentNode 5558 Succ is :5562 key: quA3dE2h7rHJB3lYo75MUgncXMpIi0Fs values: eW6g5uTK2XptTiXolXxtX5zo1HkWvqhb
D/SimpleDynamoProvider(16798): Client sending to Succ Server :: Values set in operation are Key : quA3dE2h7rHJB3lYo75MUgncXMpIi0Fs, value: eW6g5uTK2XptTiXolXxtX5zo1HkWvqhb, CurrentNode/Originator : 5558, Type : replicate, Succ : 5562
D/SimpleDynamoProvider(16798): Client Remote port is 11120
D/AndroidRuntime(17009): Shutting down VM
D/jdwp    (17009): Got wake-up signal, bailing out of select
D/dalvikvm(17009): Debugger has detached; object registry had 1 entries
D/SimpleDynamoProvider(16798): Client sending to Succ Server :: Values set in operation are Key : quA3dE2h7rHJB3lYo75MUgncXMpIi0Fs, value: eW6g5uTK2XptTiXolXxtX5zo1HkWvqhb, CurrentNode/Originator : 5558, Type : replicate, Succ : 5562
D/SimpleDynamoProvider(16798): Client Remote port is 11124
D/SimpleDynamoProvider(16798): Client  Socket Time out type : replicate key : quA3dE2h7rHJB3lYo75MUgncXMpIi0Fs value : eW6g5uTK2XptTiXolXxtX5zo1HkWvqhb
W/System.err(16798): java.io.StreamCorruptedException
W/System.err(16798): 	at java.io.ObjectOutputStream.writeObject(ObjectOutputStream.java:1528)
W/System.err(16798): 	at java.io.ObjectOutputStream.writeObject(ObjectOutputStream.java:1481)
W/System.err(16798): 	at edu.buffalo.cse.cse486586.simpledynamo.SimpleDynamoProvider$Client.run(SimpleDynamoProvider.java:435)
W/System.err(16798): 	at java.lang.Thread.run(Thread.java:841)
D/SimpleDynamoProvider(16798): Server :: Values in operation are Key : 7BsdD2eY8FqQCVYrQmRzzWGW0PmlKI36, value: WEd7e7MseG2Vv3jKvKteapry2BnSN72J, CurrentNode/Originator : 5556, Type : replicate, Succ : 5562
D/SimpleDynamoProvider(16798): Server replicated values at currentNode 5558 key: 7BsdD2eY8FqQCVYrQmRzzWGW0PmlKI36 values: WEd7e7MseG2Vv3jKvKteapry2BnSN72J
D/AndroidRuntime(17025): 
D/AndroidRuntime(17025): >>>>>> AndroidRuntime START com.android.internal.os.RuntimeInit <<<<<<
D/AndroidRuntime(17025): CheckJNI is ON
D/dalvikvm(17025): Trying to load lib libjavacore.so 0x0
D/dalvikvm(17025): Added shared lib libjavacore.so 0x0
D/dalvikvm(17025): Trying to load lib libnativehelper.so 0x0
D/dalvikvm(17025): Added shared lib libnativehelper.so 0x0
D/dalvikvm(17025): No JNI_OnLoad found in libnativehelper.so 0x0, skipping init
D/dalvikvm(17025): Note: class Landroid/app/ActivityManagerNative; has 179 unimplemented (abstract) methods
E/memtrack(17025): Couldn't load memtrack module (No such file or directory)
E/android.os.Debug(17025): failed to load memtrack module: -2
D/SimpleDynamoProvider(16798): Server :: Values in operation are Key : uKRNFRbZG6YCIEHXoonJ4nxhlyjYBtBn, value: 8jXe9AY8yvqDK5xeIHVCk7oPxqNSQ5HF, CurrentNode/Originator : 5554, Type : replicate, Succ : 5562
D/SimpleDynamoProvider(16798): Server replicated values at currentNode 5558 key: uKRNFRbZG6YCIEHXoonJ4nxhlyjYBtBn values: 8jXe9AY8yvqDK5xeIHVCk7oPxqNSQ5HF
D/AndroidRuntime(17025): Calling main entry com.android.commands.content.Content
D/SimpleDynamoProvider(16798): Query selection : quA3dE2h7rHJB3lYo75MUgncXMpIi0Fs
D/SimpleDynamoProvider(16798): returnValueForKeyQuery() checking in Node CurrentNode: 5558 Key is : quA3dE2h7rHJB3lYo75MUgncXMpIi0Fs
D/SimpleDynamoProvider(16798): returnValueForKeyQuery() :: found key quA3dE2h7rHJB3lYo75MUgncXMpIi0Fs value is : eW6g5uTK2XptTiXolXxtX5zo1HkWvqhb in Node : 5558
D/SimpleDynamoProvider(16798): Query() :: found key quA3dE2h7rHJB3lYo75MUgncXMpIi0Fs in Node : 5558 mutexQuery : null
D/AndroidRuntime(17025): Shutting down VM
D/dalvikvm(17025): Debugger has detached; object registry had 1 entries
D/SimpleDynamoProvider(16798): Server :: Values in operation are Key : 7BsdD2eY8FqQCVYrQmRzzWGW0PmlKI36, value: null, CurrentNode/Originator : 5556, Type : singleKeyQuery, Succ : 5558
D/SimpleDynamoProvider(16798): Server singleKeyQuery key is 7BsdD2eY8FqQCVYrQmRzzWGW0PmlKI36 currentNode is 5558 Originator is 5556
D/SimpleDynamoProvider(16798): returnValueForKeyQuery() checking in Node CurrentNode: 5558 Key is : 7BsdD2eY8FqQCVYrQmRzzWGW0PmlKI36
D/SimpleDynamoProvider(16798): returnValueForKeyQuery() :: found key 7BsdD2eY8FqQCVYrQmRzzWGW0PmlKI36 value is : WEd7e7MseG2Vv3jKvKteapry2BnSN72J in Node : 5558
D/SimpleDynamoProvider(16798): Server singleKeyQuery sending to Originator :: Values set in operation are Key : 7BsdD2eY8FqQCVYrQmRzzWGW0PmlKI36, value: WEd7e7MseG2Vv3jKvKteapry2BnSN72J, CurrentNode/Originator : 5556, Type : singleKeyQueryValue, Succ : 5556
D/SimpleDynamoProvider(16798): Client sending to Succ Server :: Values set in operation are Key : 7BsdD2eY8FqQCVYrQmRzzWGW0PmlKI36, value: WEd7e7MseG2Vv3jKvKteapry2BnSN72J, CurrentNode/Originator : 5556, Type : singleKeyQueryValue, Succ : 5556
D/SimpleDynamoProvider(16798): Client Remote port is 11112
D/AndroidRuntime(17036): 
D/AndroidRuntime(17036): >>>>>> AndroidRuntime START com.android.internal.os.RuntimeInit <<<<<<
D/AndroidRuntime(17036): CheckJNI is ON
D/dalvikvm(17036): Trying to load lib libjavacore.so 0x0
D/dalvikvm(17036): Added shared lib libjavacore.so 0x0
D/dalvikvm(17036): Trying to load lib libnativehelper.so 0x0
D/dalvikvm(17036): Added shared lib libnativehelper.so 0x0
D/dalvikvm(17036): No JNI_OnLoad found in libnativehelper.so 0x0, skipping init
D/dalvikvm(17036): Note: class Landroid/app/ActivityManagerNative; has 179 unimplemented (abstract) methods
D/SimpleDynamoProvider(16798): Server :: Values in operation are Key : uKRNFRbZG6YCIEHXoonJ4nxhlyjYBtBn, value: null, CurrentNode/Originator : 5554, Type : singleKeyQuery, Succ : 5558
D/SimpleDynamoProvider(16798): Server singleKeyQuery key is uKRNFRbZG6YCIEHXoonJ4nxhlyjYBtBn currentNode is 5558 Originator is 5554
D/SimpleDynamoProvider(16798): returnValueForKeyQuery() checking in Node CurrentNode: 5558 Key is : uKRNFRbZG6YCIEHXoonJ4nxhlyjYBtBn
D/SimpleDynamoProvider(16798): returnValueForKeyQuery() :: found key uKRNFRbZG6YCIEHXoonJ4nxhlyjYBtBn value is : 8jXe9AY8yvqDK5xeIHVCk7oPxqNSQ5HF in Node : 5558
D/SimpleDynamoProvider(16798): Server singleKeyQuery sending to Originator :: Values set in operation are Key : uKRNFRbZG6YCIEHXoonJ4nxhlyjYBtBn, value: 8jXe9AY8yvqDK5xeIHVCk7oPxqNSQ5HF, CurrentNode/Originator : 5554, Type : singleKeyQueryValue, Succ : 5554
D/SimpleDynamoProvider(16798): Client sending to Succ Server :: Values set in operation are Key : uKRNFRbZG6YCIEHXoonJ4nxhlyjYBtBn, value: 8jXe9AY8yvqDK5xeIHVCk7oPxqNSQ5HF, CurrentNode/Originator : 5554, Type : singleKeyQueryValue, Succ : 5554
D/SimpleDynamoProvider(16798): Client Remote port is 11108
D/dalvikvm(16798): GC_FOR_ALLOC freed 517K, 17% free 2846K/3416K, paused 14ms, total 15ms
E/memtrack(17036): Couldn't load memtrack module (No such file or directory)
E/android.os.Debug(17036): failed to load memtrack module: -2
D/AndroidRuntime(17036): Calling main entry com.android.commands.content.Content
D/SimpleDynamoProvider(16798): Insert() :: Values set in operation are Key : GmjqM8Tm4XWTCdDhm51T4P5IMplUdCNk, value: wDhTgUcOY7v1yjsTS2WXk5bwUV03ngVL, CurrentNode/Originator : 5558, Type : insert, Succ : 5560
D/SimpleDynamoProvider(16798): Insert() and replicating current port no : 5558 Key: GmjqM8Tm4XWTCdDhm51T4P5IMplUdCNkvalue: wDhTgUcOY7v1yjsTS2WXk5bwUV03ngVL
D/SimpleDynamoProvider(16798): Replicate() Calling client currentNode 5558 Succ is :5560 key: GmjqM8Tm4XWTCdDhm51T4P5IMplUdCNk values: wDhTgUcOY7v1yjsTS2WXk5bwUV03ngVL
D/SimpleDynamoProvider(16798): Replicate() Calling client currentNode 5558 Succ is :5562 key: GmjqM8Tm4XWTCdDhm51T4P5IMplUdCNk values: wDhTgUcOY7v1yjsTS2WXk5bwUV03ngVL
D/AndroidRuntime(17036): Shutting down VM
D/jdwp    (17036): Got wake-up signal, bailing out of select
D/dalvikvm(17036): Debugger has detached; object registry had 1 entries
D/SimpleDynamoProvider(16798): Client sending to Succ Server :: Values set in operation are Key : GmjqM8Tm4XWTCdDhm51T4P5IMplUdCNk, value: wDhTgUcOY7v1yjsTS2WXk5bwUV03ngVL, CurrentNode/Originator : 5558, Type : replicate, Succ : 5562
D/SimpleDynamoProvider(16798): Client Remote port is 11124
D/SimpleDynamoProvider(16798): Client sending to Succ Server :: Values set in operation are Key : GmjqM8Tm4XWTCdDhm51T4P5IMplUdCNk, value: wDhTgUcOY7v1yjsTS2WXk5bwUV03ngVL, CurrentNode/Originator : 5558, Type : replicate, Succ : 5562
D/SimpleDynamoProvider(16798): Client Remote port is 11120
