D/SimpleDynamoProvider(16798): Query selection : O0AqQ3rf8BOfo02q32ot24n48HqMPsgz
D/SimpleDynamoProvider(16798): returnValueForKeyQuery() checking in Node CurrentNode: 5558 Key is : O0AqQ3rf8BOfo02q32ot24n48HqMPsgz
D/SimpleDynamoProvider(16798): returnValueForKeyQuery() :: found key O0AqQ3rf8BOfo02q32ot24n48HqMPsgz value is : ZY2X8NV4YnIzy1fY7GLx6pOszHe5RY5e in Node : 5558
D/SimpleDynamoProvider(16798): Query() :: found key O0AqQ3rf8BOfo02q32ot24n48HqMPsgz in Node : 5558 mutexQuery : null
D/AndroidRuntime(17452): Shutting down VM
D/dalvikvm(17452): Debugger has detached; object registry had 1 entries
D/SimpleDynamoProvider(16798): Server :: Values in operation are Key : XDjsP1DODh6oRFyMt4or2QmAhMCbV2Bi, value: G9aujoGyZmvHaEVxptlECHBeHBiwnGco, CurrentNode/Originator : 5554, Type : replicate, Succ : 5562
D/SimpleDynamoProvider(16798): Server replicated values at currentNode 5558 key: XDjsP1DODh6oRFyMt4or2QmAhMCbV2Bi values: G9aujoGyZmvHaEVxptlECHBeHBiwnGco
D/AndroidRuntime(17462): 
D/AndroidRuntime(17462): >>>>>> AndroidRuntime START com.android.internal.os.RuntimeInit <<<<<<
D/SimpleDynamoProvider(16798): Server :: Values in operation are Key : XPGUwTrKwR7jcsJ2S7lBtVFrk9hR6RqH, value: null, CurrentNode/Originator : 5556, Type : singleKeyQuery, Succ : 5558
D/SimpleDynamoProvider(16798): Server singleKeyQuery key is XPGUwTrKwR7jcsJ2S7lBtVFrk9hR6RqH currentNode is 5558 Originator is 5556
D/SimpleDynamoProvider(16798): returnValueForKeyQuery() checking in Node CurrentNode: 5558 Key is : XPGUwTrKwR7jcsJ2S7lBtVFrk9hR6RqH
D/SimpleDynamoProvider(16798): returnValueForKeyQuery() :: found key XPGUwTrKwR7jcsJ2S7lBtVFrk9hR6RqH value is : 1Xnoabl6ehHgG6eXVR0w7P6TeMHVW7Xc in Node : 5558
D/SimpleDynamoProvider(16798): Server singleKeyQuery sending to Originator :: Values set in operation are Key : XPGUwTrKwR7jcsJ2S7lBtVFrk9hR6RqH, value: 1Xnoabl6ehHgG6eXVR0w7P6TeMHVW7Xc, CurrentNode/Originator : 5556, Type : singleKeyQueryValue, Succ : 5556
D/AndroidRuntime(17462): CheckJNI is ON
D/SimpleDynamoProvider(16798): Client sending to Succ Server :: Values set in operation are Key : XPGUwTrKwR7jcsJ2S7lBtVFrk9hR6RqH, value: 1Xnoabl6ehHgG6eXVR0w7P6TeMHVW7Xc, CurrentNode/Originator : 5556, Type : singleKeyQueryValue, Succ : 5556
D/SimpleDynamoProvider(16798): Client Remote port is 11112
D/dalvikvm(17462): Trying to load lib libjavacore.so 0x0
D/dalvikvm(17462): Added shared lib libjavacore.so 0x0
D/dalvikvm(17462): Trying to load lib libnativehelper.so 0x0
D/dalvikvm(17462): Added shared lib libnativehelper.so 0x0
D/dalvikvm(17462): No JNI_OnLoad found in libnativehelper.so 0x0, skipping init
D/dalvikvm(17462): Note: class Landroid/app/ActivityManagerNative; has 179 unimplemented (abstract) methods
E/memtrack(17462): Couldn't load memtrack module (No such file or directory)
E/android.os.Debug(17462): failed to load memtrack module: -2
D/SimpleDynamoProvider(16798): Server :: Values in operation are Key : RL7mhRodVPlig3tJs6HdhbzTIlQpN4Cc, value: WmYZ6SLsfmgSlC42RndsbpJYCqvGdGac, CurrentNode/Originator : 5560, Type : replicate, Succ : 5562
D/SimpleDynamoProvider(16798): Server replicated values at currentNode 5558 key: RL7mhRodVPlig3tJs6HdhbzTIlQpN4Cc values: WmYZ6SLsfmgSlC42RndsbpJYCqvGdGac
D/AndroidRuntime(17462): Calling main entry com.android.commands.content.Content
D/SimpleDynamoProvider(16798): Insert() :: Values set in operation are Key : tAZmNuVoOQNjdICF8T7IIdxdLBicIGm2, value: gB2dBZVArntRIr24U4s0aTj3Pmv3Qgno, CurrentNode/Originator : 5558, Type : insert, Succ : 5560
D/SimpleDynamoProvider(16798): Insert() Client forward Insert node : 5556 from currentNode : 5558 Key : tAZmNuVoOQNjdICF8T7IIdxdLBicIGm2 Value :gB2dBZVArntRIr24U4s0aTj3Pmv3Qgno
D/SimpleDynamoProvider(16798): Insert() Replicating to succ's check succ port's, Key: tAZmNuVoOQNjdICF8T7IIdxdLBicIGm2value: gB2dBZVArntRIr24U4s0aTj3Pmv3Qgno
D/SimpleDynamoProvider(16798): Replicate() Calling client currentNode 5558 Succ is :5554 key: tAZmNuVoOQNjdICF8T7IIdxdLBicIGm2 values: gB2dBZVArntRIr24U4s0aTj3Pmv3Qgno
D/SimpleDynamoProvider(16798): Replicate() Calling client currentNode 5558 Succ is :5558 key: tAZmNuVoOQNjdICF8T7IIdxdLBicIGm2 values: gB2dBZVArntRIr24U4s0aTj3Pmv3Qgno
D/SimpleDynamoProvider(16798): Client sending to Succ Server :: Values set in operation are Key : tAZmNuVoOQNjdICF8T7IIdxdLBicIGm2, value: gB2dBZVArntRIr24U4s0aTj3Pmv3Qgno, CurrentNode/Originator : 5558, Type : replicate, Succ : 5558
D/SimpleDynamoProvider(16798): Client Remote port is 11116
D/SimpleDynamoProvider(16798): Client sending to Succ Server :: Values set in operation are Key : tAZmNuVoOQNjdICF8T7IIdxdLBicIGm2, value: gB2dBZVArntRIr24U4s0aTj3Pmv3Qgno, CurrentNode/Originator : 5558, Type : replicate, Succ : 5558
D/SimpleDynamoProvider(16798): Client Remote port is 11108
D/SimpleDynamoProvider(16798): Client sending to Succ Server :: Values set in operation are Key : tAZmNuVoOQNjdICF8T7IIdxdLBicIGm2, value: gB2dBZVArntRIr24U4s0aTj3Pmv3Qgno, CurrentNode/Originator : 5558, Type : replicate, Succ : 5558
D/SimpleDynamoProvider(16798): Client Remote port is 11112
D/AndroidRuntime(17462): Shutting down VM
D/dalvikvm(17462): Debugger has detached; object registry had 1 entries
D/SimpleDynamoProvider(16798): Server :: Values in operation are Key : tAZmNuVoOQNjdICF8T7IIdxdLBicIGm2, value: gB2dBZVArntRIr24U4s0aTj3Pmv3Qgno, CurrentNode/Originator : 5558, Type : replicate, Succ : 5558
D/SimpleDynamoProvider(16798): Server replicated values at currentNode 5558 key: tAZmNuVoOQNjdICF8T7IIdxdLBicIGm2 values: gB2dBZVArntRIr24U4s0aTj3Pmv3Qgno
D/AndroidRuntime(17479): 
D/AndroidRuntime(17479): >>>>>> AndroidRuntime START com.android.internal.os.RuntimeInit <<<<<<
D/AndroidRuntime(17479): CheckJNI is ON
D/dalvikvm(17479): Trying to load lib libjavacore.so 0x0
D/dalvikvm(17479): Added shared lib libjavacore.so 0x0
D/dalvikvm(17479): Trying to load lib libnativehelper.so 0x0
D/dalvikvm(17479): Added shared lib libnativehelper.so 0x0
D/dalvikvm(17479): No JNI_OnLoad found in libnativehelper.so 0x0, skipping init
D/dalvikvm(17479): Note: class Landroid/app/ActivityManagerNative; has 179 unimplemented (abstract) methods
D/SimpleDynamoProvider(16798): Server :: Values in operation are Key : XDjsP1DODh6oRFyMt4or2QmAhMCbV2Bi, value: null, CurrentNode/Originator : 5554, Type : singleKeyQuery, Succ : 5558
D/SimpleDynamoProvider(16798): Server singleKeyQuery key is XDjsP1DODh6oRFyMt4or2QmAhMCbV2Bi currentNode is 5558 Originator is 5554
D/SimpleDynamoProvider(16798): returnValueForKeyQuery() checking in Node CurrentNode: 5558 Key is : XDjsP1DODh6oRFyMt4or2QmAhMCbV2Bi
D/dalvikvm(16798): GC_FOR_ALLOC freed 491K, 17% free 2865K/3432K, paused 26ms, total 27ms
D/SimpleDynamoProvider(16798): returnValueForKeyQuery() :: found key XDjsP1DODh6oRFyMt4or2QmAhMCbV2Bi value is : G9aujoGyZmvHaEVxptlECHBeHBiwnGco in Node : 5558
D/SimpleDynamoProvider(16798): Server singleKeyQuery sending to Originator :: Values set in operation are Key : XDjsP1DODh6oRFyMt4or2QmAhMCbV2Bi, value: G9aujoGyZmvHaEVxptlECHBeHBiwnGco, CurrentNode/Originator : 5554, Type : singleKeyQueryValue, Succ : 5554
D/SimpleDynamoProvider(16798): Client sending to Succ Server :: Values set in operation are Key : XDjsP1DODh6oRFyMt4or2QmAhMCbV2Bi, value: G9aujoGyZmvHaEVxptlECHBeHBiwnGco, CurrentNode/Originator : 5554, Type : singleKeyQueryValue, Succ : 5554
D/SimpleDynamoProvider(16798): Client Remote port is 11108
E/memtrack(17479): Couldn't load memtrack module (No such file or directory)
E/android.os.Debug(17479): failed to load memtrack module: -2
D/AndroidRuntime(17479): Calling main entry com.android.commands.content.Content
D/SimpleDynamoProvider(16798): Query selection : tAZmNuVoOQNjdICF8T7IIdxdLBicIGm2
D/SimpleDynamoProvider(16798): returnValueForKeyQuery() checking in Node CurrentNode: 5558 Key is : tAZmNuVoOQNjdICF8T7IIdxdLBicIGm2
D/SimpleDynamoProvider(16798): returnValueForKeyQuery() :: found key tAZmNuVoOQNjdICF8T7IIdxdLBicIGm2 value is : gB2dBZVArntRIr24U4s0aTj3Pmv3Qgno in Node : 5558
D/SimpleDynamoProvider(16798): Query() :: found key tAZmNuVoOQNjdICF8T7IIdxdLBicIGm2 in Node : 5558 mutexQuery : null
D/AndroidRuntime(17479): Shutting down VM
D/jdwp    (17479): Got wake-up signal, bailing out of select
D/dalvikvm(17479): Debugger has detached; object registry had 1 entries
D/AndroidRuntime(17490): 
D/AndroidRuntime(17490): >>>>>> AndroidRuntime START com.android.internal.os.RuntimeInit <<<<<<
D/AndroidRuntime(17490): CheckJNI is ON
D/dalvikvm(17490): Trying to load lib libjavacore.so 0x0
D/dalvikvm(17490): Added shared lib libjavacore.so 0x0
D/dalvikvm(17490): Trying to load lib libnativehelper.so 0x0
D/dalvikvm(17490): Added shared lib libnativehelper.so 0x0
D/dalvikvm(17490): No JNI_OnLoad found in libnativehelper.so 0x0, skipping init
D/dalvikvm(17490): Note: class Landroid/app/ActivityManagerNative; has 179 unimplemented (abstract) methods
E/memtrack(17490): Couldn't load memtrack module (No such file or directory)
E/android.os.Debug(17490): failed to load memtrack module: -2
D/AndroidRuntime(17490): Calling main entry com.android.commands.content.Content
D/SimpleDynamoProvider(16798): Insert() :: Values set in operation are Key : pm6MgTN3upBdfGqafbtVAjHfC93jvy6j, value: RP5sqXDVG8V5YY6Oc944ampyQTMDkQg4, CurrentNode/Originator : 5558, Type : insert, Succ : 5560
D/SimpleDynamoProvider(16798): Insert() Client forward Insert node : 5560 from currentNode : 5558 Key : pm6MgTN3upBdfGqafbtVAjHfC93jvy6j Value :RP5sqXDVG8V5YY6Oc944ampyQTMDkQg4
D/SimpleDynamoProvider(16798): Insert() Replicating to succ's check succ port's, Key: pm6MgTN3upBdfGqafbtVAjHfC93jvy6jvalue: RP5sqXDVG8V5YY6Oc944ampyQTMDkQg4
D/SimpleDynamoProvider(16798): Replicate() Calling client currentNode 5558 Succ is :5562 key: pm6MgTN3upBdfGqafbtVAjHfC93jvy6j values: RP5sqXDVG8V5YY6Oc944ampyQTMDkQg4
D/SimpleDynamoProvider(16798): Replicate() Calling client currentNode 5558 Succ is :5556 key: pm6MgTN3upBdfGqafbtVAjHfC93jvy6j values: RP5sqXDVG8V5YY6Oc944ampyQTMDkQg4
D/AndroidRuntime(17490): Shutting down VM
D/jdwp    (17490): Got wake-up signal, bailing out of select
D/dalvikvm(17490): Debugger has detached; object registry had 1 entries
D/SimpleDynamoProvider(16798): Client sending to Succ Server :: Values set in operation are Key : pm6MgTN3upBdfGqafbtVAjHfC93jvy6j, value: RP5sqXDVG8V5YY6Oc944ampyQTMDkQg4, CurrentNode/Originator : 5558, Type : replicate, Succ : 5556
D/SimpleDynamoProvider(16798): Client Remote port is 11112
D/SimpleDynamoProvider(16798): Client sending to Succ Server :: Values set in operation are Key : pm6MgTN3upBdfGqafbtVAjHfC93jvy6j, value: RP5sqXDVG8V5YY6Oc944ampyQTMDkQg4, CurrentNode/Originator : 5558, Type : replicate, Succ : 5556
D/SimpleDynamoProvider(16798): Client Remote port is 11124
D/SimpleDynamoProvider(16798): Client sending to Succ Server :: Values set in operation are Key : pm6MgTN3upBdfGqafbtVAjHfC93jvy6j, value: RP5sqXDVG8V5YY6Oc944ampyQTMDkQg4, CurrentNode/Originator : 5558, Type : replicate, Succ : 5556
D/SimpleDynamoProvider(16798): Client Remote port is 11120
D/SimpleDynamoProvider(16798): Server :: Values in operation are Key : HHfGcBplWROV3fPJ6dvMwhmk8HciVZUc, value: WKkKO3B9H4x9konVUbrx3sNVNofKewL3, CurrentNode/Originator : 5554, Type : replicate, Succ : 5562
D/SimpleDynamoProvider(16798): Server replicated values at currentNode 5558 key: HHfGcBplWROV3fPJ6dvMwhmk8HciVZUc values: WKkKO3B9H4x9konVUbrx3sNVNofKewL3
D/AndroidRuntime(17506): 
D/AndroidRuntime(17506): >>>>>> AndroidRuntime START com.android.internal.os.RuntimeInit <<<<<<
D/AndroidRuntime(17506): CheckJNI is ON
D/dalvikvm(17506): Trying to load lib libjavacore.so 0x0
D/dalvikvm(17506): Added shared lib libjavacore.so 0x0
D/dalvikvm(17506): Trying to load lib libnativehelper.so 0x0
D/dalvikvm(17506): Added shared lib libnativehelper.so 0x0
D/dalvikvm(17506): No JNI_OnLoad found in libnativehelper.so 0x0, skipping init
D/dalvikvm(17506): Note: class Landroid/app/ActivityManagerNative; has 179 unimplemented (abstract) methods
D/SimpleDynamoProvider(16798): Server :: Values in operation are Key : whZShlPiMLu2ZI48jPJJ3y0WO0liq9uA, value: FPj895Fd6keAvHH6kF94noFoRX9SqQNs, CurrentNode/Originator : 5562, Type : replicate, Succ : 5562
D/SimpleDynamoProvider(16798): Server replicated values at currentNode 5558 key: whZShlPiMLu2ZI48jPJJ3y0WO0liq9uA values: FPj895Fd6keAvHH6kF94noFoRX9SqQNs
D/SimpleDynamoProvider(16798): Server :: Values in operation are Key : 9AObofWoWQnTau1XsZ3MUSTwzCIvDTVM, value: S0bklQcBGEtNjPVUqZ8dKG76pAThsK4x, CurrentNode/Originator : 5556, Type : replicate, Succ : 5562
D/SimpleDynamoProvider(16798): Server replicated values at currentNode 5558 key: 9AObofWoWQnTau1XsZ3MUSTwzCIvDTVM values: S0bklQcBGEtNjPVUqZ8dKG76pAThsK4x
E/memtrack(17506): Couldn't load memtrack module (No such file or directory)
E/android.os.Debug(17506): failed to load memtrack module: -2
D/AndroidRuntime(17506): Calling main entry com.android.commands.content.Content
D/SimpleDynamoProvider(16798): Query selection : pm6MgTN3upBdfGqafbtVAjHfC93jvy6j
D/SimpleDynamoProvider(16798): returnValueForKeyQuery() checking in Node CurrentNode: 5558 Key is : pm6MgTN3upBdfGqafbtVAjHfC93jvy6j
D/SimpleDynamoProvider(16798): returnValueForKeyQuery() Not found in Node CurrentNode: 5558 Key is : pm6MgTN3upBdfGqafbtVAjHfC93jvy6j
D/SimpleDynamoProvider(16798): Query() :: Not found key pm6MgTN3upBdfGqafbtVAjHfC93jvy6j in Node : 5558 sending key to 5560
D/SimpleDynamoProvider(16798): Query() holding for value of key :pm6MgTN3upBdfGqafbtVAjHfC93jvy6j type : singleKeyQueryCurrent Value for mutex is : null
D/SimpleDynamoProvider(16798): Client sending to Succ Server :: Values set in operation are Key : pm6MgTN3upBdfGqafbtVAjHfC93jvy6j, value: null, CurrentNode/Originator : 5558, Type : singleKeyQuery, Succ : 5560
D/SimpleDynamoProvider(16798): Client Remote port is 11120
D/SimpleDynamoProvider(16798): Server :: Values in operation are Key : HHfGcBplWROV3fPJ6dvMwhmk8HciVZUc, value: null, CurrentNode/Originator : 5554, Type : singleKeyQuery, Succ : 5558
D/SimpleDynamoProvider(16798): Server singleKeyQuery key is HHfGcBplWROV3fPJ6dvMwhmk8HciVZUc currentNode is 5558 Originator is 5554
D/SimpleDynamoProvider(16798): returnValueForKeyQuery() checking in Node CurrentNode: 5558 Key is : HHfGcBplWROV3fPJ6dvMwhmk8HciVZUc
D/SimpleDynamoProvider(16798): returnValueForKeyQuery() :: found key HHfGcBplWROV3fPJ6dvMwhmk8HciVZUc value is : WKkKO3B9H4x9konVUbrx3sNVNofKewL3 in Node : 5558
D/SimpleDynamoProvider(16798): Server singleKeyQuery sending to Originator :: Values set in operation are Key : HHfGcBplWROV3fPJ6dvMwhmk8HciVZUc, value: WKkKO3B9H4x9konVUbrx3sNVNofKewL3, CurrentNode/Originator : 5554, Type : singleKeyQueryValue, Succ : 5554
D/SimpleDynamoProvider(16798): Client sending to Succ Server :: Values set in operation are Key : HHfGcBplWROV3fPJ6dvMwhmk8HciVZUc, value: WKkKO3B9H4x9konVUbrx3sNVNofKewL3, CurrentNode/Originator : 5554, Type : singleKeyQueryValue, Succ : 5554
D/SimpleDynamoProvider(16798): Client Remote port is 11108
D/dalvikvm(16798): JIT unchain all for threadid=10
D/dalvikvm(16798): GC_FOR_ALLOC freed 514K, 17% free 2863K/3432K, paused 277ms, total 277ms
D/SimpleDynamoProvider(16798): Server :: Values in operation are Key : jyxisNe88ozUuCGclouxDn0sdREdLR1D, value: JKk2QiVlJDbrTaJqBZbFtEFL3BQb6Ezd, CurrentNode/Originator : 5560, Type : replicate, Succ : 5562
D/SimpleDynamoProvider(16798): Server replicated values at currentNode 5558 key: jyxisNe88ozUuCGclouxDn0sdREdLR1D values: JKk2QiVlJDbrTaJqBZbFtEFL3BQb6Ezd
D/SimpleDynamoProvider(16798): Server :: Values in operation are Key : 9AObofWoWQnTau1XsZ3MUSTwzCIvDTVM, value: null, CurrentNode/Originator : 5556, Type : singleKeyQuery, Succ : 5558
D/SimpleDynamoProvider(16798): Server singleKeyQuery key is 9AObofWoWQnTau1XsZ3MUSTwzCIvDTVM currentNode is 5558 Originator is 5556
D/SimpleDynamoProvider(16798): returnValueForKeyQuery() checking in Node CurrentNode: 5558 Key is : 9AObofWoWQnTau1XsZ3MUSTwzCIvDTVM
D/SimpleDynamoProvider(16798): returnValueForKeyQuery() :: found key 9AObofWoWQnTau1XsZ3MUSTwzCIvDTVM value is : S0bklQcBGEtNjPVUqZ8dKG76pAThsK4x in Node : 5558
D/SimpleDynamoProvider(16798): Server singleKeyQuery sending to Originator :: Values set in operation are Key : 9AObofWoWQnTau1XsZ3MUSTwzCIvDTVM, value: S0bklQcBGEtNjPVUqZ8dKG76pAThsK4x, CurrentNode/Originator : 5556, Type : singleKeyQueryValue, Succ : 5556
D/SimpleDynamoProvider(16798): Client sending to Succ Server :: Values set in operation are Key : 9AObofWoWQnTau1XsZ3MUSTwzCIvDTVM, value: S0bklQcBGEtNjPVUqZ8dKG76pAThsK4x, CurrentNode/Originator : 5556, Type : singleKeyQueryValue, Succ : 5556
D/SimpleDynamoProvider(16798): Client Remote port is 11112
D/SimpleDynamoProvider(16798): Server :: Values in operation are Key : pm6MgTN3upBdfGqafbtVAjHfC93jvy6j, value: RP5sqXDVG8V5YY6Oc944ampyQTMDkQg4, CurrentNode/Originator : 5558, Type : singleKeyQueryValue, Succ : 5558
D/SimpleDynamoProvider(16798): Server singleKeyQueryValue coming form 5560 Current Node is :5558 Value returned is :RP5sqXDVG8V5YY6Oc944ampyQTMDkQg4 for key :pm6MgTN3upBdfGqafbtVAjHfC93jvy6j
D/SimpleDynamoProvider(16798): Operation.getOriginator() : 5558
D/SimpleDynamoProvider(16798): Query() after hold got value : RP5sqXDVG8V5YY6Oc944ampyQTMDkQg4 for Key : pm6MgTN3upBdfGqafbtVAjHfC93jvy6j Responded by null
D/SimpleDynamoProvider(16798): Query() Value for mutexQuery null key : pm6MgTN3upBdfGqafbtVAjHfC93jvy6j
D/AndroidRuntime(17506): Shutting down VM
D/jdwp    (17506): Got wake-up signal, bailing out of select
D/dalvikvm(17506): Debugger has detached; object registry had 1 entries
D/AndroidRuntime(17519): 
D/AndroidRuntime(17519): >>>>>> AndroidRuntime START com.android.internal.os.RuntimeInit <<<<<<
D/AndroidRuntime(17519): CheckJNI is ON
D/dalvikvm(17519): Trying to load lib libjavacore.so 0x0
D/dalvikvm(17519): Added shared lib libjavacore.so 0x0
D/dalvikvm(17519): Trying to load lib libnativehelper.so 0x0
D/dalvikvm(17519): Added shared lib libnativehelper.so 0x0
D/dalvikvm(17519): No JNI_OnLoad found in libnativehelper.so 0x0, skipping init
D/dalvikvm(17519): Note: class Landroid/app/ActivityManagerNative; has 179 unimplemented (abstract) methods
D/SimpleDynamoProvider(16798): Server :: Values in operation are Key : tz49fV9JdPQQT2sMZSfP70HxVs90uozX, value: 9mKJRM4YaZtT4rJFC2ZGH0vSSOWj55Ds, CurrentNode/Originator : 5562, Type : replicate, Succ : 5560
D/SimpleDynamoProvider(16798): Server replicated values at currentNode 5558 key: tz49fV9JdPQQT2sMZSfP70HxVs90uozX values: 9mKJRM4YaZtT4rJFC2ZGH0vSSOWj55Ds
E/memtrack(17519): Couldn't load memtrack module (No such file or directory)
E/android.os.Debug(17519): failed to load memtrack module: -2
D/AndroidRuntime(17519): Calling main entry com.android.commands.content.Content
D/SimpleDynamoProvider(16798): Insert() :: Values set in operation are Key : g4bI6ltPMbeSC2eKCVxymFE5DezDLy4K, value: FMB4pxssjGlZRLDcUyKy1uNCCkZCeyTh, CurrentNode/Originator : 5558, Type : insert, Succ : 5560
D/SimpleDynamoProvider(16798): Insert() Client forward Insert node : 5562 from currentNode : 5558 Key : g4bI6ltPMbeSC2eKCVxymFE5DezDLy4K Value :FMB4pxssjGlZRLDcUyKy1uNCCkZCeyTh
D/SimpleDynamoProvider(16798): Insert() Replicating to succ's check succ port's, Key: g4bI6ltPMbeSC2eKCVxymFE5DezDLy4Kvalue: FMB4pxssjGlZRLDcUyKy1uNCCkZCeyTh
D/SimpleDynamoProvider(16798): Replicate() Calling client currentNode 5558 Succ is :5556 key: g4bI6ltPMbeSC2eKCVxymFE5DezDLy4K values: FMB4pxssjGlZRLDcUyKy1uNCCkZCeyTh
D/SimpleDynamoProvider(16798): Replicate() Calling client currentNode 5558 Succ is :5554 key: g4bI6ltPMbeSC2eKCVxymFE5DezDLy4K values: FMB4pxssjGlZRLDcUyKy1uNCCkZCeyTh
D/AndroidRuntime(17519): Shutting down VM
D/jdwp    (17519): Got wake-up signal, bailing out of select
D/dalvikvm(17519): Debugger has detached; object registry had 1 entries
D/SimpleDynamoProvider(16798): Client sending to Succ Server :: Values set in operation are Key : g4bI6ltPMbeSC2eKCVxymFE5DezDLy4K, value: FMB4pxssjGlZRLDcUyKy1uNCCkZCeyTh, CurrentNode/Originator : 5558, Type : replicate, Succ : 5554
D/SimpleDynamoProvider(16798): Client Remote port is 11108
D/SimpleDynamoProvider(16798): Client sending to Succ Server :: Values set in operation are Key : g4bI6ltPMbeSC2eKCVxymFE5DezDLy4K, value: FMB4pxssjGlZRLDcUyKy1uNCCkZCeyTh, CurrentNode/Originator : 5558, Type : replicate, Succ : 5554
D/SimpleDynamoProvider(16798): Client Remote port is 11112
D/SimpleDynamoProvider(16798): Client sending to Succ Server :: Values set in operation are Key : g4bI6ltPMbeSC2eKCVxymFE5DezDLy4K, value: FMB4pxssjGlZRLDcUyKy1uNCCkZCeyTh, CurrentNode/Originator : 5558, Type : replicate, Succ : 5554
D/SimpleDynamoProvider(16798): Client Remote port is 11124
D/SimpleDynamoProvider(16798): Server :: Values in operation are Key : BALzXf7pcHAJ4qOVWPeV9BDewxINPhlA, value: 7ya6GMSWof2GixNMsX0e7tem8qIavD6x, CurrentNode/Originator : 5556, Type : replicate, Succ : 5562
D/SimpleDynamoProvider(16798): Server replicated values at currentNode 5558 key: BALzXf7pcHAJ4qOVWPeV9BDewxINPhlA values: 7ya6GMSWof2GixNMsX0e7tem8qIavD6x
D/AndroidRuntime(17535): 
D/AndroidRuntime(17535): >>>>>> AndroidRuntime START com.android.internal.os.RuntimeInit <<<<<<
D/AndroidRuntime(17535): CheckJNI is ON
D/dalvikvm(17535): Trying to load lib libjavacore.so 0x0
D/dalvikvm(17535): Trying to load lib libnativehelper.so 0x0
D/dalvikvm(17535): Added shared lib libnativehelper.so 0x0
D/dalvikvm(17535): No JNI_OnLoad found in libnativehelper.so 0x0, skipping init
D/dalvikvm(17535): Added shared lib libjavacore.so 0x0
D/dalvikvm(17535): Note: class Landroid/app/ActivityManagerNative; has 179 unimplemented (abstract) methods
E/memtrack(17535): Couldn't load memtrack module (No such file or directory)
E/android.os.Debug(17535): failed to load memtrack module: -2
D/AndroidRuntime(17535): Calling main entry com.android.commands.content.Content
D/SimpleDynamoProvider(16798): Query selection : g4bI6ltPMbeSC2eKCVxymFE5DezDLy4K
D/SimpleDynamoProvider(16798): returnValueForKeyQuery() checking in Node CurrentNode: 5558 Key is : g4bI6ltPMbeSC2eKCVxymFE5DezDLy4K
D/SimpleDynamoProvider(16798): returnValueForKeyQuery() Not found in Node CurrentNode: 5558 Key is : g4bI6ltPMbeSC2eKCVxymFE5DezDLy4K
D/SimpleDynamoProvider(16798): Query() :: Not found key g4bI6ltPMbeSC2eKCVxymFE5DezDLy4K in Node : 5558 sending key to 5562
D/SimpleDynamoProvider(16798): Query() holding for value of key :g4bI6ltPMbeSC2eKCVxymFE5DezDLy4K type : singleKeyQueryCurrent Value for mutex is : null
D/SimpleDynamoProvider(16798): Client sending to Succ Server :: Values set in operation are Key : g4bI6ltPMbeSC2eKCVxymFE5DezDLy4K, value: null, CurrentNode/Originator : 5558, Type : singleKeyQuery, Succ : 5562
D/SimpleDynamoProvider(16798): Client Remote port is 11124
D/SimpleDynamoProvider(16798): Server :: Values in operation are Key : BALzXf7pcHAJ4qOVWPeV9BDewxINPhlA, value: null, CurrentNode/Originator : 5556, Type : singleKeyQuery, Succ : 5558
D/SimpleDynamoProvider(16798): Server singleKeyQuery key is BALzXf7pcHAJ4qOVWPeV9BDewxINPhlA currentNode is 5558 Originator is 5556
D/SimpleDynamoProvider(16798): returnValueForKeyQuery() checking in Node CurrentNode: 5558 Key is : BALzXf7pcHAJ4qOVWPeV9BDewxINPhlA
D/SimpleDynamoProvider(16798): returnValueForKeyQuery() :: found key BALzXf7pcHAJ4qOVWPeV9BDewxINPhlA value is : 7ya6GMSWof2GixNMsX0e7tem8qIavD6x in Node : 5558
D/SimpleDynamoProvider(16798): Server singleKeyQuery sending to Originator :: Values set in operation are Key : BALzXf7pcHAJ4qOVWPeV9BDewxINPhlA, value: 7ya6GMSWof2GixNMsX0e7tem8qIavD6x, CurrentNode/Originator : 5556, Type : singleKeyQueryValue, Succ : 5556
D/SimpleDynamoProvider(16798): Client sending to Succ Server :: Values set in operation are Key : BALzXf7pcHAJ4qOVWPeV9BDewxINPhlA, value: 7ya6GMSWof2GixNMsX0e7tem8qIavD6x, CurrentNode/Originator : 5556, Type : singleKeyQueryValue, Succ : 5556
D/SimpleDynamoProvider(16798): Client Remote port is 11112
D/dalvikvm(16798): JIT unchain all for threadid=10
D/dalvikvm(16798): GC_FOR_ALLOC freed 527K, 18% free 2847K/3432K, paused 272ms, total 272ms
D/SimpleDynamoProvider(16798): Server :: Values in operation are Key : g4bI6ltPMbeSC2eKCVxymFE5DezDLy4K, value: FMB4pxssjGlZRLDcUyKy1uNCCkZCeyTh, CurrentNode/Originator : 5558, Type : singleKeyQueryValue, Succ : 5558
D/SimpleDynamoProvider(16798): Server singleKeyQueryValue coming form 5562 Current Node is :5558 Value returned is :FMB4pxssjGlZRLDcUyKy1uNCCkZCeyTh for key :g4bI6ltPMbeSC2eKCVxymFE5DezDLy4K
D/SimpleDynamoProvider(16798): Operation.getOriginator() : 5558
D/SimpleDynamoProvider(16798): Query() after hold got value : FMB4pxssjGlZRLDcUyKy1uNCCkZCeyTh for Key : g4bI6ltPMbeSC2eKCVxymFE5DezDLy4K Responded by null
D/SimpleDynamoProvider(16798): Query() Value for mutexQuery null key : g4bI6ltPMbeSC2eKCVxymFE5DezDLy4K
D/AndroidRuntime(17535): Shutting down VM
D/dalvikvm(17535): Debugger has detached; object registry had 1 entries
D/AndroidRuntime(17547): 
D/AndroidRuntime(17547): >>>>>> AndroidRuntime START com.android.internal.os.RuntimeInit <<<<<<
D/AndroidRuntime(17547): CheckJNI is ON
D/SimpleDynamoProvider(16798): Server replicated values at currentNode 5558 key: plGH9r2svpysPzC69KleRSSiMLPKXQT3 values: oJ67ZQgJkn46B4wwx2AmpKROlKJDQDnC
D/dalvikvm(17547): Trying to load lib libjavacore.so 0x0
D/dalvikvm(17547): Added shared lib libjavacore.so 0x0
D/SimpleDynamoProvider(16798): Server :: Values in operation are Key : plGH9r2svpysPzC69KleRSSiMLPKXQT3, value: oJ67ZQgJkn46B4wwx2AmpKROlKJDQDnC, CurrentNode/Originator : 5556, Type : replicate, Succ : 5562
D/dalvikvm(17547): Trying to load lib libnativehelper.so 0x0
D/dalvikvm(17547): Added shared lib libnativehelper.so 0x0
D/dalvikvm(17547): No JNI_OnLoad found in libnativehelper.so 0x0, skipping init
D/dalvikvm(17547): Note: class Landroid/app/ActivityManagerNative; has 179 unimplemented (abstract) methods
D/SimpleDynamoProvider(16798): Server :: Values in operation are Key : EgdrPodC9a6vXhUmRfRNKsyHZ2QNOtzn, value: UB7LE4KgxYeJlxVmoY8I8kOteNQSXVub, CurrentNode/Originator : 5562, Type : replicate, Succ : 5558
D/SimpleDynamoProvider(16798): Server replicated values at currentNode 5558 key: EgdrPodC9a6vXhUmRfRNKsyHZ2QNOtzn values: UB7LE4KgxYeJlxVmoY8I8kOteNQSXVub
D/SimpleDynamoProvider(16798): Server :: Values in operation are Key : v9myCnQERpdW7jkVKWSUVbPWclCzNtVf, value: Xj3QUn7ICcRjZwr6XPT4Q4MKjIuV7XnV, CurrentNode/Originator : 5560, Type : replicate, Succ : 5562
D/SimpleDynamoProvider(16798): Server replicated values at currentNode 5558 key: v9myCnQERpdW7jkVKWSUVbPWclCzNtVf values: Xj3QUn7ICcRjZwr6XPT4Q4MKjIuV7XnV
E/memtrack(17547): Couldn't load memtrack module (No such file or directory)
E/android.os.Debug(17547): failed to load memtrack module: -2
D/AndroidRuntime(17547): Calling main entry com.android.commands.content.Content
D/SimpleDynamoProvider(16798): Insert() :: Values set in operation are Key : wueW1lachlMTS1kH8wamCuUbyvCP2n6d, value: ScdWUs1RGBD10Piifx6thkdToE6MfIuE, CurrentNode/Originator : 5558, Type : insert, Succ : 5560
D/SimpleDynamoProvider(16798): Insert() and replicating current port no : 5558 Key: wueW1lachlMTS1kH8wamCuUbyvCP2n6dvalue: ScdWUs1RGBD10Piifx6thkdToE6MfIuE
D/SimpleDynamoProvider(16798): Replicate() Calling client currentNode 5558 Succ is :5560 key: wueW1lachlMTS1kH8wamCuUbyvCP2n6d values: ScdWUs1RGBD10Piifx6thkdToE6MfIuE
D/SimpleDynamoProvider(16798): Replicate() Calling client currentNode 5558 Succ is :5562 key: wueW1lachlMTS1kH8wamCuUbyvCP2n6d values: ScdWUs1RGBD10Piifx6thkdToE6MfIuE
D/AndroidRuntime(17547): Shutting down VM
D/jdwp    (17547): Got wake-up signal, bailing out of select
D/dalvikvm(17547): Debugger has detached; object registry had 1 entries
D/SimpleDynamoProvider(16798): Client sending to Succ Server :: Values set in operation are Key : wueW1lachlMTS1kH8wamCuUbyvCP2n6d, value: ScdWUs1RGBD10Piifx6thkdToE6MfIuE, CurrentNode/Originator : 5558, Type : replicate, Succ : 5562
D/SimpleDynamoProvider(16798): Client Remote port is 11124
D/SimpleDynamoProvider(16798): Client sending to Succ Server :: Values set in operation are Key : wueW1lachlMTS1kH8wamCuUbyvCP2n6d, value: ScdWUs1RGBD10Piifx6thkdToE6MfIuE, CurrentNode/Originator : 5558, Type : replicate, Succ : 5562
D/SimpleDynamoProvider(16798): Client Remote port is 11120
D/SimpleDynamoProvider(16798): Server :: Values in operation are Key : plGH9r2svpysPzC69KleRSSiMLPKXQT3, value: null, CurrentNode/Originator : 5556, Type : singleKeyQuery, Succ : 5558
D/SimpleDynamoProvider(16798): Server singleKeyQuery key is plGH9r2svpysPzC69KleRSSiMLPKXQT3 currentNode is 5558 Originator is 5556
D/SimpleDynamoProvider(16798): returnValueForKeyQuery() checking in Node CurrentNode: 5558 Key is : plGH9r2svpysPzC69KleRSSiMLPKXQT3
D/SimpleDynamoProvider(16798): returnValueForKeyQuery() :: found key plGH9r2svpysPzC69KleRSSiMLPKXQT3 value is : oJ67ZQgJkn46B4wwx2AmpKROlKJDQDnC in Node : 5558
D/SimpleDynamoProvider(16798): Server singleKeyQuery sending to Originator :: Values set in operation are Key : plGH9r2svpysPzC69KleRSSiMLPKXQT3, value: oJ67ZQgJkn46B4wwx2AmpKROlKJDQDnC, CurrentNode/Originator : 5556, Type : singleKeyQueryValue, Succ : 5556
D/SimpleDynamoProvider(16798): Client sending to Succ Server :: Values set in operation are Key : plGH9r2svpysPzC69KleRSSiMLPKXQT3, value: oJ67ZQgJkn46B4wwx2AmpKROlKJDQDnC, CurrentNode/Originator : 5556, Type : singleKeyQueryValue, Succ : 5556
D/SimpleDynamoProvider(16798): Client Remote port is 11112
D/AndroidRuntime(17562): 
D/AndroidRuntime(17562): >>>>>> AndroidRuntime START com.android.internal.os.RuntimeInit <<<<<<
D/AndroidRuntime(17562): CheckJNI is ON
D/dalvikvm(17562): Trying to load lib libjavacore.so 0x0
D/dalvikvm(17562): Added shared lib libjavacore.so 0x0
D/dalvikvm(17562): Trying to load lib libnativehelper.so 0x0
D/dalvikvm(17562): Added shared lib libnativehelper.so 0x0
D/dalvikvm(17562): No JNI_OnLoad found in libnativehelper.so 0x0, skipping init
D/dalvikvm(17562): Note: class Landroid/app/ActivityManagerNative; has 179 unimplemented (abstract) methods
E/memtrack(17562): Couldn't load memtrack module (No such file or directory)
E/android.os.Debug(17562): failed to load memtrack module: -2
D/AndroidRuntime(17562): Calling main entry com.android.commands.content.Content
D/SimpleDynamoProvider(16798): Query selection : wueW1lachlMTS1kH8wamCuUbyvCP2n6d
D/SimpleDynamoProvider(16798): returnValueForKeyQuery() checking in Node CurrentNode: 5558 Key is : wueW1lachlMTS1kH8wamCuUbyvCP2n6d
D/SimpleDynamoProvider(16798): returnValueForKeyQuery() :: found key wueW1lachlMTS1kH8wamCuUbyvCP2n6d value is : ScdWUs1RGBD10Piifx6thkdToE6MfIuE in Node : 5558
D/SimpleDynamoProvider(16798): Query() :: found key wueW1lachlMTS1kH8wamCuUbyvCP2n6d in Node : 5558 mutexQuery : null
D/AndroidRuntime(17562): Shutting down VM
D/dalvikvm(17562): Debugger has detached; object registry had 1 entries
D/SimpleDynamoProvider(16798): Server :: Values in operation are Key : tCIn010xGq3MqUuTKjjfAYiCvQfVeakY, value: YiQbj4icPTnARRns1nfOVFXAGCyW0uer, CurrentNode/Originator : 5554, Type : replicate, Succ : 5558
D/SimpleDynamoProvider(16798): Server replicated values at currentNode 5558 key: tCIn010xGq3MqUuTKjjfAYiCvQfVeakY values: YiQbj4icPTnARRns1nfOVFXAGCyW0uer
D/AndroidRuntime(17573): 
D/AndroidRuntime(17573): >>>>>> AndroidRuntime START com.android.internal.os.RuntimeInit <<<<<<
D/AndroidRuntime(17573): CheckJNI is ON
D/dalvikvm(17573): Trying to load lib libjavacore.so 0x0
D/dalvikvm(17573): Added shared lib libjavacore.so 0x0
D/dalvikvm(17573): Trying to load lib libnativehelper.so 0x0
D/dalvikvm(17573): Added shared lib libnativehelper.so 0x0
D/dalvikvm(17573): No JNI_OnLoad found in libnativehelper.so 0x0, skipping init
D/dalvikvm(17573): Note: class Landroid/app/ActivityManagerNative; has 179 unimplemented (abstract) methods
E/memtrack(17573): Couldn't load memtrack module (No such file or directory)
E/android.os.Debug(17573): failed to load memtrack module: -2
D/AndroidRuntime(17573): Calling main entry com.android.commands.content.Content
D/SimpleDynamoProvider(16798): Insert() :: Values set in operation are Key : mBX2NvSn363PRfaqOJraGiSxW3NkylvS, value: sx0vLfPn6mjOdiZehJkjtngc75pqPQCM, CurrentNode/Originator : 5558, Type : insert, Succ : 5560
D/SimpleDynamoProvider(16798): Insert() Client forward Insert node : 5562 from currentNode : 5558 Key : mBX2NvSn363PRfaqOJraGiSxW3NkylvS Value :sx0vLfPn6mjOdiZehJkjtngc75pqPQCM
D/SimpleDynamoProvider(16798): Insert() Replicating to succ's check succ port's, Key: mBX2NvSn363PRfaqOJraGiSxW3NkylvSvalue: sx0vLfPn6mjOdiZehJkjtngc75pqPQCM
D/SimpleDynamoProvider(16798): Replicate() Calling client currentNode 5558 Succ is :5556 key: mBX2NvSn363PRfaqOJraGiSxW3NkylvS values: sx0vLfPn6mjOdiZehJkjtngc75pqPQCM
D/SimpleDynamoProvider(16798): Replicate() Calling client currentNode 5558 Succ is :5554 key: mBX2NvSn363PRfaqOJraGiSxW3NkylvS values: sx0vLfPn6mjOdiZehJkjtngc75pqPQCM
D/AndroidRuntime(17573): Shutting down VM
D/jdwp    (17573): Got wake-up signal, bailing out of select
D/dalvikvm(17573): Debugger has detached; object registry had 1 entries
D/SimpleDynamoProvider(16798): Client sending to Succ Server :: Values set in operation are Key : mBX2NvSn363PRfaqOJraGiSxW3NkylvS, value: sx0vLfPn6mjOdiZehJkjtngc75pqPQCM, CurrentNode/Originator : 5558, Type : replicate, Succ : 5554
D/SimpleDynamoProvider(16798): Client Remote port is 11108
D/SimpleDynamoProvider(16798): Client sending to Succ Server :: Values set in operation are Key : mBX2NvSn363PRfaqOJraGiSxW3NkylvS, value: sx0vLfPn6mjOdiZehJkjtngc75pqPQCM, CurrentNode/Originator : 5558, Type : replicate, Succ : 5554
D/SimpleDynamoProvider(16798): Client Remote port is 11112
D/SimpleDynamoProvider(16798): Client sending to Succ Server :: Values set in operation are Key : mBX2NvSn363PRfaqOJraGiSxW3NkylvS, value: sx0vLfPn6mjOdiZehJkjtngc75pqPQCM, CurrentNode/Originator : 5558, Type : replicate, Succ : 5554
D/SimpleDynamoProvider(16798): Client Remote port is 11124
D/dalvikvm(16798): GC_FOR_ALLOC freed 493K, 17% free 2866K/3432K, paused 4ms, total 4ms
D/AndroidRuntime(17589): 
D/AndroidRuntime(17589): >>>>>> AndroidRuntime START com.android.internal.os.RuntimeInit <<<<<<
D/AndroidRuntime(17589): CheckJNI is ON
D/dalvikvm(17589): Trying to load lib libjavacore.so 0x0
D/dalvikvm(17589): Added shared lib libjavacore.so 0x0
D/dalvikvm(17589): Trying to load lib libnativehelper.so 0x0
D/dalvikvm(17589): Added shared lib libnativehelper.so 0x0
D/dalvikvm(17589): No JNI_OnLoad found in libnativehelper.so 0x0, skipping init
D/dalvikvm(17589): Note: class Landroid/app/ActivityManagerNative; has 179 unimplemented (abstract) methods
D/SimpleDynamoProvider(16798): Server :: Values in operation are Key : lKDUvipQ4Y3fdBrEcuYW45OnWDTO0shg, value: MMmxtnZD56gWW72YaaGdK940GZFrKPLz, CurrentNode/Originator : 5562, Type : replicate, Succ : 5560
D/SimpleDynamoProvider(16798): Server replicated values at currentNode 5558 key: lKDUvipQ4Y3fdBrEcuYW45OnWDTO0shg values: MMmxtnZD56gWW72YaaGdK940GZFrKPLz
E/memtrack(17589): Couldn't load memtrack module (No such file or directory)
E/android.os.Debug(17589): failed to load memtrack module: -2
D/AndroidRuntime(17589): Calling main entry com.android.commands.content.Content
D/SimpleDynamoProvider(16798): Query selection : mBX2NvSn363PRfaqOJraGiSxW3NkylvS
D/SimpleDynamoProvider(16798): returnValueForKeyQuery() checking in Node CurrentNode: 5558 Key is : mBX2NvSn363PRfaqOJraGiSxW3NkylvS
D/SimpleDynamoProvider(16798): returnValueForKeyQuery() Not found in Node CurrentNode: 5558 Key is : mBX2NvSn363PRfaqOJraGiSxW3NkylvS
D/SimpleDynamoProvider(16798): Query() :: Not found key mBX2NvSn363PRfaqOJraGiSxW3NkylvS in Node : 5558 sending key to 5562
D/SimpleDynamoProvider(16798): Query() holding for value of key :mBX2NvSn363PRfaqOJraGiSxW3NkylvS type : singleKeyQueryCurrent Value for mutex is : null
D/SimpleDynamoProvider(16798): Client sending to Succ Server :: Values set in operation are Key : mBX2NvSn363PRfaqOJraGiSxW3NkylvS, value: null, CurrentNode/Originator : 5558, Type : singleKeyQuery, Succ : 5562
D/SimpleDynamoProvider(16798): Client Remote port is 11124
D/SimpleDynamoProvider(16798): Server :: Values in operation are Key : mBX2NvSn363PRfaqOJraGiSxW3NkylvS, value: sx0vLfPn6mjOdiZehJkjtngc75pqPQCM, CurrentNode/Originator : 5558, Type : singleKeyQueryValue, Succ : 5558
D/SimpleDynamoProvider(16798): Server singleKeyQueryValue coming form 5562 Current Node is :5558 Value returned is :sx0vLfPn6mjOdiZehJkjtngc75pqPQCM for key :mBX2NvSn363PRfaqOJraGiSxW3NkylvS
D/SimpleDynamoProvider(16798): Operation.getOriginator() : 5558
D/SimpleDynamoProvider(16798): Query() after hold got value : sx0vLfPn6mjOdiZehJkjtngc75pqPQCM for Key : mBX2NvSn363PRfaqOJraGiSxW3NkylvS Responded by null
D/SimpleDynamoProvider(16798): Query() Value for mutexQuery null key : mBX2NvSn363PRfaqOJraGiSxW3NkylvS
D/AndroidRuntime(17589): Shutting down VM
D/dalvikvm(17589): Debugger has detached; object registry had 1 entries
D/AndroidRuntime(17600): 
D/AndroidRuntime(17600): >>>>>> AndroidRuntime START com.android.internal.os.RuntimeInit <<<<<<
D/AndroidRuntime(17600): CheckJNI is ON
D/SimpleDynamoProvider(16798): Server :: Values in operation are Key : gKZWloG6GCLgkDtmkydZLFFTD3mCDmbC, value: 0Bbba2pv3lVDINg7DpivFTjCcNz4QxyS, CurrentNode/Originator : 5556, Type : replicate, Succ : 5562
D/SimpleDynamoProvider(16798): Server replicated values at currentNode 5558 key: gKZWloG6GCLgkDtmkydZLFFTD3mCDmbC values: 0Bbba2pv3lVDINg7DpivFTjCcNz4QxyS
D/dalvikvm(17600): Trying to load lib libjavacore.so 0x0
D/dalvikvm(17600): Added shared lib libjavacore.so 0x0
D/dalvikvm(17600): Trying to load lib libnativehelper.so 0x0
D/dalvikvm(17600): Added shared lib libnativehelper.so 0x0
D/dalvikvm(17600): No JNI_OnLoad found in libnativehelper.so 0x0, skipping init
D/SimpleDynamoProvider(16798): Server :: Values in operation are Key : mYU8sgz0tRZQb5N97PyInuWaF08PihxS, value: 4aB4rHZSD2Na4h3WLRXXDf2doON0rcf6, CurrentNode/Originator : 5560, Type : replicate, Succ : 5562
D/SimpleDynamoProvider(16798): Server replicated values at currentNode 5558 key: mYU8sgz0tRZQb5N97PyInuWaF08PihxS values: 4aB4rHZSD2Na4h3WLRXXDf2doON0rcf6
D/dalvikvm(17600): Note: class Landroid/app/ActivityManagerNative; has 179 unimplemented (abstract) methods
E/memtrack(17600): Couldn't load memtrack module (No such file or directory)
E/android.os.Debug(17600): failed to load memtrack module: -2
D/AndroidRuntime(17600): Calling main entry com.android.commands.content.Content
D/SimpleDynamoProvider(16798): Insert() :: Values set in operation are Key : 9c5IWaKXwqorlB9gB2Cn2D2REp8gdq1o, value: 2pS2VC1SoazG5CS9Csicdi9TbPS22FRR, CurrentNode/Originator : 5558, Type : insert, Succ : 5560
D/SimpleDynamoProvider(16798): Insert() Client forward Insert node : 5562 from currentNode : 5558 Key : 9c5IWaKXwqorlB9gB2Cn2D2REp8gdq1o Value :2pS2VC1SoazG5CS9Csicdi9TbPS22FRR
D/SimpleDynamoProvider(16798): Insert() Replicating to succ's check succ port's, Key: 9c5IWaKXwqorlB9gB2Cn2D2REp8gdq1ovalue: 2pS2VC1SoazG5CS9Csicdi9TbPS22FRR
D/SimpleDynamoProvider(16798): Replicate() Calling client currentNode 5558 Succ is :5556 key: 9c5IWaKXwqorlB9gB2Cn2D2REp8gdq1o values: 2pS2VC1SoazG5CS9Csicdi9TbPS22FRR
D/SimpleDynamoProvider(16798): Replicate() Calling client currentNode 5558 Succ is :5554 key: 9c5IWaKXwqorlB9gB2Cn2D2REp8gdq1o values: 2pS2VC1SoazG5CS9Csicdi9TbPS22FRR
D/SimpleDynamoProvider(16798): Client sending to Succ Server :: Values set in operation are Key : 9c5IWaKXwqorlB9gB2Cn2D2REp8gdq1o, value: 2pS2VC1SoazG5CS9Csicdi9TbPS22FRR, CurrentNode/Originator : 5558, Type : replicate, Succ : 5554
D/SimpleDynamoProvider(16798): Client Remote port is 11112
D/AndroidRuntime(17600): Shutting down VM
D/jdwp    (17600): Got wake-up signal, bailing out of select
D/dalvikvm(17600): Debugger has detached; object registry had 1 entries
D/SimpleDynamoProvider(16798): Client sending to Succ Server :: Values set in operation are Key : 9c5IWaKXwqorlB9gB2Cn2D2REp8gdq1o, value: 2pS2VC1SoazG5CS9Csicdi9TbPS22FRR, CurrentNode/Originator : 5558, Type : replicate, Succ : 5554
D/SimpleDynamoProvider(16798): Client Remote port is 11108
D/SimpleDynamoProvider(16798): Client sending to Succ Server :: Values set in operation are Key : 9c5IWaKXwqorlB9gB2Cn2D2REp8gdq1o, value: 2pS2VC1SoazG5CS9Csicdi9TbPS22FRR, CurrentNode/Originator : 5558, Type : replicate, Succ : 5554
D/SimpleDynamoProvider(16798): Client Remote port is 11124
D/AndroidRuntime(17616): 
D/AndroidRuntime(17616): >>>>>> AndroidRuntime START com.android.internal.os.RuntimeInit <<<<<<
D/AndroidRuntime(17616): CheckJNI is ON
D/dalvikvm(17616): Trying to load lib libjavacore.so 0x0
D/dalvikvm(17616): Added shared lib libjavacore.so 0x0
D/dalvikvm(17616): Trying to load lib libnativehelper.so 0x0
D/dalvikvm(17616): Added shared lib libnativehelper.so 0x0
D/dalvikvm(17616): No JNI_OnLoad found in libnativehelper.so 0x0, skipping init
D/dalvikvm(17616): Note: class Landroid/app/ActivityManagerNative; has 179 unimplemented (abstract) methods
D/SimpleDynamoProvider(16798): Server :: Values in operation are Key : gKZWloG6GCLgkDtmkydZLFFTD3mCDmbC, value: null, CurrentNode/Originator : 5556, Type : singleKeyQuery, Succ : 5558
D/SimpleDynamoProvider(16798): Server singleKeyQuery key is gKZWloG6GCLgkDtmkydZLFFTD3mCDmbC currentNode is 5558 Originator is 5556
D/SimpleDynamoProvider(16798): returnValueForKeyQuery() checking in Node CurrentNode: 5558 Key is : gKZWloG6GCLgkDtmkydZLFFTD3mCDmbC
D/SimpleDynamoProvider(16798): returnValueForKeyQuery() :: found key gKZWloG6GCLgkDtmkydZLFFTD3mCDmbC value is : 0Bbba2pv3lVDINg7DpivFTjCcNz4QxyS in Node : 5558
D/SimpleDynamoProvider(16798): Server singleKeyQuery sending to Originator :: Values set in operation are Key : gKZWloG6GCLgkDtmkydZLFFTD3mCDmbC, value: 0Bbba2pv3lVDINg7DpivFTjCcNz4QxyS, CurrentNode/Originator : 5556, Type : singleKeyQueryValue, Succ : 5556
D/SimpleDynamoProvider(16798): Client sending to Succ Server :: Values set in operation are Key : gKZWloG6GCLgkDtmkydZLFFTD3mCDmbC, value: 0Bbba2pv3lVDINg7DpivFTjCcNz4QxyS, CurrentNode/Originator : 5556, Type : singleKeyQueryValue, Succ : 5556
D/SimpleDynamoProvider(16798): Client Remote port is 11112
E/memtrack(17616): Couldn't load memtrack module (No such file or directory)
E/android.os.Debug(17616): failed to load memtrack module: -2
D/SimpleDynamoProvider(16798): Server :: Values in operation are Key : zZXz4j95JssGHa7VPG9DlWrnQ3ySLDgr, value: 9Nxyq3DJLDmQsMfSTaZyQcZtfagK22Hp, CurrentNode/Originator : 5562, Type : replicate, Succ : 5562
D/SimpleDynamoProvider(16798): Server replicated values at currentNode 5558 key: zZXz4j95JssGHa7VPG9DlWrnQ3ySLDgr values: 9Nxyq3DJLDmQsMfSTaZyQcZtfagK22Hp
D/AndroidRuntime(17616): Calling main entry com.android.commands.content.Content
D/SimpleDynamoProvider(16798): Query selection : 9c5IWaKXwqorlB9gB2Cn2D2REp8gdq1o
D/SimpleDynamoProvider(16798): returnValueForKeyQuery() checking in Node CurrentNode: 5558 Key is : 9c5IWaKXwqorlB9gB2Cn2D2REp8gdq1o
D/SimpleDynamoProvider(16798): returnValueForKeyQuery() Not found in Node CurrentNode: 5558 Key is : 9c5IWaKXwqorlB9gB2Cn2D2REp8gdq1o
D/SimpleDynamoProvider(16798): Query() :: Not found key 9c5IWaKXwqorlB9gB2Cn2D2REp8gdq1o in Node : 5558 sending key to 5562
D/SimpleDynamoProvider(16798): Query() holding for value of key :9c5IWaKXwqorlB9gB2Cn2D2REp8gdq1o type : singleKeyQueryCurrent Value for mutex is : null
D/dalvikvm(16798): JIT unchain all for threadid=12
D/dalvikvm(16798): GC_FOR_ALLOC freed 524K, 17% free 2853K/3432K, paused 275ms, total 275ms
D/SimpleDynamoProvider(16798): Client sending to Succ Server :: Values set in operation are Key : 9c5IWaKXwqorlB9gB2Cn2D2REp8gdq1o, value: null, CurrentNode/Originator : 5558, Type : singleKeyQuery, Succ : 5562
D/SimpleDynamoProvider(16798): Client Remote port is 11124
D/SimpleDynamoProvider(16798): Server :: Values in operation are Key : XH1HAa3mjULUiAqoh6SxPOll6qHVlB5J, value: 9z1DxznkmEBzsC7eqrH3LCQmDr9wQhAg, CurrentNode/Originator : 5560, Type : replicate, Succ : 5560
D/SimpleDynamoProvider(16798): Server replicated values at currentNode 5558 key: XH1HAa3mjULUiAqoh6SxPOll6qHVlB5J values: 9z1DxznkmEBzsC7eqrH3LCQmDr9wQhAg
D/SimpleDynamoProvider(16798): Server :: Values in operation are Key : 9c5IWaKXwqorlB9gB2Cn2D2REp8gdq1o, value: 2pS2VC1SoazG5CS9Csicdi9TbPS22FRR, CurrentNode/Originator : 5558, Type : singleKeyQueryValue, Succ : 5558
D/SimpleDynamoProvider(16798): Server singleKeyQueryValue coming form 5562 Current Node is :5558 Value returned is :2pS2VC1SoazG5CS9Csicdi9TbPS22FRR for key :9c5IWaKXwqorlB9gB2Cn2D2REp8gdq1o
D/SimpleDynamoProvider(16798): Operation.getOriginator() : 5558
D/SimpleDynamoProvider(16798): Query() after hold got value : 2pS2VC1SoazG5CS9Csicdi9TbPS22FRR for Key : 9c5IWaKXwqorlB9gB2Cn2D2REp8gdq1o Responded by null
D/SimpleDynamoProvider(16798): Query() Value for mutexQuery null key : 9c5IWaKXwqorlB9gB2Cn2D2REp8gdq1o
D/AndroidRuntime(17616): Shutting down VM
D/dalvikvm(17616): Debugger has detached; object registry had 1 entries
D/SimpleDynamoProvider(16798): Server :: Values in operation are Key : PNTeameZA8m8Tz1n9GQflProliN1oa5y, value: 4peXVCVZ1zkfqzZPzV2t0iCfvWZWei4g, CurrentNode/Originator : 5560, Type : replicate, Succ : 5562
D/SimpleDynamoProvider(16798): Server replicated values at currentNode 5558 key: PNTeameZA8m8Tz1n9GQflProliN1oa5y values: 4peXVCVZ1zkfqzZPzV2t0iCfvWZWei4g
D/SimpleDynamoProvider(16798): Server :: Values in operation are Key : ky3gIhEWstCDUKG4yJv6V8Idpd7D8mKW, value: wHA4Bot46CYtaG2XvV2y0xEoLLh2AMTj, CurrentNode/Originator : 5560, Type : replicate, Succ : 5560
D/SimpleDynamoProvider(16798): Server replicated values at currentNode 5558 key: ky3gIhEWstCDUKG4yJv6V8Idpd7D8mKW values: wHA4Bot46CYtaG2XvV2y0xEoLLh2AMTj
D/SimpleDynamoProvider(16798): Server :: Values in operation are Key : 0f7034HW4EU536c7qO8WN1bblxbcXxDI, value: 5uvLeNmPxTd5iwVQhAoLx19JbpzoHTpi, CurrentNode/Originator : 5560, Type : replicate, Succ : 5562
D/SimpleDynamoProvider(16798): Server replicated values at currentNode 5558 key: 0f7034HW4EU536c7qO8WN1bblxbcXxDI values: 5uvLeNmPxTd5iwVQhAoLx19JbpzoHTpi
D/SimpleDynamoProvider(16798): Server :: Values in operation are Key : jOOm4tStfsHco5AdzXvahd1evO1PYfJk, value: SQXs38UqVPvVHNjXkCU2b1qF7peFod7w, CurrentNode/Originator : 5560, Type : replicate, Succ : 5562
D/SimpleDynamoProvider(16798): Server replicated values at currentNode 5558 key: jOOm4tStfsHco5AdzXvahd1evO1PYfJk values: SQXs38UqVPvVHNjXkCU2b1qF7peFod7w
D/SimpleDynamoProvider(16798): Server :: Values in operation are Key : YZimI9VCDZBrjFNufTmr7ZeoS9y5A3q9, value: StYaxgkOuHuDtg5cdbTuEG3xyTa59bXk, CurrentNode/Originator : 5560, Type : replicate, Succ : 5562
D/SimpleDynamoProvider(16798): Server replicated values at currentNode 5558 key: YZimI9VCDZBrjFNufTmr7ZeoS9y5A3q9 values: StYaxgkOuHuDtg5cdbTuEG3xyTa59bXk
D/SimpleDynamoProvider(16798): Server :: Values in operation are Key : jBpk8IkxdACGFMgdvjpFG598baxiec9d, value: UV36U7HedauHbHZutMOVYFROuFxK7kqn, CurrentNode/Originator : 5560, Type : replicate, Succ : 5562
D/SimpleDynamoProvider(16798): Server replicated values at currentNode 5558 key: jBpk8IkxdACGFMgdvjpFG598baxiec9d values: UV36U7HedauHbHZutMOVYFROuFxK7kqn
D/AndroidRuntime(17630): 
D/AndroidRuntime(17630): >>>>>> AndroidRuntime START com.android.internal.os.RuntimeInit <<<<<<
D/AndroidRuntime(17630): CheckJNI is ON
D/dalvikvm(17630): Trying to load lib libjavacore.so 0x0
D/dalvikvm(17630): Added shared lib libjavacore.so 0x0
D/dalvikvm(17630): Trying to load lib libnativehelper.so 0x0
D/dalvikvm(17630): Added shared lib libnativehelper.so 0x0
D/dalvikvm(17630): No JNI_OnLoad found in libnativehelper.so 0x0, skipping init
D/dalvikvm(17630): Note: class Landroid/app/ActivityManagerNative; has 179 unimplemented (abstract) methods
E/memtrack(17630): Couldn't load memtrack module (No such file or directory)
E/android.os.Debug(17630): failed to load memtrack module: -2
D/AndroidRuntime(17630): Calling main entry com.android.commands.content.Content
D/SimpleDynamoProvider(16798): Query selection : @
D/SimpleDynamoProvider(16798): query() : originator calling LDump
D/SimpleDynamoProvider(16798): returnLDump() ::  noOfFiles :[Ljava.lang.String;@b4037cc0
D/SimpleDynamoProvider(16798): returnLDump() :: Key : 8fjqihdehZuyqtQsHPdpeVoGOXNGvxDX value : x6IB46EzFtkpR8DdOgIWceoxrYEWmiKQ
D/SimpleDynamoProvider(16798): returnLDump() :: Key : hFnyZosie4xE3q2X5bppVPgNGOOe8jeW value : rXxjyoTpxYALKMKuPbTRGuCJZCdftqKh
D/SimpleDynamoProvider(16798): returnLDump() :: Key : xoMKuzVCl9t7ANOPDgijiWGkIjeJLuIC value : af2voUuW42201oacLNN7e4RhpSD2blwZ
D/SimpleDynamoProvider(16798): returnLDump() :: Key : oIuiQmzPnnEbyNaEjKd9E5nZfg0gmspc value : TI9BYE2FSbx4aNg4Uf80V4hVUgwYZe9C
D/dalvikvm(16798): GC_FOR_ALLOC freed 309K, 17% free 2869K/3432K, paused 4ms, total 5ms
D/SimpleDynamoProvider(16798): returnLDump() :: Key : i0RDzrQ55WMtRxTVsGSlJC641gM9F2ln value : FRN2m5UPS45aIEmSdEfZXm0TUTo4GKWR
D/SimpleDynamoProvider(16798): returnLDump() :: Key : q4bwKqnwZl8wzmY59r6p7ISyXJZcfceI value : 8aI0zP3LureHPIOv1n9whhZZlIsSqeeA
D/SimpleDynamoProvider(16798): returnLDump() :: Key : GEvKh7kIlMbZUFrRgbrhtB9ySCT5ErUe value : cVe9nhiuVP0l8qKoiLuZDWumb5R8mByO
D/SimpleDynamoProvider(16798): returnLDump() :: Key : 880rKZXxGCC9uJH60oUUylCnn49tbt1k value : TnjDsLHqJXdNnyxixzdGey2SfuiPTI1O
D/SimpleDynamoProvider(16798): returnLDump() :: Key : 5XSSj6ClGWSkL3RxjYXjXrUEnv3C5N7p value : xULjlgbQK3hyrwTEUUobifj1EPCLLBTi
D/SimpleDynamoProvider(16798): returnLDump() :: Key : TIVATjG1jVi7Syedoxh1uYQzNDgnk0A5 value : 4Rs2N9OTPSN5G9diu71ZJr5MEdArRz23
D/SimpleDynamoProvider(16798): returnLDump() :: Key : AtefPYdktMKMNvdMWssNzA0p69pDns4P value : TO822tYQhoq90CZNwbyE60r3QnSB2L5g
D/SimpleDynamoProvider(16798): returnLDump() :: Key : JkyAOxFBia2tnlYA5oOMPKdy4GQhoho6 value : aMPAn9J8l7Pmh0AkvGSte7MsYb3Dof4L
D/SimpleDynamoProvider(16798): returnLDump() :: Key : byJxSRWVSgxHljFMAKM5mwH1ysvU1zv4 value : 2wfkatwgOiR6iLkB0XLsKm3lYc4o54l0
D/SimpleDynamoProvider(16798): returnLDump() :: Key : zYbx4vMeTwHZWUFVulBeTZv87dwcJxxK value : 6QxZYAbBZGE6ufMvnT5caioTTB89xeQW
