D/SimpleDynamoProvider(17909): returnValueForKeyQuery() checking in Node CurrentNode: 5560 Key is : VgecBbY5X1HcM1CmF3dJ47SYSgtMvLx2
D/SimpleDynamoProvider(17909): returnValueForKeyQuery() Not found in Node CurrentNode: 5560 Key is : VgecBbY5X1HcM1CmF3dJ47SYSgtMvLx2
D/SimpleDynamoProvider(17909): Query() :: Not found key VgecBbY5X1HcM1CmF3dJ47SYSgtMvLx2 in Node : 5560 sending key to 5562
D/SimpleDynamoProvider(17909): Query() holding for value of key :VgecBbY5X1HcM1CmF3dJ47SYSgtMvLx2 type : singleKeyQueryCurrent Value for mutex is : null
D/SimpleDynamoProvider(17909): Client sending to Succ Server :: Values set in operation are Key : VgecBbY5X1HcM1CmF3dJ47SYSgtMvLx2, value: null, CurrentNode/Originator : 5560, Type : singleKeyQuery, Succ : 5562
D/SimpleDynamoProvider(17909): Client Remote port is 11124
D/SimpleDynamoProvider(17909): Server :: Values in operation are Key : VgecBbY5X1HcM1CmF3dJ47SYSgtMvLx2, value: FJDCeDspg4THHX67i4Ro4tnIi5Px6rtw, CurrentNode/Originator : 5560, Type : singleKeyQueryValue, Succ : 5560
D/SimpleDynamoProvider(17909): Server singleKeyQueryValue coming form 5562 Current Node is :5560 Value returned is :FJDCeDspg4THHX67i4Ro4tnIi5Px6rtw for key :VgecBbY5X1HcM1CmF3dJ47SYSgtMvLx2
D/SimpleDynamoProvider(17909): Operation.getOriginator() : 5560
D/SimpleDynamoProvider(17909): Query() after hold got value : FJDCeDspg4THHX67i4Ro4tnIi5Px6rtw for Key : VgecBbY5X1HcM1CmF3dJ47SYSgtMvLx2 Responded by null
D/SimpleDynamoProvider(17909): Query() Value for mutexQuery null key : VgecBbY5X1HcM1CmF3dJ47SYSgtMvLx2
D/AndroidRuntime(18075): Shutting down VM
D/jdwp    (18075): Got wake-up signal, bailing out of select
D/dalvikvm(18075): Debugger has detached; object registry had 1 entries
D/AndroidRuntime(18086): 
D/AndroidRuntime(18086): >>>>>> AndroidRuntime START com.android.internal.os.RuntimeInit <<<<<<
D/AndroidRuntime(18086): CheckJNI is ON
D/dalvikvm(18086): Trying to load lib libjavacore.so 0x0
D/dalvikvm(18086): Added shared lib libjavacore.so 0x0
D/dalvikvm(18086): Trying to load lib libnativehelper.so 0x0
D/dalvikvm(18086): Added shared lib libnativehelper.so 0x0
D/dalvikvm(18086): No JNI_OnLoad found in libnativehelper.so 0x0, skipping init
D/dalvikvm(18086): Note: class Landroid/app/ActivityManagerNative; has 179 unimplemented (abstract) methods
E/memtrack(18086): Couldn't load memtrack module (No such file or directory)
E/android.os.Debug(18086): failed to load memtrack module: -2
D/AndroidRuntime(18086): Calling main entry com.android.commands.content.Content
D/SimpleDynamoProvider(17909): Server :: Values in operation are Key : plGH9r2svpysPzC69KleRSSiMLPKXQT3, value: oJ67ZQgJkn46B4wwx2AmpKROlKJDQDnC, CurrentNode/Originator : 5556, Type : replicate, Succ : 5562
D/SimpleDynamoProvider(17909): Server replicated values at currentNode 5560 key: plGH9r2svpysPzC69KleRSSiMLPKXQT3 values: oJ67ZQgJkn46B4wwx2AmpKROlKJDQDnC
D/SimpleDynamoProvider(17909): Insert() :: Values set in operation are Key : v9myCnQERpdW7jkVKWSUVbPWclCzNtVf, value: Xj3QUn7ICcRjZwr6XPT4Q4MKjIuV7XnV, CurrentNode/Originator : 5560, Type : insert, Succ : 5562
D/SimpleDynamoProvider(17909): Insert() Client forward Insert node : 5558 from currentNode : 5560 Key : v9myCnQERpdW7jkVKWSUVbPWclCzNtVf Value :Xj3QUn7ICcRjZwr6XPT4Q4MKjIuV7XnV
D/SimpleDynamoProvider(17909): Insert() Replicating to succ's check succ port's, Key: v9myCnQERpdW7jkVKWSUVbPWclCzNtVfvalue: Xj3QUn7ICcRjZwr6XPT4Q4MKjIuV7XnV
D/SimpleDynamoProvider(17909): Replicate() Calling client currentNode 5560 Succ is :5560 key: v9myCnQERpdW7jkVKWSUVbPWclCzNtVf values: Xj3QUn7ICcRjZwr6XPT4Q4MKjIuV7XnV
D/SimpleDynamoProvider(17909): Client sending to Succ Server :: Values set in operation are Key : v9myCnQERpdW7jkVKWSUVbPWclCzNtVf, value: Xj3QUn7ICcRjZwr6XPT4Q4MKjIuV7XnV, CurrentNode/Originator : 5560, Type : replicate, Succ : 5560
D/SimpleDynamoProvider(17909): Client Remote port is 11116
D/SimpleDynamoProvider(17909): Replicate() Calling client currentNode 5560 Succ is :5562 key: v9myCnQERpdW7jkVKWSUVbPWclCzNtVf values: Xj3QUn7ICcRjZwr6XPT4Q4MKjIuV7XnV
D/SimpleDynamoProvider(17909): Client sending to Succ Server :: Values set in operation are Key : v9myCnQERpdW7jkVKWSUVbPWclCzNtVf, value: Xj3QUn7ICcRjZwr6XPT4Q4MKjIuV7XnV, CurrentNode/Originator : 5560, Type : replicate, Succ : 5562
D/SimpleDynamoProvider(17909): Client Remote port is 11120
D/AndroidRuntime(18086): Shutting down VM
D/jdwp    (18086): Got wake-up signal, bailing out of select
D/dalvikvm(18086): Debugger has detached; object registry had 1 entries
D/SimpleDynamoProvider(17909): Client sending to Succ Server :: Values set in operation are Key : v9myCnQERpdW7jkVKWSUVbPWclCzNtVf, value: Xj3QUn7ICcRjZwr6XPT4Q4MKjIuV7XnV, CurrentNode/Originator : 5560, Type : replicate, Succ : 5562
D/SimpleDynamoProvider(17909): Client Remote port is 11124
D/SimpleDynamoProvider(17909): Server :: Values in operation are Key : v9myCnQERpdW7jkVKWSUVbPWclCzNtVf, value: Xj3QUn7ICcRjZwr6XPT4Q4MKjIuV7XnV, CurrentNode/Originator : 5560, Type : replicate, Succ : 5562
D/SimpleDynamoProvider(17909): Server replicated values at currentNode 5560 key: v9myCnQERpdW7jkVKWSUVbPWclCzNtVf values: Xj3QUn7ICcRjZwr6XPT4Q4MKjIuV7XnV
D/SimpleDynamoProvider(17909): Server :: Values in operation are Key : wueW1lachlMTS1kH8wamCuUbyvCP2n6d, value: ScdWUs1RGBD10Piifx6thkdToE6MfIuE, CurrentNode/Originator : 5558, Type : replicate, Succ : 5562
D/SimpleDynamoProvider(17909): Server replicated values at currentNode 5560 key: wueW1lachlMTS1kH8wamCuUbyvCP2n6d values: ScdWUs1RGBD10Piifx6thkdToE6MfIuE
D/AndroidRuntime(18102): 
D/AndroidRuntime(18102): >>>>>> AndroidRuntime START com.android.internal.os.RuntimeInit <<<<<<
D/AndroidRuntime(18102): CheckJNI is ON
D/dalvikvm(18102): Trying to load lib libjavacore.so 0x0
D/dalvikvm(18102): Added shared lib libjavacore.so 0x0
D/dalvikvm(18102): Trying to load lib libnativehelper.so 0x0
D/dalvikvm(18102): Added shared lib libnativehelper.so 0x0
D/dalvikvm(18102): No JNI_OnLoad found in libnativehelper.so 0x0, skipping init
D/dalvikvm(18102): Note: class Landroid/app/ActivityManagerNative; has 179 unimplemented (abstract) methods
E/memtrack(18102): Couldn't load memtrack module (No such file or directory)
E/android.os.Debug(18102): failed to load memtrack module: -2
D/AndroidRuntime(18102): Calling main entry com.android.commands.content.Content
D/SimpleDynamoProvider(17909): Query selection : v9myCnQERpdW7jkVKWSUVbPWclCzNtVf
D/SimpleDynamoProvider(17909): returnValueForKeyQuery() checking in Node CurrentNode: 5560 Key is : v9myCnQERpdW7jkVKWSUVbPWclCzNtVf
D/SimpleDynamoProvider(17909): returnValueForKeyQuery() :: found key v9myCnQERpdW7jkVKWSUVbPWclCzNtVf value is : Xj3QUn7ICcRjZwr6XPT4Q4MKjIuV7XnV in Node : 5560
D/SimpleDynamoProvider(17909): Query() :: found key v9myCnQERpdW7jkVKWSUVbPWclCzNtVf in Node : 5560 mutexQuery : null
D/AndroidRuntime(18102): Shutting down VM
D/dalvikvm(18102): Debugger has detached; object registry had 1 entries
D/AndroidRuntime(18112): 
D/AndroidRuntime(18112): >>>>>> AndroidRuntime START com.android.internal.os.RuntimeInit <<<<<<
D/AndroidRuntime(18112): CheckJNI is ON
D/dalvikvm(18112): Trying to load lib libjavacore.so 0x0
D/dalvikvm(18112): Added shared lib libjavacore.so 0x0
D/dalvikvm(18112): Trying to load lib libnativehelper.so 0x0
D/dalvikvm(18112): Added shared lib libnativehelper.so 0x0
D/dalvikvm(18112): No JNI_OnLoad found in libnativehelper.so 0x0, skipping init
D/dalvikvm(18112): Note: class Landroid/app/ActivityManagerNative; has 179 unimplemented (abstract) methods
E/memtrack(18112): Couldn't load memtrack module (No such file or directory)
E/android.os.Debug(18112): failed to load memtrack module: -2
D/AndroidRuntime(18112): Calling main entry com.android.commands.content.Content
D/SimpleDynamoProvider(17909): Insert() :: Values set in operation are Key : poudg9wN6P5r8F886WsyH4OBLyjdMSrh, value: WFe5pAwZ4pRbjb4BeHvaZYLJpzRxsNVC, CurrentNode/Originator : 5560, Type : insert, Succ : 5562
D/dalvikvm(17909): GC_FOR_ALLOC freed 525K, 18% free 2839K/3424K, paused 5ms, total 5ms
D/SimpleDynamoProvider(17909): Insert() Client forward Insert node : 5562 from currentNode : 5560 Key : poudg9wN6P5r8F886WsyH4OBLyjdMSrh Value :WFe5pAwZ4pRbjb4BeHvaZYLJpzRxsNVC
D/SimpleDynamoProvider(17909): Insert() Replicating to succ's check succ port's, Key: poudg9wN6P5r8F886WsyH4OBLyjdMSrhvalue: WFe5pAwZ4pRbjb4BeHvaZYLJpzRxsNVC
D/SimpleDynamoProvider(17909): Replicate() Calling client currentNode 5560 Succ is :5556 key: poudg9wN6P5r8F886WsyH4OBLyjdMSrh values: WFe5pAwZ4pRbjb4BeHvaZYLJpzRxsNVC
D/SimpleDynamoProvider(17909): Client sending to Succ Server :: Values set in operation are Key : poudg9wN6P5r8F886WsyH4OBLyjdMSrh, value: WFe5pAwZ4pRbjb4BeHvaZYLJpzRxsNVC, CurrentNode/Originator : 5560, Type : replicate, Succ : 5556
D/SimpleDynamoProvider(17909): Client Remote port is 11124
D/SimpleDynamoProvider(17909): Replicate() Calling client currentNode 5560 Succ is :5554 key: poudg9wN6P5r8F886WsyH4OBLyjdMSrh values: WFe5pAwZ4pRbjb4BeHvaZYLJpzRxsNVC
D/SimpleDynamoProvider(17909): Client sending to Succ Server :: Values set in operation are Key : poudg9wN6P5r8F886WsyH4OBLyjdMSrh, value: WFe5pAwZ4pRbjb4BeHvaZYLJpzRxsNVC, CurrentNode/Originator : 5560, Type : replicate, Succ : 5554
D/SimpleDynamoProvider(17909): Client Remote port is 11112
D/AndroidRuntime(18112): Shutting down VM
D/jdwp    (18112): Got wake-up signal, bailing out of select
D/dalvikvm(18112): Debugger has detached; object registry had 1 entries
D/SimpleDynamoProvider(17909): Client sending to Succ Server :: Values set in operation are Key : poudg9wN6P5r8F886WsyH4OBLyjdMSrh, value: WFe5pAwZ4pRbjb4BeHvaZYLJpzRxsNVC, CurrentNode/Originator : 5560, Type : replicate, Succ : 5554
D/SimpleDynamoProvider(17909): Client Remote port is 11108
D/AndroidRuntime(18128): 
D/AndroidRuntime(18128): >>>>>> AndroidRuntime START com.android.internal.os.RuntimeInit <<<<<<
D/AndroidRuntime(18128): CheckJNI is ON
D/dalvikvm(18128): Trying to load lib libjavacore.so 0x0
D/dalvikvm(18128): Added shared lib libjavacore.so 0x0
D/dalvikvm(18128): Trying to load lib libnativehelper.so 0x0
D/dalvikvm(18128): Added shared lib libnativehelper.so 0x0
D/dalvikvm(18128): No JNI_OnLoad found in libnativehelper.so 0x0, skipping init
D/dalvikvm(18128): Note: class Landroid/app/ActivityManagerNative; has 179 unimplemented (abstract) methods
E/memtrack(18128): Couldn't load memtrack module (No such file or directory)
E/android.os.Debug(18128): failed to load memtrack module: -2
D/AndroidRuntime(18128): Calling main entry com.android.commands.content.Content
D/SimpleDynamoProvider(17909): Query selection : poudg9wN6P5r8F886WsyH4OBLyjdMSrh
D/SimpleDynamoProvider(17909): returnValueForKeyQuery() checking in Node CurrentNode: 5560 Key is : poudg9wN6P5r8F886WsyH4OBLyjdMSrh
D/SimpleDynamoProvider(17909): returnValueForKeyQuery() Not found in Node CurrentNode: 5560 Key is : poudg9wN6P5r8F886WsyH4OBLyjdMSrh
D/SimpleDynamoProvider(17909): Query() :: Not found key poudg9wN6P5r8F886WsyH4OBLyjdMSrh in Node : 5560 sending key to 5562
D/SimpleDynamoProvider(17909): Query() holding for value of key :poudg9wN6P5r8F886WsyH4OBLyjdMSrh type : singleKeyQueryCurrent Value for mutex is : null
D/SimpleDynamoProvider(17909): Client sending to Succ Server :: Values set in operation are Key : poudg9wN6P5r8F886WsyH4OBLyjdMSrh, value: null, CurrentNode/Originator : 5560, Type : singleKeyQuery, Succ : 5562
D/SimpleDynamoProvider(17909): Client Remote port is 11124
D/SimpleDynamoProvider(17909): Server :: Values in operation are Key : lKDUvipQ4Y3fdBrEcuYW45OnWDTO0shg, value: MMmxtnZD56gWW72YaaGdK940GZFrKPLz, CurrentNode/Originator : 5562, Type : replicate, Succ : 5560
D/SimpleDynamoProvider(17909): Server replicated values at currentNode 5560 key: lKDUvipQ4Y3fdBrEcuYW45OnWDTO0shg values: MMmxtnZD56gWW72YaaGdK940GZFrKPLz
D/SimpleDynamoProvider(17909): Server :: Values in operation are Key : poudg9wN6P5r8F886WsyH4OBLyjdMSrh, value: WFe5pAwZ4pRbjb4BeHvaZYLJpzRxsNVC, CurrentNode/Originator : 5560, Type : singleKeyQueryValue, Succ : 5560
D/SimpleDynamoProvider(17909): Server singleKeyQueryValue coming form 5562 Current Node is :5560 Value returned is :WFe5pAwZ4pRbjb4BeHvaZYLJpzRxsNVC for key :poudg9wN6P5r8F886WsyH4OBLyjdMSrh
D/SimpleDynamoProvider(17909): Operation.getOriginator() : 5560
D/SimpleDynamoProvider(17909): Query() after hold got value : WFe5pAwZ4pRbjb4BeHvaZYLJpzRxsNVC for Key : poudg9wN6P5r8F886WsyH4OBLyjdMSrh Responded by null
D/SimpleDynamoProvider(17909): Query() Value for mutexQuery null key : poudg9wN6P5r8F886WsyH4OBLyjdMSrh
D/AndroidRuntime(18128): Shutting down VM
D/jdwp    (18128): Got wake-up signal, bailing out of select
D/dalvikvm(18128): Debugger has detached; object registry had 1 entries
D/AndroidRuntime(18139): 
D/AndroidRuntime(18139): >>>>>> AndroidRuntime START com.android.internal.os.RuntimeInit <<<<<<
D/AndroidRuntime(18139): CheckJNI is ON
D/dalvikvm(18139): Trying to load lib libjavacore.so 0x0
D/dalvikvm(18139): Added shared lib libjavacore.so 0x0
D/dalvikvm(18139): Trying to load lib libnativehelper.so 0x0
D/dalvikvm(18139): Added shared lib libnativehelper.so 0x0
D/dalvikvm(18139): No JNI_OnLoad found in libnativehelper.so 0x0, skipping init
D/dalvikvm(18139): Note: class Landroid/app/ActivityManagerNative; has 179 unimplemented (abstract) methods
E/memtrack(18139): Couldn't load memtrack module (No such file or directory)
E/android.os.Debug(18139): failed to load memtrack module: -2
D/AndroidRuntime(18139): Calling main entry com.android.commands.content.Content
D/SimpleDynamoProvider(17909): Insert() :: Values set in operation are Key : mYU8sgz0tRZQb5N97PyInuWaF08PihxS, value: 4aB4rHZSD2Na4h3WLRXXDf2doON0rcf6, CurrentNode/Originator : 5560, Type : insert, Succ : 5562
D/SimpleDynamoProvider(17909): Insert() Client forward Insert node : 5558 from currentNode : 5560 Key : mYU8sgz0tRZQb5N97PyInuWaF08PihxS Value :4aB4rHZSD2Na4h3WLRXXDf2doON0rcf6
D/SimpleDynamoProvider(17909): Insert() Replicating to succ's check succ port's, Key: mYU8sgz0tRZQb5N97PyInuWaF08PihxSvalue: 4aB4rHZSD2Na4h3WLRXXDf2doON0rcf6
D/SimpleDynamoProvider(17909): Replicate() Calling client currentNode 5560 Succ is :5560 key: mYU8sgz0tRZQb5N97PyInuWaF08PihxS values: 4aB4rHZSD2Na4h3WLRXXDf2doON0rcf6
D/SimpleDynamoProvider(17909): Replicate() Calling client currentNode 5560 Succ is :5562 key: mYU8sgz0tRZQb5N97PyInuWaF08PihxS values: 4aB4rHZSD2Na4h3WLRXXDf2doON0rcf6
D/AndroidRuntime(18139): Shutting down VM
D/jdwp    (18139): Got wake-up signal, bailing out of select
D/dalvikvm(18139): Debugger has detached; object registry had 1 entries
D/SimpleDynamoProvider(17909): Client sending to Succ Server :: Values set in operation are Key : mYU8sgz0tRZQb5N97PyInuWaF08PihxS, value: 4aB4rHZSD2Na4h3WLRXXDf2doON0rcf6, CurrentNode/Originator : 5560, Type : replicate, Succ : 5562
D/SimpleDynamoProvider(17909): Client Remote port is 11124
D/SimpleDynamoProvider(17909): Client sending to Succ Server :: Values set in operation are Key : mYU8sgz0tRZQb5N97PyInuWaF08PihxS, value: 4aB4rHZSD2Na4h3WLRXXDf2doON0rcf6, CurrentNode/Originator : 5560, Type : replicate, Succ : 5562
D/SimpleDynamoProvider(17909): Client Remote port is 11120
D/SimpleDynamoProvider(17909): Client sending to Succ Server :: Values set in operation are Key : mYU8sgz0tRZQb5N97PyInuWaF08PihxS, value: 4aB4rHZSD2Na4h3WLRXXDf2doON0rcf6, CurrentNode/Originator : 5560, Type : replicate, Succ : 5562
D/SimpleDynamoProvider(17909): Client Remote port is 11116
D/SimpleDynamoProvider(17909): Server :: Values in operation are Key : gKZWloG6GCLgkDtmkydZLFFTD3mCDmbC, value: 0Bbba2pv3lVDINg7DpivFTjCcNz4QxyS, CurrentNode/Originator : 5556, Type : replicate, Succ : 5562
D/SimpleDynamoProvider(17909): Server replicated values at currentNode 5560 key: gKZWloG6GCLgkDtmkydZLFFTD3mCDmbC values: 0Bbba2pv3lVDINg7DpivFTjCcNz4QxyS
D/SimpleDynamoProvider(17909): Server :: Values in operation are Key : mYU8sgz0tRZQb5N97PyInuWaF08PihxS, value: 4aB4rHZSD2Na4h3WLRXXDf2doON0rcf6, CurrentNode/Originator : 5560, Type : replicate, Succ : 5562
D/SimpleDynamoProvider(17909): Server replicated values at currentNode 5560 key: mYU8sgz0tRZQb5N97PyInuWaF08PihxS values: 4aB4rHZSD2Na4h3WLRXXDf2doON0rcf6
D/AndroidRuntime(18155): 
D/AndroidRuntime(18155): >>>>>> AndroidRuntime START com.android.internal.os.RuntimeInit <<<<<<
D/AndroidRuntime(18155): CheckJNI is ON
D/dalvikvm(18155): Trying to load lib libjavacore.so 0x0
D/dalvikvm(18155): Added shared lib libjavacore.so 0x0
D/dalvikvm(18155): Trying to load lib libnativehelper.so 0x0
D/dalvikvm(18155): Added shared lib libnativehelper.so 0x0
D/dalvikvm(18155): No JNI_OnLoad found in libnativehelper.so 0x0, skipping init
D/dalvikvm(18155): Note: class Landroid/app/ActivityManagerNative; has 179 unimplemented (abstract) methods
E/memtrack(18155): Couldn't load memtrack module (No such file or directory)
E/android.os.Debug(18155): failed to load memtrack module: -2
D/AndroidRuntime(18155): Calling main entry com.android.commands.content.Content
D/SimpleDynamoProvider(17909): Query selection : mYU8sgz0tRZQb5N97PyInuWaF08PihxS
D/SimpleDynamoProvider(17909): returnValueForKeyQuery() checking in Node CurrentNode: 5560 Key is : mYU8sgz0tRZQb5N97PyInuWaF08PihxS
D/SimpleDynamoProvider(17909): returnValueForKeyQuery() :: found key mYU8sgz0tRZQb5N97PyInuWaF08PihxS value is : 4aB4rHZSD2Na4h3WLRXXDf2doON0rcf6 in Node : 5560
D/SimpleDynamoProvider(17909): Query() :: found key mYU8sgz0tRZQb5N97PyInuWaF08PihxS in Node : 5560 mutexQuery : null
D/AndroidRuntime(18155): Shutting down VM
D/dalvikvm(18155): Debugger has detached; object registry had 1 entries
D/SimpleDynamoProvider(17909): Server :: Values in operation are Key : zZXz4j95JssGHa7VPG9DlWrnQ3ySLDgr, value: 9Nxyq3DJLDmQsMfSTaZyQcZtfagK22Hp, CurrentNode/Originator : 5562, Type : replicate, Succ : 5562
D/AndroidRuntime(18165): 
D/AndroidRuntime(18165): >>>>>> AndroidRuntime START com.android.internal.os.RuntimeInit <<<<<<
D/AndroidRuntime(18165): CheckJNI is ON
D/dalvikvm(18165): Trying to load lib libjavacore.so 0x0
D/dalvikvm(18165): Added shared lib libjavacore.so 0x0
D/SimpleDynamoProvider(17909): Server replicated values at currentNode 5560 key: zZXz4j95JssGHa7VPG9DlWrnQ3ySLDgr values: 9Nxyq3DJLDmQsMfSTaZyQcZtfagK22Hp
D/dalvikvm(18165): Trying to load lib libnativehelper.so 0x0
D/dalvikvm(18165): Added shared lib libnativehelper.so 0x0
D/dalvikvm(18165): No JNI_OnLoad found in libnativehelper.so 0x0, skipping init
D/dalvikvm(18165): Note: class Landroid/app/ActivityManagerNative; has 179 unimplemented (abstract) methods
E/memtrack(18165): Couldn't load memtrack module (No such file or directory)
E/android.os.Debug(18165): failed to load memtrack module: -2
D/AndroidRuntime(18165): Calling main entry com.android.commands.content.Content
D/dalvikvm(17909): GC_FOR_ALLOC freed 513K, 18% free 2837K/3424K, paused 4ms, total 4ms
D/SimpleDynamoProvider(17909): Insert() :: Values set in operation are Key : XH1HAa3mjULUiAqoh6SxPOll6qHVlB5J, value: 9z1DxznkmEBzsC7eqrH3LCQmDr9wQhAg, CurrentNode/Originator : 5560, Type : insert, Succ : 5562
D/SimpleDynamoProvider(17909): Insert() Client forward Insert node : 5554 from currentNode : 5560 Key : XH1HAa3mjULUiAqoh6SxPOll6qHVlB5J Value :9z1DxznkmEBzsC7eqrH3LCQmDr9wQhAg
D/SimpleDynamoProvider(17909): Insert() Replicating to succ's check succ port's, Key: XH1HAa3mjULUiAqoh6SxPOll6qHVlB5Jvalue: 9z1DxznkmEBzsC7eqrH3LCQmDr9wQhAg
D/SimpleDynamoProvider(17909): Replicate() Calling client currentNode 5560 Succ is :5558 key: XH1HAa3mjULUiAqoh6SxPOll6qHVlB5J values: 9z1DxznkmEBzsC7eqrH3LCQmDr9wQhAg
D/SimpleDynamoProvider(17909): Client sending to Succ Server :: Values set in operation are Key : XH1HAa3mjULUiAqoh6SxPOll6qHVlB5J, value: 9z1DxznkmEBzsC7eqrH3LCQmDr9wQhAg, CurrentNode/Originator : 5560, Type : replicate, Succ : 5558
D/SimpleDynamoProvider(17909): Client Remote port is 11108
D/SimpleDynamoProvider(17909): Replicate() Calling client currentNode 5560 Succ is :5560 key: XH1HAa3mjULUiAqoh6SxPOll6qHVlB5J values: 9z1DxznkmEBzsC7eqrH3LCQmDr9wQhAg
D/AndroidRuntime(18165): Shutting down VM
D/jdwp    (18165): Got wake-up signal, bailing out of select
D/dalvikvm(18165): Debugger has detached; object registry had 1 entries
D/SimpleDynamoProvider(17909): Client sending to Succ Server :: Values set in operation are Key : XH1HAa3mjULUiAqoh6SxPOll6qHVlB5J, value: 9z1DxznkmEBzsC7eqrH3LCQmDr9wQhAg, CurrentNode/Originator : 5560, Type : replicate, Succ : 5560
D/SimpleDynamoProvider(17909): Client Remote port is 11120
D/SimpleDynamoProvider(17909): Client sending to Succ Server :: Values set in operation are Key : XH1HAa3mjULUiAqoh6SxPOll6qHVlB5J, value: 9z1DxznkmEBzsC7eqrH3LCQmDr9wQhAg, CurrentNode/Originator : 5560, Type : replicate, Succ : 5560
D/SimpleDynamoProvider(17909): Client Remote port is 11116
D/SimpleDynamoProvider(17909): Server :: Values in operation are Key : XH1HAa3mjULUiAqoh6SxPOll6qHVlB5J, value: 9z1DxznkmEBzsC7eqrH3LCQmDr9wQhAg, CurrentNode/Originator : 5560, Type : replicate, Succ : 5560
D/SimpleDynamoProvider(17909): Server replicated values at currentNode 5560 key: XH1HAa3mjULUiAqoh6SxPOll6qHVlB5J values: 9z1DxznkmEBzsC7eqrH3LCQmDr9wQhAg
D/AndroidRuntime(18181): 
D/AndroidRuntime(18181): >>>>>> AndroidRuntime START com.android.internal.os.RuntimeInit <<<<<<
D/AndroidRuntime(18181): CheckJNI is ON
D/dalvikvm(18181): Trying to load lib libjavacore.so 0x0
D/dalvikvm(18181): Added shared lib libjavacore.so 0x0
D/dalvikvm(18181): Trying to load lib libnativehelper.so 0x0
D/dalvikvm(18181): Added shared lib libnativehelper.so 0x0
D/dalvikvm(18181): No JNI_OnLoad found in libnativehelper.so 0x0, skipping init
D/dalvikvm(18181): Note: class Landroid/app/ActivityManagerNative; has 179 unimplemented (abstract) methods
E/memtrack(18181): Couldn't load memtrack module (No such file or directory)
E/android.os.Debug(18181): failed to load memtrack module: -2
D/AndroidRuntime(18181): Calling main entry com.android.commands.content.Content
D/SimpleDynamoProvider(17909): Query selection : XH1HAa3mjULUiAqoh6SxPOll6qHVlB5J
D/SimpleDynamoProvider(17909): returnValueForKeyQuery() checking in Node CurrentNode: 5560 Key is : XH1HAa3mjULUiAqoh6SxPOll6qHVlB5J
D/SimpleDynamoProvider(17909): returnValueForKeyQuery() :: found key XH1HAa3mjULUiAqoh6SxPOll6qHVlB5J value is : 9z1DxznkmEBzsC7eqrH3LCQmDr9wQhAg in Node : 5560
D/SimpleDynamoProvider(17909): Query() :: found key XH1HAa3mjULUiAqoh6SxPOll6qHVlB5J in Node : 5560 mutexQuery : null
D/AndroidRuntime(18181): Shutting down VM
D/dalvikvm(18181): Debugger has detached; object registry had 1 entries
D/AndroidRuntime(18191): 
D/AndroidRuntime(18191): >>>>>> AndroidRuntime START com.android.internal.os.RuntimeInit <<<<<<
D/AndroidRuntime(18191): CheckJNI is ON
D/dalvikvm(18191): Trying to load lib libjavacore.so 0x0
D/dalvikvm(18191): Added shared lib libjavacore.so 0x0
D/dalvikvm(18191): Trying to load lib libnativehelper.so 0x0
D/dalvikvm(18191): Added shared lib libnativehelper.so 0x0
D/dalvikvm(18191): No JNI_OnLoad found in libnativehelper.so 0x0, skipping init
D/dalvikvm(18191): Note: class Landroid/app/ActivityManagerNative; has 179 unimplemented (abstract) methods
E/memtrack(18191): Couldn't load memtrack module (No such file or directory)
E/android.os.Debug(18191): failed to load memtrack module: -2
D/AndroidRuntime(18191): Calling main entry com.android.commands.content.Content
D/SimpleDynamoProvider(17909): Insert() :: Values set in operation are Key : V8j4Ygqe65E9BliGXBEtl3E3U0PmP8vl, value: P5d5MaKKmVBknH3RfYFcJ9IyO07aOdTX, CurrentNode/Originator : 5560, Type : insert, Succ : 5562
D/SimpleDynamoProvider(17909): Insert() Client forward Insert node : 5562 from currentNode : 5560 Key : V8j4Ygqe65E9BliGXBEtl3E3U0PmP8vl Value :P5d5MaKKmVBknH3RfYFcJ9IyO07aOdTX
D/SimpleDynamoProvider(17909): Insert() Replicating to succ's check succ port's, Key: V8j4Ygqe65E9BliGXBEtl3E3U0PmP8vlvalue: P5d5MaKKmVBknH3RfYFcJ9IyO07aOdTX
D/SimpleDynamoProvider(17909): Replicate() Calling client currentNode 5560 Succ is :5556 key: V8j4Ygqe65E9BliGXBEtl3E3U0PmP8vl values: P5d5MaKKmVBknH3RfYFcJ9IyO07aOdTX
D/SimpleDynamoProvider(17909): Client sending to Succ Server :: Values set in operation are Key : V8j4Ygqe65E9BliGXBEtl3E3U0PmP8vl, value: P5d5MaKKmVBknH3RfYFcJ9IyO07aOdTX, CurrentNode/Originator : 5560, Type : replicate, Succ : 5556
D/SimpleDynamoProvider(17909): Client Remote port is 11124
D/SimpleDynamoProvider(17909): Replicate() Calling client currentNode 5560 Succ is :5554 key: V8j4Ygqe65E9BliGXBEtl3E3U0PmP8vl values: P5d5MaKKmVBknH3RfYFcJ9IyO07aOdTX
D/SimpleDynamoProvider(17909): Client sending to Succ Server :: Values set in operation are Key : V8j4Ygqe65E9BliGXBEtl3E3U0PmP8vl, value: P5d5MaKKmVBknH3RfYFcJ9IyO07aOdTX, CurrentNode/Originator : 5560, Type : replicate, Succ : 5554
D/SimpleDynamoProvider(17909): Client Remote port is 11112
D/AndroidRuntime(18191): Shutting down VM
D/dalvikvm(18191): Debugger has detached; object registry had 1 entries
D/SimpleDynamoProvider(17909): Client sending to Succ Server :: Values set in operation are Key : V8j4Ygqe65E9BliGXBEtl3E3U0PmP8vl, value: P5d5MaKKmVBknH3RfYFcJ9IyO07aOdTX, CurrentNode/Originator : 5560, Type : replicate, Succ : 5554
D/SimpleDynamoProvider(17909): Client Remote port is 11108
D/AndroidRuntime(18207): 
D/AndroidRuntime(18207): >>>>>> AndroidRuntime START com.android.internal.os.RuntimeInit <<<<<<
D/AndroidRuntime(18207): CheckJNI is ON
D/dalvikvm(18207): Trying to load lib libjavacore.so 0x0
D/dalvikvm(18207): Added shared lib libjavacore.so 0x0
D/dalvikvm(18207): Trying to load lib libnativehelper.so 0x0
D/dalvikvm(18207): Added shared lib libnativehelper.so 0x0
D/dalvikvm(18207): No JNI_OnLoad found in libnativehelper.so 0x0, skipping init
D/dalvikvm(18207): Note: class Landroid/app/ActivityManagerNative; has 179 unimplemented (abstract) methods
E/memtrack(18207): Couldn't load memtrack module (No such file or directory)
E/android.os.Debug(18207): failed to load memtrack module: -2
D/AndroidRuntime(18207): Calling main entry com.android.commands.content.Content
D/SimpleDynamoProvider(17909): Query selection : V8j4Ygqe65E9BliGXBEtl3E3U0PmP8vl
D/SimpleDynamoProvider(17909): returnValueForKeyQuery() checking in Node CurrentNode: 5560 Key is : V8j4Ygqe65E9BliGXBEtl3E3U0PmP8vl
D/SimpleDynamoProvider(17909): returnValueForKeyQuery() Not found in Node CurrentNode: 5560 Key is : V8j4Ygqe65E9BliGXBEtl3E3U0PmP8vl
D/SimpleDynamoProvider(17909): Query() :: Not found key V8j4Ygqe65E9BliGXBEtl3E3U0PmP8vl in Node : 5560 sending key to 5562
D/SimpleDynamoProvider(17909): Query() holding for value of key :V8j4Ygqe65E9BliGXBEtl3E3U0PmP8vl type : singleKeyQueryCurrent Value for mutex is : null
D/SimpleDynamoProvider(17909): Client sending to Succ Server :: Values set in operation are Key : V8j4Ygqe65E9BliGXBEtl3E3U0PmP8vl, value: null, CurrentNode/Originator : 5560, Type : singleKeyQuery, Succ : 5562
D/SimpleDynamoProvider(17909): Client Remote port is 11124
D/SimpleDynamoProvider(17909): Server :: Values in operation are Key : V8j4Ygqe65E9BliGXBEtl3E3U0PmP8vl, value: P5d5MaKKmVBknH3RfYFcJ9IyO07aOdTX, CurrentNode/Originator : 5560, Type : singleKeyQueryValue, Succ : 5560
D/SimpleDynamoProvider(17909): Server singleKeyQueryValue coming form 5562 Current Node is :5560 Value returned is :P5d5MaKKmVBknH3RfYFcJ9IyO07aOdTX for key :V8j4Ygqe65E9BliGXBEtl3E3U0PmP8vl
D/SimpleDynamoProvider(17909): Operation.getOriginator() : 5560
D/SimpleDynamoProvider(17909): Query() after hold got value : P5d5MaKKmVBknH3RfYFcJ9IyO07aOdTX for Key : V8j4Ygqe65E9BliGXBEtl3E3U0PmP8vl Responded by null
D/SimpleDynamoProvider(17909): Query() Value for mutexQuery null key : V8j4Ygqe65E9BliGXBEtl3E3U0PmP8vl
D/AndroidRuntime(18207): Shutting down VM
D/jdwp    (18207): Got wake-up signal, bailing out of select
D/dalvikvm(18207): Debugger has detached; object registry had 1 entries
D/AndroidRuntime(18218): 
D/AndroidRuntime(18218): >>>>>> AndroidRuntime START com.android.internal.os.RuntimeInit <<<<<<
D/AndroidRuntime(18218): CheckJNI is ON
D/dalvikvm(18218): Trying to load lib libjavacore.so 0x0
D/dalvikvm(18218): Added shared lib libjavacore.so 0x0
D/dalvikvm(18218): Trying to load lib libnativehelper.so 0x0
D/dalvikvm(18218): Added shared lib libnativehelper.so 0x0
D/dalvikvm(18218): No JNI_OnLoad found in libnativehelper.so 0x0, skipping init
D/dalvikvm(18218): Note: class Landroid/app/ActivityManagerNative; has 179 unimplemented (abstract) methods
E/memtrack(18218): Couldn't load memtrack module (No such file or directory)
E/android.os.Debug(18218): failed to load memtrack module: -2
D/AndroidRuntime(18218): Calling main entry com.android.commands.content.Content
D/SimpleDynamoProvider(17909): Insert() :: Values set in operation are Key : H9P1t6cQrDp1D0mf0PpliMCETx8QGR8N, value: r6mIZc6mHtXZclCgxHlbRPbXSlofdEWD, CurrentNode/Originator : 5560, Type : insert, Succ : 5562
D/dalvikvm(17909): GC_FOR_ALLOC freed 511K, 18% free 2838K/3424K, paused 4ms, total 4ms
D/SimpleDynamoProvider(17909): Insert() Client forward Insert node : 5562 from currentNode : 5560 Key : H9P1t6cQrDp1D0mf0PpliMCETx8QGR8N Value :r6mIZc6mHtXZclCgxHlbRPbXSlofdEWD
D/SimpleDynamoProvider(17909): Insert() Replicating to succ's check succ port's, Key: H9P1t6cQrDp1D0mf0PpliMCETx8QGR8Nvalue: r6mIZc6mHtXZclCgxHlbRPbXSlofdEWD
D/SimpleDynamoProvider(17909): Replicate() Calling client currentNode 5560 Succ is :5556 key: H9P1t6cQrDp1D0mf0PpliMCETx8QGR8N values: r6mIZc6mHtXZclCgxHlbRPbXSlofdEWD
D/SimpleDynamoProvider(17909): Client sending to Succ Server :: Values set in operation are Key : H9P1t6cQrDp1D0mf0PpliMCETx8QGR8N, value: r6mIZc6mHtXZclCgxHlbRPbXSlofdEWD, CurrentNode/Originator : 5560, Type : replicate, Succ : 5556
D/SimpleDynamoProvider(17909): Client Remote port is 11124
D/SimpleDynamoProvider(17909): Replicate() Calling client currentNode 5560 Succ is :5554 key: H9P1t6cQrDp1D0mf0PpliMCETx8QGR8N values: r6mIZc6mHtXZclCgxHlbRPbXSlofdEWD
D/SimpleDynamoProvider(17909): Client sending to Succ Server :: Values set in operation are Key : H9P1t6cQrDp1D0mf0PpliMCETx8QGR8N, value: r6mIZc6mHtXZclCgxHlbRPbXSlofdEWD, CurrentNode/Originator : 5560, Type : replicate, Succ : 5554
D/SimpleDynamoProvider(17909): Client Remote port is 11112
D/AndroidRuntime(18218): Shutting down VM
D/jdwp    (18218): Got wake-up signal, bailing out of select
D/dalvikvm(18218): Debugger has detached; object registry had 1 entries
D/SimpleDynamoProvider(17909): Client sending to Succ Server :: Values set in operation are Key : H9P1t6cQrDp1D0mf0PpliMCETx8QGR8N, value: r6mIZc6mHtXZclCgxHlbRPbXSlofdEWD, CurrentNode/Originator : 5560, Type : replicate, Succ : 5554
D/SimpleDynamoProvider(17909): Client Remote port is 11108
D/AndroidRuntime(18234): 
D/AndroidRuntime(18234): >>>>>> AndroidRuntime START com.android.internal.os.RuntimeInit <<<<<<
D/AndroidRuntime(18234): CheckJNI is ON
D/dalvikvm(18234): Trying to load lib libjavacore.so 0x0
D/dalvikvm(18234): Added shared lib libjavacore.so 0x0
D/dalvikvm(18234): Trying to load lib libnativehelper.so 0x0
D/dalvikvm(18234): Added shared lib libnativehelper.so 0x0
D/dalvikvm(18234): No JNI_OnLoad found in libnativehelper.so 0x0, skipping init
D/dalvikvm(18234): Note: class Landroid/app/ActivityManagerNative; has 179 unimplemented (abstract) methods
E/memtrack(18234): Couldn't load memtrack module (No such file or directory)
E/android.os.Debug(18234): failed to load memtrack module: -2
D/AndroidRuntime(18234): Calling main entry com.android.commands.content.Content
D/SimpleDynamoProvider(17909): Query selection : H9P1t6cQrDp1D0mf0PpliMCETx8QGR8N
D/SimpleDynamoProvider(17909): returnValueForKeyQuery() checking in Node CurrentNode: 5560 Key is : H9P1t6cQrDp1D0mf0PpliMCETx8QGR8N
D/SimpleDynamoProvider(17909): returnValueForKeyQuery() Not found in Node CurrentNode: 5560 Key is : H9P1t6cQrDp1D0mf0PpliMCETx8QGR8N
D/SimpleDynamoProvider(17909): Query() :: Not found key H9P1t6cQrDp1D0mf0PpliMCETx8QGR8N in Node : 5560 sending key to 5562
D/SimpleDynamoProvider(17909): Query() holding for value of key :H9P1t6cQrDp1D0mf0PpliMCETx8QGR8N type : singleKeyQueryCurrent Value for mutex is : null
D/SimpleDynamoProvider(17909): Client sending to Succ Server :: Values set in operation are Key : H9P1t6cQrDp1D0mf0PpliMCETx8QGR8N, value: null, CurrentNode/Originator : 5560, Type : singleKeyQuery, Succ : 5562
D/SimpleDynamoProvider(17909): Client Remote port is 11124
D/SimpleDynamoProvider(17909): Server :: Values in operation are Key : H9P1t6cQrDp1D0mf0PpliMCETx8QGR8N, value: r6mIZc6mHtXZclCgxHlbRPbXSlofdEWD, CurrentNode/Originator : 5560, Type : singleKeyQueryValue, Succ : 5560
D/SimpleDynamoProvider(17909): Server singleKeyQueryValue coming form 5562 Current Node is :5560 Value returned is :r6mIZc6mHtXZclCgxHlbRPbXSlofdEWD for key :H9P1t6cQrDp1D0mf0PpliMCETx8QGR8N
D/SimpleDynamoProvider(17909): Operation.getOriginator() : 5560
D/SimpleDynamoProvider(17909): Query() after hold got value : r6mIZc6mHtXZclCgxHlbRPbXSlofdEWD for Key : H9P1t6cQrDp1D0mf0PpliMCETx8QGR8N Responded by null
D/SimpleDynamoProvider(17909): Query() Value for mutexQuery null key : H9P1t6cQrDp1D0mf0PpliMCETx8QGR8N
D/AndroidRuntime(18234): Shutting down VM
D/jdwp    (18234): Got wake-up signal, bailing out of select
D/dalvikvm(18234): Debugger has detached; object registry had 1 entries
D/AndroidRuntime(18245): 
D/AndroidRuntime(18245): >>>>>> AndroidRuntime START com.android.internal.os.RuntimeInit <<<<<<
D/AndroidRuntime(18245): CheckJNI is ON
D/dalvikvm(18245): Trying to load lib libjavacore.so 0x0
D/dalvikvm(18245): Added shared lib libjavacore.so 0x0
D/dalvikvm(18245): Trying to load lib libnativehelper.so 0x0
D/dalvikvm(18245): Added shared lib libnativehelper.so 0x0
D/dalvikvm(18245): No JNI_OnLoad found in libnativehelper.so 0x0, skipping init
D/dalvikvm(18245): Note: class Landroid/app/ActivityManagerNative; has 179 unimplemented (abstract) methods
E/memtrack(18245): Couldn't load memtrack module (No such file or directory)
E/android.os.Debug(18245): failed to load memtrack module: -2
D/AndroidRuntime(18245): Calling main entry com.android.commands.content.Content
D/SimpleDynamoProvider(17909): Insert() :: Values set in operation are Key : PNTeameZA8m8Tz1n9GQflProliN1oa5y, value: 4peXVCVZ1zkfqzZPzV2t0iCfvWZWei4g, CurrentNode/Originator : 5560, Type : insert, Succ : 5562
D/SimpleDynamoProvider(17909): Insert() Client forward Insert node : 5558 from currentNode : 5560 Key : PNTeameZA8m8Tz1n9GQflProliN1oa5y Value :4peXVCVZ1zkfqzZPzV2t0iCfvWZWei4g
D/SimpleDynamoProvider(17909): Insert() Replicating to succ's check succ port's, Key: PNTeameZA8m8Tz1n9GQflProliN1oa5yvalue: 4peXVCVZ1zkfqzZPzV2t0iCfvWZWei4g
D/SimpleDynamoProvider(17909): Replicate() Calling client currentNode 5560 Succ is :5560 key: PNTeameZA8m8Tz1n9GQflProliN1oa5y values: 4peXVCVZ1zkfqzZPzV2t0iCfvWZWei4g
D/SimpleDynamoProvider(17909): Replicate() Calling client currentNode 5560 Succ is :5562 key: PNTeameZA8m8Tz1n9GQflProliN1oa5y values: 4peXVCVZ1zkfqzZPzV2t0iCfvWZWei4g
D/AndroidRuntime(18245): Shutting down VM
D/jdwp    (18245): Got wake-up signal, bailing out of select
D/dalvikvm(18245): Debugger has detached; object registry had 1 entries
D/SimpleDynamoProvider(17909): Client sending to Succ Server :: Values set in operation are Key : PNTeameZA8m8Tz1n9GQflProliN1oa5y, value: 4peXVCVZ1zkfqzZPzV2t0iCfvWZWei4g, CurrentNode/Originator : 5560, Type : replicate, Succ : 5562
D/SimpleDynamoProvider(17909): Client Remote port is 11124
D/SimpleDynamoProvider(17909): Client sending to Succ Server :: Values set in operation are Key : PNTeameZA8m8Tz1n9GQflProliN1oa5y, value: 4peXVCVZ1zkfqzZPzV2t0iCfvWZWei4g, CurrentNode/Originator : 5560, Type : replicate, Succ : 5562
D/SimpleDynamoProvider(17909): Client Remote port is 11120
D/SimpleDynamoProvider(17909): Client sending to Succ Server :: Values set in operation are Key : PNTeameZA8m8Tz1n9GQflProliN1oa5y, value: 4peXVCVZ1zkfqzZPzV2t0iCfvWZWei4g, CurrentNode/Originator : 5560, Type : replicate, Succ : 5562
D/SimpleDynamoProvider(17909): Client Remote port is 11116
D/SimpleDynamoProvider(17909): Server :: Values in operation are Key : PNTeameZA8m8Tz1n9GQflProliN1oa5y, value: 4peXVCVZ1zkfqzZPzV2t0iCfvWZWei4g, CurrentNode/Originator : 5560, Type : replicate, Succ : 5562
D/SimpleDynamoProvider(17909): Server replicated values at currentNode 5560 key: PNTeameZA8m8Tz1n9GQflProliN1oa5y values: 4peXVCVZ1zkfqzZPzV2t0iCfvWZWei4g
D/AndroidRuntime(18261): 
D/AndroidRuntime(18261): >>>>>> AndroidRuntime START com.android.internal.os.RuntimeInit <<<<<<
D/AndroidRuntime(18261): CheckJNI is ON
D/dalvikvm(18261): Trying to load lib libjavacore.so 0x0
D/dalvikvm(18261): Added shared lib libjavacore.so 0x0
D/dalvikvm(18261): Trying to load lib libnativehelper.so 0x0
D/dalvikvm(18261): Added shared lib libnativehelper.so 0x0
D/dalvikvm(18261): No JNI_OnLoad found in libnativehelper.so 0x0, skipping init
D/dalvikvm(18261): Note: class Landroid/app/ActivityManagerNative; has 179 unimplemented (abstract) methods
E/memtrack(18261): Couldn't load memtrack module (No such file or directory)
E/android.os.Debug(18261): failed to load memtrack module: -2
D/AndroidRuntime(18261): Calling main entry com.android.commands.content.Content
D/SimpleDynamoProvider(17909): Query selection : PNTeameZA8m8Tz1n9GQflProliN1oa5y
D/SimpleDynamoProvider(17909): returnValueForKeyQuery() checking in Node CurrentNode: 5560 Key is : PNTeameZA8m8Tz1n9GQflProliN1oa5y
D/SimpleDynamoProvider(17909): returnValueForKeyQuery() :: found key PNTeameZA8m8Tz1n9GQflProliN1oa5y value is : 4peXVCVZ1zkfqzZPzV2t0iCfvWZWei4g in Node : 5560
D/SimpleDynamoProvider(17909): Query() :: found key PNTeameZA8m8Tz1n9GQflProliN1oa5y in Node : 5560 mutexQuery : null
D/AndroidRuntime(18261): Shutting down VM
D/dalvikvm(18261): Debugger has detached; object registry had 1 entries
D/AndroidRuntime(18271): 
D/AndroidRuntime(18271): >>>>>> AndroidRuntime START com.android.internal.os.RuntimeInit <<<<<<
D/AndroidRuntime(18271): CheckJNI is ON
D/dalvikvm(18271): Trying to load lib libjavacore.so 0x0
D/dalvikvm(18271): Added shared lib libjavacore.so 0x0
D/dalvikvm(18271): Trying to load lib libnativehelper.so 0x0
D/dalvikvm(18271): Added shared lib libnativehelper.so 0x0
D/dalvikvm(18271): No JNI_OnLoad found in libnativehelper.so 0x0, skipping init
D/dalvikvm(18271): Note: class Landroid/app/ActivityManagerNative; has 179 unimplemented (abstract) methods
E/memtrack(18271): Couldn't load memtrack module (No such file or directory)
E/android.os.Debug(18271): failed to load memtrack module: -2
D/AndroidRuntime(18271): Calling main entry com.android.commands.content.Content
D/SimpleDynamoProvider(17909): Insert() :: Values set in operation are Key : ky3gIhEWstCDUKG4yJv6V8Idpd7D8mKW, value: wHA4Bot46CYtaG2XvV2y0xEoLLh2AMTj, CurrentNode/Originator : 5560, Type : insert, Succ : 5562
D/SimpleDynamoProvider(17909): Insert() Client forward Insert node : 5554 from currentNode : 5560 Key : ky3gIhEWstCDUKG4yJv6V8Idpd7D8mKW Value :wHA4Bot46CYtaG2XvV2y0xEoLLh2AMTj
D/SimpleDynamoProvider(17909): Insert() Replicating to succ's check succ port's, Key: ky3gIhEWstCDUKG4yJv6V8Idpd7D8mKWvalue: wHA4Bot46CYtaG2XvV2y0xEoLLh2AMTj
D/SimpleDynamoProvider(17909): Client sending to Succ Server :: Values set in operation are Key : ky3gIhEWstCDUKG4yJv6V8Idpd7D8mKW, value: wHA4Bot46CYtaG2XvV2y0xEoLLh2AMTj, CurrentNode/Originator : 5560, Type : replicate, Succ : 5554
D/SimpleDynamoProvider(17909): Replicate() Calling client currentNode 5560 Succ is :5558 key: ky3gIhEWstCDUKG4yJv6V8Idpd7D8mKW values: wHA4Bot46CYtaG2XvV2y0xEoLLh2AMTj
D/SimpleDynamoProvider(17909): Client Remote port is 11108
D/dalvikvm(17909): GC_FOR_ALLOC freed 511K, 18% free 2839K/3424K, paused 4ms, total 4ms
D/SimpleDynamoProvider(17909): Replicate() Calling client currentNode 5560 Succ is :5560 key: ky3gIhEWstCDUKG4yJv6V8Idpd7D8mKW values: wHA4Bot46CYtaG2XvV2y0xEoLLh2AMTj
D/SimpleDynamoProvider(17909): Client sending to Succ Server :: Values set in operation are Key : ky3gIhEWstCDUKG4yJv6V8Idpd7D8mKW, value: wHA4Bot46CYtaG2XvV2y0xEoLLh2AMTj, CurrentNode/Originator : 5560, Type : replicate, Succ : 5560
D/SimpleDynamoProvider(17909): Client Remote port is 11116
D/AndroidRuntime(18271): Shutting down VM
D/jdwp    (18271): Got wake-up signal, bailing out of select
D/dalvikvm(18271): Debugger has detached; object registry had 1 entries
D/SimpleDynamoProvider(17909): Client sending to Succ Server :: Values set in operation are Key : ky3gIhEWstCDUKG4yJv6V8Idpd7D8mKW, value: wHA4Bot46CYtaG2XvV2y0xEoLLh2AMTj, CurrentNode/Originator : 5560, Type : replicate, Succ : 5560
D/SimpleDynamoProvider(17909): Client Remote port is 11120
D/SimpleDynamoProvider(17909): Server :: Values in operation are Key : ky3gIhEWstCDUKG4yJv6V8Idpd7D8mKW, value: wHA4Bot46CYtaG2XvV2y0xEoLLh2AMTj, CurrentNode/Originator : 5560, Type : replicate, Succ : 5560
D/SimpleDynamoProvider(17909): Server replicated values at currentNode 5560 key: ky3gIhEWstCDUKG4yJv6V8Idpd7D8mKW values: wHA4Bot46CYtaG2XvV2y0xEoLLh2AMTj
D/AndroidRuntime(18287): 
D/AndroidRuntime(18287): >>>>>> AndroidRuntime START com.android.internal.os.RuntimeInit <<<<<<
D/AndroidRuntime(18287): CheckJNI is ON
D/dalvikvm(18287): Trying to load lib libjavacore.so 0x0
D/dalvikvm(18287): Added shared lib libjavacore.so 0x0
D/dalvikvm(18287): Trying to load lib libnativehelper.so 0x0
D/dalvikvm(18287): Added shared lib libnativehelper.so 0x0
D/dalvikvm(18287): No JNI_OnLoad found in libnativehelper.so 0x0, skipping init
D/dalvikvm(18287): Note: class Landroid/app/ActivityManagerNative; has 179 unimplemented (abstract) methods
E/memtrack(18287): Couldn't load memtrack module (No such file or directory)
E/android.os.Debug(18287): failed to load memtrack module: -2
D/AndroidRuntime(18287): Calling main entry com.android.commands.content.Content
D/SimpleDynamoProvider(17909): Query selection : ky3gIhEWstCDUKG4yJv6V8Idpd7D8mKW
D/SimpleDynamoProvider(17909): returnValueForKeyQuery() checking in Node CurrentNode: 5560 Key is : ky3gIhEWstCDUKG4yJv6V8Idpd7D8mKW
D/SimpleDynamoProvider(17909): returnValueForKeyQuery() :: found key ky3gIhEWstCDUKG4yJv6V8Idpd7D8mKW value is : wHA4Bot46CYtaG2XvV2y0xEoLLh2AMTj in Node : 5560
D/SimpleDynamoProvider(17909): Query() :: found key ky3gIhEWstCDUKG4yJv6V8Idpd7D8mKW in Node : 5560 mutexQuery : null
D/AndroidRuntime(18287): Shutting down VM
D/dalvikvm(18287): Debugger has detached; object registry had 1 entries
D/AndroidRuntime(18297): 
D/AndroidRuntime(18297): >>>>>> AndroidRuntime START com.android.internal.os.RuntimeInit <<<<<<
D/AndroidRuntime(18297): CheckJNI is ON
D/dalvikvm(18297): Trying to load lib libjavacore.so 0x0
D/dalvikvm(18297): Added shared lib libjavacore.so 0x0
D/dalvikvm(18297): Trying to load lib libnativehelper.so 0x0
D/dalvikvm(18297): Added shared lib libnativehelper.so 0x0
D/dalvikvm(18297): No JNI_OnLoad found in libnativehelper.so 0x0, skipping init
D/dalvikvm(18297): Note: class Landroid/app/ActivityManagerNative; has 179 unimplemented (abstract) methods
E/memtrack(18297): Couldn't load memtrack module (No such file or directory)
E/android.os.Debug(18297): failed to load memtrack module: -2
D/AndroidRuntime(18297): Calling main entry com.android.commands.content.Content
D/SimpleDynamoProvider(17909): Insert() :: Values set in operation are Key : zZIFBmUciMr5c1sHkuhyPHd0hx11aH1R, value: zdgX4Nna2JVsc4CNSNeuW0cEqOYEb6da, CurrentNode/Originator : 5560, Type : insert, Succ : 5562
D/SimpleDynamoProvider(17909): Insert() Client forward Insert node : 5562 from currentNode : 5560 Key : zZIFBmUciMr5c1sHkuhyPHd0hx11aH1R Value :zdgX4Nna2JVsc4CNSNeuW0cEqOYEb6da
D/SimpleDynamoProvider(17909): Insert() Replicating to succ's check succ port's, Key: zZIFBmUciMr5c1sHkuhyPHd0hx11aH1Rvalue: zdgX4Nna2JVsc4CNSNeuW0cEqOYEb6da
D/SimpleDynamoProvider(17909): Replicate() Calling client currentNode 5560 Succ is :5556 key: zZIFBmUciMr5c1sHkuhyPHd0hx11aH1R values: zdgX4Nna2JVsc4CNSNeuW0cEqOYEb6da
D/SimpleDynamoProvider(17909): Client sending to Succ Server :: Values set in operation are Key : zZIFBmUciMr5c1sHkuhyPHd0hx11aH1R, value: zdgX4Nna2JVsc4CNSNeuW0cEqOYEb6da, CurrentNode/Originator : 5560, Type : replicate, Succ : 5556
D/SimpleDynamoProvider(17909): Client Remote port is 11124
D/SimpleDynamoProvider(17909): Replicate() Calling client currentNode 5560 Succ is :5554 key: zZIFBmUciMr5c1sHkuhyPHd0hx11aH1R values: zdgX4Nna2JVsc4CNSNeuW0cEqOYEb6da
D/SimpleDynamoProvider(17909): Client sending to Succ Server :: Values set in operation are Key : zZIFBmUciMr5c1sHkuhyPHd0hx11aH1R, value: zdgX4Nna2JVsc4CNSNeuW0cEqOYEb6da, CurrentNode/Originator : 5560, Type : replicate, Succ : 5554
D/SimpleDynamoProvider(17909): Client Remote port is 11112
D/AndroidRuntime(18297): Shutting down VM
D/dalvikvm(18297): Debugger has detached; object registry had 1 entries
D/SimpleDynamoProvider(17909): Client sending to Succ Server :: Values set in operation are Key : zZIFBmUciMr5c1sHkuhyPHd0hx11aH1R, value: zdgX4Nna2JVsc4CNSNeuW0cEqOYEb6da, CurrentNode/Originator : 5560, Type : replicate, Succ : 5554
D/SimpleDynamoProvider(17909): Client Remote port is 11108
I/AndroidRuntime(18297): NOTE: attach of thread 'Binder_1' failed
D/AndroidRuntime(18312): 
D/AndroidRuntime(18312): >>>>>> AndroidRuntime START com.android.internal.os.RuntimeInit <<<<<<
D/AndroidRuntime(18312): CheckJNI is ON
D/dalvikvm(18312): Trying to load lib libjavacore.so 0x0
D/dalvikvm(18312): Added shared lib libjavacore.so 0x0
D/dalvikvm(18312): Trying to load lib libnativehelper.so 0x0
D/dalvikvm(18312): Added shared lib libnativehelper.so 0x0
D/dalvikvm(18312): No JNI_OnLoad found in libnativehelper.so 0x0, skipping init
D/dalvikvm(18312): Note: class Landroid/app/ActivityManagerNative; has 179 unimplemented (abstract) methods
E/memtrack(18312): Couldn't load memtrack module (No such file or directory)
E/android.os.Debug(18312): failed to load memtrack module: -2
D/AndroidRuntime(18312): Calling main entry com.android.commands.content.Content
D/SimpleDynamoProvider(17909): Query selection : zZIFBmUciMr5c1sHkuhyPHd0hx11aH1R
D/SimpleDynamoProvider(17909): returnValueForKeyQuery() checking in Node CurrentNode: 5560 Key is : zZIFBmUciMr5c1sHkuhyPHd0hx11aH1R
D/SimpleDynamoProvider(17909): returnValueForKeyQuery() Not found in Node CurrentNode: 5560 Key is : zZIFBmUciMr5c1sHkuhyPHd0hx11aH1R
D/SimpleDynamoProvider(17909): Query() :: Not found key zZIFBmUciMr5c1sHkuhyPHd0hx11aH1R in Node : 5560 sending key to 5562
D/SimpleDynamoProvider(17909): Query() holding for value of key :zZIFBmUciMr5c1sHkuhyPHd0hx11aH1R type : singleKeyQueryCurrent Value for mutex is : null
D/SimpleDynamoProvider(17909): Client sending to Succ Server :: Values set in operation are Key : zZIFBmUciMr5c1sHkuhyPHd0hx11aH1R, value: null, CurrentNode/Originator : 5560, Type : singleKeyQuery, Succ : 5562
D/SimpleDynamoProvider(17909): Client Remote port is 11124
D/dalvikvm(17909): JIT unchain all for threadid=9
D/dalvikvm(17909): GC_FOR_ALLOC freed 507K, 17% free 2844K/3424K, paused 270ms, total 270ms
D/SimpleDynamoProvider(17909): Server :: Values in operation are Key : zZIFBmUciMr5c1sHkuhyPHd0hx11aH1R, value: zdgX4Nna2JVsc4CNSNeuW0cEqOYEb6da, CurrentNode/Originator : 5560, Type : singleKeyQueryValue, Succ : 5560
D/SimpleDynamoProvider(17909): Server singleKeyQueryValue coming form 5562 Current Node is :5560 Value returned is :zdgX4Nna2JVsc4CNSNeuW0cEqOYEb6da for key :zZIFBmUciMr5c1sHkuhyPHd0hx11aH1R
D/SimpleDynamoProvider(17909): Operation.getOriginator() : 5560
D/SimpleDynamoProvider(17909): Query() after hold got value : zdgX4Nna2JVsc4CNSNeuW0cEqOYEb6da for Key : zZIFBmUciMr5c1sHkuhyPHd0hx11aH1R Responded by null
D/SimpleDynamoProvider(17909): Query() Value for mutexQuery null key : zZIFBmUciMr5c1sHkuhyPHd0hx11aH1R
D/AndroidRuntime(18312): Shutting down VM
D/dalvikvm(18312): Debugger has detached; object registry had 1 entries
D/AndroidRuntime(18323): 
D/AndroidRuntime(18323): >>>>>> AndroidRuntime START com.android.internal.os.RuntimeInit <<<<<<
D/AndroidRuntime(18323): CheckJNI is ON
D/dalvikvm(18323): Trying to load lib libjavacore.so 0x0
D/dalvikvm(18323): Added shared lib libjavacore.so 0x0
D/dalvikvm(18323): Trying to load lib libnativehelper.so 0x0
D/dalvikvm(18323): Added shared lib libnativehelper.so 0x0
D/dalvikvm(18323): No JNI_OnLoad found in libnativehelper.so 0x0, skipping init
D/dalvikvm(18323): Note: class Landroid/app/ActivityManagerNative; has 179 unimplemented (abstract) methods
E/memtrack(18323): Couldn't load memtrack module (No such file or directory)
E/android.os.Debug(18323): failed to load memtrack module: -2
D/AndroidRuntime(18323): Calling main entry com.android.commands.content.Content
D/SimpleDynamoProvider(17909): Insert() :: Values set in operation are Key : rh10qpiJNP1r8gKKbkoI7xR3GfVmyPT5, value: WrLwolkXTRhHLHOjrDli4UbC7IFDyQHt, CurrentNode/Originator : 5560, Type : insert, Succ : 5562
D/SimpleDynamoProvider(17909): Insert() Client forward Insert node : 5562 from currentNode : 5560 Key : rh10qpiJNP1r8gKKbkoI7xR3GfVmyPT5 Value :WrLwolkXTRhHLHOjrDli4UbC7IFDyQHt
D/SimpleDynamoProvider(17909): Insert() Replicating to succ's check succ port's, Key: rh10qpiJNP1r8gKKbkoI7xR3GfVmyPT5value: WrLwolkXTRhHLHOjrDli4UbC7IFDyQHt
D/SimpleDynamoProvider(17909): Replicate() Calling client currentNode 5560 Succ is :5556 key: rh10qpiJNP1r8gKKbkoI7xR3GfVmyPT5 values: WrLwolkXTRhHLHOjrDli4UbC7IFDyQHt
D/SimpleDynamoProvider(17909): Client sending to Succ Server :: Values set in operation are Key : rh10qpiJNP1r8gKKbkoI7xR3GfVmyPT5, value: WrLwolkXTRhHLHOjrDli4UbC7IFDyQHt, CurrentNode/Originator : 5560, Type : replicate, Succ : 5556
D/SimpleDynamoProvider(17909): Client Remote port is 11124
D/SimpleDynamoProvider(17909): Replicate() Calling client currentNode 5560 Succ is :5554 key: rh10qpiJNP1r8gKKbkoI7xR3GfVmyPT5 values: WrLwolkXTRhHLHOjrDli4UbC7IFDyQHt
