D/SimpleDynamoProvider(17909): Required predPred key value : CVrNzbePBkWolP3xfrAIctmMuF5CKVJn value :JSck1hXBGoejMklGzHl6e6g3iQjDzb2t
D/SimpleDynamoProvider(17909): Checking expectedNodes : 5558 pred : 5558 predPred : 5554
D/dalvikvm(17909): JIT unchain all for threadid=10
D/dalvikvm(17909): GC_FOR_ALLOC freed 510K, 17% free 2855K/3424K, paused 270ms, total 270ms
D/SimpleDynamoProvider(17909): Required predPred key value : U6tqyAyGfUGSdcpZ2zmFKlKPr27PATpm value :qzkxO5fOtYHKlVlOMP4AyrOX9L0FEC2r
D/SimpleDynamoProvider(17909): Checking expectedNodes : 5562 pred : 5558 predPred : 5554
D/SimpleDynamoProvider(17909): Checking expectedNodes : 5558 pred : 5558 predPred : 5554
D/SimpleDynamoProvider(17909): Required predPred key value : 880rKZXxGCC9uJH60oUUylCnn49tbt1k value :TnjDsLHqJXdNnyxixzdGey2SfuiPTI1O
D/SimpleDynamoProvider(17909): Server :: Values in operation are Key : null, value: null, CurrentNode/Originator : 5560, Type : updateRecovery, Succ : 5560
D/SimpleDynamoProvider(17909): Server updateRecovery :: response coming from : 5556 size of map is : 30
D/SimpleDynamoProvider(17909): Checking expectedNodes : 5562 pred : 5558 predPred : 5554
D/SimpleDynamoProvider(17909): Checking expectedNodes : 5562 pred : 5558 predPred : 5554
D/SimpleDynamoProvider(17909): Checking expectedNodes : 5560 pred : 5558 predPred : 5554
D/SimpleDynamoProvider(17909): Required predPred key value : 6C0nZU7CJR8kOMEFgYHK2QUSFTpslAR2 value :IPfvnaDw0TOXbta2ozWB59FidXPraA0d
D/SimpleDynamoProvider(17909): Checking expectedNodes : 5562 pred : 5558 predPred : 5554
D/dalvikvm(17909): JIT unchain all for threadid=10
D/dalvikvm(17909): GC_FOR_ALLOC freed 520K, 17% free 2846K/3424K, paused 273ms, total 273ms
D/SimpleDynamoProvider(17909): Checking expectedNodes : 5562 pred : 5558 predPred : 5554
D/SimpleDynamoProvider(17909): Checking expectedNodes : 5562 pred : 5558 predPred : 5554
D/SimpleDynamoProvider(17909): Checking expectedNodes : 5562 pred : 5558 predPred : 5554
D/SimpleDynamoProvider(17909): Checking expectedNodes : 5562 pred : 5558 predPred : 5554
D/SimpleDynamoProvider(17909): Checking expectedNodes : 5562 pred : 5558 predPred : 5554
D/SimpleDynamoProvider(17909): Checking expectedNodes : 5556 pred : 5558 predPred : 5554
D/SimpleDynamoProvider(17909): Checking expectedNodes : 5562 pred : 5558 predPred : 5554
D/dalvikvm(17909): JIT unchain all for threadid=10
D/dalvikvm(17909): GC_FOR_ALLOC freed 512K, 17% free 2846K/3424K, paused 271ms, total 271ms
D/SimpleDynamoProvider(17909): Checking expectedNodes : 5560 pred : 5558 predPred : 5554
D/SimpleDynamoProvider(17909): Required predPred key value : PFXJ8orhOmiTiMW9EbkOgwRNGMl3Xyvs value :NthwDFOk2ueR6lCl82WnNx9qu8fo0NHg
D/SimpleDynamoProvider(17909): Checking expectedNodes : 5562 pred : 5558 predPred : 5554
D/SimpleDynamoProvider(17909): Checking expectedNodes : 5560 pred : 5558 predPred : 5554
D/SimpleDynamoProvider(17909): Required predPred key value : oGTj4H4vUEM3nnUCpi6qNZ43IonIDOJ8 value :XE16OwObmq5QUGIRJNsmlsxyHTRcyRd3
D/SimpleDynamoProvider(17909): Checking expectedNodes : 5562 pred : 5558 predPred : 5554
D/SimpleDynamoProvider(17909): Checking expectedNodes : 5560 pred : 5558 predPred : 5554
D/SimpleDynamoProvider(17909): Required predPred key value : 62V5wXtJP384emX5EbNNpblejNrsoGFO value :bsjwSsUVXeywBKs5FIh69RChYvB46Nrg
D/SimpleDynamoProvider(17909): Checking expectedNodes : 5562 pred : 5558 predPred : 5554
D/SimpleDynamoProvider(17909): Checking expectedNodes : 5562 pred : 5558 predPred : 5554
D/dalvikvm(17909): JIT unchain all for threadid=10
D/dalvikvm(17909): GC_FOR_ALLOC freed 511K, 17% free 2846K/3424K, paused 269ms, total 269ms
D/SimpleDynamoProvider(17909): Checking expectedNodes : 5562 pred : 5558 predPred : 5554
D/SimpleDynamoProvider(17909): Checking expectedNodes : 5560 pred : 5558 predPred : 5554
D/SimpleDynamoProvider(17909): Required predPred key value : efW9vHPZx3nVsILqkFdlt07cGNBfURyh value :Gn5VBrOjcb1yN2QB9saN8L9CZQy7lKNC
D/SimpleDynamoProvider(17909): Checking expectedNodes : 5562 pred : 5558 predPred : 5554
D/SimpleDynamoProvider(17909): Checking expectedNodes : 5562 pred : 5558 predPred : 5554
D/SimpleDynamoProvider(17909): Checking expectedNodes : 5562 pred : 5558 predPred : 5554
D/SimpleDynamoProvider(17909): Checking expectedNodes : 5560 pred : 5558 predPred : 5554
D/SimpleDynamoProvider(17909): Required predPred key value : GcFmaGMWDd0uMIJeiFsJuFxhyh0jfLD3 value :MtCQDpUn9IBuYp0iFIvisfBBwMqqo5uK
D/dalvikvm(17909): JIT unchain all for threadid=10
D/dalvikvm(17909): GC_FOR_ALLOC freed 512K, 17% free 2846K/3424K, paused 273ms, total 273ms
D/SimpleDynamoProvider(17909): Checking expectedNodes : 5562 pred : 5558 predPred : 5554
D/SimpleDynamoProvider(17909): Checking expectedNodes : 5562 pred : 5558 predPred : 5554
D/SimpleDynamoProvider(17909): Checking expectedNodes : 5562 pred : 5558 predPred : 5554
D/SimpleDynamoProvider(17909): Checking expectedNodes : 5562 pred : 5558 predPred : 5554
D/SimpleDynamoProvider(17909): Checking expectedNodes : 5562 pred : 5558 predPred : 5554
D/SimpleDynamoProvider(17909): Checking expectedNodes : 5562 pred : 5558 predPred : 5554
D/SimpleDynamoProvider(17909): Server :: Values in operation are Key : null, value: null, CurrentNode/Originator : 5560, Type : updateRecovery, Succ : 5560
D/SimpleDynamoProvider(17909): Server updateRecovery :: response coming from : 5558 size of map is : 42
D/SimpleDynamoProvider(17909): Checking expectedNodes : 5558 pred : 5558 predPred : 5554
D/SimpleDynamoProvider(17909): Required predPred key value : C0zjOnp54xSThHpgwlSoDwYdoyux0Yt3 value :nMI28T9cMhgE2d9lBnBJzhhBBC2XzAjb
D/SimpleDynamoProvider(17909): Checking expectedNodes : 5558 pred : 5558 predPred : 5554
D/SimpleDynamoProvider(17909): Required predPred key value : AvRR5kipdvU6UISHjHfBLPnpbxyeTsLm value :CIwj22Uv7P52mI8F1AW8OERasy0SizZM
D/dalvikvm(17909): JIT unchain all for threadid=10
D/dalvikvm(17909): GC_FOR_ALLOC freed 509K, 17% free 2849K/3424K, paused 273ms, total 273ms
D/SimpleDynamoProvider(17909): Checking expectedNodes : 5558 pred : 5558 predPred : 5554
D/SimpleDynamoProvider(17909): Required predPred key value : kruHbMpVXInLeBh2pXbWoNQF8u2WSSdo value :geZbJlIOveoaaUP2jXuYhK36rKg0BQId
D/SimpleDynamoProvider(17909): Checking expectedNodes : 5554 pred : 5558 predPred : 5554
D/SimpleDynamoProvider(17909): Required predPred key value : gI66betzO0FCWNJ9sKEQjOwonm2nEr7v value :JRkzuaj3aPsIf5TP7uTJpREpZ7mBDWTz
D/SimpleDynamoProvider(17909): Checking expectedNodes : 5558 pred : 5558 predPred : 5554
D/SimpleDynamoProvider(17909): Required predPred key value : hFnyZosie4xE3q2X5bppVPgNGOOe8jeW value :rXxjyoTpxYALKMKuPbTRGuCJZCdftqKh
D/SimpleDynamoProvider(17909): Checking expectedNodes : 5554 pred : 5558 predPred : 5554
D/SimpleDynamoProvider(17909): Required predPred key value : 2mLDknCTRjACvVR4rGjeQJ8vJ9eIRBC0 value :cbifUWWy4fxRVMm7xpV0aa3WOQVLF5j7
D/SimpleDynamoProvider(17909): Checking expectedNodes : 5558 pred : 5558 predPred : 5554
D/SimpleDynamoProvider(17909): Required predPred key value : 5XSSj6ClGWSkL3RxjYXjXrUEnv3C5N7p value :xULjlgbQK3hyrwTEUUobifj1EPCLLBTi
D/SimpleDynamoProvider(17909): Checking expectedNodes : 5558 pred : 5558 predPred : 5554
D/SimpleDynamoProvider(17909): Required predPred key value : quA3dE2h7rHJB3lYo75MUgncXMpIi0Fs value :eW6g5uTK2XptTiXolXxtX5zo1HkWvqhb
D/SimpleDynamoProvider(17909): Checking expectedNodes : 5558 pred : 5558 predPred : 5554
D/SimpleDynamoProvider(17909): Required predPred key value : oIuiQmzPnnEbyNaEjKd9E5nZfg0gmspc value :TI9BYE2FSbx4aNg4Uf80V4hVUgwYZe9C
D/SimpleDynamoProvider(17909): Checking expectedNodes : 5558 pred : 5558 predPred : 5554
D/SimpleDynamoProvider(17909): Required predPred key value : GEvKh7kIlMbZUFrRgbrhtB9ySCT5ErUe value :cVe9nhiuVP0l8qKoiLuZDWumb5R8mByO
D/SimpleDynamoProvider(17909): Checking expectedNodes : 5556 pred : 5558 predPred : 5554
D/dalvikvm(17909): JIT unchain all for threadid=10
D/dalvikvm(17909): GC_FOR_ALLOC freed 510K, 17% free 2850K/3424K, paused 267ms, total 267ms
D/SimpleDynamoProvider(17909): Checking expectedNodes : 5558 pred : 5558 predPred : 5554
D/SimpleDynamoProvider(17909): Required predPred key value : zYbx4vMeTwHZWUFVulBeTZv87dwcJxxK value :6QxZYAbBZGE6ufMvnT5caioTTB89xeQW
D/SimpleDynamoProvider(17909): Checking expectedNodes : 5558 pred : 5558 predPred : 5554
D/SimpleDynamoProvider(17909): Required predPred key value : XYWETgfhq7UGs0xQvxosHMrKliK6yfw3 value :Lj86yzvqKzfmTYXp5bnZ8iBWzYvFs4Jp
D/SimpleDynamoProvider(17909): Checking expectedNodes : 5558 pred : 5558 predPred : 5554
D/SimpleDynamoProvider(17909): Required predPred key value : bmsM9FZciux03PFPQHEuB376MrkRz4rl value :c8cldI82sDjB9ZNNVDlJ96xinUvQuN6b
D/SimpleDynamoProvider(17909): Checking expectedNodes : 5554 pred : 5558 predPred : 5554
D/SimpleDynamoProvider(17909): Required predPred key value : PDbIOKgcSRX3rmgLg7gXSOEC6ev2H0q0 value :dd4m08JCUTonNGntOGQiGtI17r4kU5Gi
D/SimpleDynamoProvider(17909): Checking expectedNodes : 5558 pred : 5558 predPred : 5554
D/SimpleDynamoProvider(17909): Required predPred key value : Gky1aFsX8UzdfPh5snZRBLsvJFpz8aoB value :IquXIACC7gHQ9zjRDeiotcF59mBCXzpO
D/SimpleDynamoProvider(17909): Checking expectedNodes : 5558 pred : 5558 predPred : 5554
D/SimpleDynamoProvider(17909): Required predPred key value : J6o9pBXHJpUNEy4VrkyGNWMNIWoIhPXZ value :Ctd19kDdTbVWtGnBYWAFPZdYbNargkvj
D/SimpleDynamoProvider(17909): Checking expectedNodes : 5558 pred : 5558 predPred : 5554
D/SimpleDynamoProvider(17909): Required predPred key value : TIVATjG1jVi7Syedoxh1uYQzNDgnk0A5 value :4Rs2N9OTPSN5G9diu71ZJr5MEdArRz23
D/SimpleDynamoProvider(17909): Checking expectedNodes : 5554 pred : 5558 predPred : 5554
D/SimpleDynamoProvider(17909): Required predPred key value : s5DgQLhYU85yCqPgTINLYuwlSBYVW19Q value :xgRw7Me6kPJy8B6JtkygLns7Vg549BB3
D/SimpleDynamoProvider(17909): Checking expectedNodes : 5554 pred : 5558 predPred : 5554
D/SimpleDynamoProvider(17909): Required predPred key value : uT6JUE937WCVvIvQCjBSoBxxnxaMhPhw value :LtQFeoEJj9MDz2jcqszARwvIpUlEluMG
D/dalvikvm(17909): JIT unchain all for threadid=10
D/dalvikvm(17909): GC_FOR_ALLOC freed 511K, 17% free 2850K/3424K, paused 291ms, total 301ms
D/SimpleDynamoProvider(17909): Checking expectedNodes : 5558 pred : 5558 predPred : 5554
D/SimpleDynamoProvider(17909): Required predPred key value : LTdi7TjmnYUIQX8cnKoawrmt7CTPnbPv value :ObAcf1bML2iREOOC5CFcHB0yhJPX6ihq
D/SimpleDynamoProvider(17909): Checking expectedNodes : 5554 pred : 5558 predPred : 5554
D/SimpleDynamoProvider(17909): Required predPred key value : rJ9TNECltkvZPj9solL6D6XYX36vfwa0 value :WYye1fX3HMwO8jJWHmUDAy8nYuR6P3yO
D/SimpleDynamoProvider(17909): Checking expectedNodes : 5558 pred : 5558 predPred : 5554
D/SimpleDynamoProvider(17909): Required predPred key value : GmjqM8Tm4XWTCdDhm51T4P5IMplUdCNk value :wDhTgUcOY7v1yjsTS2WXk5bwUV03ngVL
D/SimpleDynamoProvider(17909): Checking expectedNodes : 5558 pred : 5558 predPred : 5554
D/SimpleDynamoProvider(17909): Required predPred key value : AtefPYdktMKMNvdMWssNzA0p69pDns4P value :TO822tYQhoq90CZNwbyE60r3QnSB2L5g
D/SimpleDynamoProvider(17909): Checking expectedNodes : 5558 pred : 5558 predPred : 5554
D/SimpleDynamoProvider(17909): Required predPred key value : uKRNFRbZG6YCIEHXoonJ4nxhlyjYBtBn value :8jXe9AY8yvqDK5xeIHVCk7oPxqNSQ5HF
D/SimpleDynamoProvider(17909): Checking expectedNodes : 5558 pred : 5558 predPred : 5554
D/SimpleDynamoProvider(17909): Required predPred key value : DLxfmvLyDCPbKjSSsmh6IBpx57GEE2tJ value :tV6o70sTLMWmpDBMaOckvAdv7uAQtCrK
D/SimpleDynamoProvider(17909): Checking expectedNodes : 5558 pred : 5558 predPred : 5554
D/SimpleDynamoProvider(17909): Required predPred key value : xoMKuzVCl9t7ANOPDgijiWGkIjeJLuIC value :af2voUuW42201oacLNN7e4RhpSD2blwZ
D/SimpleDynamoProvider(17909): Checking expectedNodes : 5558 pred : 5558 predPred : 5554
D/SimpleDynamoProvider(17909): Required predPred key value : s2ruENeUGNI07a1PeXjMNs9kN4X96fDw value :8hr5DT4qNjALy1PKhrxMMSaV9d2tGnqu
D/dalvikvm(17909): JIT unchain all for threadid=10
D/dalvikvm(17909): GC_FOR_ALLOC freed 512K, 17% free 2850K/3424K, paused 266ms, total 266ms
D/SimpleDynamoProvider(17909): Checking expectedNodes : 5558 pred : 5558 predPred : 5554
D/SimpleDynamoProvider(17909): Required predPred key value : 5bWwvrAnPqqfuHxO9KPNc5B55lSvDbR7 value :QZfpdIu7blaXhVWFGSlQE89paR0UEm4y
D/SimpleDynamoProvider(17909): Checking expectedNodes : 5558 pred : 5558 predPred : 5554
D/SimpleDynamoProvider(17909): Required predPred key value : q4bwKqnwZl8wzmY59r6p7ISyXJZcfceI value :8aI0zP3LureHPIOv1n9whhZZlIsSqeeA
D/SimpleDynamoProvider(17909): Checking expectedNodes : 5558 pred : 5558 predPred : 5554
D/SimpleDynamoProvider(17909): Required predPred key value : dSTPQYpHMMGDuU7JQmjGRVVvmkoQd6cO value :AkV5HDvOCoKGFtuLG7XQe4uMRLfMoWmn
D/SimpleDynamoProvider(17909): Checking expectedNodes : 5558 pred : 5558 predPred : 5554
D/SimpleDynamoProvider(17909): Required predPred key value : JkyAOxFBia2tnlYA5oOMPKdy4GQhoho6 value :aMPAn9J8l7Pmh0AkvGSte7MsYb3Dof4L
D/SimpleDynamoProvider(17909): Checking expectedNodes : 5558 pred : 5558 predPred : 5554
D/SimpleDynamoProvider(17909): Required predPred key value : 7BsdD2eY8FqQCVYrQmRzzWGW0PmlKI36 value :WEd7e7MseG2Vv3jKvKteapry2BnSN72J
D/SimpleDynamoProvider(17909): Checking expectedNodes : 5558 pred : 5558 predPred : 5554
D/SimpleDynamoProvider(17909): Required predPred key value : hvPeyPhMGghAczL6PVJ7ybcjxqogKsNd value :rZIE4BuEZ6sRk2m6pZU2UKEgwlm7KIjr
D/SimpleDynamoProvider(17909): Checking expectedNodes : 5558 pred : 5558 predPred : 5554
D/SimpleDynamoProvider(17909): Required predPred key value : 8fjqihdehZuyqtQsHPdpeVoGOXNGvxDX value :x6IB46EzFtkpR8DdOgIWceoxrYEWmiKQ
D/SimpleDynamoProvider(17909): Checking expectedNodes : 5558 pred : 5558 predPred : 5554
D/SimpleDynamoProvider(17909): Required predPred key value : ZB26oIULioeZGi9aB8I9sGRQgTQhq1nP value :PASirE6vhljhwATRWTSJLTst3kfLjamN
D/dalvikvm(17909): JIT unchain all for threadid=10
D/dalvikvm(17909): GC_FOR_ALLOC freed 511K, 17% free 2850K/3424K, paused 309ms, total 310ms
D/SimpleDynamoProvider(17909): Checking expectedNodes : 5558 pred : 5558 predPred : 5554
D/SimpleDynamoProvider(17909): Required predPred key value : i0RDzrQ55WMtRxTVsGSlJC641gM9F2ln value :FRN2m5UPS45aIEmSdEfZXm0TUTo4GKWR
D/SimpleDynamoProvider(17909): Checking expectedNodes : 5558 pred : 5558 predPred : 5554
D/SimpleDynamoProvider(17909): Required predPred key value : CVrNzbePBkWolP3xfrAIctmMuF5CKVJn value :JSck1hXBGoejMklGzHl6e6g3iQjDzb2t
D/SimpleDynamoProvider(17909): Checking expectedNodes : 5558 pred : 5558 predPred : 5554
D/SimpleDynamoProvider(17909): Required predPred key value : U6tqyAyGfUGSdcpZ2zmFKlKPr27PATpm value :qzkxO5fOtYHKlVlOMP4AyrOX9L0FEC2r
D/SimpleDynamoProvider(17909): Checking expectedNodes : 5554 pred : 5558 predPred : 5554
D/SimpleDynamoProvider(17909): Required predPred key value : mtItshCFcFtodBkzJrYF4W2NnvtP6Gm6 value :shrVNaxM8JBbIxFLq0QTYuqtMLyn9Tui
D/SimpleDynamoProvider(17909): Checking expectedNodes : 5558 pred : 5558 predPred : 5554
D/SimpleDynamoProvider(17909): Required predPred key value : 880rKZXxGCC9uJH60oUUylCnn49tbt1k value :TnjDsLHqJXdNnyxixzdGey2SfuiPTI1O
D/SimpleDynamoProvider(17909): Checking expectedNodes : 5558 pred : 5558 predPred : 5554
D/SimpleDynamoProvider(17909): Required predPred key value : byJxSRWVSgxHljFMAKM5mwH1ysvU1zv4 value :2wfkatwgOiR6iLkB0XLsKm3lYc4o54l0
D/SimpleDynamoProvider(17909): Server :: Values in operation are Key : 5YRLrmoa0PjM4KxPzl4MCVMeoWby6X1r, value: WxCZmWkghF0frLnNscXqhFQM10FQIOJw, CurrentNode/Originator : 5560, Type : replicate, Succ : 5562
D/SimpleDynamoProvider(17909): Server replicated values at currentNode 5560 key: 5YRLrmoa0PjM4KxPzl4MCVMeoWby6X1r values: WxCZmWkghF0frLnNscXqhFQM10FQIOJw
D/SimpleDynamoProvider(17909): Server :: Values in operation are Key : NphIoyyyzw8pKJ72Ja8iJKON9vjPUWLk, value: MmQwrj3EjO4QBMlTJFwvjRSnEflix7J6, CurrentNode/Originator : 5562, Type : replicate, Succ : 5562
D/SimpleDynamoProvider(17909): Server replicated values at currentNode 5560 key: NphIoyyyzw8pKJ72Ja8iJKON9vjPUWLk values: MmQwrj3EjO4QBMlTJFwvjRSnEflix7J6
D/SimpleDynamoProvider(17909): Server :: Values in operation are Key : yxLtrZNYbKwGgrYQg6YBUG7ZKJn2ivmC, value: 3ZyZiX38M5d4sXH4BPyyLEsEqkPRNkGg, CurrentNode/Originator : 5558, Type : replicate, Succ : 5562
D/SimpleDynamoProvider(17909): Server replicated values at currentNode 5560 key: yxLtrZNYbKwGgrYQg6YBUG7ZKJn2ivmC values: 3ZyZiX38M5d4sXH4BPyyLEsEqkPRNkGg
D/SimpleDynamoProvider(17909): Server :: Values in operation are Key : yMvQxhc6TfgoddkFObwXamsQoPdoKqjv, value: UU8GO6ohMgEEzibs90EWTae24abr5u77, CurrentNode/Originator : 5556, Type : replicate, Succ : 5560
D/SimpleDynamoProvider(17909): Server replicated values at currentNode 5560 key: yMvQxhc6TfgoddkFObwXamsQoPdoKqjv values: UU8GO6ohMgEEzibs90EWTae24abr5u77
D/SimpleDynamoProvider(17909): Server :: Values in operation are Key : 5YRLrmoa0PjM4KxPzl4MCVMeoWby6X1r, value: WxCZmWkghF0frLnNscXqhFQM10FQIOJw, CurrentNode/Originator : 5560, Type : singleKeyQueryValue, Succ : 5560
D/SimpleDynamoProvider(17909): Server singleKeyQueryValue coming form 5558 Current Node is :5560 Value returned is :WxCZmWkghF0frLnNscXqhFQM10FQIOJw for key :5YRLrmoa0PjM4KxPzl4MCVMeoWby6X1r
D/SimpleDynamoProvider(17909): Operation.getOriginator() : 5560
D/SimpleDynamoProvider(17909): Server :: Values in operation are Key : oAhYisUxiKfE2NQlXZvIYej2QEQSh65F, value: 3ypQZ6inXd01D2c0c07DvfiBi3aaf4Tu, CurrentNode/Originator : 5562, Type : replicate, Succ : 5562
D/SimpleDynamoProvider(17909): Server replicated values at currentNode 5560 key: oAhYisUxiKfE2NQlXZvIYej2QEQSh65F values: 3ypQZ6inXd01D2c0c07DvfiBi3aaf4Tu
D/SimpleDynamoProvider(17909): Query() after hold got value : WxCZmWkghF0frLnNscXqhFQM10FQIOJw for Key : 5YRLrmoa0PjM4KxPzl4MCVMeoWby6X1r Responded by null
D/SimpleDynamoProvider(17909): Query() Value for mutexQuery null key : 5YRLrmoa0PjM4KxPzl4MCVMeoWby6X1r
D/AndroidRuntime(17943): Shutting down VM
D/dalvikvm(17943): Debugger has detached; object registry had 1 entries
D/SimpleDynamoProvider(17909): Server :: Values in operation are Key : qr3IsE1ogDhv4sLj7lNf1jkBjnQ5PwN4, value: UU1vLnJJmi1izysJF0rQ3jqxh5B2V0Hj, CurrentNode/Originator : 5558, Type : replicate, Succ : 5562
D/SimpleDynamoProvider(17909): Server replicated values at currentNode 5560 key: qr3IsE1ogDhv4sLj7lNf1jkBjnQ5PwN4 values: UU1vLnJJmi1izysJF0rQ3jqxh5B2V0Hj
D/SimpleDynamoProvider(17909): Server :: Values in operation are Key : R4ArVY1iem2hltjKpi5dQ8NgDEMykEEp, value: 2wtog9fKbGY0cwxMokM5mFS10ztw8doq, CurrentNode/Originator : 5558, Type : replicate, Succ : 5560
D/SimpleDynamoProvider(17909): Server replicated values at currentNode 5560 key: R4ArVY1iem2hltjKpi5dQ8NgDEMykEEp values: 2wtog9fKbGY0cwxMokM5mFS10ztw8doq
D/dalvikvm(17909): GC_FOR_ALLOC freed 522K, 18% free 2839K/3424K, paused 9ms, total 10ms
D/SimpleDynamoProvider(17909): Server :: Values in operation are Key : S4NQ58HipQYK8AvnmukMtUtNjE9xJuoq, value: 4bZ73AW5Uu94wdkGRQeA7EPWbL6e5DAy, CurrentNode/Originator : 5556, Type : replicate, Succ : 5562
D/SimpleDynamoProvider(17909): Server replicated values at currentNode 5560 key: S4NQ58HipQYK8AvnmukMtUtNjE9xJuoq values: 4bZ73AW5Uu94wdkGRQeA7EPWbL6e5DAy
D/SimpleDynamoProvider(17909): Server :: Values in operation are Key : LMwkpXY93ocmBvF9go05qEFw3PLWVrej, value: dtOeju3qcgOuM945VWO7d3CqIWzCVBKq, CurrentNode/Originator : 5554, Type : replicate, Succ : 5560
D/SimpleDynamoProvider(17909): Server replicated values at currentNode 5560 key: LMwkpXY93ocmBvF9go05qEFw3PLWVrej values: dtOeju3qcgOuM945VWO7d3CqIWzCVBKq
D/SimpleDynamoProvider(17909): Server :: Values in operation are Key : oWXBxDC9NchNDrFqvX3mUdW8XsMtUYrZ, value: W02MOYvF9dAPfXsDwAfitmC9kfnTdbG2, CurrentNode/Originator : 5562, Type : replicate, Succ : 5562
D/SimpleDynamoProvider(17909): Server replicated values at currentNode 5560 key: oWXBxDC9NchNDrFqvX3mUdW8XsMtUYrZ values: W02MOYvF9dAPfXsDwAfitmC9kfnTdbG2
D/SimpleDynamoProvider(17909): Server :: Values in operation are Key : a7j3rqxHkEa4AkIAg7ogRvJ3DxCfWcVb, value: fQ6AidxtXiJ2sGFedVM7YFcjrFDKT5lp, CurrentNode/Originator : 5556, Type : replicate, Succ : 5562
D/SimpleDynamoProvider(17909): Server replicated values at currentNode 5560 key: a7j3rqxHkEa4AkIAg7ogRvJ3DxCfWcVb values: fQ6AidxtXiJ2sGFedVM7YFcjrFDKT5lp
D/SimpleDynamoProvider(17909): Server :: Values in operation are Key : vIDguOjNkQHE4myeu5LwprR4fElkcdxI, value: DbG54F8o8hF1aZasqEmLViNRxzo9bxh3, CurrentNode/Originator : 5554, Type : replicate, Succ : 5560
D/SimpleDynamoProvider(17909): Server replicated values at currentNode 5560 key: vIDguOjNkQHE4myeu5LwprR4fElkcdxI values: DbG54F8o8hF1aZasqEmLViNRxzo9bxh3
D/SimpleDynamoProvider(17909): Server :: Values in operation are Key : eD9ll3ZY3nPtddBsHsrP1Wqp4H84OT3b, value: RiGBUDWVLjB39p6sc4yBWrdohDN2nVEu, CurrentNode/Originator : 5562, Type : replicate, Succ : 5562
D/SimpleDynamoProvider(17909): Server replicated values at currentNode 5560 key: eD9ll3ZY3nPtddBsHsrP1Wqp4H84OT3b values: RiGBUDWVLjB39p6sc4yBWrdohDN2nVEu
D/SimpleDynamoProvider(17909): Server :: Values in operation are Key : eIN6jpwjHTxEl7VD5b05fEiK84HZblE1, value: vu4aiT7pRlffdeZyY5kxdle4YVYUVOqC, CurrentNode/Originator : 5556, Type : replicate, Succ : 5562
D/SimpleDynamoProvider(17909): Server replicated values at currentNode 5560 key: eIN6jpwjHTxEl7VD5b05fEiK84HZblE1 values: vu4aiT7pRlffdeZyY5kxdle4YVYUVOqC
D/SimpleDynamoProvider(17909): Server :: Values in operation are Key : qhuw2JFrvGGBQh10HKUMDZDTKPuiGQ30, value: IMz3I1u24aBd7fQotclRv5UgcEfy8sUq, CurrentNode/Originator : 5554, Type : replicate, Succ : 5562
D/SimpleDynamoProvider(17909): Server replicated values at currentNode 5560 key: qhuw2JFrvGGBQh10HKUMDZDTKPuiGQ30 values: IMz3I1u24aBd7fQotclRv5UgcEfy8sUq
D/SimpleDynamoProvider(17909): Server :: Values in operation are Key : Jova1a4Fz8aw8QuoPQEXDIOlorVFgufi, value: ScAEByhoyaOncWvzzOL2purQtLDsntPQ, CurrentNode/Originator : 5556, Type : replicate, Succ : 5562
D/SimpleDynamoProvider(17909): Server replicated values at currentNode 5560 key: Jova1a4Fz8aw8QuoPQEXDIOlorVFgufi values: ScAEByhoyaOncWvzzOL2purQtLDsntPQ
D/SimpleDynamoProvider(17909): Server :: Values in operation are Key : WRFZ1gDDiuZ4nAZIr8H7auX0oMJetK0D, value: vtjeQZSPjnC4UadDfVG9GjNGPTmMx61v, CurrentNode/Originator : 5562, Type : replicate, Succ : 5556
D/SimpleDynamoProvider(17909): Server replicated values at currentNode 5560 key: WRFZ1gDDiuZ4nAZIr8H7auX0oMJetK0D values: vtjeQZSPjnC4UadDfVG9GjNGPTmMx61v
D/SimpleDynamoProvider(17909): Server :: Values in operation are Key : NfhdaazkpYT2yPXMYgX4hWhAhVPiDAXg, value: LdGqak98VW5UjXrEi4PbxINh4AfuhT7H, CurrentNode/Originator : 5554, Type : replicate, Succ : 5562
D/SimpleDynamoProvider(17909): Server replicated values at currentNode 5560 key: NfhdaazkpYT2yPXMYgX4hWhAhVPiDAXg values: LdGqak98VW5UjXrEi4PbxINh4AfuhT7H
D/AndroidRuntime(17955): 
D/AndroidRuntime(17955): >>>>>> AndroidRuntime START com.android.internal.os.RuntimeInit <<<<<<
D/AndroidRuntime(17955): CheckJNI is ON
D/dalvikvm(17955): Trying to load lib libjavacore.so 0x0
D/dalvikvm(17955): Added shared lib libjavacore.so 0x0
D/dalvikvm(17955): Trying to load lib libnativehelper.so 0x0
D/dalvikvm(17955): Added shared lib libnativehelper.so 0x0
D/dalvikvm(17955): No JNI_OnLoad found in libnativehelper.so 0x0, skipping init
D/dalvikvm(17955): Note: class Landroid/app/ActivityManagerNative; has 179 unimplemented (abstract) methods
E/memtrack(17955): Couldn't load memtrack module (No such file or directory)
E/android.os.Debug(17955): failed to load memtrack module: -2
D/AndroidRuntime(17955): Calling main entry com.android.commands.content.Content
D/SimpleDynamoProvider(17909): Insert() :: Values set in operation are Key : aZrzp3orJQiIsoQedrIY35jeH9tkTYcA, value: YLGzMD7u1SaHvw7t8RJuHybf9dShenYV, CurrentNode/Originator : 5560, Type : insert, Succ : 5562
D/SimpleDynamoProvider(17909): Insert() Client forward Insert node : 5558 from currentNode : 5560 Key : aZrzp3orJQiIsoQedrIY35jeH9tkTYcA Value :YLGzMD7u1SaHvw7t8RJuHybf9dShenYV
D/SimpleDynamoProvider(17909): Insert() Replicating to succ's check succ port's, Key: aZrzp3orJQiIsoQedrIY35jeH9tkTYcAvalue: YLGzMD7u1SaHvw7t8RJuHybf9dShenYV
D/SimpleDynamoProvider(17909): Replicate() Calling client currentNode 5560 Succ is :5560 key: aZrzp3orJQiIsoQedrIY35jeH9tkTYcA values: YLGzMD7u1SaHvw7t8RJuHybf9dShenYV
D/SimpleDynamoProvider(17909): Replicate() Calling client currentNode 5560 Succ is :5562 key: aZrzp3orJQiIsoQedrIY35jeH9tkTYcA values: YLGzMD7u1SaHvw7t8RJuHybf9dShenYV
D/AndroidRuntime(17955): Shutting down VM
D/jdwp    (17955): Got wake-up signal, bailing out of select
D/dalvikvm(17955): Debugger has detached; object registry had 1 entries
D/SimpleDynamoProvider(17909): Client sending to Succ Server :: Values set in operation are Key : aZrzp3orJQiIsoQedrIY35jeH9tkTYcA, value: YLGzMD7u1SaHvw7t8RJuHybf9dShenYV, CurrentNode/Originator : 5560, Type : replicate, Succ : 5562
D/SimpleDynamoProvider(17909): Client Remote port is 11124
D/SimpleDynamoProvider(17909): Client sending to Succ Server :: Values set in operation are Key : aZrzp3orJQiIsoQedrIY35jeH9tkTYcA, value: YLGzMD7u1SaHvw7t8RJuHybf9dShenYV, CurrentNode/Originator : 5560, Type : replicate, Succ : 5562
D/SimpleDynamoProvider(17909): Client Remote port is 11120
D/SimpleDynamoProvider(17909): Client sending to Succ Server :: Values set in operation are Key : aZrzp3orJQiIsoQedrIY35jeH9tkTYcA, value: YLGzMD7u1SaHvw7t8RJuHybf9dShenYV, CurrentNode/Originator : 5560, Type : replicate, Succ : 5562
D/SimpleDynamoProvider(17909): Client Remote port is 11116
D/SimpleDynamoProvider(17909): Server :: Values in operation are Key : O0AqQ3rf8BOfo02q32ot24n48HqMPsgz, value: ZY2X8NV4YnIzy1fY7GLx6pOszHe5RY5e, CurrentNode/Originator : 5558, Type : replicate, Succ : 5562
D/SimpleDynamoProvider(17909): Server replicated values at currentNode 5560 key: O0AqQ3rf8BOfo02q32ot24n48HqMPsgz values: ZY2X8NV4YnIzy1fY7GLx6pOszHe5RY5e
D/SimpleDynamoProvider(17909): Server :: Values in operation are Key : aZrzp3orJQiIsoQedrIY35jeH9tkTYcA, value: YLGzMD7u1SaHvw7t8RJuHybf9dShenYV, CurrentNode/Originator : 5560, Type : replicate, Succ : 5562
D/SimpleDynamoProvider(17909): Server replicated values at currentNode 5560 key: aZrzp3orJQiIsoQedrIY35jeH9tkTYcA values: YLGzMD7u1SaHvw7t8RJuHybf9dShenYV
D/AndroidRuntime(17971): 
D/AndroidRuntime(17971): >>>>>> AndroidRuntime START com.android.internal.os.RuntimeInit <<<<<<
D/AndroidRuntime(17971): CheckJNI is ON
D/dalvikvm(17971): Trying to load lib libjavacore.so 0x0
D/dalvikvm(17971): Added shared lib libjavacore.so 0x0
D/dalvikvm(17971): Trying to load lib libnativehelper.so 0x0
D/dalvikvm(17971): Added shared lib libnativehelper.so 0x0
D/dalvikvm(17971): No JNI_OnLoad found in libnativehelper.so 0x0, skipping init
D/dalvikvm(17971): Note: class Landroid/app/ActivityManagerNative; has 179 unimplemented (abstract) methods
D/SimpleDynamoProvider(17909): Server :: Values in operation are Key : XPGUwTrKwR7jcsJ2S7lBtVFrk9hR6RqH, value: 1Xnoabl6ehHgG6eXVR0w7P6TeMHVW7Xc, CurrentNode/Originator : 5556, Type : replicate, Succ : 5562
D/SimpleDynamoProvider(17909): Server replicated values at currentNode 5560 key: XPGUwTrKwR7jcsJ2S7lBtVFrk9hR6RqH values: 1Xnoabl6ehHgG6eXVR0w7P6TeMHVW7Xc
E/memtrack(17971): Couldn't load memtrack module (No such file or directory)
E/android.os.Debug(17971): failed to load memtrack module: -2
D/AndroidRuntime(17971): Calling main entry com.android.commands.content.Content
D/SimpleDynamoProvider(17909): Query selection : aZrzp3orJQiIsoQedrIY35jeH9tkTYcA
D/SimpleDynamoProvider(17909): returnValueForKeyQuery() checking in Node CurrentNode: 5560 Key is : aZrzp3orJQiIsoQedrIY35jeH9tkTYcA
D/SimpleDynamoProvider(17909): returnValueForKeyQuery() :: found key aZrzp3orJQiIsoQedrIY35jeH9tkTYcA value is : YLGzMD7u1SaHvw7t8RJuHybf9dShenYV in Node : 5560
D/SimpleDynamoProvider(17909): Query() :: found key aZrzp3orJQiIsoQedrIY35jeH9tkTYcA in Node : 5560 mutexQuery : null
D/AndroidRuntime(17971): Shutting down VM
D/jdwp    (17971): Got wake-up signal, bailing out of select
D/dalvikvm(17971): Debugger has detached; object registry had 1 entries
D/SimpleDynamoProvider(17909): Server :: Values in operation are Key : XDjsP1DODh6oRFyMt4or2QmAhMCbV2Bi, value: G9aujoGyZmvHaEVxptlECHBeHBiwnGco, CurrentNode/Originator : 5554, Type : replicate, Succ : 5562
D/dalvikvm(17909): GC_FOR_ALLOC freed 512K, 18% free 2838K/3424K, paused 4ms, total 4ms
D/SimpleDynamoProvider(17909): Server replicated values at currentNode 5560 key: XDjsP1DODh6oRFyMt4or2QmAhMCbV2Bi values: G9aujoGyZmvHaEVxptlECHBeHBiwnGco
D/AndroidRuntime(17981): 
D/AndroidRuntime(17981): >>>>>> AndroidRuntime START com.android.internal.os.RuntimeInit <<<<<<
D/AndroidRuntime(17981): CheckJNI is ON
D/dalvikvm(17981): Trying to load lib libjavacore.so 0x0
D/dalvikvm(17981): Added shared lib libjavacore.so 0x0
D/dalvikvm(17981): Trying to load lib libnativehelper.so 0x0
D/dalvikvm(17981): Added shared lib libnativehelper.so 0x0
D/dalvikvm(17981): No JNI_OnLoad found in libnativehelper.so 0x0, skipping init
D/dalvikvm(17981): Note: class Landroid/app/ActivityManagerNative; has 179 unimplemented (abstract) methods
E/memtrack(17981): Couldn't load memtrack module (No such file or directory)
E/android.os.Debug(17981): failed to load memtrack module: -2
D/AndroidRuntime(17981): Calling main entry com.android.commands.content.Content
D/SimpleDynamoProvider(17909): Insert() :: Values set in operation are Key : RL7mhRodVPlig3tJs6HdhbzTIlQpN4Cc, value: WmYZ6SLsfmgSlC42RndsbpJYCqvGdGac, CurrentNode/Originator : 5560, Type : insert, Succ : 5562
D/SimpleDynamoProvider(17909): Insert() Client forward Insert node : 5558 from currentNode : 5560 Key : RL7mhRodVPlig3tJs6HdhbzTIlQpN4Cc Value :WmYZ6SLsfmgSlC42RndsbpJYCqvGdGac
D/SimpleDynamoProvider(17909): Insert() Replicating to succ's check succ port's, Key: RL7mhRodVPlig3tJs6HdhbzTIlQpN4Ccvalue: WmYZ6SLsfmgSlC42RndsbpJYCqvGdGac
D/SimpleDynamoProvider(17909): Replicate() Calling client currentNode 5560 Succ is :5560 key: RL7mhRodVPlig3tJs6HdhbzTIlQpN4Cc values: WmYZ6SLsfmgSlC42RndsbpJYCqvGdGac
D/SimpleDynamoProvider(17909): Client sending to Succ Server :: Values set in operation are Key : RL7mhRodVPlig3tJs6HdhbzTIlQpN4Cc, value: WmYZ6SLsfmgSlC42RndsbpJYCqvGdGac, CurrentNode/Originator : 5560, Type : replicate, Succ : 5560
D/SimpleDynamoProvider(17909): Client Remote port is 11116
D/SimpleDynamoProvider(17909): Replicate() Calling client currentNode 5560 Succ is :5562 key: RL7mhRodVPlig3tJs6HdhbzTIlQpN4Cc values: WmYZ6SLsfmgSlC42RndsbpJYCqvGdGac
D/SimpleDynamoProvider(17909): Client sending to Succ Server :: Values set in operation are Key : RL7mhRodVPlig3tJs6HdhbzTIlQpN4Cc, value: WmYZ6SLsfmgSlC42RndsbpJYCqvGdGac, CurrentNode/Originator : 5560, Type : replicate, Succ : 5562
D/SimpleDynamoProvider(17909): Client Remote port is 11120
D/AndroidRuntime(17981): Shutting down VM
D/jdwp    (17981): Got wake-up signal, bailing out of select
D/dalvikvm(17981): Debugger has detached; object registry had 1 entries
D/SimpleDynamoProvider(17909): Client sending to Succ Server :: Values set in operation are Key : RL7mhRodVPlig3tJs6HdhbzTIlQpN4Cc, value: WmYZ6SLsfmgSlC42RndsbpJYCqvGdGac, CurrentNode/Originator : 5560, Type : replicate, Succ : 5562
D/SimpleDynamoProvider(17909): Client Remote port is 11124
D/SimpleDynamoProvider(17909): Server :: Values in operation are Key : RL7mhRodVPlig3tJs6HdhbzTIlQpN4Cc, value: WmYZ6SLsfmgSlC42RndsbpJYCqvGdGac, CurrentNode/Originator : 5560, Type : replicate, Succ : 5562
D/SimpleDynamoProvider(17909): Server replicated values at currentNode 5560 key: RL7mhRodVPlig3tJs6HdhbzTIlQpN4Cc values: WmYZ6SLsfmgSlC42RndsbpJYCqvGdGac
D/AndroidRuntime(17997): 
D/AndroidRuntime(17997): >>>>>> AndroidRuntime START com.android.internal.os.RuntimeInit <<<<<<
D/AndroidRuntime(17997): CheckJNI is ON
D/dalvikvm(17997): Trying to load lib libjavacore.so 0x0
D/dalvikvm(17997): Added shared lib libjavacore.so 0x0
D/dalvikvm(17997): Trying to load lib libnativehelper.so 0x0
D/dalvikvm(17997): Added shared lib libnativehelper.so 0x0
D/dalvikvm(17997): No JNI_OnLoad found in libnativehelper.so 0x0, skipping init
D/dalvikvm(17997): Note: class Landroid/app/ActivityManagerNative; has 179 unimplemented (abstract) methods
E/memtrack(17997): Couldn't load memtrack module (No such file or directory)
E/android.os.Debug(17997): failed to load memtrack module: -2
D/AndroidRuntime(17997): Calling main entry com.android.commands.content.Content
D/SimpleDynamoProvider(17909): Query selection : RL7mhRodVPlig3tJs6HdhbzTIlQpN4Cc
D/SimpleDynamoProvider(17909): returnValueForKeyQuery() checking in Node CurrentNode: 5560 Key is : RL7mhRodVPlig3tJs6HdhbzTIlQpN4Cc
D/SimpleDynamoProvider(17909): returnValueForKeyQuery() :: found key RL7mhRodVPlig3tJs6HdhbzTIlQpN4Cc value is : WmYZ6SLsfmgSlC42RndsbpJYCqvGdGac in Node : 5560
D/SimpleDynamoProvider(17909): Query() :: found key RL7mhRodVPlig3tJs6HdhbzTIlQpN4Cc in Node : 5560 mutexQuery : null
D/AndroidRuntime(17997): Shutting down VM
D/dalvikvm(17997): Debugger has detached; object registry had 1 entries
D/AndroidRuntime(18007): 
D/AndroidRuntime(18007): >>>>>> AndroidRuntime START com.android.internal.os.RuntimeInit <<<<<<
D/AndroidRuntime(18007): CheckJNI is ON
D/dalvikvm(18007): Trying to load lib libjavacore.so 0x0
D/dalvikvm(18007): Added shared lib libjavacore.so 0x0
D/dalvikvm(18007): Trying to load lib libnativehelper.so 0x0
D/dalvikvm(18007): Added shared lib libnativehelper.so 0x0
D/dalvikvm(18007): No JNI_OnLoad found in libnativehelper.so 0x0, skipping init
D/dalvikvm(18007): Note: class Landroid/app/ActivityManagerNative; has 179 unimplemented (abstract) methods
E/memtrack(18007): Couldn't load memtrack module (No such file or directory)
E/android.os.Debug(18007): failed to load memtrack module: -2
D/AndroidRuntime(18007): Calling main entry com.android.commands.content.Content
D/SimpleDynamoProvider(17909): Insert() :: Values set in operation are Key : tjWmSpWvnxVbk5ocfb59ScQ84Cd9bh3l, value: HuLN7GUGTB6UFhK9iEUcOXmSdsWBMG68, CurrentNode/Originator : 5560, Type : insert, Succ : 5562
D/SimpleDynamoProvider(17909): Insert() and replicating current port no : 5560 Key: tjWmSpWvnxVbk5ocfb59ScQ84Cd9bh3lvalue: HuLN7GUGTB6UFhK9iEUcOXmSdsWBMG68
D/SimpleDynamoProvider(17909): Replicate() Calling client currentNode 5560 Succ is :5562 key: tjWmSpWvnxVbk5ocfb59ScQ84Cd9bh3l values: HuLN7GUGTB6UFhK9iEUcOXmSdsWBMG68
D/SimpleDynamoProvider(17909): Replicate() Calling client currentNode 5560 Succ is :5556 key: tjWmSpWvnxVbk5ocfb59ScQ84Cd9bh3l values: HuLN7GUGTB6UFhK9iEUcOXmSdsWBMG68
D/AndroidRuntime(18007): Shutting down VM
D/jdwp    (18007): Got wake-up signal, bailing out of select
D/dalvikvm(18007): Debugger has detached; object registry had 1 entries
D/SimpleDynamoProvider(17909): Client sending to Succ Server :: Values set in operation are Key : tjWmSpWvnxVbk5ocfb59ScQ84Cd9bh3l, value: HuLN7GUGTB6UFhK9iEUcOXmSdsWBMG68, CurrentNode/Originator : 5560, Type : replicate, Succ : 5556
D/SimpleDynamoProvider(17909): Client Remote port is 11112
D/SimpleDynamoProvider(17909): Client sending to Succ Server :: Values set in operation are Key : tjWmSpWvnxVbk5ocfb59ScQ84Cd9bh3l, value: HuLN7GUGTB6UFhK9iEUcOXmSdsWBMG68, CurrentNode/Originator : 5560, Type : replicate, Succ : 5556
D/SimpleDynamoProvider(17909): Client Remote port is 11124
D/AndroidRuntime(18022): 
D/AndroidRuntime(18022): >>>>>> AndroidRuntime START com.android.internal.os.RuntimeInit <<<<<<
D/AndroidRuntime(18022): CheckJNI is ON
D/dalvikvm(18022): Trying to load lib libjavacore.so 0x0
D/dalvikvm(18022): Added shared lib libjavacore.so 0x0
D/dalvikvm(18022): Trying to load lib libnativehelper.so 0x0
D/dalvikvm(18022): Added shared lib libnativehelper.so 0x0
D/dalvikvm(18022): No JNI_OnLoad found in libnativehelper.so 0x0, skipping init
D/SimpleDynamoProvider(17909): Server :: Values in operation are Key : pm6MgTN3upBdfGqafbtVAjHfC93jvy6j, value: RP5sqXDVG8V5YY6Oc944ampyQTMDkQg4, CurrentNode/Originator : 5558, Type : replicate, Succ : 5556
D/SimpleDynamoProvider(17909): Server replicated values at currentNode 5560 key: pm6MgTN3upBdfGqafbtVAjHfC93jvy6j values: RP5sqXDVG8V5YY6Oc944ampyQTMDkQg4
D/SimpleDynamoProvider(17909): Server :: Values in operation are Key : HHfGcBplWROV3fPJ6dvMwhmk8HciVZUc, value: WKkKO3B9H4x9konVUbrx3sNVNofKewL3, CurrentNode/Originator : 5554, Type : replicate, Succ : 5562
D/SimpleDynamoProvider(17909): Server replicated values at currentNode 5560 key: HHfGcBplWROV3fPJ6dvMwhmk8HciVZUc values: WKkKO3B9H4x9konVUbrx3sNVNofKewL3
D/dalvikvm(18022): Note: class Landroid/app/ActivityManagerNative; has 179 unimplemented (abstract) methods
E/memtrack(18022): Couldn't load memtrack module (No such file or directory)
E/android.os.Debug(18022): failed to load memtrack module: -2
D/AndroidRuntime(18022): Calling main entry com.android.commands.content.Content
D/SimpleDynamoProvider(17909): Query selection : tjWmSpWvnxVbk5ocfb59ScQ84Cd9bh3l
D/SimpleDynamoProvider(17909): returnValueForKeyQuery() checking in Node CurrentNode: 5560 Key is : tjWmSpWvnxVbk5ocfb59ScQ84Cd9bh3l
D/SimpleDynamoProvider(17909): returnValueForKeyQuery() :: found key tjWmSpWvnxVbk5ocfb59ScQ84Cd9bh3l value is : HuLN7GUGTB6UFhK9iEUcOXmSdsWBMG68 in Node : 5560
D/SimpleDynamoProvider(17909): Query() :: found key tjWmSpWvnxVbk5ocfb59ScQ84Cd9bh3l in Node : 5560 mutexQuery : null
D/AndroidRuntime(18022): Shutting down VM
D/dalvikvm(18022): Debugger has detached; object registry had 1 entries
I/AndroidRuntime(18022): NOTE: attach of thread 'Binder_1' failed
D/SimpleDynamoProvider(17909): Server :: Values in operation are Key : whZShlPiMLu2ZI48jPJJ3y0WO0liq9uA, value: FPj895Fd6keAvHH6kF94noFoRX9SqQNs, CurrentNode/Originator : 5562, Type : replicate, Succ : 5562
D/SimpleDynamoProvider(17909): Server replicated values at currentNode 5560 key: whZShlPiMLu2ZI48jPJJ3y0WO0liq9uA values: FPj895Fd6keAvHH6kF94noFoRX9SqQNs
D/SimpleDynamoProvider(17909): Server :: Values in operation are Key : 9AObofWoWQnTau1XsZ3MUSTwzCIvDTVM, value: S0bklQcBGEtNjPVUqZ8dKG76pAThsK4x, CurrentNode/Originator : 5556, Type : replicate, Succ : 5562
D/SimpleDynamoProvider(17909): Server replicated values at currentNode 5560 key: 9AObofWoWQnTau1XsZ3MUSTwzCIvDTVM values: S0bklQcBGEtNjPVUqZ8dKG76pAThsK4x
D/AndroidRuntime(18031): 
D/AndroidRuntime(18031): >>>>>> AndroidRuntime START com.android.internal.os.RuntimeInit <<<<<<
D/AndroidRuntime(18031): CheckJNI is ON
D/dalvikvm(18031): Trying to load lib libjavacore.so 0x0
D/dalvikvm(18031): Added shared lib libjavacore.so 0x0
D/dalvikvm(18031): Trying to load lib libnativehelper.so 0x0
D/dalvikvm(18031): Added shared lib libnativehelper.so 0x0
D/dalvikvm(18031): No JNI_OnLoad found in libnativehelper.so 0x0, skipping init
D/dalvikvm(18031): Note: class Landroid/app/ActivityManagerNative; has 179 unimplemented (abstract) methods
E/memtrack(18031): Couldn't load memtrack module (No such file or directory)
E/android.os.Debug(18031): failed to load memtrack module: -2
D/AndroidRuntime(18031): Calling main entry com.android.commands.content.Content
D/SimpleDynamoProvider(17909): Insert() :: Values set in operation are Key : jyxisNe88ozUuCGclouxDn0sdREdLR1D, value: JKk2QiVlJDbrTaJqBZbFtEFL3BQb6Ezd, CurrentNode/Originator : 5560, Type : insert, Succ : 5562
D/dalvikvm(17909): GC_FOR_ALLOC freed 513K, 18% free 2836K/3424K, paused 4ms, total 4ms
D/SimpleDynamoProvider(17909): Insert() Client forward Insert node : 5558 from currentNode : 5560 Key : jyxisNe88ozUuCGclouxDn0sdREdLR1D Value :JKk2QiVlJDbrTaJqBZbFtEFL3BQb6Ezd
D/SimpleDynamoProvider(17909): Insert() Replicating to succ's check succ port's, Key: jyxisNe88ozUuCGclouxDn0sdREdLR1Dvalue: JKk2QiVlJDbrTaJqBZbFtEFL3BQb6Ezd
D/SimpleDynamoProvider(17909): Replicate() Calling client currentNode 5560 Succ is :5560 key: jyxisNe88ozUuCGclouxDn0sdREdLR1D values: JKk2QiVlJDbrTaJqBZbFtEFL3BQb6Ezd
D/SimpleDynamoProvider(17909): Client sending to Succ Server :: Values set in operation are Key : jyxisNe88ozUuCGclouxDn0sdREdLR1D, value: JKk2QiVlJDbrTaJqBZbFtEFL3BQb6Ezd, CurrentNode/Originator : 5560, Type : replicate, Succ : 5560
D/SimpleDynamoProvider(17909): Client Remote port is 11116
D/SimpleDynamoProvider(17909): Replicate() Calling client currentNode 5560 Succ is :5562 key: jyxisNe88ozUuCGclouxDn0sdREdLR1D values: JKk2QiVlJDbrTaJqBZbFtEFL3BQb6Ezd
D/SimpleDynamoProvider(17909): Client sending to Succ Server :: Values set in operation are Key : jyxisNe88ozUuCGclouxDn0sdREdLR1D, value: JKk2QiVlJDbrTaJqBZbFtEFL3BQb6Ezd, CurrentNode/Originator : 5560, Type : replicate, Succ : 5562
D/SimpleDynamoProvider(17909): Client Remote port is 11120
D/AndroidRuntime(18031): Shutting down VM
D/jdwp    (18031): Got wake-up signal, bailing out of select
D/dalvikvm(18031): Debugger has detached; object registry had 1 entries
D/SimpleDynamoProvider(17909): Client sending to Succ Server :: Values set in operation are Key : jyxisNe88ozUuCGclouxDn0sdREdLR1D, value: JKk2QiVlJDbrTaJqBZbFtEFL3BQb6Ezd, CurrentNode/Originator : 5560, Type : replicate, Succ : 5562
D/SimpleDynamoProvider(17909): Client Remote port is 11124
D/SimpleDynamoProvider(17909): Server :: Values in operation are Key : pm6MgTN3upBdfGqafbtVAjHfC93jvy6j, value: null, CurrentNode/Originator : 5558, Type : singleKeyQuery, Succ : 5560
D/SimpleDynamoProvider(17909): Server singleKeyQuery key is pm6MgTN3upBdfGqafbtVAjHfC93jvy6j currentNode is 5560 Originator is 5558
D/SimpleDynamoProvider(17909): returnValueForKeyQuery() checking in Node CurrentNode: 5560 Key is : pm6MgTN3upBdfGqafbtVAjHfC93jvy6j
D/SimpleDynamoProvider(17909): returnValueForKeyQuery() :: found key pm6MgTN3upBdfGqafbtVAjHfC93jvy6j value is : RP5sqXDVG8V5YY6Oc944ampyQTMDkQg4 in Node : 5560
D/SimpleDynamoProvider(17909): Server singleKeyQuery sending to Originator :: Values set in operation are Key : pm6MgTN3upBdfGqafbtVAjHfC93jvy6j, value: RP5sqXDVG8V5YY6Oc944ampyQTMDkQg4, CurrentNode/Originator : 5558, Type : singleKeyQueryValue, Succ : 5558
D/SimpleDynamoProvider(17909): Server :: Values in operation are Key : jyxisNe88ozUuCGclouxDn0sdREdLR1D, value: JKk2QiVlJDbrTaJqBZbFtEFL3BQb6Ezd, CurrentNode/Originator : 5560, Type : replicate, Succ : 5562
D/SimpleDynamoProvider(17909): Server replicated values at currentNode 5560 key: jyxisNe88ozUuCGclouxDn0sdREdLR1D values: JKk2QiVlJDbrTaJqBZbFtEFL3BQb6Ezd
D/SimpleDynamoProvider(17909): Client sending to Succ Server :: Values set in operation are Key : pm6MgTN3upBdfGqafbtVAjHfC93jvy6j, value: RP5sqXDVG8V5YY6Oc944ampyQTMDkQg4, CurrentNode/Originator : 5558, Type : singleKeyQueryValue, Succ : 5558
D/SimpleDynamoProvider(17909): Client Remote port is 11116
D/AndroidRuntime(18048): 
D/AndroidRuntime(18048): >>>>>> AndroidRuntime START com.android.internal.os.RuntimeInit <<<<<<
D/AndroidRuntime(18048): CheckJNI is ON
D/dalvikvm(18048): Trying to load lib libjavacore.so 0x0
D/dalvikvm(18048): Added shared lib libjavacore.so 0x0
D/dalvikvm(18048): Trying to load lib libnativehelper.so 0x0
D/dalvikvm(18048): Added shared lib libnativehelper.so 0x0
D/dalvikvm(18048): No JNI_OnLoad found in libnativehelper.so 0x0, skipping init
D/dalvikvm(18048): Note: class Landroid/app/ActivityManagerNative; has 179 unimplemented (abstract) methods
E/memtrack(18048): Couldn't load memtrack module (No such file or directory)
E/android.os.Debug(18048): failed to load memtrack module: -2
D/AndroidRuntime(18048): Calling main entry com.android.commands.content.Content
D/SimpleDynamoProvider(17909): Query selection : jyxisNe88ozUuCGclouxDn0sdREdLR1D
D/SimpleDynamoProvider(17909): returnValueForKeyQuery() checking in Node CurrentNode: 5560 Key is : jyxisNe88ozUuCGclouxDn0sdREdLR1D
D/SimpleDynamoProvider(17909): returnValueForKeyQuery() :: found key jyxisNe88ozUuCGclouxDn0sdREdLR1D value is : JKk2QiVlJDbrTaJqBZbFtEFL3BQb6Ezd in Node : 5560
D/SimpleDynamoProvider(17909): Query() :: found key jyxisNe88ozUuCGclouxDn0sdREdLR1D in Node : 5560 mutexQuery : null
D/AndroidRuntime(18048): Shutting down VM
D/dalvikvm(18048): Debugger has detached; object registry had 1 entries
D/AndroidRuntime(18058): 
D/AndroidRuntime(18058): >>>>>> AndroidRuntime START com.android.internal.os.RuntimeInit <<<<<<
D/AndroidRuntime(18058): CheckJNI is ON
D/dalvikvm(18058): Trying to load lib libjavacore.so 0x0
D/dalvikvm(18058): Added shared lib libjavacore.so 0x0
D/dalvikvm(18058): Trying to load lib libnativehelper.so 0x0
D/dalvikvm(18058): Added shared lib libnativehelper.so 0x0
D/dalvikvm(18058): No JNI_OnLoad found in libnativehelper.so 0x0, skipping init
D/SimpleDynamoProvider(17909): Server :: Values in operation are Key : tz49fV9JdPQQT2sMZSfP70HxVs90uozX, value: 9mKJRM4YaZtT4rJFC2ZGH0vSSOWj55Ds, CurrentNode/Originator : 5562, Type : replicate, Succ : 5560
D/SimpleDynamoProvider(17909): Server replicated values at currentNode 5560 key: tz49fV9JdPQQT2sMZSfP70HxVs90uozX values: 9mKJRM4YaZtT4rJFC2ZGH0vSSOWj55Ds
D/SimpleDynamoProvider(17909): Server :: Values in operation are Key : 6kx1SzcAmMtQDcD8UcaGKQhfZFvn0Ef2, value: GEh4ae8LivfN9VSHyfuUVkEsocSnsruR, CurrentNode/Originator : 5554, Type : replicate, Succ : 5556
D/SimpleDynamoProvider(17909): Server replicated values at currentNode 5560 key: 6kx1SzcAmMtQDcD8UcaGKQhfZFvn0Ef2 values: GEh4ae8LivfN9VSHyfuUVkEsocSnsruR
D/dalvikvm(18058): Note: class Landroid/app/ActivityManagerNative; has 179 unimplemented (abstract) methods
E/memtrack(18058): Couldn't load memtrack module (No such file or directory)
E/android.os.Debug(18058): failed to load memtrack module: -2
D/SimpleDynamoProvider(17909): Server :: Values in operation are Key : BALzXf7pcHAJ4qOVWPeV9BDewxINPhlA, value: 7ya6GMSWof2GixNMsX0e7tem8qIavD6x, CurrentNode/Originator : 5556, Type : replicate, Succ : 5562
D/SimpleDynamoProvider(17909): Server replicated values at currentNode 5560 key: BALzXf7pcHAJ4qOVWPeV9BDewxINPhlA values: 7ya6GMSWof2GixNMsX0e7tem8qIavD6x
D/AndroidRuntime(18058): Calling main entry com.android.commands.content.Content
D/SimpleDynamoProvider(17909): Insert() :: Values set in operation are Key : VgecBbY5X1HcM1CmF3dJ47SYSgtMvLx2, value: FJDCeDspg4THHX67i4Ro4tnIi5Px6rtw, CurrentNode/Originator : 5560, Type : insert, Succ : 5562
D/SimpleDynamoProvider(17909): Insert() Client forward Insert node : 5562 from currentNode : 5560 Key : VgecBbY5X1HcM1CmF3dJ47SYSgtMvLx2 Value :FJDCeDspg4THHX67i4Ro4tnIi5Px6rtw
D/SimpleDynamoProvider(17909): Insert() Replicating to succ's check succ port's, Key: VgecBbY5X1HcM1CmF3dJ47SYSgtMvLx2value: FJDCeDspg4THHX67i4Ro4tnIi5Px6rtw
D/SimpleDynamoProvider(17909): Replicate() Calling client currentNode 5560 Succ is :5556 key: VgecBbY5X1HcM1CmF3dJ47SYSgtMvLx2 values: FJDCeDspg4THHX67i4Ro4tnIi5Px6rtw
D/SimpleDynamoProvider(17909): Client sending to Succ Server :: Values set in operation are Key : VgecBbY5X1HcM1CmF3dJ47SYSgtMvLx2, value: FJDCeDspg4THHX67i4Ro4tnIi5Px6rtw, CurrentNode/Originator : 5560, Type : replicate, Succ : 5556
D/SimpleDynamoProvider(17909): Client Remote port is 11124
D/SimpleDynamoProvider(17909): Replicate() Calling client currentNode 5560 Succ is :5554 key: VgecBbY5X1HcM1CmF3dJ47SYSgtMvLx2 values: FJDCeDspg4THHX67i4Ro4tnIi5Px6rtw
D/SimpleDynamoProvider(17909): Client sending to Succ Server :: Values set in operation are Key : VgecBbY5X1HcM1CmF3dJ47SYSgtMvLx2, value: FJDCeDspg4THHX67i4Ro4tnIi5Px6rtw, CurrentNode/Originator : 5560, Type : replicate, Succ : 5554
D/SimpleDynamoProvider(17909): Client Remote port is 11112
D/AndroidRuntime(18058): Shutting down VM
D/jdwp    (18058): Got wake-up signal, bailing out of select
D/dalvikvm(18058): Debugger has detached; object registry had 1 entries
D/SimpleDynamoProvider(17909): Client sending to Succ Server :: Values set in operation are Key : VgecBbY5X1HcM1CmF3dJ47SYSgtMvLx2, value: FJDCeDspg4THHX67i4Ro4tnIi5Px6rtw, CurrentNode/Originator : 5560, Type : replicate, Succ : 5554
D/SimpleDynamoProvider(17909): Client Remote port is 11108
D/dalvikvm(17909): GC_FOR_ALLOC freed 495K, 17% free 2853K/3424K, paused 27ms, total 27ms
D/SimpleDynamoProvider(17909): Server :: Values in operation are Key : 6kx1SzcAmMtQDcD8UcaGKQhfZFvn0Ef2, value: null, CurrentNode/Originator : 5554, Type : singleKeyQuery, Succ : 5560
D/SimpleDynamoProvider(17909): Server singleKeyQuery key is 6kx1SzcAmMtQDcD8UcaGKQhfZFvn0Ef2 currentNode is 5560 Originator is 5554
D/SimpleDynamoProvider(17909): returnValueForKeyQuery() checking in Node CurrentNode: 5560 Key is : 6kx1SzcAmMtQDcD8UcaGKQhfZFvn0Ef2
D/SimpleDynamoProvider(17909): returnValueForKeyQuery() :: found key 6kx1SzcAmMtQDcD8UcaGKQhfZFvn0Ef2 value is : GEh4ae8LivfN9VSHyfuUVkEsocSnsruR in Node : 5560
D/SimpleDynamoProvider(17909): Server singleKeyQuery sending to Originator :: Values set in operation are Key : 6kx1SzcAmMtQDcD8UcaGKQhfZFvn0Ef2, value: GEh4ae8LivfN9VSHyfuUVkEsocSnsruR, CurrentNode/Originator : 5554, Type : singleKeyQueryValue, Succ : 5554
D/SimpleDynamoProvider(17909): Client sending to Succ Server :: Values set in operation are Key : 6kx1SzcAmMtQDcD8UcaGKQhfZFvn0Ef2, value: GEh4ae8LivfN9VSHyfuUVkEsocSnsruR, CurrentNode/Originator : 5554, Type : singleKeyQueryValue, Succ : 5554
D/SimpleDynamoProvider(17909): Client Remote port is 11108
D/AndroidRuntime(18075): 
D/AndroidRuntime(18075): >>>>>> AndroidRuntime START com.android.internal.os.RuntimeInit <<<<<<
D/AndroidRuntime(18075): CheckJNI is ON
D/dalvikvm(18075): Trying to load lib libjavacore.so 0x0
D/dalvikvm(18075): Added shared lib libjavacore.so 0x0
D/dalvikvm(18075): Trying to load lib libnativehelper.so 0x0
D/dalvikvm(18075): Added shared lib libnativehelper.so 0x0
D/dalvikvm(18075): No JNI_OnLoad found in libnativehelper.so 0x0, skipping init
D/dalvikvm(18075): Note: class Landroid/app/ActivityManagerNative; has 179 unimplemented (abstract) methods
E/memtrack(18075): Couldn't load memtrack module (No such file or directory)
E/android.os.Debug(18075): failed to load memtrack module: -2
D/AndroidRuntime(18075): Calling main entry com.android.commands.content.Content
D/SimpleDynamoProvider(17909): Query selection : VgecBbY5X1HcM1CmF3dJ47SYSgtMvLx2
