--------- beginning of /dev/log/system
W/ActivityManager( 1249): Force removing ActivityRecord{b3ff4448 u0 edu.buffalo.cse.cse486586.simpledynamo/.SimpleDynamoActivity t255}: app died, no saved state
I/WindowState( 1249): WIN DEATH: Window{b424f9b0 u0 edu.buffalo.cse.cse486586.simpledynamo/edu.buffalo.cse.cse486586.simpledynamo.SimpleDynamoActivity}
W/InputMethodManagerService( 1249): Got RemoteException sending setActive(false) notification to pid 7804 uid 11130
I/ActivityManager( 1249): Force stopping edu.buffalo.cse.cse486586.simpledynamo appid=11130 user=0: from pid 7847
I/ActivityManager( 1249): START u0 {act=android.intent.action.MAIN cat=[android.intent.category.LAUNCHER] flg=0x10000000 cmp=edu.buffalo.cse.cse486586.simpledynamo/.SimpleDynamoActivity} from pid 7847
W/WindowManager( 1249): Screenshot failure taking screenshot for (123x164) to layer 21010
I/ActivityManager( 1249): Start proc edu.buffalo.cse.cse486586.simpledynamo for activity edu.buffalo.cse.cse486586.simpledynamo/.SimpleDynamoActivity: pid=7858 uid=11130 gids={51130, 3003}
I/ActivityManager( 1249): Force stopping edu.buffalo.cse.cse486586.simpledynamo appid=11130 user=0: from pid 8412
I/ActivityManager( 1249): Killing 7858:edu.buffalo.cse.cse486586.simpledynamo/u0a1130 (adj 0): stop edu.buffalo.cse.cse486586.simpledynamo
I/WindowState( 1249): WIN DEATH: Window{b431ffa8 u0 edu.buffalo.cse.cse486586.simpledynamo/edu.buffalo.cse.cse486586.simpledynamo.SimpleDynamoActivity}
W/ActivityManager( 1249): Force removing ActivityRecord{b4246a10 u0 edu.buffalo.cse.cse486586.simpledynamo/.SimpleDynamoActivity t256}: app died, no saved state
W/InputMethodManagerService( 1249): Got RemoteException sending setActive(false) notification to pid 7858 uid 11130
I/ActivityManager( 1249): Force stopping edu.buffalo.cse.cse486586.simpledynamo appid=11130 user=0: from pid 8435
I/ActivityManager( 1249): START u0 {act=android.intent.action.MAIN cat=[android.intent.category.LAUNCHER] flg=0x10000000 cmp=edu.buffalo.cse.cse486586.simpledynamo/.SimpleDynamoActivity} from pid 8435
W/WindowManager( 1249): Screenshot failure taking screenshot for (123x164) to layer 21010
I/ActivityManager( 1249): Start proc edu.buffalo.cse.cse486586.simpledynamo for activity edu.buffalo.cse.cse486586.simpledynamo/.SimpleDynamoActivity: pid=8446 uid=11130 gids={51130, 3003}
I/ActivityManager( 1249): Force stopping edu.buffalo.cse.cse486586.simpledynamo appid=11130 user=0: from pid 10326
I/ActivityManager( 1249): Killing 8446:edu.buffalo.cse.cse486586.simpledynamo/u0a1130 (adj 0): stop edu.buffalo.cse.cse486586.simpledynamo
W/ActivityManager( 1249): Force removing ActivityRecord{b439f238 u0 edu.buffalo.cse.cse486586.simpledynamo/.SimpleDynamoActivity t257}: app died, no saved state
I/WindowState( 1249): WIN DEATH: Window{b4312e58 u0 edu.buffalo.cse.cse486586.simpledynamo/edu.buffalo.cse.cse486586.simpledynamo.SimpleDynamoActivity}
W/InputMethodManagerService( 1249): Got RemoteException sending setActive(false) notification to pid 8446 uid 11130
I/ActivityManager( 1249): Force stopping edu.buffalo.cse.cse486586.simpledynamo appid=11130 user=0: from pid 10349
I/ActivityManager( 1249): START u0 {act=android.intent.action.MAIN cat=[android.intent.category.LAUNCHER] flg=0x10000000 cmp=edu.buffalo.cse.cse486586.simpledynamo/.SimpleDynamoActivity} from pid 10349
W/WindowManager( 1249): Screenshot failure taking screenshot for (123x164) to layer 21010
I/ActivityManager( 1249): Start proc edu.buffalo.cse.cse486586.simpledynamo for activity edu.buffalo.cse.cse486586.simpledynamo/.SimpleDynamoActivity: pid=10360 uid=11130 gids={51130, 3003}
I/ActivityManager( 1249): Force stopping edu.buffalo.cse.cse486586.simpledynamo appid=11130 user=0: from pid 10379
I/ActivityManager( 1249): Killing 10360:edu.buffalo.cse.cse486586.simpledynamo/u0a1130 (adj 0): stop edu.buffalo.cse.cse486586.simpledynamo
W/ActivityManager( 1249): Force removing ActivityRecord{b424b690 u0 edu.buffalo.cse.cse486586.simpledynamo/.SimpleDynamoActivity t258}: app died, no saved state
I/WindowState( 1249): WIN DEATH: Window{b4217ff0 u0 edu.buffalo.cse.cse486586.simpledynamo/edu.buffalo.cse.cse486586.simpledynamo.SimpleDynamoActivity}
W/InputMethodManagerService( 1249): Got RemoteException sending setActive(false) notification to pid 10360 uid 11130
I/ActivityManager( 1249): Force stopping edu.buffalo.cse.cse486586.simpledynamo appid=11130 user=0: from pid 10401
I/ActivityManager( 1249): START u0 {act=android.intent.action.MAIN cat=[android.intent.category.LAUNCHER] flg=0x10000000 cmp=edu.buffalo.cse.cse486586.simpledynamo/.SimpleDynamoActivity} from pid 10401
W/WindowManager( 1249): Screenshot failure taking screenshot for (123x164) to layer 21010
I/ActivityManager( 1249): Start proc edu.buffalo.cse.cse486586.simpledynamo for activity edu.buffalo.cse.cse486586.simpledynamo/.SimpleDynamoActivity: pid=10412 uid=11130 gids={51130, 3003}
I/ProcessStatsService( 1249): Prepared write state in 0ms
I/ProcessStatsService( 1249): Prepared write state in 0ms
D/ConnectivityService( 1249): Sampling interval elapsed, updating statistics ..
D/ConnectivityService( 1249): Done.
D/ConnectivityService( 1249): Setting timer for 720seconds
W/ActivityManager( 1249): No content provider found for permission revoke: file:///data/local/tmp/SimpleDynamo.apk
W/ActivityManager( 1249): No content provider found for permission revoke: file:///data/local/tmp/SimpleDynamo.apk
I/PackageManager( 1249): Copying native libraries to /data/app-lib/vmdl1964183292
I/ActivityManager( 1249): Force stopping edu.buffalo.cse.cse486586.simpledynamo appid=11130 user=-1: uninstall pkg
I/ActivityManager( 1249): Killing 10412:edu.buffalo.cse.cse486586.simpledynamo/u0a1130 (adj 0): stop edu.buffalo.cse.cse486586.simpledynamo
W/ActivityManager( 1249): Force removing ActivityRecord{b4297490 u0 edu.buffalo.cse.cse486586.simpledynamo/.SimpleDynamoActivity t259}: app died, no saved state
I/WindowState( 1249): WIN DEATH: Window{b428caa8 u0 edu.buffalo.cse.cse486586.simpledynamo/edu.buffalo.cse.cse486586.simpledynamo.SimpleDynamoActivity}
I/PackageManager( 1249): Package edu.buffalo.cse.cse486586.simpledynamo codePath changed from /data/app/edu.buffalo.cse.cse486586.simpledynamo-1.apk to /data/app/edu.buffalo.cse.cse486586.simpledynamo-2.apk; Retaining data and using new
W/PackageManager( 1249): Code path for pkg : edu.buffalo.cse.cse486586.simpledynamo changing from /data/app/edu.buffalo.cse.cse486586.simpledynamo-1.apk to /data/app/edu.buffalo.cse.cse486586.simpledynamo-2.apk
W/PackageManager( 1249): Resource path for pkg : edu.buffalo.cse.cse486586.simpledynamo changing from /data/app/edu.buffalo.cse.cse486586.simpledynamo-1.apk to /data/app/edu.buffalo.cse.cse486586.simpledynamo-2.apk
I/ActivityManager( 1249): Force stopping edu.buffalo.cse.cse486586.simpledynamo appid=11130 user=-1: update pkg
W/InputMethodManagerService( 1249): Got RemoteException sending setActive(false) notification to pid 10412 uid 11130
I/ActivityManager( 1249): Force stopping edu.buffalo.cse.cse486586.simpledynamo appid=11130 user=0: pkg removed
D/BackupManagerService( 1249): Received broadcast Intent { act=android.intent.action.PACKAGE_REMOVED dat=package:edu.buffalo.cse.cse486586.simpledynamo flg=0x4000010 (has extras) }
D/BackupManagerService( 1249): Received broadcast Intent { act=android.intent.action.PACKAGE_ADDED dat=package:edu.buffalo.cse.cse486586.simpledynamo flg=0x4000010 (has extras) }
V/BackupManagerService( 1249): removePackageParticipantsLocked: uid=11130 #1
V/BackupManagerService( 1249): addPackageParticipantsLocked: #1
W/ContextImpl(24899): Calling a method in the system process without a qualified user: android.app.ContextImpl.startService:1479 android.content.ContextWrapper.startService:494 android.content.ContextWrapper.startService:494 com.android.keychain.KeyChainBroadcastReceiver.onReceive:12 android.app.ActivityThread.handleReceiver:2400 
W/RecognitionManagerService( 1249): no available voice recognition services found for user 0
I/ActivityManager( 1249): START u0 {act=android.intent.action.MAIN cat=[android.intent.category.LAUNCHER] flg=0x10000000 cmp=edu.buffalo.cse.cse486586.simpledynamo/.SimpleDynamoActivity} from pid 12624
W/WindowManager( 1249): Screenshot failure taking screenshot for (123x164) to layer 21005
I/ActivityManager( 1249): Start proc edu.buffalo.cse.cse486586.simpledynamo for activity edu.buffalo.cse.cse486586.simpledynamo/.SimpleDynamoActivity: pid=12635 uid=11130 gids={51130, 3003}
I/ActivityManager( 1249): START u0 {act=android.intent.action.MAIN cat=[android.intent.category.LAUNCHER] flg=0x10000000 cmp=edu.buffalo.cse.cse486586.simpledynamo/.SimpleDynamoActivity} from pid 12667
I/ActivityManager( 1249): Force stopping edu.buffalo.cse.cse486586.simpledynamo appid=11130 user=-1: uninstall pkg
I/ActivityManager( 1249): Killing 12635:edu.buffalo.cse.cse486586.simpledynamo/u0a1130 (adj 0): stop edu.buffalo.cse.cse486586.simpledynamo
W/ActivityManager( 1249): Force removing ActivityRecord{b422f610 u0 edu.buffalo.cse.cse486586.simpledynamo/.SimpleDynamoActivity t260}: app died, no saved state
W/PackageManager( 1249): Couldn't delete native library directory /data/app-lib/edu.buffalo.cse.cse486586.simpledynamo
I/WindowState( 1249): WIN DEATH: Window{b428dab0 u0 edu.buffalo.cse.cse486586.simpledynamo/edu.buffalo.cse.cse486586.simpledynamo.SimpleDynamoActivity}
I/ActivityManager( 1249): Force stopping edu.buffalo.cse.cse486586.simpledynamo appid=11130 user=0: pkg removed
D/BackupManagerService( 1249): Received broadcast Intent { act=android.intent.action.PACKAGE_REMOVED dat=package:edu.buffalo.cse.cse486586.simpledynamo flg=0x4000010 (has extras) }
V/BackupManagerService( 1249): removePackageParticipantsLocked: uid=11130 #1
W/InputMethodManagerService( 1249): Got RemoteException sending setActive(false) notification to pid 12635 uid 11130
W/ContextImpl(24899): Calling a method in the system process without a qualified user: android.app.ContextImpl.startService:1479 android.content.ContextWrapper.startService:494 android.content.ContextWrapper.startService:494 com.android.keychain.KeyChainBroadcastReceiver.onReceive:12 android.app.ActivityThread.handleReceiver:2400 
W/ActivityManager( 1249): No content provider found for permission revoke: file:///data/local/tmp/SimpleDynamo.apk
W/ActivityManager( 1249): No content provider found for permission revoke: file:///data/local/tmp/SimpleDynamo.apk
I/PackageManager( 1249): Copying native libraries to /data/app-lib/vmdl1440980744
I/ActivityManager( 1249): Force stopping edu.buffalo.cse.cse486586.simpledynamo appid=11131 user=-1: update pkg
D/BackupManagerService( 1249): Received broadcast Intent { act=android.intent.action.PACKAGE_ADDED dat=package:edu.buffalo.cse.cse486586.simpledynamo flg=0x4000010 (has extras) }
V/BackupManagerService( 1249): addPackageParticipantsLocked: #1
W/RecognitionManagerService( 1249): no available voice recognition services found for user 0
I/ActivityManager( 1249): Force stopping edu.buffalo.cse.cse486586.simpledynamo appid=11131 user=0: from pid 12723
I/ActivityManager( 1249): START u0 {act=android.intent.action.MAIN cat=[android.intent.category.LAUNCHER] flg=0x10000000 cmp=edu.buffalo.cse.cse486586.simpledynamo/.SimpleDynamoActivity} from pid 12723
W/WindowManager( 1249): Screenshot failure taking screenshot for (123x164) to layer 21010
I/ActivityManager( 1249): Start proc edu.buffalo.cse.cse486586.simpledynamo for activity edu.buffalo.cse.cse486586.simpledynamo/.SimpleDynamoActivity: pid=12734 uid=11131 gids={51131, 3003}
D/ConnectivityService( 1249): Sampling interval elapsed, updating statistics ..
D/ConnectivityService( 1249): Done.
D/ConnectivityService( 1249): Setting timer for 720seconds
I/EntropyMixer( 1249): Writing entropy...
V/BackupManagerService( 1249): Running a backup pass
V/BackupManagerService( 1249): clearing pending backups
V/PerformBackupTask( 1249): Beginning backup of 7 targets
I/PerformBackupTask( 1249): Initializing (wiping) backup state and transport storage
D/BackupManagerService( 1249): Now staging backup of android
D/BackupManagerService( 1249): Now staging backup of com.android.providers.settings
D/BackupManagerService( 1249): Now staging backup of com.android.providers.userdictionary
D/BackupManagerService( 1249): Now staging backup of com.android.dialer
D/BackupManagerService( 1249): Now staging backup of com.android.sharedstoragebackup
D/BackupManagerService( 1249): Now staging backup of com.android.browser
D/BackupManagerService( 1249): Now staging backup of com.android.calendar
D/PerformBackupTask( 1249): invokeAgentForBackup on @pm@
E/PerformBackupTask( 1249): Error invoking for backup on @pm@
I/PerformBackupTask( 1249): Backup pass finished.
E/PerformBackupTask( 1249): Duplicate finish
I/ProcessStatsService( 1249): Prepared write state in 2ms
I/ProcessStatsService( 1249): Prepared write state in 0ms
I/ProcessStatsService( 1249): Pruning old procstats: /data/system/procstats/state-2014-05-06-13-51-02.bin
W/ActivityManager( 1249): No content provider found for permission revoke: file:///data/local/tmp/SimpleDynamo.apk
W/ActivityManager( 1249): No content provider found for permission revoke: file:///data/local/tmp/SimpleDynamo.apk
I/PackageManager( 1249): Copying native libraries to /data/app-lib/vmdl344184741
I/ActivityManager( 1249): Force stopping edu.buffalo.cse.cse486586.simpledynamo appid=11131 user=-1: uninstall pkg
I/ActivityManager( 1249): Killing 12734:edu.buffalo.cse.cse486586.simpledynamo/u0a1131 (adj 0): stop edu.buffalo.cse.cse486586.simpledynamo
W/ActivityManager( 1249): Force removing ActivityRecord{b42d0e70 u0 edu.buffalo.cse.cse486586.simpledynamo/.SimpleDynamoActivity t261}: app died, no saved state
I/WindowState( 1249): WIN DEATH: Window{b42bbbf8 u0 edu.buffalo.cse.cse486586.simpledynamo/edu.buffalo.cse.cse486586.simpledynamo.SimpleDynamoActivity}
W/InputMethodManagerService( 1249): Got RemoteException sending setActive(false) notification to pid 12734 uid 11131
I/PackageManager( 1249): Package edu.buffalo.cse.cse486586.simpledynamo codePath changed from /data/app/edu.buffalo.cse.cse486586.simpledynamo-1.apk to /data/app/edu.buffalo.cse.cse486586.simpledynamo-2.apk; Retaining data and using new
W/PackageManager( 1249): Code path for pkg : edu.buffalo.cse.cse486586.simpledynamo changing from /data/app/edu.buffalo.cse.cse486586.si--------- beginning of /dev/log/system
W/ActivityManager( 1249): Force removing ActivityRecord{b3ff4448 u0 edu.buffalo.cse.cse486586.simpledynamo/.SimpleDynamoActivity t255}: app died, no saved state
I/WindowState( 1249): WIN DEATH: Window{b424f9b0 u0 edu.buffalo.cse.cse486586.simpledynamo/edu.buffalo.cse.cse486586.simpledynamo.SimpleDynamoActivity}
W/InputMethodManagerService( 1249): Got RemoteException sending setActive(false) notification to pid 7804 uid 11130
I/ActivityManager( 1249): Force stopping edu.buffalo.cse.cse486586.simpledynamo appid=11130 user=0: from pid 7847
I/ActivityManager( 1249): START u0 {act=android.intent.action.MAIN cat=[android.intent.category.LAUNCHER] flg=0x10000000 cmp=edu.buffalo.cse.cse486586.simpledynamo/.SimpleDynamoActivity} from pid 7847
W/WindowManager( 1249): Screenshot failure taking screenshot for (123x164) to layer 21010
I/ActivityManager( 1249): Start proc edu.buffalo.cse.cse486586.simpledynamo for activity edu.buffalo.cse.cse486586.simpledynamo/.SimpleDynamoActivity: pid=7858 uid=11130 gids={51130, 3003}
I/ActivityManager( 1249): Force stopping edu.buffalo.cse.cse486586.simpledynamo appid=11130 user=0: from pid 8412
I/ActivityManager( 1249): Killing 7858:edu.buffalo.cse.cse486586.simpledynamo/u0a1130 (adj 0): stop edu.buffalo.cse.cse486586.simpledynamo
I/WindowState( 1249): WIN DEATH: Window{b431ffa8 u0 edu.buffalo.cse.cse486586.simpledynamo/edu.buffalo.cse.cse486586.simpledynamo.SimpleDynamoActivity}
W/ActivityManager( 1249): Force removing ActivityRecord{b4246a10 u0 edu.buffalo.cse.cse486586.simpledynamo/.SimpleDynamoActivity t256}: app died, no saved state
W/InputMethodManagerService( 1249): Got RemoteException sending setActive(false) notification to pid 7858 uid 11130
I/ActivityManager( 1249): Force stopping edu.buffalo.cse.cse486586.simpledynamo appid=11130 user=0: from pid 8435
I/ActivityManager( 1249): START u0 {act=android.intent.action.MAIN cat=[android.intent.category.LAUNCHER] flg=0x10000000 cmp=edu.buffalo.cse.cse486586.simpledynamo/.SimpleDynamoActivity} from pid 8435
W/WindowManager( 1249): Screenshot failure taking screenshot for (123x164) to layer 21010
I/ActivityManager( 1249): Start proc edu.buffalo.cse.cse486586.simpledynamo for activity edu.buffalo.cse.cse486586.simpledynamo/.SimpleDynamoActivity: pid=8446 uid=11130 gids={51130, 3003}
I/ActivityManager( 1249): Force stopping edu.buffalo.cse.cse486586.simpledynamo appid=11130 user=0: from pid 10326
I/ActivityManager( 1249): Killing 8446:edu.buffalo.cse.cse486586.simpledynamo/u0a1130 (adj 0): stop edu.buffalo.cse.cse486586.simpledynamo
W/ActivityManager( 1249): Force removing ActivityRecord{b439f238 u0 edu.buffalo.cse.cse486586.simpledynamo/.SimpleDynamoActivity t257}: app died, no saved state
I/WindowState( 1249): WIN DEATH: Window{b4312e58 u0 edu.buffalo.cse.cse486586.simpledynamo/edu.buffalo.cse.cse486586.simpledynamo.SimpleDynamoActivity}
W/InputMethodManagerService( 1249): Got RemoteException sending setActive(false) notification to pid 8446 uid 11130
I/ActivityManager( 1249): Force stopping edu.buffalo.cse.cse486586.simpledynamo appid=11130 user=0: from pid 10349
I/ActivityManager( 1249): START u0 {act=android.intent.action.MAIN cat=[android.intent.category.LAUNCHER] flg=0x10000000 cmp=edu.buffalo.cse.cse486586.simpledynamo/.SimpleDynamoActivity} from pid 10349
W/WindowManager( 1249): Screenshot failure taking screenshot for (123x164) to layer 21010
I/ActivityManager( 1249): Start proc edu.buffalo.cse.cse486586.simpledynamo for activity edu.buffalo.cse.cse486586.simpledynamo/.SimpleDynamoActivity: pid=10360 uid=11130 gids={51130, 3003}
I/ActivityManager( 1249): Force stopping edu.buffalo.cse.cse486586.simpledynamo appid=11130 user=0: from pid 10379
I/ActivityManager( 1249): Killing 10360:edu.buffalo.cse.cse486586.simpledynamo/u0a1130 (adj 0): stop edu.buffalo.cse.cse486586.simpledynamo
W/ActivityManager( 1249): Force removing ActivityRecord{b424b690 u0 edu.buffalo.cse.cse486586.simpledynamo/.SimpleDynamoActivity t258}: app died, no saved state
I/WindowState( 1249): WIN DEATH: Window{b4217ff0 u0 edu.buffalo.cse.cse486586.simpledynamo/edu.buffalo.cse.cse486586.simpledynamo.SimpleDynamoActivity}
W/InputMethodManagerService( 1249): Got RemoteException sending setActive(false) notification to pid 10360 uid 11130
I/ActivityManager( 1249): Force stopping edu.buffalo.cse.cse486586.simpledynamo appid=11130 user=0: from pid 10401
I/ActivityManager( 1249): START u0 {act=android.intent.action.MAIN cat=[android.intent.category.LAUNCHER] flg=0x10000000 cmp=edu.buffalo.cse.cse486586.simpledynamo/.SimpleDynamoActivity} from pid 10401
W/WindowManager( 1249): Screenshot failure taking screenshot for (123x164) to layer 21010
I/ActivityManager( 1249): Start proc edu.buffalo.cse.cse486586.simpledynamo for activity edu.buffalo.cse.cse486586.simpledynamo/.SimpleDynamoActivity: pid=10412 uid=11130 gids={51130, 3003}
I/ProcessStatsService( 1249): Prepared write state in 0ms
I/ProcessStatsService( 1249): Prepared write state in 0ms
D/ConnectivityService( 1249): Sampling interval elapsed, updating statistics ..
D/ConnectivityService( 1249): Done.
D/ConnectivityService( 1249): Setting timer for 720seconds
W/ActivityManager( 1249): No content provider found for permission revoke: file:///data/local/tmp/SimpleDynamo.apk
W/ActivityManager( 1249): No content provider found for permission revoke: file:///data/local/tmp/SimpleDynamo.apk
I/PackageManager( 1249): Copying native libraries to /data/app-lib/vmdl1964183292
I/ActivityManager( 1249): Force stopping edu.buffalo.cse.cse486586.simpledynamo appid=11130 user=-1: uninstall pkg
I/ActivityManager( 1249): Killing 10412:edu.buffalo.cse.cse486586.simpledynamo/u0a1130 (adj 0): stop edu.buffalo.cse.cse486586.simpledynamo
W/ActivityManager( 1249): Force removing ActivityRecord{b4297490 u0 edu.buffalo.cse.cse486586.simpledynamo/.SimpleDynamoActivity t259}: app died, no saved state
I/WindowState( 1249): WIN DEATH: Window{b428caa8 u0 edu.buffalo.cse.cse486586.simpledynamo/edu.buffalo.cse.cse486586.simpledynamo.SimpleDynamoActivity}
I/PackageManager( 1249): Package edu.buffalo.cse.cse486586.simpledynamo codePath changed from /data/app/edu.buffalo.cse.cse486586.simpledynamo-1.apk to /data/app/edu.buffalo.cse.cse486586.simpledynamo-2.apk; Retaining data and using new
W/PackageManager( 1249): Code path for pkg : edu.buffalo.cse.cse486586.simpledynamo changing from /data/app/edu.buffalo.cse.cse486586.simpledynamo-1.apk to /data/app/edu.buffalo.cse.cse486586.simpledynamo-2.apk
W/PackageManager( 1249): Resource path for pkg : edu.buffalo.cse.cse486586.simpledynamo changing from /data/app/edu.buffalo.cse.cse486586.simpledynamo-1.apk to /data/app/edu.buffalo.cse.cse486586.simpledynamo-2.apk
I/ActivityManager( 1249): Force stopping edu.buffalo.cse.cse486586.simpledynamo appid=11130 user=-1: update pkg
W/InputMethodManagerService( 1249): Got RemoteException sending setActive(false) notification to pid 10412 uid 11130
I/ActivityManager( 1249): Force stopping edu.buffalo.cse.cse486586.simpledynamo appid=11130 user=0: pkg removed
D/BackupManagerService( 1249): Received broadcast Intent { act=android.intent.action.PACKAGE_REMOVED dat=package:edu.buffalo.cse.cse486586.simpledynamo flg=0x4000010 (has extras) }
D/BackupManagerService( 1249): Received broadcast Intent { act=android.intent.action.PACKAGE_ADDED dat=package:edu.buffalo.cse.cse486586.simpledynamo flg=0x4000010 (has extras) }
V/BackupManagerService( 1249): removePackageParticipantsLocked: uid=11130 #1
V/BackupManagerService( 1249): addPackageParticipantsLocked: #1
W/ContextImpl(24899): Calling a method in the system process without a qualified user: android.app.ContextImpl.startService:1479 android.content.ContextWrapper.startService:494 android.content.ContextWrapper.startService:494 com.android.keychain.KeyChainBroadcastReceiver.onReceive:12 android.app.ActivityThread.handleReceiver:2400 
W/RecognitionManagerService( 1249): no available voice recognition services found for user 0
I/ActivityManager( 1249): START u0 {act=android.intent.action.MAIN cat=[android.intent.category.LAUNCHER] flg=0x10000000 cmp=edu.buffalo.cse.cse486586.simpledynamo/.SimpleDynamoActivity} from pid 12624
W/WindowManager( 1249): Screenshot failure taking screenshot for (123x164) to layer 21005
I/ActivityManager( 1249): Start proc edu.buffalo.cse.cse486586.simpledynamo for activity edu.buffalo.cse.cse486586.simpledynamo/.SimpleDynamoActivity: pid=12635 uid=11130 gids={51130, 3003}
I/ActivityManager( 1249): START u0 {act=android.intent.action.MAIN cat=[android.intent.category.LAUNCHER] flg=0x10000000 cmp=edu.buffalo.cse.cse486586.simpledynamo/.SimpleDynamoActivity} from pid 12667
I/ActivityManager( 1249): Force stopping edu.buffalo.cse.cse486586.simpledynamo appid=11130 user=-1: uninstall pkg
I/ActivityManager( 1249): Killing 12635:edu.buffalo.cse.cse486586.simpledynamo/u0a1130 (adj 0): stop edu.buffalo.cse.cse486586.simpledynamo
W/ActivityManager( 1249): Force removing ActivityRecord{b422f610 u0 edu.buffalo.cse.cse486586.simpledynamo/.SimpleDynamoActivity t260}: app died, no saved state
W/PackageManager( 1249): Couldn't delete native library directory /data/app-lib/edu.buffalo.cse.cse486586.simpledynamo
I/WindowState( 1249): WIN DEATH: Window{b428dab0 u0 edu.buffalo.cse.cse486586.simpledynamo/edu.buffalo.cse.cse486586.simpledynamo.SimpleDynamoActivity}
I/ActivityManager( 1249): Force stopping edu.buffalo.cse.cse486586.simpledynamo appid=11130 user=0: pkg removed
D/BackupManagerService( 1249): Received broadcast Intent { act=android.intent.action.PACKAGE_REMOVED dat=package:edu.buffalo.cse.cse486586.simpledynamo flg=0x4000010 (has extras) }
V/BackupManagerService( 1249): removePackageParticipantsLocked: uid=11130 #1
W/InputMethodManagerService( 1249): Got RemoteException sending setActive(false) notification to pid 12635 uid 11130
W/ContextImpl(24899): Calling a method in the system process without a qualified user: android.app.ContextImpl.startService:1479 android.content.ContextWrapper.startService:494 android.content.ContextWrapper.startService:494 com.android.keychain.KeyChainBroadcastReceiver.onReceive:12 android.app.ActivityThread.handleReceiver:2400 
W/ActivityManager( 1249): No content provider found for permission revoke: file:///data/local/tmp/SimpleDynamo.apk
W/ActivityManager( 1249): No content provider found for permission revoke: file:///data/local/tmp/SimpleDynamo.apk
I/PackageManager( 1249): Copying native libraries to /data/app-lib/vmdl1440980744
I/ActivityManager( 1249): Force stopping edu.buffalo.cse.cse486586.simpledynamo appid=11131 user=-1: update pkg
D/BackupManagerService( 1249): Received broadcast Intent { act=android.intent.action.PACKAGE_ADDED dat=package:edu.buffalo.cse.cse486586.simpledynamo flg=0x4000010 (has extras) }
V/BackupManagerService( 1249): addPackageParticipantsLocked: #1
W/RecognitionManagerService( 1249): no available voice recognition services found for user 0
I/ActivityManager( 1249): Force stopping edu.buffalo.cse.cse486586.simpledynamo appid=11131 user=0: from pid 12723
I/ActivityManager( 1249): START u0 {act=android.intent.action.MAIN cat=[android.intent.category.LAUNCHER] flg=0x10000000 cmp=edu.buffalo.cse.cse486586.simpledynamo/.SimpleDynamoActivity} from pid 12723
W/WindowManager( 1249): Screenshot failure taking screenshot for (123x164) to layer 21010
I/ActivityManager( 1249): Start proc edu.buffalo.cse.cse486586.simpledynamo for activity edu.buffalo.cse.cse486586.simpledynamo/.SimpleDynamoActivity: pid=12734 uid=11131 gids={51131, 3003}
D/ConnectivityService( 1249): Sampling interval elapsed, updating statistics ..
D/ConnectivityService( 1249): Done.
D/ConnectivityService( 1249): Setting timer for 720seconds
I/EntropyMixer( 1249): Writing entropy...
V/BackupManagerService( 1249): Running a backup pass
V/BackupManagerService( 1249): clearing pending backups
V/PerformBackupTask( 1249): Beginning backup of 7 targets
I/PerformBackupTask( 1249): Initializing (wiping) backup state and transport storage
D/BackupManagerService( 1249): Now staging backup of android
D/BackupManagerService( 1249): Now staging backup of com.android.providers.settings
D/BackupManagerService( 1249): Now staging backup of com.android.providers.userdictionary
D/BackupManagerService( 1249): Now staging backup of com.android.dialer
D/BackupManagerService( 1249): Now staging backup of com.android.sharedstoragebackup
D/BackupManagerService( 1249): Now staging backup of com.android.browser
D/BackupManagerService( 1249): Now staging backup of com.android.calendar
D/PerformBackupTask( 1249): invokeAgentForBackup on @pm@
E/PerformBackupTask( 1249): Error invoking for backup on @pm@
I/PerformBackupTask( 1249): Backup pass finished.
E/PerformBackupTask( 1249): Duplicate finish
I/ProcessStatsService( 1249): Prepared write state in 2ms
I/ProcessStatsService( 1249): Prepared write state in 0ms
I/ProcessStatsService( 1249): Pruning old procstats: /data/system/procstats/state-2014-05-06-13-51-02.bin
W/ActivityManager( 1249): No content provider found for permission revoke: file:///data/local/tmp/SimpleDynamo.apk
W/ActivityManager( 1249): No content provider found for permission revoke: file:///data/local/tmp/SimpleDynamo.apk
I/PackageManager( 1249): Copying native libraries to /data/app-lib/vmdl344184741
I/ActivityManager( 1249): Force stopping edu.buffalo.cse.cse486586.simpledynamo appid=11131 user=-1: uninstall pkg
I/ActivityManager( 1249): Killing 12734:edu.buffalo.cse.cse486586.simpledynamo/u0a1131 (adj 0): stop edu.buffalo.cse.cse486586.simpledynamo
W/ActivityManager( 1249): Force removing ActivityRecord{b42d0e70 u0 edu.buffalo.cse.cse486586.simpledynamo/.SimpleDynamoActivity t261}: app died, no saved state
I/WindowState( 1249): WIN DEATH: Window{b42bbbf8 u0 edu.buffalo.cse.cse486586.simpledynamo/edu.buffalo.cse.cse486586.simpledynamo.SimpleDynamoActivity}
W/InputMethodManagerService( 1249): Got RemoteException sending setActive(false) notification to pid 12734 uid 11131
I/PackageManager( 1249): Package edu.buffalo.cse.cse486586.simpledynamo codePath changed from /data/app/edu.buffalo.cse.cse486586.simpledynamo-1.apk to /data/app/edu.buffalo.cse.cse486586.simpledynamo-2.apk; Retaining data and using new
W/PackageManager( 1249): Code path for pkg : edu.buffalo.cse.cse486586.simpledynamo changing from /data/app/edu.buffalo.cse.cse486586.simpledynamo-1.apk to /data/app/edu.buffalo.cse.cse486586.simpledynamo-2.apk
W/PackageManager( 1249): Resource path for pkg : edu.buffalo.cse.cse486586.simpledynamo changing from /data/app/edu.buffalo.cse.cse486586.simpledynamo-1.apk to /data/app/edu.buffalo.cse.cse486586.simpledynamo-2.apk
I/ActivityManager( 1249): Force stopping edu.buffalo.cse.cse486586.simpledynamo appid=11131 user=-1: update pkg
I/ActivityManager( 1249): Force stopping edu.buffalo.cse.cse486586.simpledynamo appid=11131 user=0: pkg removed
W/ContextImpl(24899): Calling a method in the system process without a qualified user: android.app.ContextImpl.startService:1479 android.content.ContextWrapper.startService:494 android.content.ContextWrapper.startService:494 com.android.keychain.KeyChainBroadcastReceiver.onReceive:12 android.app.ActivityThread.handleReceiver:2400 
D/BackupManagerService( 1249): Received broadcast Intent { act=android.intent.action.PACKAGE_REMOVED dat=package:edu.buffalo.cse.cse486586.simpledynamo flg=0x4000010 (has extras) }
D/BackupManagerService( 1249): Received broadcast Intent { act=android.intent.action.PACKAGE_ADDED dat=package:edu.buffalo.cse.cse486586.simpledynamo flg=0x4000010 (has extras) }
V/BackupManagerService( 1249): removePackageParticipantsLocked: uid=11131 #1
V/BackupManagerService( 1249): addPackageParticipantsLocked: #1
W/RecognitionManagerService( 1249): no available voice recognition services found for user 0
I/ActivityManager( 1249): START u0 {act=android.intent.action.MAIN cat=[android.intent.category.LAUNCHER] flg=0x10000000 cmp=edu.buffalo.cse.cse486586.simpledynamo/.SimpleDynamoActivity} from pid 12853
W/WindowManager( 1249): Screenshot failure taking screenshot for (123x164) to layer 21005
I/ActivityManager( 1249): Start proc edu.buffalo.cse.cse486586.simpledynamo for activity edu.buffalo.cse.cse486586.simpledynamo/.SimpleDynamoActivity: pid=12864 uid=11131 gids={51131, 3003}
I/ActivityManager( 1249): Force stopping edu.buffalo.cse.cse486586.simpledynamo appid=11131 user=-1: uninstall pkg
I/ActivityManager( 1249): Killing 12864:edu.buffalo.cse.cse486586.simpledynamo/u0a1131 (adj 0): stop edu.buffalo.cse.cse486586.simpledynamo
W/ActivityManager( 1249): Force removing ActivityRecord{b4268130 u0 edu.buffalo.cse.cse486586.simpledynamo/.SimpleDynamoActivity t262}: app died, no saved state
I/WindowState( 1249): WIN DEATH: Window{b4342fc8 u0 edu.buffalo.cse.cse486586.simpledynamo/edu.buffalo.cse.cse486586.simpledynamo.SimpleDynamoActivity}
W/PackageManager( 1249): Couldn't delete native library directory /data/app-lib/edu.buffalo.cse.cse486586.simpledynamo
I/ActivityManager( 1249): Force stopping edu.buffalo.cse.cse486586.simpledynamo appid=11131 user=0: pkg removed
D/BackupManagerService( 1249): Received broadcast Intent { act=android.intent.action.PACKAGE_REMOVED dat=package:edu.buffalo.cse.cse486586.simpledynamo flg=0x4000010 (has extras) }
V/BackupManagerService( 1249): removePackageParticipantsLocked: uid=11131 #1
W/InputMethodManagerService( 1249): Got RemoteException sending setActive(false) notification to pid 12864 uid 11131
W/ContextImpl(24899): Calling a method in the system process without a qualified user: android.app.ContextImpl.startService:1479 android.content.ContextWrapper.startService:494 android.content.ContextWrapper.startService:494 com.android.keychain.KeyChainBroadcastReceiver.onReceive:12 android.app.ActivityThread.handleReceiver:2400 
W/ActivityManager( 1249): No content provider found for permission revoke: file:///data/local/tmp/SimpleDynamo.apk
W/ActivityManager( 1249): No content provider found for permission revoke: file:///data/local/tmp/SimpleDynamo.apk
I/PackageManager( 1249): Copying native libraries to /data/app-lib/vmdl434074185
I/ActivityManager( 1249): Force stopping edu.buffalo.cse.cse486586.simpledynamo appid=11132 user=-1: update pkg
D/BackupManagerService( 1249): Received broadcast Intent { act=android.intent.action.PACKAGE_ADDED dat=package:edu.buffalo.cse.cse486586.simpledynamo flg=0x4000010 (has extras) }
V/BackupManagerService( 1249): addPackageParticipantsLocked: #1
W/RecognitionManagerService( 1249): no available voice recognition services found for user 0
I/ActivityManager( 1249): Force stopping edu.buffalo.cse.cse486586.simpledynamo appid=11132 user=0: from pid 12927
I/ActivityManager( 1249): START u0 {act=android.intent.action.MAIN cat=[android.intent.category.LAUNCHER] flg=0x10000000 cmp=edu.buffalo.cse.cse486586.simpledynamo/.SimpleDynamoActivity} from pid 12927
W/WindowManager( 1249): Screenshot failure taking screenshot for (123x164) to layer 21010
I/ActivityManager( 1249): Start proc edu.buffalo.cse.cse486586.simpledynamo for activity edu.buffalo.cse.cse486586.simpledynamo/.SimpleDynamoActivity: pid=12938 uid=11132 gids={51132, 3003}
I/ActivityManager( 1249): Force stopping edu.buffalo.cse.cse486586.simpledynamo appid=11132 user=0: from pid 12957
I/ActivityManager( 1249): Killing 12938:edu.buffalo.cse.cse486586.simpledynamo/u0a1132 (adj 0): stop edu.buffalo.cse.cse486586.simpledynamo
W/ActivityManager( 1249): Force removing ActivityRecord{b4212490 u0 edu.buffalo.cse.cse486586.simpledynamo/.SimpleDynamoActivity t263}: app died, no saved state
I/WindowState( 1249): WIN DEATH: Window{b42bac48 u0 edu.buffalo.cse.cse486586.simpledynamo/edu.buffalo.cse.cse486586.simpledynamo.SimpleDynamoActivity}
W/InputMethodManagerService( 1249): Got RemoteException sending setActive(false) notification to pid 12938 uid 11132
I/ActivityManager( 1249): Force stopping edu.buffalo.cse.cse486586.simpledynamo appid=11132 user=-1: uninstall pkg
W/PackageManager( 1249): Couldn't delete native library directory /data/app-lib/edu.buffalo.cse.cse486586.simpledynamo
I/ActivityManager( 1249): Force stopping edu.buffalo.cse.cse486586.simpledynamo appid=11132 user=0: pkg removed
W/ContextImpl(24899): Calling a method in the system process without a qualified user: android.app.ContextImpl.startService:1479 android.content.ContextWrapper.startService:494 android.content.ContextWrapper.startService:494 com.android.keychain.KeyChainBroadcastReceiver.onReceive:12 android.app.ActivityThread.handleReceiver:2400 
D/BackupManagerService( 1249): Received broadcast Intent { act=android.intent.action.PACKAGE_REMOVED dat=package:edu.buffalo.cse.cse486586.simpledynamo flg=0x4000010 (has extras) }
V/BackupManagerService( 1249): removePackageParticipantsLocked: uid=11132 #1
W/ActivityManager( 1249): No content provider found for permission revoke: file:///data/local/tmp/SimpleDynamo.apk
W/ActivityManager( 1249): No content provider found for permission revoke: file:///data/local/tmp/SimpleDynamo.apk
I/PackageManager( 1249): Copying native libraries to /data/app-lib/vmdl-569274010
I/ActivityManager( 1249): Force stopping edu.buffalo.cse.cse486586.simpledynamo appid=11133 user=-1: update pkg
D/BackupManagerService( 1249): Received broadcast Intent { act=android.intent.action.PACKAGE_ADDED dat=package:edu.buffalo.cse.cse486586.simpledynamo flg=0x4000010 (has extras) }
V/BackupManagerService( 1249): addPackageParticipantsLocked: #1
W/RecognitionManagerService( 1249): no available voice recognition services found for user 0
I/ActivityManager( 1249): Force stopping edu.buffalo.cse.cse486586.simpledynamo appid=11133 user=0: from pid 13011
I/ActivityManager( 1249): START u0 {act=android.intent.action.MAIN cat=[android.intent.category.LAUNCHER] flg=0x10000000 cmp=edu.buffalo.cse.cse486586.simpledynamo/.SimpleDynamoActivity} from pid 13011
W/WindowManager( 1249): Screenshot failure taking screenshot for (123x164) to layer 21010
I/ActivityManager( 1249): Start proc edu.buffalo.cse.cse486586.simpledynamo for activity edu.buffalo.cse.cse486586.simpledynamo/.SimpleDynamoActivity: pid=13022 uid=11133 gids={51133, 3003}
D/ConnectivityService( 1249): Sampling interval elapsed, updating statistics ..
D/ConnectivityService( 1249): Done.
D/ConnectivityService( 1249): Setting timer for 720seconds
D/ConnectivityService( 1249): Sampling interval elapsed, updating statistics ..
D/ConnectivityService( 1249): Done.
D/ConnectivityService( 1249): Setting timer for 720seconds
I/ProcessStatsService( 1249): Prepared write state in 1ms
D/ConnectivityService( 1249): Sampling interval elapsed, updating statistics ..
D/ConnectivityService( 1249): Done.
D/ConnectivityService( 1249): Setting timer for 720seconds
W/ActivityManager( 1249): No content provider found for permission revoke: file:///data/local/tmp/SimpleDynamo.apk
W/ActivityManager( 1249): No content provider found for permission revoke: file:///data/local/tmp/SimpleDynamo.apk
I/PackageManager( 1249): Copying native libraries to /data/app-lib/vmdl1221754173
I/ActivityManager( 1249): Force stopping edu.buffalo.cse.cse486586.simpledynamo appid=11133 user=-1: uninstall pkg
I/ActivityManager( 1249): Killing 13022:edu.buffalo.cse.cse486586.simpledynamo/u0a1133 (adj 0): stop edu.buffalo.cse.cse486586.simpledynamo
W/ActivityManager( 1249): Force removing ActivityRecord{b4268130 u0 edu.buffalo.cse.cse486586.simpledynamo/.SimpleDynamoActivity t264}: app died, no saved state
I/WindowState( 1249): WIN DEATH: Window{b4342420 u0 edu.buffalo.cse.cse486586.simpledynamo/edu.buffalo.cse.cse486586.simpledynamo.SimpleDynamoActivity}
I/PackageManager( 1249): Package edu.buffalo.cse.cse486586.simpledynamo codePath changed from /data/app/edu.buffalo.cse.cse486586.simpledynamo-1.apk to /data/app/edu.buffalo.cse.cse486586.simpledynamo-2.apk; Retaining data and using new
W/InputMethodManagerService( 1249): Got RemoteException sending setActive(false) notification to pid 13022 uid 11133
W/PackageManager( 1249): Code path for pkg : edu.buffalo.cse.cse486586.simpledynamo changing from /data/app/edu.buffalo.cse.cse486586.simpledynamo-1.apk to /data/app/edu.buffalo.cse.cse486586.simpledynamo-2.apk
W/PackageManager( 1249): Resource path for pkg : edu.buffalo.cse.cse486586.simpledynamo changing from /data/app/edu.buffalo.cse.cse486586.simpledynamo-1.apk to /data/app/edu.buffalo.cse.cse486586.simpledynamo-2.apk
I/ActivityManager( 1249): Force stopping edu.buffalo.cse.cse486586.simpledynamo appid=11133 user=-1: update pkg
I/ActivityManager( 1249): Force stopping edu.buffalo.cse.cse486586.simpledynamo appid=11133 user=0: pkg removed
W/ContextImpl(24899): Calling a method in the system process without a qualified user: android.app.ContextImpl.startService:1479 android.content.ContextWrapper.startService:494 android.content.ContextWrapper.startService:494 com.android.keychain.KeyChainBroadcastReceiver.onReceive:12 android.app.ActivityThread.handleReceiver:2400 
D/BackupManagerService( 1249): Received broadcast Intent { act=android.intent.action.PACKAGE_REMOVED dat=package:edu.buffalo.cse.cse486586.simpledynamo flg=0x4000010 (has extras) }
D/BackupManagerService( 1249): Received broadcast Intent { act=android.intent.action.PACKAGE_ADDED dat=package:edu.buffalo.cse.cse486586.simpledynamo flg=0x4000010 (has extras) }
V/BackupManagerService( 1249): removePackageParticipantsLocked: uid=11133 #1
V/BackupManagerService( 1249): addPackageParticipantsLocked: #1
W/RecognitionManagerService( 1249): no available voice recognition services found for user 0
I/ActivityManager( 1249): START u0 {act=android.intent.action.MAIN cat=[android.intent.category.LAUNCHER] flg=0x10000000 cmp=edu.buffalo.cse.cse486586.simpledynamo/.SimpleDynamoActivity} from pid 13143
W/WindowManager( 1249): Screenshot failure taking screenshot for (123x164) to layer 21005
I/ActivityManager( 1249): Start proc edu.buffalo.cse.cse486586.simpledynamo for activity edu.buffalo.cse.cse486586.simpledynamo/.SimpleDynamoActivity: pid=13154 uid=11133 gids={51133, 3003}
I/ActivityManager( 1249): Force stopping edu.buffalo.cse.cse486586.simpledynamo appid=11133 user=-1: uninstall pkg
I/ActivityManager( 1249): Killing 13154:edu.buffalo.cse.cse486586.simpledynamo/u0a1133 (adj 0): stop edu.buffalo.cse.cse486586.simpledynamo
W/ActivityManager( 1249): Force removing ActivityRecord{b41dfcf8 u0 edu.buffalo.cse.cse486586.simpledynamo/.SimpleDynamoActivity t265}: app died, no saved state
W/PackageManager( 1249): Couldn't delete native library directory /data/app-lib/edu.buffalo.cse.cse486586.simpledynamo
I/WindowState( 1249): WIN DEATH: Window{b437aad8 u0 edu.buffalo.cse.cse486586.simpledynamo/edu.buffalo.cse.cse486586.simpledynamo.SimpleDynamoActivity}
I/ActivityManager( 1249): Force stopping edu.buffalo.cse.cse486586.simpledynamo appid=11133 user=0: pkg removed
W/InputMethodManagerService( 1249): Got RemoteException sending setActive(false) notification to pid 13154 uid 11133
D/BackupManagerService( 1249): Received broadcast Intent { act=android.intent.action.PACKAGE_REMOVED dat=package:edu.buffalo.cse.cse486586.simpledynamo flg=0x4000010 (has extras) }
V/BackupManagerService( 1249): removePackageParticipantsLocked: uid=11133 #1
W/ContextImpl(24899): Calling a method in the system process without a qualified user: android.app.ContextImpl.startService:1479 android.content.ContextWrapper.startService:494 android.content.ContextWrapper.startService:494 com.android.keychain.KeyChainBroadcastReceiver.onReceive:12 android.app.ActivityThread.handleReceiver:2400 
W/ActivityManager( 1249): No content provider found for permission revoke: file:///data/local/tmp/SimpleDynamo.apk
W/ActivityManager( 1249): No content provider found for permission revoke: file:///data/local/tmp/SimpleDynamo.apk
I/PackageManager( 1249): Copying native libraries to /data/app-lib/vmdl-1901056124
I/ActivityManager( 1249): Force stopping edu.buffalo.cse.cse486586.simpledynamo appid=11134 user=-1: update pkg
D/BackupManagerService( 1249): Received broadcast Intent { act=android.intent.action.PACKAGE_ADDED dat=package:edu.buffalo.cse.cse486586.simpledynamo flg=0x4000010 (has extras) }
V/BackupManagerService( 1249): addPackageParticipantsLocked: #1
W/RecognitionManagerService( 1249): no available voice recognition services found for user 0
I/ActivityManager( 1249): Force stopping edu.buffalo.cse.cse486586.simpledynamo appid=11134 user=0: from pid 13219
I/ActivityManager( 1249): START u0 {act=android.intent.action.MAIN cat=[android.intent.category.LAUNCHER] flg=0x10000000 cmp=edu.buffalo.cse.cse486586.simpledynamo/.SimpleDynamoActivity} from pid 13219
W/WindowManager( 1249): Screenshot failure taking screenshot for (123x164) to layer 21010
I/ActivityManager( 1249): Start proc edu.buffalo.cse.cse486586.simpledynamo for activity edu.buffalo.cse.cse486586.simpledynamo/.SimpleDynamoActivity: pid=13230 uid=11134 gids={51134, 3003}
I/ActivityManager( 1249): Force stopping edu.buffalo.cse.cse486586.simpledynamo appid=11134 user=-1: uninstall pkg
I/ActivityManager( 1249): Killing 13230:edu.buffalo.cse.cse486586.simpledynamo/u0a1134 (adj 0): stop edu.buffalo.cse.cse486586.simpledynamo
W/ActivityManager( 1249): Force removing ActivityRecord{b41df618 u0 edu.buffalo.cse.cse486586.simpledynamo/.SimpleDynamoActivity t266}: app died, no saved state
W/PackageManager( 1249): Couldn't delete native library directory /data/app-lib/edu.buffalo.cse.cse486586.simpledynamo
I/WindowState( 1249): WIN DEATH: Window{b430a3b0 u0 edu.buffalo.cse.cse486586.simpledynamo/edu.buffalo.cse.cse486586.simpledynamo.SimpleDynamoActivity}
I/ActivityManager( 1249): Force stopping edu.buffalo.cse.cse486586.simpledynamo appid=11134 user=0: pkg removed
D/BackupManagerService( 1249): Received broadcast Intent { act=android.intent.action.PACKAGE_REMOVED dat=package:edu.buffalo.cse.cse486586.simpledynamo flg=0x4000010 (has extras) }
V/BackupManagerService( 1249): removePackageParticipantsLocked: uid=11134 #1
W/ContextImpl(24899): Calling a method in the system process without a qualified user: android.app.ContextImpl.startService:1479 android.content.ContextWrapper.startService:494 android.content.ContextWrapper.startService:494 com.android.keychain.KeyChainBroadcastReceiver.onReceive:12 android.app.ActivityThread.handleReceiver:2400 
W/InputMethodManagerService( 1249): Got RemoteException sending setActive(false) notification to pid 13230 uid 11134
W/ActivityManager( 1249): No content provider found for permission revoke: file:///data/local/tmp/SimpleDynamo.apk
W/ActivityManager( 1249): No content provider found for permission revoke: file:///data/local/tmp/SimpleDynamo.apk
I/PackageManager( 1249): Copying native libraries to /data/app-lib/vmdl-121553632
I/ActivityManager( 1249): Force stopping edu.buffalo.cse.cse486586.simpledynamo appid=11135 user=-1: update pkg
D/BackupManagerService( 1249): Received broadcast Intent { act=android.intent.action.PACKAGE_ADDED dat=package:edu.buffalo.cse.cse486586.simpledynamo flg=0x4000010 (has extras) }
V/BackupManagerService( 1249): addPackageParticipantsLocked: #1
W/RecognitionManagerService( 1249): no available voice recognition services found for user 0
I/ActivityManager( 1249): Force stopping edu.buffalo.cse.cse486586.simpledynamo appid=11135 user=0: from pid 14098
I/ActivityManager( 1249): START u0 {act=android.intent.action.MAIN cat=[android.intent.category.LAUNCHER] flg=0x10000000 cmp=edu.buffalo.cse.cse486586.simpledynamo/.SimpleDynamoActivity} from pid 14098
W/WindowManager( 1249): Screenshot failure taking screenshot for (123x164) to layer 21010
I/ActivityManager( 1249): Start proc edu.buffalo.cse.cse486586.simpledynamo for activity edu.buffalo.cse.cse486586.simpledynamo/.SimpleDynamoActivity: pid=14109 uid=11135 gids={51135, 3003}
W/ProcessCpuTracker( 1249): Skipping unknown process pid 14129
D/ConnectivityService( 1249): Sampling interval elapsed, updating statistics ..
D/ConnectivityService( 1249): Done.
D/ConnectivityService( 1249): Setting timer for 720seconds
W/ActivityManager( 1249): No content provider found for permission revoke: file:///data/local/tmp/SimpleDynamo.apk
W/ActivityManager( 1249): No content provider found for permission revoke: file:///data/local/tmp/SimpleDynamo.apk
I/PackageManager( 1249): Copying native libraries to /data/app-lib/vmdl92363500
I/ActivityManager( 1249): Force stopping edu.buffalo.cse.cse486586.simpledynamo appid=11135 user=-1: uninstall pkg
I/ActivityManager( 1249): Killing 14109:edu.buffalo.cse.cse486586.simpledynamo/u0a1135 (adj 0): stop edu.buffalo.cse.cse486586.simpledynamo
W/ActivityManager( 1249): Force removing ActivityRecord{b41df618 u0 edu.buffalo.cse.cse486586.simpledynamo/.SimpleDynamoActivity t267}: app died, no saved state
I/WindowState( 1249): WIN DEATH: Window{b4270458 u0 edu.buffalo.cse.cse486586.simpledynamo/edu.buffalo.cse.cse486586.simpledynamo.SimpleDynamoActivity}
I/PackageManager( 1249): Package edu.buffalo.cse.cse486586.simpledynamo codePath changed from /data/app/edu.buffalo.cse.cse486586.simpledynamo-1.apk to /data/app/edu.buffalo.cse.cse486586.simpledynamo-2.apk; Retaining data and using new
W/InputMethodManagerService( 1249): Got RemoteException sending setActive(false) notification to pid 14109 uid 11135
W/PackageManager( 1249): Code path for pkg : edu.buffalo.cse.cse486586.simpledynamo changing from /data/app/edu.buffalo.cse.cse486586.simpledynamo-1.apk to /data/app/edu.buffalo.cse.cse486586.simpledynamo-2.apk
W/PackageManager( 1249): Resource path for pkg : edu.buffalo.cse.cse486586.simpledynamo changing from /data/app/edu.buffalo.cse.cse486586.simpledynamo-1.apk to /data/app/edu.buffalo.cse.cse486586.simpledynamo-2.apk
I/ActivityManager( 1249): Force stopping edu.buffalo.cse.cse486586.simpledynamo appid=11135 user=-1: update pkg
I/ActivityManager( 1249): Force stopping edu.buffalo.cse.cse486586.simpledynamo appid=11135 user=0: pkg removed
W/ContextImpl(24899): Calling a method in the system process without a qualified user: android.app.ContextImpl.startService:1479 android.content.ContextWrapper.startService:494 android.content.ContextWrapper.startService:494 com.android.keychain.KeyChainBroadcastReceiver.onReceive:12 android.app.ActivityThread.handleReceiver:2400 
D/BackupManagerService( 1249): Received broadcast Intent { act=android.intent.action.PACKAGE_REMOVED dat=package:edu.buffalo.cse.cse486586.simpledynamo flg=0x4000010 (has extras) }
D/BackupManagerService( 1249): Received broadcast Intent { act=android.intent.action.PACKAGE_ADDED dat=package:edu.buffalo.cse.cse486586.simpledynamo flg=0x4000010 (has extras) }
V/BackupManagerService( 1249): removePackageParticipantsLocked: uid=11135 #1
V/BackupManagerService( 1249): addPackageParticipantsLocked: #1
W/RecognitionManagerService( 1249): no available voice recognition services found for user 0
I/ActivityManager( 1249): START u0 {act=android.intent.action.MAIN cat=[android.intent.category.LAUNCHER] flg=0x10000000 cmp=edu.buffalo.cse.cse486586.simpledynamo/.SimpleDynamoActivity} from pid 15783
W/WindowManager( 1249): Screenshot failure taking screenshot for (123x164) to layer 21005
I/ActivityManager( 1249): Start proc edu.buffalo.cse.cse486586.simpledynamo for activity edu.buffalo.cse.cse486586.simpledynamo/.SimpleDynamoActivity: pid=15794 uid=11135 gids={51135, 3003}
W/ActivityManager( 1249): No content provider found for permission revoke: file:///data/local/tmp/SimpleDynamo.apk
W/ActivityManager( 1249): No content provider found for permission revoke: file:///data/local/tmp/SimpleDynamo.apk
I/PackageManager( 1249): Copying native libraries to /data/app-lib/vmdl-340658356
