D/dalvikvm(18584): Note: class Landroid/app/ActivityManagerNative; has 179 unimplemented (abstract) methods
E/memtrack(18584): Couldn't load memtrack module (No such file or directory)
E/android.os.Debug(18584): failed to load memtrack module: -2
D/AndroidRuntime(18584): Calling main entry com.android.commands.content.Content
D/SimpleDynamoProvider(17909): Insert() :: Values set in operation are Key : jBpk8IkxdACGFMgdvjpFG598baxiec9d, value: UV36U7HedauHbHZutMOVYFROuFxK7kqn, CurrentNode/Originator : 5560, Type : insert, Succ : 5562
D/SimpleDynamoProvider(17909): Insert() Client forward Insert node : 5558 from currentNode : 5560 Key : jBpk8IkxdACGFMgdvjpFG598baxiec9d Value :UV36U7HedauHbHZutMOVYFROuFxK7kqn
D/SimpleDynamoProvider(17909): Insert() Replicating to succ's check succ port's, Key: jBpk8IkxdACGFMgdvjpFG598baxiec9dvalue: UV36U7HedauHbHZutMOVYFROuFxK7kqn
D/SimpleDynamoProvider(17909): Replicate() Calling client currentNode 5560 Succ is :5560 key: jBpk8IkxdACGFMgdvjpFG598baxiec9d values: UV36U7HedauHbHZutMOVYFROuFxK7kqn
D/SimpleDynamoProvider(17909): Client sending to Succ Server :: Values set in operation are Key : jBpk8IkxdACGFMgdvjpFG598baxiec9d, value: UV36U7HedauHbHZutMOVYFROuFxK7kqn, CurrentNode/Originator : 5560, Type : replicate, Succ : 5560
D/SimpleDynamoProvider(17909): Client Remote port is 11116
D/SimpleDynamoProvider(17909): Replicate() Calling client currentNode 5560 Succ is :5562 key: jBpk8IkxdACGFMgdvjpFG598baxiec9d values: UV36U7HedauHbHZutMOVYFROuFxK7kqn
D/SimpleDynamoProvider(17909): Client sending to Succ Server :: Values set in operation are Key : jBpk8IkxdACGFMgdvjpFG598baxiec9d, value: UV36U7HedauHbHZutMOVYFROuFxK7kqn, CurrentNode/Originator : 5560, Type : replicate, Succ : 5562
D/SimpleDynamoProvider(17909): Client Remote port is 11120
D/AndroidRuntime(18584): Shutting down VM
D/dalvikvm(18584): Debugger has detached; object registry had 1 entries
D/SimpleDynamoProvider(17909): Client sending to Succ Server :: Values set in operation are Key : jBpk8IkxdACGFMgdvjpFG598baxiec9d, value: UV36U7HedauHbHZutMOVYFROuFxK7kqn, CurrentNode/Originator : 5560, Type : replicate, Succ : 5562
D/SimpleDynamoProvider(17909): Client Remote port is 11124
I/AndroidRuntime(18584): NOTE: attach of thread 'Binder_1' failed
D/SimpleDynamoProvider(17909): Server :: Values in operation are Key : jBpk8IkxdACGFMgdvjpFG598baxiec9d, value: UV36U7HedauHbHZutMOVYFROuFxK7kqn, CurrentNode/Originator : 5560, Type : replicate, Succ : 5562
D/SimpleDynamoProvider(17909): Server replicated values at currentNode 5560 key: jBpk8IkxdACGFMgdvjpFG598baxiec9d values: UV36U7HedauHbHZutMOVYFROuFxK7kqn
D/AndroidRuntime(18599): 
D/AndroidRuntime(18599): >>>>>> AndroidRuntime START com.android.internal.os.RuntimeInit <<<<<<
D/AndroidRuntime(18599): CheckJNI is ON
D/dalvikvm(18599): Trying to load lib libjavacore.so 0x0
D/dalvikvm(18599): Added shared lib libjavacore.so 0x0
D/dalvikvm(18599): Trying to load lib libnativehelper.so 0x0
D/dalvikvm(18599): Added shared lib libnativehelper.so 0x0
D/dalvikvm(18599): No JNI_OnLoad found in libnativehelper.so 0x0, skipping init
D/dalvikvm(18599): Note: class Landroid/app/ActivityManagerNative; has 179 unimplemented (abstract) methods
E/memtrack(18599): Couldn't load memtrack module (No such file or directory)
E/android.os.Debug(18599): failed to load memtrack module: -2
D/AndroidRuntime(18599): Calling main entry com.android.commands.content.Content
D/SimpleDynamoProvider(17909): Query selection : jBpk8IkxdACGFMgdvjpFG598baxiec9d
D/SimpleDynamoProvider(17909): returnValueForKeyQuery() checking in Node CurrentNode: 5560 Key is : jBpk8IkxdACGFMgdvjpFG598baxiec9d
D/SimpleDynamoProvider(17909): returnValueForKeyQuery() :: found key jBpk8IkxdACGFMgdvjpFG598baxiec9d value is : UV36U7HedauHbHZutMOVYFROuFxK7kqn in Node : 5560
D/SimpleDynamoProvider(17909): Query() :: found key jBpk8IkxdACGFMgdvjpFG598baxiec9d in Node : 5560 mutexQuery : null
D/AndroidRuntime(18599): Shutting down VM
D/jdwp    (18599): Got wake-up signal, bailing out of select
D/dalvikvm(18599): Debugger has detached; object registry had 1 entries
D/AndroidRuntime(18611): 
D/AndroidRuntime(18611): >>>>>> AndroidRuntime START com.android.internal.os.RuntimeInit <<<<<<
D/AndroidRuntime(18611): CheckJNI is ON
D/dalvikvm(18611): Trying to load lib libjavacore.so 0x0
D/dalvikvm(18611): Added shared lib libjavacore.so 0x0
D/dalvikvm(18611): Trying to load lib libnativehelper.so 0x0
D/dalvikvm(18611): Added shared lib libnativehelper.so 0x0
D/dalvikvm(18611): No JNI_OnLoad found in libnativehelper.so 0x0, skipping init
D/dalvikvm(18611): Note: class Landroid/app/ActivityManagerNative; has 179 unimplemented (abstract) methods
E/memtrack(18611): Couldn't load memtrack module (No such file or directory)
E/android.os.Debug(18611): failed to load memtrack module: -2
D/AndroidRuntime(18611): Calling main entry com.android.commands.content.Content
D/SimpleDynamoProvider(17909): Query selection : @
D/SimpleDynamoProvider(17909): query() : originator calling LDump
D/SimpleDynamoProvider(17909): returnLDump() ::  noOfFiles :[Ljava.lang.String;@b4067ab8
D/SimpleDynamoProvider(17909): returnLDump() :: Key : gI66betzO0FCWNJ9sKEQjOwonm2nEr7v value : JRkzuaj3aPsIf5TP7uTJpREpZ7mBDWTz
D/dalvikvm(17909): GC_FOR_ALLOC freed 410K, 17% free 2856K/3424K, paused 3ms, total 3ms
D/SimpleDynamoProvider(17909): returnLDump() :: Key : 2mLDknCTRjACvVR4rGjeQJ8vJ9eIRBC0 value : cbifUWWy4fxRVMm7xpV0aa3WOQVLF5j7
D/SimpleDynamoProvider(17909): returnLDump() :: Key : PDbIOKgcSRX3rmgLg7gXSOEC6ev2H0q0 value : dd4m08JCUTonNGntOGQiGtI17r4kU5Gi
D/SimpleDynamoProvider(17909): returnLDump() :: Key : s5DgQLhYU85yCqPgTINLYuwlSBYVW19Q value : xgRw7Me6kPJy8B6JtkygLns7Vg549BB3
D/SimpleDynamoProvider(17909): returnLDump() :: Key : uT6JUE937WCVvIvQCjBSoBxxnxaMhPhw value : LtQFeoEJj9MDz2jcqszARwvIpUlEluMG
D/SimpleDynamoProvider(17909): returnLDump() :: Key : rJ9TNECltkvZPj9solL6D6XYX36vfwa0 value : WYye1fX3HMwO8jJWHmUDAy8nYuR6P3yO
D/SimpleDynamoProvider(17909): returnLDump() :: Key : mtItshCFcFtodBkzJrYF4W2NnvtP6Gm6 value : shrVNaxM8JBbIxFLq0QTYuqtMLyn9Tui
D/dalvikvm(17909): GC_FOR_ALLOC freed 157K, 17% free 2858K/3424K, paused 9ms, total 9ms
D/SimpleDynamoProvider(17909): returnLDump() :: Key : C0zjOnp54xSThHpgwlSoDwYdoyux0Yt3 value : nMI28T9cMhgE2d9lBnBJzhhBBC2XzAjb
D/SimpleDynamoProvider(17909): returnLDump() :: Key : 6C0nZU7CJR8kOMEFgYHK2QUSFTpslAR2 value : IPfvnaDw0TOXbta2ozWB59FidXPraA0d
D/SimpleDynamoProvider(17909): returnLDump() :: Key : bmsM9FZciux03PFPQHEuB376MrkRz4rl value : c8cldI82sDjB9ZNNVDlJ96xinUvQuN6b
D/SimpleDynamoProvider(17909): returnLDump() :: Key : 62V5wXtJP384emX5EbNNpblejNrsoGFO value : bsjwSsUVXeywBKs5FIh69RChYvB46Nrg
D/SimpleDynamoProvider(17909): returnLDump() :: Key : LTdi7TjmnYUIQX8cnKoawrmt7CTPnbPv value : ObAcf1bML2iREOOC5CFcHB0yhJPX6ihq
D/SimpleDynamoProvider(17909): returnLDump() :: Key : AtefPYdktMKMNvdMWssNzA0p69pDns4P value : TO822tYQhoq90CZNwbyE60r3QnSB2L5g
D/dalvikvm(17909): GC_FOR_ALLOC freed 165K, 17% free 2854K/3424K, paused 3ms, total 3ms
D/SimpleDynamoProvider(17909): returnLDump() :: Key : uKRNFRbZG6YCIEHXoonJ4nxhlyjYBtBn value : 8jXe9AY8yvqDK5xeIHVCk7oPxqNSQ5HF
D/SimpleDynamoProvider(17909): returnLDump() :: Key : xoMKuzVCl9t7ANOPDgijiWGkIjeJLuIC value : af2voUuW42201oacLNN7e4RhpSD2blwZ
D/SimpleDynamoProvider(17909): returnLDump() :: Key : 5bWwvrAnPqqfuHxO9KPNc5B55lSvDbR7 value : QZfpdIu7blaXhVWFGSlQE89paR0UEm4y
D/SimpleDynamoProvider(17909): returnLDump() :: Key : GcFmaGMWDd0uMIJeiFsJuFxhyh0jfLD3 value : MtCQDpUn9IBuYp0iFIvisfBBwMqqo5uK
D/SimpleDynamoProvider(17909): returnLDump() :: Key : i0RDzrQ55WMtRxTVsGSlJC641gM9F2ln value : FRN2m5UPS45aIEmSdEfZXm0TUTo4GKWR
D/SimpleDynamoProvider(17909): returnLDump() :: Key : byJxSRWVSgxHljFMAKM5mwH1ysvU1zv4 value : 2wfkatwgOiR6iLkB0XLsKm3lYc4o54l0
D/SimpleDynamoProvider(17909): returnLDump() :: Key : AvRR5kipdvU6UISHjHfBLPnpbxyeTsLm value : CIwj22Uv7P52mI8F1AW8OERasy0SizZM
D/dalvikvm(17909): GC_FOR_ALLOC freed 186K, 17% free 2855K/3424K, paused 0ms, total 0ms
D/SimpleDynamoProvider(17909): returnLDump() :: Key : kruHbMpVXInLeBh2pXbWoNQF8u2WSSdo value : geZbJlIOveoaaUP2jXuYhK36rKg0BQId
D/SimpleDynamoProvider(17909): returnLDump() :: Key : hFnyZosie4xE3q2X5bppVPgNGOOe8jeW value : rXxjyoTpxYALKMKuPbTRGuCJZCdftqKh
D/SimpleDynamoProvider(17909): returnLDump() :: Key : 5XSSj6ClGWSkL3RxjYXjXrUEnv3C5N7p value : xULjlgbQK3hyrwTEUUobifj1EPCLLBTi
D/SimpleDynamoProvider(17909): returnLDump() :: Key : quA3dE2h7rHJB3lYo75MUgncXMpIi0Fs value : eW6g5uTK2XptTiXolXxtX5zo1HkWvqhb
D/SimpleDynamoProvider(17909): returnLDump() :: Key : oIuiQmzPnnEbyNaEjKd9E5nZfg0gmspc value : TI9BYE2FSbx4aNg4Uf80V4hVUgwYZe9C
D/SimpleDynamoProvider(17909): returnLDump() :: Key : GEvKh7kIlMbZUFrRgbrhtB9ySCT5ErUe value : cVe9nhiuVP0l8qKoiLuZDWumb5R8mByO
D/SimpleDynamoProvider(17909): returnLDump() :: Key : PFXJ8orhOmiTiMW9EbkOgwRNGMl3Xyvs value : NthwDFOk2ueR6lCl82WnNx9qu8fo0NHg
D/dalvikvm(17909): GC_FOR_ALLOC freed 186K, 17% free 2856K/3424K, paused 3ms, total 4ms
D/SimpleDynamoProvider(17909): returnLDump() :: Key : zYbx4vMeTwHZWUFVulBeTZv87dwcJxxK value : 6QxZYAbBZGE6ufMvnT5caioTTB89xeQW
D/SimpleDynamoProvider(17909): returnLDump() :: Key : XYWETgfhq7UGs0xQvxosHMrKliK6yfw3 value : Lj86yzvqKzfmTYXp5bnZ8iBWzYvFs4Jp
D/SimpleDynamoProvider(17909): returnLDump() :: Key : oGTj4H4vUEM3nnUCpi6qNZ43IonIDOJ8 value : XE16OwObmq5QUGIRJNsmlsxyHTRcyRd3
D/SimpleDynamoProvider(17909): returnLDump() :: Key : Gky1aFsX8UzdfPh5snZRBLsvJFpz8aoB value : IquXIACC7gHQ9zjRDeiotcF59mBCXzpO
D/SimpleDynamoProvider(17909): returnLDump() :: Key : J6o9pBXHJpUNEy4VrkyGNWMNIWoIhPXZ value : Ctd19kDdTbVWtGnBYWAFPZdYbNargkvj
D/SimpleDynamoProvider(17909): returnLDump() :: Key : TIVATjG1jVi7Syedoxh1uYQzNDgnk0A5 value : 4Rs2N9OTPSN5G9diu71ZJr5MEdArRz23
D/SimpleDynamoProvider(17909): returnLDump() :: Key : efW9vHPZx3nVsILqkFdlt07cGNBfURyh value : Gn5VBrOjcb1yN2QB9saN8L9CZQy7lKNC
D/dalvikvm(17909): GC_FOR_ALLOC freed 186K, 17% free 2857K/3424K, paused 2ms, total 2ms
D/SimpleDynamoProvider(17909): returnLDump() :: Key : GmjqM8Tm4XWTCdDhm51T4P5IMplUdCNk value : wDhTgUcOY7v1yjsTS2WXk5bwUV03ngVL
D/SimpleDynamoProvider(17909): returnLDump() :: Key : DLxfmvLyDCPbKjSSsmh6IBpx57GEE2tJ value : tV6o70sTLMWmpDBMaOckvAdv7uAQtCrK
D/SimpleDynamoProvider(17909): returnLDump() :: Key : s2ruENeUGNI07a1PeXjMNs9kN4X96fDw value : 8hr5DT4qNjALy1PKhrxMMSaV9d2tGnqu
D/SimpleDynamoProvider(17909): returnLDump() :: Key : q4bwKqnwZl8wzmY59r6p7ISyXJZcfceI value : 8aI0zP3LureHPIOv1n9whhZZlIsSqeeA
D/SimpleDynamoProvider(17909): returnLDump() :: Key : dSTPQYpHMMGDuU7JQmjGRVVvmkoQd6cO value : AkV5HDvOCoKGFtuLG7XQe4uMRLfMoWmn
D/SimpleDynamoProvider(17909): returnLDump() :: Key : JkyAOxFBia2tnlYA5oOMPKdy4GQhoho6 value : aMPAn9J8l7Pmh0AkvGSte7MsYb3Dof4L
D/SimpleDynamoProvider(17909): returnLDump() :: Key : 7BsdD2eY8FqQCVYrQmRzzWGW0PmlKI36 value : WEd7e7MseG2Vv3jKvKteapry2BnSN72J
D/dalvikvm(17909): GC_FOR_ALLOC freed 186K, 17% free 2858K/3424K, paused 4ms, total 4ms
D/SimpleDynamoProvider(17909): returnLDump() :: Key : hvPeyPhMGghAczL6PVJ7ybcjxqogKsNd value : rZIE4BuEZ6sRk2m6pZU2UKEgwlm7KIjr
D/SimpleDynamoProvider(17909): returnLDump() :: Key : 8fjqihdehZuyqtQsHPdpeVoGOXNGvxDX value : x6IB46EzFtkpR8DdOgIWceoxrYEWmiKQ
D/SimpleDynamoProvider(17909): returnLDump() :: Key : ZB26oIULioeZGi9aB8I9sGRQgTQhq1nP value : PASirE6vhljhwATRWTSJLTst3kfLjamN
D/SimpleDynamoProvider(17909): returnLDump() :: Key : CVrNzbePBkWolP3xfrAIctmMuF5CKVJn value : JSck1hXBGoejMklGzHl6e6g3iQjDzb2t
D/SimpleDynamoProvider(17909): returnLDump() :: Key : U6tqyAyGfUGSdcpZ2zmFKlKPr27PATpm value : qzkxO5fOtYHKlVlOMP4AyrOX9L0FEC2r
D/SimpleDynamoProvider(17909): returnLDump() :: Key : 880rKZXxGCC9uJH60oUUylCnn49tbt1k value : TnjDsLHqJXdNnyxixzdGey2SfuiPTI1O
D/SimpleDynamoProvider(17909): returnLDump() :: Key : 5YRLrmoa0PjM4KxPzl4MCVMeoWby6X1r value : WxCZmWkghF0frLnNscXqhFQM10FQIOJw
D/dalvikvm(17909): GC_FOR_ALLOC freed 186K, 17% free 2858K/3424K, paused 4ms, total 4ms
D/SimpleDynamoProvider(17909): returnLDump() :: Key : NphIoyyyzw8pKJ72Ja8iJKON9vjPUWLk value : MmQwrj3EjO4QBMlTJFwvjRSnEflix7J6
D/SimpleDynamoProvider(17909): returnLDump() :: Key : yxLtrZNYbKwGgrYQg6YBUG7ZKJn2ivmC value : 3ZyZiX38M5d4sXH4BPyyLEsEqkPRNkGg
D/SimpleDynamoProvider(17909): returnLDump() :: Key : yMvQxhc6TfgoddkFObwXamsQoPdoKqjv value : UU8GO6ohMgEEzibs90EWTae24abr5u77
D/SimpleDynamoProvider(17909): returnLDump() :: Key : oAhYisUxiKfE2NQlXZvIYej2QEQSh65F value : 3ypQZ6inXd01D2c0c07DvfiBi3aaf4Tu
D/SimpleDynamoProvider(17909): returnLDump() :: Key : qr3IsE1ogDhv4sLj7lNf1jkBjnQ5PwN4 value : UU1vLnJJmi1izysJF0rQ3jqxh5B2V0Hj
D/SimpleDynamoProvider(17909): returnLDump() :: Key : R4ArVY1iem2hltjKpi5dQ8NgDEMykEEp value : 2wtog9fKbGY0cwxMokM5mFS10ztw8doq
D/SimpleDynamoProvider(17909): returnLDump() :: Key : S4NQ58HipQYK8AvnmukMtUtNjE9xJuoq value : 4bZ73AW5Uu94wdkGRQeA7EPWbL6e5DAy
D/dalvikvm(17909): GC_FOR_ALLOC freed 186K, 17% free 2859K/3424K, paused 4ms, total 4ms
D/SimpleDynamoProvider(17909): returnLDump() :: Key : LMwkpXY93ocmBvF9go05qEFw3PLWVrej value : dtOeju3qcgOuM945VWO7d3CqIWzCVBKq
D/SimpleDynamoProvider(17909): returnLDump() :: Key : oWXBxDC9NchNDrFqvX3mUdW8XsMtUYrZ value : W02MOYvF9dAPfXsDwAfitmC9kfnTdbG2
D/SimpleDynamoProvider(17909): returnLDump() :: Key : a7j3rqxHkEa4AkIAg7ogRvJ3DxCfWcVb value : fQ6AidxtXiJ2sGFedVM7YFcjrFDKT5lp
D/SimpleDynamoProvider(17909): returnLDump() :: Key : vIDguOjNkQHE4myeu5LwprR4fElkcdxI value : DbG54F8o8hF1aZasqEmLViNRxzo9bxh3
D/SimpleDynamoProvider(17909): returnLDump() :: Key : eD9ll3ZY3nPtddBsHsrP1Wqp4H84OT3b value : RiGBUDWVLjB39p6sc4yBWrdohDN2nVEu
D/SimpleDynamoProvider(17909): returnLDump() :: Key : eIN6jpwjHTxEl7VD5b05fEiK84HZblE1 value : vu4aiT7pRlffdeZyY5kxdle4YVYUVOqC
D/SimpleDynamoProvider(17909): returnLDump() :: Key : qhuw2JFrvGGBQh10HKUMDZDTKPuiGQ30 value : IMz3I1u24aBd7fQotclRv5UgcEfy8sUq
D/dalvikvm(17909): GC_FOR_ALLOC freed 186K, 17% free 2860K/3424K, paused 3ms, total 3ms
D/SimpleDynamoProvider(17909): returnLDump() :: Key : Jova1a4Fz8aw8QuoPQEXDIOlorVFgufi value : ScAEByhoyaOncWvzzOL2purQtLDsntPQ
D/SimpleDynamoProvider(17909): returnLDump() :: Key : WRFZ1gDDiuZ4nAZIr8H7auX0oMJetK0D value : vtjeQZSPjnC4UadDfVG9GjNGPTmMx61v
D/SimpleDynamoProvider(17909): returnLDump() :: Key : NfhdaazkpYT2yPXMYgX4hWhAhVPiDAXg value : LdGqak98VW5UjXrEi4PbxINh4AfuhT7H
D/SimpleDynamoProvider(17909): returnLDump() :: Key : O0AqQ3rf8BOfo02q32ot24n48HqMPsgz value : ZY2X8NV4YnIzy1fY7GLx6pOszHe5RY5e
D/SimpleDynamoProvider(17909): returnLDump() :: Key : aZrzp3orJQiIsoQedrIY35jeH9tkTYcA value : YLGzMD7u1SaHvw7t8RJuHybf9dShenYV
D/SimpleDynamoProvider(17909): returnLDump() :: Key : XPGUwTrKwR7jcsJ2S7lBtVFrk9hR6RqH value : 1Xnoabl6ehHgG6eXVR0w7P6TeMHVW7Xc
D/SimpleDynamoProvider(17909): returnLDump() :: Key : XDjsP1DODh6oRFyMt4or2QmAhMCbV2Bi value : G9aujoGyZmvHaEVxptlECHBeHBiwnGco
D/dalvikvm(17909): GC_FOR_ALLOC freed 187K, 17% free 2861K/3424K, paused 3ms, total 3ms
D/SimpleDynamoProvider(17909): returnLDump() :: Key : RL7mhRodVPlig3tJs6HdhbzTIlQpN4Cc value : WmYZ6SLsfmgSlC42RndsbpJYCqvGdGac
D/SimpleDynamoProvider(17909): returnLDump() :: Key : tjWmSpWvnxVbk5ocfb59ScQ84Cd9bh3l value : HuLN7GUGTB6UFhK9iEUcOXmSdsWBMG68
D/SimpleDynamoProvider(17909): returnLDump() :: Key : pm6MgTN3upBdfGqafbtVAjHfC93jvy6j value : RP5sqXDVG8V5YY6Oc944ampyQTMDkQg4
D/SimpleDynamoProvider(17909): returnLDump() :: Key : HHfGcBplWROV3fPJ6dvMwhmk8HciVZUc value : WKkKO3B9H4x9konVUbrx3sNVNofKewL3
D/SimpleDynamoProvider(17909): returnLDump() :: Key : whZShlPiMLu2ZI48jPJJ3y0WO0liq9uA value : FPj895Fd6keAvHH6kF94noFoRX9SqQNs
D/SimpleDynamoProvider(17909): returnLDump() :: Key : 9AObofWoWQnTau1XsZ3MUSTwzCIvDTVM value : S0bklQcBGEtNjPVUqZ8dKG76pAThsK4x
D/SimpleDynamoProvider(17909): returnLDump() :: Key : jyxisNe88ozUuCGclouxDn0sdREdLR1D value : JKk2QiVlJDbrTaJqBZbFtEFL3BQb6Ezd
D/dalvikvm(17909): GC_FOR_ALLOC freed 186K, 17% free 2862K/3424K, paused 3ms, total 3ms
D/SimpleDynamoProvider(17909): returnLDump() :: Key : tz49fV9JdPQQT2sMZSfP70HxVs90uozX value : 9mKJRM4YaZtT4rJFC2ZGH0vSSOWj55Ds
D/SimpleDynamoProvider(17909): returnLDump() :: Key : 6kx1SzcAmMtQDcD8UcaGKQhfZFvn0Ef2 value : GEh4ae8LivfN9VSHyfuUVkEsocSnsruR
D/SimpleDynamoProvider(17909): returnLDump() :: Key : BALzXf7pcHAJ4qOVWPeV9BDewxINPhlA value : 7ya6GMSWof2GixNMsX0e7tem8qIavD6x
D/SimpleDynamoProvider(17909): returnLDump() :: Key : plGH9r2svpysPzC69KleRSSiMLPKXQT3 value : oJ67ZQgJkn46B4wwx2AmpKROlKJDQDnC
D/SimpleDynamoProvider(17909): returnLDump() :: Key : v9myCnQERpdW7jkVKWSUVbPWclCzNtVf value : Xj3QUn7ICcRjZwr6XPT4Q4MKjIuV7XnV
D/SimpleDynamoProvider(17909): returnLDump() :: Key : wueW1lachlMTS1kH8wamCuUbyvCP2n6d value : ScdWUs1RGBD10Piifx6thkdToE6MfIuE
D/SimpleDynamoProvider(17909): returnLDump() :: Key : lKDUvipQ4Y3fdBrEcuYW45OnWDTO0shg value : MMmxtnZD56gWW72YaaGdK940GZFrKPLz
D/dalvikvm(17909): GC_FOR_ALLOC freed 186K, 17% free 2863K/3424K, paused 3ms, total 3ms
D/SimpleDynamoProvider(17909): returnLDump() :: Key : gKZWloG6GCLgkDtmkydZLFFTD3mCDmbC value : 0Bbba2pv3lVDINg7DpivFTjCcNz4QxyS
D/SimpleDynamoProvider(17909): returnLDump() :: Key : mYU8sgz0tRZQb5N97PyInuWaF08PihxS value : 4aB4rHZSD2Na4h3WLRXXDf2doON0rcf6
D/SimpleDynamoProvider(17909): returnLDump() :: Key : zZXz4j95JssGHa7VPG9DlWrnQ3ySLDgr value : 9Nxyq3DJLDmQsMfSTaZyQcZtfagK22Hp
D/SimpleDynamoProvider(17909): returnLDump() :: Key : XH1HAa3mjULUiAqoh6SxPOll6qHVlB5J value : 9z1DxznkmEBzsC7eqrH3LCQmDr9wQhAg
D/SimpleDynamoProvider(17909): returnLDump() :: Key : PNTeameZA8m8Tz1n9GQflProliN1oa5y value : 4peXVCVZ1zkfqzZPzV2t0iCfvWZWei4g
D/SimpleDynamoProvider(17909): returnLDump() :: Key : ky3gIhEWstCDUKG4yJv6V8Idpd7D8mKW value : wHA4Bot46CYtaG2XvV2y0xEoLLh2AMTj
D/SimpleDynamoProvider(17909): returnLDump() :: Key : 0f7034HW4EU536c7qO8WN1bblxbcXxDI value : 5uvLeNmPxTd5iwVQhAoLx19JbpzoHTpi
D/dalvikvm(17909): GC_FOR_ALLOC freed 186K, 17% free 2864K/3424K, paused 3ms, total 3ms
D/SimpleDynamoProvider(17909): returnLDump() :: Key : jOOm4tStfsHco5AdzXvahd1evO1PYfJk value : SQXs38UqVPvVHNjXkCU2b1qF7peFod7w
D/SimpleDynamoProvider(17909): returnLDump() :: Key : YZimI9VCDZBrjFNufTmr7ZeoS9y5A3q9 value : StYaxgkOuHuDtg5cdbTuEG3xyTa59bXk
D/SimpleDynamoProvider(17909): returnLDump() :: Key : jBpk8IkxdACGFMgdvjpFG598baxiec9d value : UV36U7HedauHbHZutMOVYFROuFxK7kqn
D/AndroidRuntime(18611): Shutting down VM
D/dalvikvm(18611): Debugger has detached; object registry had 1 entries
D/AndroidRuntime(18623): 
D/AndroidRuntime(18623): >>>>>> AndroidRuntime START com.android.internal.os.RuntimeInit <<<<<<
D/AndroidRuntime(18623): CheckJNI is ON
D/dalvikvm(18623): Trying to load lib libjavacore.so 0x0
D/dalvikvm(18623): Added shared lib libjavacore.so 0x0
D/dalvikvm(18623): Trying to load lib libnativehelper.so 0x0
D/dalvikvm(18623): Added shared lib libnativehelper.so 0x0
D/dalvikvm(18623): No JNI_OnLoad found in libnativehelper.so 0x0, skipping init
D/dalvikvm(18623): Note: class Landroid/app/ActivityManagerNative; has 179 unimplemented (abstract) methods
E/memtrack(18623): Couldn't load memtrack module (No such file or directory)
E/android.os.Debug(18623): failed to load memtrack module: -2
D/AndroidRuntime(18623): Calling main entry com.android.commands.content.Content
D/SimpleDynamoProvider(17909): Query selection : @
D/SimpleDynamoProvider(17909): query() : originator calling LDump
D/SimpleDynamoProvider(17909): returnLDump() ::  noOfFiles :[Ljava.lang.String;@b3fc4070
D/SimpleDynamoProvider(17909): returnLDump() :: Key : gI66betzO0FCWNJ9sKEQjOwonm2nEr7v value : JRkzuaj3aPsIf5TP7uTJpREpZ7mBDWTz
D/SimpleDynamoProvider(17909): returnLDump() :: Key : 2mLDknCTRjACvVR4rGjeQJ8vJ9eIRBC0 value : cbifUWWy4fxRVMm7xpV0aa3WOQVLF5j7
D/SimpleDynamoProvider(17909): returnLDump() :: Key : PDbIOKgcSRX3rmgLg7gXSOEC6ev2H0q0 value : dd4m08JCUTonNGntOGQiGtI17r4kU5Gi
D/SimpleDynamoProvider(17909): returnLDump() :: Key : s5DgQLhYU85yCqPgTINLYuwlSBYVW19Q value : xgRw7Me6kPJy8B6JtkygLns7Vg549BB3
D/dalvikvm(17909): GC_FOR_ALLOC freed 188K, 16% free 2876K/3424K, paused 2ms, total 2ms
D/SimpleDynamoProvider(17909): returnLDump() :: Key : uT6JUE937WCVvIvQCjBSoBxxnxaMhPhw value : LtQFeoEJj9MDz2jcqszARwvIpUlEluMG
D/SimpleDynamoProvider(17909): returnLDump() :: Key : rJ9TNECltkvZPj9solL6D6XYX36vfwa0 value : WYye1fX3HMwO8jJWHmUDAy8nYuR6P3yO
D/SimpleDynamoProvider(17909): returnLDump() :: Key : mtItshCFcFtodBkzJrYF4W2NnvtP6Gm6 value : shrVNaxM8JBbIxFLq0QTYuqtMLyn9Tui
D/SimpleDynamoProvider(17909): returnLDump() :: Key : C0zjOnp54xSThHpgwlSoDwYdoyux0Yt3 value : nMI28T9cMhgE2d9lBnBJzhhBBC2XzAjb
D/SimpleDynamoProvider(17909): returnLDump() :: Key : 6C0nZU7CJR8kOMEFgYHK2QUSFTpslAR2 value : IPfvnaDw0TOXbta2ozWB59FidXPraA0d
D/SimpleDynamoProvider(17909): returnLDump() :: Key : bmsM9FZciux03PFPQHEuB376MrkRz4rl value : c8cldI82sDjB9ZNNVDlJ96xinUvQuN6b
D/SimpleDynamoProvider(17909): returnLDump() :: Key : 62V5wXtJP384emX5EbNNpblejNrsoGFO value : bsjwSsUVXeywBKs5FIh69RChYvB46Nrg
D/dalvikvm(17909): GC_FOR_ALLOC freed 184K, 16% free 2878K/3424K, paused 3ms, total 3ms
D/SimpleDynamoProvider(17909): returnLDump() :: Key : LTdi7TjmnYUIQX8cnKoawrmt7CTPnbPv value : ObAcf1bML2iREOOC5CFcHB0yhJPX6ihq
D/SimpleDynamoProvider(17909): returnLDump() :: Key : AtefPYdktMKMNvdMWssNzA0p69pDns4P value : TO822tYQhoq90CZNwbyE60r3QnSB2L5g
D/SimpleDynamoProvider(17909): returnLDump() :: Key : uKRNFRbZG6YCIEHXoonJ4nxhlyjYBtBn value : 8jXe9AY8yvqDK5xeIHVCk7oPxqNSQ5HF
D/SimpleDynamoProvider(17909): returnLDump() :: Key : xoMKuzVCl9t7ANOPDgijiWGkIjeJLuIC value : af2voUuW42201oacLNN7e4RhpSD2blwZ
D/SimpleDynamoProvider(17909): returnLDump() :: Key : 5bWwvrAnPqqfuHxO9KPNc5B55lSvDbR7 value : QZfpdIu7blaXhVWFGSlQE89paR0UEm4y
D/SimpleDynamoProvider(17909): returnLDump() :: Key : GcFmaGMWDd0uMIJeiFsJuFxhyh0jfLD3 value : MtCQDpUn9IBuYp0iFIvisfBBwMqqo5uK
D/SimpleDynamoProvider(17909): returnLDump() :: Key : i0RDzrQ55WMtRxTVsGSlJC641gM9F2ln value : FRN2m5UPS45aIEmSdEfZXm0TUTo4GKWR
D/dalvikvm(17909): GC_FOR_ALLOC freed 184K, 16% free 2881K/3424K, paused 8ms, total 8ms
D/SimpleDynamoProvider(17909): returnLDump() :: Key : byJxSRWVSgxHljFMAKM5mwH1ysvU1zv4 value : 2wfkatwgOiR6iLkB0XLsKm3lYc4o54l0
D/SimpleDynamoProvider(17909): returnLDump() :: Key : AvRR5kipdvU6UISHjHfBLPnpbxyeTsLm value : CIwj22Uv7P52mI8F1AW8OERasy0SizZM
D/SimpleDynamoProvider(17909): returnLDump() :: Key : kruHbMpVXInLeBh2pXbWoNQF8u2WSSdo value : geZbJlIOveoaaUP2jXuYhK36rKg0BQId
D/SimpleDynamoProvider(17909): returnLDump() :: Key : hFnyZosie4xE3q2X5bppVPgNGOOe8jeW value : rXxjyoTpxYALKMKuPbTRGuCJZCdftqKh
D/SimpleDynamoProvider(17909): returnLDump() :: Key : 5XSSj6ClGWSkL3RxjYXjXrUEnv3C5N7p value : xULjlgbQK3hyrwTEUUobifj1EPCLLBTi
D/SimpleDynamoProvider(17909): returnLDump() :: Key : quA3dE2h7rHJB3lYo75MUgncXMpIi0Fs value : eW6g5uTK2XptTiXolXxtX5zo1HkWvqhb
D/SimpleDynamoProvider(17909): returnLDump() :: Key : oIuiQmzPnnEbyNaEjKd9E5nZfg0gmspc value : TI9BYE2FSbx4aNg4Uf80V4hVUgwYZe9C
D/SimpleDynamoProvider(17909): returnLDump() :: Key : GEvKh7kIlMbZUFrRgbrhtB9ySCT5ErUe value : cVe9nhiuVP0l8qKoiLuZDWumb5R8mByO
D/dalvikvm(17909): GC_FOR_ALLOC freed 240K, 18% free 2856K/3444K, paused 3ms, total 3ms
D/SimpleDynamoProvider(17909): returnLDump() :: Key : PFXJ8orhOmiTiMW9EbkOgwRNGMl3Xyvs value : NthwDFOk2ueR6lCl82WnNx9qu8fo0NHg
D/SimpleDynamoProvider(17909): returnLDump() :: Key : zYbx4vMeTwHZWUFVulBeTZv87dwcJxxK value : 6QxZYAbBZGE6ufMvnT5caioTTB89xeQW
D/SimpleDynamoProvider(17909): returnLDump() :: Key : XYWETgfhq7UGs0xQvxosHMrKliK6yfw3 value : Lj86yzvqKzfmTYXp5bnZ8iBWzYvFs4Jp
D/SimpleDynamoProvider(17909): returnLDump() :: Key : oGTj4H4vUEM3nnUCpi6qNZ43IonIDOJ8 value : XE16OwObmq5QUGIRJNsmlsxyHTRcyRd3
D/SimpleDynamoProvider(17909): returnLDump() :: Key : Gky1aFsX8UzdfPh5snZRBLsvJFpz8aoB value : IquXIACC7gHQ9zjRDeiotcF59mBCXzpO
D/SimpleDynamoProvider(17909): returnLDump() :: Key : J6o9pBXHJpUNEy4VrkyGNWMNIWoIhPXZ value : Ctd19kDdTbVWtGnBYWAFPZdYbNargkvj
D/SimpleDynamoProvider(17909): returnLDump() :: Key : TIVATjG1jVi7Syedoxh1uYQzNDgnk0A5 value : 4Rs2N9OTPSN5G9diu71ZJr5MEdArRz23
D/SimpleDynamoProvider(17909): returnLDump() :: Key : efW9vHPZx3nVsILqkFdlt07cGNBfURyh value : Gn5VBrOjcb1yN2QB9saN8L9CZQy7lKNC
D/SimpleDynamoProvider(17909): returnLDump() :: Key : GmjqM8Tm4XWTCdDhm51T4P5IMplUdCNk value : wDhTgUcOY7v1yjsTS2WXk5bwUV03ngVL
D/dalvikvm(17909): GC_FOR_ALLOC freed 239K, 18% free 2858K/3444K, paused 2ms, total 2ms
D/SimpleDynamoProvider(17909): returnLDump() :: Key : DLxfmvLyDCPbKjSSsmh6IBpx57GEE2tJ value : tV6o70sTLMWmpDBMaOckvAdv7uAQtCrK
D/SimpleDynamoProvider(17909): returnLDump() :: Key : s2ruENeUGNI07a1PeXjMNs9kN4X96fDw value : 8hr5DT4qNjALy1PKhrxMMSaV9d2tGnqu
D/SimpleDynamoProvider(17909): returnLDump() :: Key : q4bwKqnwZl8wzmY59r6p7ISyXJZcfceI value : 8aI0zP3LureHPIOv1n9whhZZlIsSqeeA
D/SimpleDynamoProvider(17909): returnLDump() :: Key : dSTPQYpHMMGDuU7JQmjGRVVvmkoQd6cO value : AkV5HDvOCoKGFtuLG7XQe4uMRLfMoWmn
D/SimpleDynamoProvider(17909): returnLDump() :: Key : JkyAOxFBia2tnlYA5oOMPKdy4GQhoho6 value : aMPAn9J8l7Pmh0AkvGSte7MsYb3Dof4L
D/SimpleDynamoProvider(17909): returnLDump() :: Key : 7BsdD2eY8FqQCVYrQmRzzWGW0PmlKI36 value : WEd7e7MseG2Vv3jKvKteapry2BnSN72J
D/SimpleDynamoProvider(17909): returnLDump() :: Key : hvPeyPhMGghAczL6PVJ7ybcjxqogKsNd value : rZIE4BuEZ6sRk2m6pZU2UKEgwlm7KIjr
D/SimpleDynamoProvider(17909): returnLDump() :: Key : 8fjqihdehZuyqtQsHPdpeVoGOXNGvxDX value : x6IB46EzFtkpR8DdOgIWceoxrYEWmiKQ
D/SimpleDynamoProvider(17909): returnLDump() :: Key : ZB26oIULioeZGi9aB8I9sGRQgTQhq1nP value : PASirE6vhljhwATRWTSJLTst3kfLjamN
D/dalvikvm(17909): GC_FOR_ALLOC freed 240K, 17% free 2859K/3444K, paused 6ms, total 7ms
D/SimpleDynamoProvider(17909): returnLDump() :: Key : CVrNzbePBkWolP3xfrAIctmMuF5CKVJn value : JSck1hXBGoejMklGzHl6e6g3iQjDzb2t
D/SimpleDynamoProvider(17909): returnLDump() :: Key : U6tqyAyGfUGSdcpZ2zmFKlKPr27PATpm value : qzkxO5fOtYHKlVlOMP4AyrOX9L0FEC2r
D/SimpleDynamoProvider(17909): returnLDump() :: Key : 880rKZXxGCC9uJH60oUUylCnn49tbt1k value : TnjDsLHqJXdNnyxixzdGey2SfuiPTI1O
D/SimpleDynamoProvider(17909): returnLDump() :: Key : 5YRLrmoa0PjM4KxPzl4MCVMeoWby6X1r value : WxCZmWkghF0frLnNscXqhFQM10FQIOJw
D/SimpleDynamoProvider(17909): returnLDump() :: Key : NphIoyyyzw8pKJ72Ja8iJKON9vjPUWLk value : MmQwrj3EjO4QBMlTJFwvjRSnEflix7J6
D/SimpleDynamoProvider(17909): returnLDump() :: Key : yxLtrZNYbKwGgrYQg6YBUG7ZKJn2ivmC value : 3ZyZiX38M5d4sXH4BPyyLEsEqkPRNkGg
D/SimpleDynamoProvider(17909): returnLDump() :: Key : yMvQxhc6TfgoddkFObwXamsQoPdoKqjv value : UU8GO6ohMgEEzibs90EWTae24abr5u77
D/SimpleDynamoProvider(17909): returnLDump() :: Key : oAhYisUxiKfE2NQlXZvIYej2QEQSh65F value : 3ypQZ6inXd01D2c0c07DvfiBi3aaf4Tu
D/SimpleDynamoProvider(17909): returnLDump() :: Key : qr3IsE1ogDhv4sLj7lNf1jkBjnQ5PwN4 value : UU1vLnJJmi1izysJF0rQ3jqxh5B2V0Hj
D/dalvikvm(17909): GC_FOR_ALLOC freed 240K, 17% free 2860K/3444K, paused 4ms, total 4ms
D/SimpleDynamoProvider(17909): returnLDump() :: Key : R4ArVY1iem2hltjKpi5dQ8NgDEMykEEp value : 2wtog9fKbGY0cwxMokM5mFS10ztw8doq
D/SimpleDynamoProvider(17909): returnLDump() :: Key : S4NQ58HipQYK8AvnmukMtUtNjE9xJuoq value : 4bZ73AW5Uu94wdkGRQeA7EPWbL6e5DAy
D/SimpleDynamoProvider(17909): returnLDump() :: Key : LMwkpXY93ocmBvF9go05qEFw3PLWVrej value : dtOeju3qcgOuM945VWO7d3CqIWzCVBKq
D/SimpleDynamoProvider(17909): returnLDump() :: Key : oWXBxDC9NchNDrFqvX3mUdW8XsMtUYrZ value : W02MOYvF9dAPfXsDwAfitmC9kfnTdbG2
D/SimpleDynamoProvider(17909): returnLDump() :: Key : a7j3rqxHkEa4AkIAg7ogRvJ3DxCfWcVb value : fQ6AidxtXiJ2sGFedVM7YFcjrFDKT5lp
D/SimpleDynamoProvider(17909): returnLDump() :: Key : vIDguOjNkQHE4myeu5LwprR4fElkcdxI value : DbG54F8o8hF1aZasqEmLViNRxzo9bxh3
D/SimpleDynamoProvider(17909): returnLDump() :: Key : eD9ll3ZY3nPtddBsHsrP1Wqp4H84OT3b value : RiGBUDWVLjB39p6sc4yBWrdohDN2nVEu
D/SimpleDynamoProvider(17909): returnLDump() :: Key : eIN6jpwjHTxEl7VD5b05fEiK84HZblE1 value : vu4aiT7pRlffdeZyY5kxdle4YVYUVOqC
D/SimpleDynamoProvider(17909): returnLDump() :: Key : qhuw2JFrvGGBQh10HKUMDZDTKPuiGQ30 value : IMz3I1u24aBd7fQotclRv5UgcEfy8sUq
D/dalvikvm(17909): GC_FOR_ALLOC freed 240K, 17% free 2861K/3444K, paused 3ms, total 3ms
D/SimpleDynamoProvider(17909): returnLDump() :: Key : Jova1a4Fz8aw8QuoPQEXDIOlorVFgufi value : ScAEByhoyaOncWvzzOL2purQtLDsntPQ
D/SimpleDynamoProvider(17909): returnLDump() :: Key : WRFZ1gDDiuZ4nAZIr8H7auX0oMJetK0D value : vtjeQZSPjnC4UadDfVG9GjNGPTmMx61v
D/SimpleDynamoProvider(17909): returnLDump() :: Key : NfhdaazkpYT2yPXMYgX4hWhAhVPiDAXg value : LdGqak98VW5UjXrEi4PbxINh4AfuhT7H
D/SimpleDynamoProvider(17909): returnLDump() :: Key : O0AqQ3rf8BOfo02q32ot24n48HqMPsgz value : ZY2X8NV4YnIzy1fY7GLx6pOszHe5RY5e
D/SimpleDynamoProvider(17909): returnLDump() :: Key : aZrzp3orJQiIsoQedrIY35jeH9tkTYcA value : YLGzMD7u1SaHvw7t8RJuHybf9dShenYV
D/SimpleDynamoProvider(17909): returnLDump() :: Key : XPGUwTrKwR7jcsJ2S7lBtVFrk9hR6RqH value : 1Xnoabl6ehHgG6eXVR0w7P6TeMHVW7Xc
D/SimpleDynamoProvider(17909): returnLDump() :: Key : XDjsP1DODh6oRFyMt4or2QmAhMCbV2Bi value : G9aujoGyZmvHaEVxptlECHBeHBiwnGco
D/SimpleDynamoProvider(17909): returnLDump() :: Key : RL7mhRodVPlig3tJs6HdhbzTIlQpN4Cc value : WmYZ6SLsfmgSlC42RndsbpJYCqvGdGac
D/SimpleDynamoProvider(17909): returnLDump() :: Key : tjWmSpWvnxVbk5ocfb59ScQ84Cd9bh3l value : HuLN7GUGTB6UFhK9iEUcOXmSdsWBMG68
D/dalvikvm(17909): GC_FOR_ALLOC freed 240K, 17% free 2862K/3444K, paused 3ms, total 3ms
D/SimpleDynamoProvider(17909): returnLDump() :: Key : pm6MgTN3upBdfGqafbtVAjHfC93jvy6j value : RP5sqXDVG8V5YY6Oc944ampyQTMDkQg4
D/SimpleDynamoProvider(17909): returnLDump() :: Key : HHfGcBplWROV3fPJ6dvMwhmk8HciVZUc value : WKkKO3B9H4x9konVUbrx3sNVNofKewL3
D/SimpleDynamoProvider(17909): returnLDump() :: Key : whZShlPiMLu2ZI48jPJJ3y0WO0liq9uA value : FPj895Fd6keAvHH6kF94noFoRX9SqQNs
D/SimpleDynamoProvider(17909): returnLDump() :: Key : 9AObofWoWQnTau1XsZ3MUSTwzCIvDTVM value : S0bklQcBGEtNjPVUqZ8dKG76pAThsK4x
D/SimpleDynamoProvider(17909): returnLDump() :: Key : jyxisNe88ozUuCGclouxDn0sdREdLR1D value : JKk2QiVlJDbrTaJqBZbFtEFL3BQb6Ezd
D/SimpleDynamoProvider(17909): returnLDump() :: Key : tz49fV9JdPQQT2sMZSfP70HxVs90uozX value : 9mKJRM4YaZtT4rJFC2ZGH0vSSOWj55Ds
D/SimpleDynamoProvider(17909): returnLDump() :: Key : 6kx1SzcAmMtQDcD8UcaGKQhfZFvn0Ef2 value : GEh4ae8LivfN9VSHyfuUVkEsocSnsruR
D/SimpleDynamoProvider(17909): returnLDump() :: Key : BALzXf7pcHAJ4qOVWPeV9BDewxINPhlA value : 7ya6GMSWof2GixNMsX0e7tem8qIavD6x
D/SimpleDynamoProvider(17909): returnLDump() :: Key : plGH9r2svpysPzC69KleRSSiMLPKXQT3 value : oJ67ZQgJkn46B4wwx2AmpKROlKJDQDnC
D/dalvikvm(17909): GC_FOR_ALLOC freed 240K, 17% free 2863K/3444K, paused 5ms, total 5ms
D/SimpleDynamoProvider(17909): returnLDump() :: Key : v9myCnQERpdW7jkVKWSUVbPWclCzNtVf value : Xj3QUn7ICcRjZwr6XPT4Q4MKjIuV7XnV
D/SimpleDynamoProvider(17909): returnLDump() :: Key : wueW1lachlMTS1kH8wamCuUbyvCP2n6d value : ScdWUs1RGBD10Piifx6thkdToE6MfIuE
D/SimpleDynamoProvider(17909): returnLDump() :: Key : lKDUvipQ4Y3fdBrEcuYW45OnWDTO0shg value : MMmxtnZD56gWW72YaaGdK940GZFrKPLz
D/SimpleDynamoProvider(17909): returnLDump() :: Key : gKZWloG6GCLgkDtmkydZLFFTD3mCDmbC value : 0Bbba2pv3lVDINg7DpivFTjCcNz4QxyS
D/SimpleDynamoProvider(17909): returnLDump() :: Key : mYU8sgz0tRZQb5N97PyInuWaF08PihxS value : 4aB4rHZSD2Na4h3WLRXXDf2doON0rcf6
D/SimpleDynamoProvider(17909): returnLDump() :: Key : zZXz4j95JssGHa7VPG9DlWrnQ3ySLDgr value : 9Nxyq3DJLDmQsMfSTaZyQcZtfagK22Hp
D/SimpleDynamoProvider(17909): returnLDump() :: Key : XH1HAa3mjULUiAqoh6SxPOll6qHVlB5J value : 9z1DxznkmEBzsC7eqrH3LCQmDr9wQhAg
D/SimpleDynamoProvider(17909): returnLDump() :: Key : PNTeameZA8m8Tz1n9GQflProliN1oa5y value : 4peXVCVZ1zkfqzZPzV2t0iCfvWZWei4g
D/SimpleDynamoProvider(17909): returnLDump() :: Key : ky3gIhEWstCDUKG4yJv6V8Idpd7D8mKW value : wHA4Bot46CYtaG2XvV2y0xEoLLh2AMTj
D/dalvikvm(17909): GC_FOR_ALLOC freed 240K, 17% free 2864K/3444K, paused 3ms, total 3ms
D/SimpleDynamoProvider(17909): returnLDump() :: Key : 0f7034HW4EU536c7qO8WN1bblxbcXxDI value : 5uvLeNmPxTd5iwVQhAoLx19JbpzoHTpi
D/SimpleDynamoProvider(17909): returnLDump() :: Key : jOOm4tStfsHco5AdzXvahd1evO1PYfJk value : SQXs38UqVPvVHNjXkCU2b1qF7peFod7w
D/SimpleDynamoProvider(17909): returnLDump() :: Key : YZimI9VCDZBrjFNufTmr7ZeoS9y5A3q9 value : StYaxgkOuHuDtg5cdbTuEG3xyTa59bXk
D/SimpleDynamoProvider(17909): returnLDump() :: Key : jBpk8IkxdACGFMgdvjpFG598baxiec9d value : UV36U7HedauHbHZutMOVYFROuFxK7kqn
D/AndroidRuntime(18623): Shutting down VM
D/dalvikvm(18623): Debugger has detached; object registry had 1 entries
D/AndroidRuntime(18637): 
D/AndroidRuntime(18637): >>>>>> AndroidRuntime START com.android.internal.os.RuntimeInit <<<<<<
D/AndroidRuntime(18637): CheckJNI is ON
D/dalvikvm(18637): Trying to load lib libjavacore.so 0x0
D/dalvikvm(18637): Added shared lib libjavacore.so 0x0
D/dalvikvm(18637): Trying to load lib libnativehelper.so 0x0
D/dalvikvm(18637): Added shared lib libnativehelper.so 0x0
D/dalvikvm(18637): No JNI_OnLoad found in libnativehelper.so 0x0, skipping init
D/dalvikvm(18637): Note: class Landroid/app/ActivityManagerNative; has 179 unimplemented (abstract) methods
E/memtrack(18637): Couldn't load memtrack module (No such file or directory)
E/android.os.Debug(18637): failed to load memtrack module: -2
D/AndroidRuntime(18637): Calling main entry com.android.commands.pm.Pm
I/ActivityManager( 1249): Force stopping edu.buffalo.cse.cse486586.simpledynamo appid=11172 user=-1: uninstall pkg
I/ActivityManager( 1249): Killing 17909:edu.buffalo.cse.cse486586.simpledynamo/u0a1172 (adj 0): stop edu.buffalo.cse.cse486586.simpledynamo
W/ActivityManager( 1249): Force removing ActivityRecord{b4288d08 u0 edu.buffalo.cse.cse486586.simpledynamo/.SimpleDynamoActivity t336}: app died, no saved state
W/PackageManager( 1249): Couldn't delete native library directory /data/app-lib/edu.buffalo.cse.cse486586.simpledynamo
W/InputDispatcher( 1249): channel 'b42b2260 edu.buffalo.cse.cse486586.simpledynamo/edu.buffalo.cse.cse486586.simpledynamo.SimpleDynamoActivity (server)' ~ Consumer closed input channel or an error occurred.  events=0x9
E/InputDispatcher( 1249): channel 'b42b2260 edu.buffalo.cse.cse486586.simpledynamo/edu.buffalo.cse.cse486586.simpledynamo.SimpleDynamoActivity (server)' ~ Channel is unrecoverably broken and will be disposed!
W/InputDispatcher( 1249): Attempted to unregister already unregistered input channel 'b42b2260 edu.buffalo.cse.cse486586.simpledynamo/edu.buffalo.cse.cse486586.simpledynamo.SimpleDynamoActivity (server)'
I/WindowState( 1249): WIN DEATH: Window{b42b2260 u0 edu.buffalo.cse.cse486586.simpledynamo/edu.buffalo.cse.cse486586.simpledynamo.SimpleDynamoActivity}
W/SurfaceFlinger(  923): couldn't log to binary event log: overflow.
D/dalvikvm( 1249): GC_FOR_ALLOC freed 669K, 14% free 6159K/7084K, paused 11ms, total 13ms
D/keystore(  928): calling clear_uid in state: 3
I/ActivityManager( 1249): Force stopping edu.buffalo.cse.cse486586.simpledynamo appid=11172 user=0: pkg removed
D/dalvikvm( 1249): WAIT_FOR_CONCURRENT_GC blocked 1ms
W/InputMethodManagerService( 1249): Got RemoteException sending setActive(false) notification to pid 17909 uid 11172
D/BackupManagerService( 1249): Received broadcast Intent { act=android.intent.action.PACKAGE_REMOVED dat=package:edu.buffalo.cse.cse486586.simpledynamo flg=0x4000010 (has extras) }
V/BackupManagerService( 1249): removePackageParticipantsLocked: uid=11172 #1
D/dalvikvm(24865): GC_EXPLICIT freed 286K, 14% free 3828K/4416K, paused 0ms+1ms, total 7ms
I/Choreographer( 1249): Skipped 131 frames!  The application may be doing too much work on its main thread.
I/LatinIME:LogUtils( 1329): Dictionary info: dictionary = main:en ; version = 42 ; date = 1381226429
I/InputReader( 1249): Reconfiguring input devices.  changes=0x00000010
D/VoicemailCleanupService(24878): Cleaning up data for package: edu.buffalo.cse.cse486586.simpledynamo
W/Binder  ( 1329): Caught a RuntimeException from the binder stub implementation.
W/Binder  ( 1329): java.lang.NullPointerException
W/Binder  ( 1329): 	at android.inputmethodservice.IInputMethodWrapper.setSessionEnabled(IInputMethodWrapper.java:280)
W/Binder  ( 1329): 	at com.android.internal.view.IInputMethod$Stub.onTransact(IInputMethod.java:129)
W/Binder  ( 1329): 	at android.os.Binder.execTransact(Binder.java:404)
W/Binder  ( 1329): 	at dalvik.system.NativeStart.run(Native Method)
W/ContextImpl(24899): Calling a method in the system process without a qualified user: android.app.ContextImpl.startService:1479 android.content.ContextWrapper.startService:494 android.content.ContextWrapper.startService:494 com.android.keychain.KeyChainBroadcastReceiver.onReceive:12 android.app.ActivityThread.handleReceiver:2400 
D/dalvikvm( 1249): GC_EXPLICIT freed 380K, 16% free 5972K/7084K, paused 13ms+2ms, total 153ms
D/AndroidRuntime(18637): Shutting down VM
D/jdwp    (18637): Got wake-up signal, bailing out of select
D/dalvikvm(18637): Debugger has detached; object registry had 1 entries
D/AndroidRuntime(18653): 
D/AndroidRuntime(18653): >>>>>> AndroidRuntime START com.android.internal.os.RuntimeInit <<<<<<
D/AndroidRuntime(18653): CheckJNI is ON
D/dalvikvm(18653): Trying to load lib libjavacore.so 0x0
D/dalvikvm(18653): Added shared lib libjavacore.so 0x0
D/dalvikvm(18653): Trying to load lib libnativehelper.so 0x0
D/dalvikvm(18653): Added shared lib libnativehelper.so 0x0
D/dalvikvm(18653): No JNI_OnLoad found in libnativehelper.so 0x0, skipping init
D/dalvikvm(18653): Note: class Landroid/app/ActivityManagerNative; has 179 unimplemented (abstract) methods
E/memtrack(18653): Couldn't load memtrack module (No such file or directory)
E/android.os.Debug(18653): failed to load memtrack module: -2
D/AndroidRuntime(18653): Calling main entry com.android.commands.pm.Pm
W/ActivityManager( 1249): No content provider found for permission revoke: file:///data/local/tmp/SimpleDynamo.apk
W/ActivityManager( 1249): No content provider found for permission revoke: file:///data/local/tmp/SimpleDynamo.apk
I/PackageManager( 1249): Copying native libraries to /data/app-lib/vmdl-1337748104
I/PackageManager( 1249): Running dexopt on: edu.buffalo.cse.cse486586.simpledynamo
D/dalvikvm(18665): DexOpt: load 9ms, verify+opt 38ms, 866420 bytes
I/ActivityManager( 1249): Force stopping edu.buffalo.cse.cse486586.simpledynamo appid=11173 user=-1: update pkg
W/RecognitionManagerService( 1249): no available voice recognition services found for user 0
I/InputReader( 1249): Reconfiguring input devices.  changes=0x00000010
D/BackupManagerService( 1249): Received broadcast Intent { act=android.intent.action.PACKAGE_ADDED dat=package:edu.buffalo.cse.cse486586.simpledynamo flg=0x4000010 (has extras) }
V/BackupManagerService( 1249): addPackageParticipantsLocked: #1
D/dalvikvm( 1249): GC_EXPLICIT freed 806K, 16% free 6000K/7084K, paused 5ms+1ms, total 33ms
D/dalvikvm( 1249): WAIT_FOR_CONCURRENT_GC blocked 13ms
D/AndroidRuntime(18653): Shutting down VM
D/jdwp    (18653): Got wake-up signal, bailing out of select
D/dalvikvm(18653): Debugger has detached; object registry had 1 entries
D/AndroidRuntime(18668): 
D/AndroidRuntime(18668): >>>>>> AndroidRuntime START com.android.internal.os.RuntimeInit <<<<<<
D/AndroidRuntime(18668): CheckJNI is ON
D/dalvikvm(18668): Trying to load lib libjavacore.so 0x0
D/dalvikvm(18668): Added shared lib libjavacore.so 0x0
D/dalvikvm(18668): Trying to load lib libnativehelper.so 0x0
D/dalvikvm(18668): Added shared lib libnativehelper.so 0x0
D/dalvikvm(18668): No JNI_OnLoad found in libnativehelper.so 0x0, skipping init
D/dalvikvm(18668): Note: class Landroid/app/ActivityManagerNative; has 179 unimplemented (abstract) methods
E/memtrack(18668): Couldn't load memtrack module (No such file or directory)
E/android.os.Debug(18668): failed to load memtrack module: -2
D/AndroidRuntime(18668): Calling main entry com.android.commands.input.Input
I/Input   (18668): injectKeyEvent: KeyEvent { action=ACTION_DOWN, keyCode=KEYCODE_MENU, scanCode=0, metaState=0, flags=0x0, repeatCount=0, eventTime=85954557, downTime=85954557, deviceId=-1, source=0x101 }
I/Input   (18668): injectKeyEvent: KeyEvent { action=ACTION_UP, keyCode=KEYCODE_MENU, scanCode=0, metaState=0, flags=0x0, repeatCount=0, eventTime=85954557, downTime=85954557, deviceId=-1, source=0x101 }
D/AndroidRuntime(18668): Shutting down VM
D/jdwp    (18668): Got wake-up signal, bailing out of select
D/dalvikvm(18668): Debugger has detached; object registry had 1 entries
D/dalvikvm(18668): Compiler shutdown in progress - discarding request
D/dalvikvm(18668): Compiler shutdown in progress - discarding request
D/dalvikvm(18668): Compiler shutdown in progress - discarding request
D/dalvikvm(18668): Compiler shutdown in progress - discarding request
D/AndroidRuntime(18680): 
D/AndroidRuntime(18680): >>>>>> AndroidRuntime START com.android.internal.os.RuntimeInit <<<<<<
D/AndroidRuntime(18680): CheckJNI is ON
D/dalvikvm(18680): Trying to load lib libjavacore.so 0x0
D/dalvikvm(18680): Added shared lib libjavacore.so 0x0
D/dalvikvm(18680): Trying to load lib libnativehelper.so 0x0
D/dalvikvm(18680): Added shared lib libnativehelper.so 0x0
D/dalvikvm(18680): No JNI_OnLoad found in libnativehelper.so 0x0, skipping init
D/dalvikvm(18680): Note: class Landroid/app/ActivityManagerNative; has 179 unimplemented (abstract) methods
E/memtrack(18680): Couldn't load memtrack module (No such file or directory)
E/android.os.Debug(18680): failed to load memtrack module: -2
D/AndroidRuntime(18680): Calling main entry com.android.commands.am.Am
I/ActivityManager( 1249): Force stopping edu.buffalo.cse.cse486586.simpledynamo appid=11173 user=0: from pid 18680
I/ActivityManager( 1249): START u0 {act=android.intent.action.MAIN cat=[android.intent.category.LAUNCHER] flg=0x10000000 cmp=edu.buffalo.cse.cse486586.simpledynamo/.SimpleDynamoActivity} from pid 18680
D/gralloc (  923): Registering a buffer in the process that created it. This may cause memory ordering problems.
E/libEGL  (  923): called unimplemented OpenGL ES API
E/libEGL  (  923): called unimplemented OpenGL ES API
E/libEGL  (  923): called unimplemented OpenGL ES API
E/libEGL  (  923): called unimplemented OpenGL ES API
E/SurfaceFlinger(  923): glCheckFramebufferStatusOES error -3948954
E/SurfaceFlinger(  923): got GL_FRAMEBUFFER_COMPLETE_OES error while taking screenshot
E/libEGL  (  923): called unimplemented OpenGL ES API
E/libEGL  (  923): called unimplemented OpenGL ES API
I/Choreographer( 1249): Skipped 33 frames!  The application may be doing too much work on its main thread.
D/AndroidRuntime(18680): Shutting down VM
W/WindowManager( 1249): Screenshot failure taking screenshot for (123x164) to layer 21010
D/jdwp    (18680): Got wake-up signal, bailing out of select
D/dalvikvm(18680): Debugger has detached; object registry had 1 entries
D/dalvikvm(18691): Not late-enabling CheckJNI (already on)
I/ActivityManager( 1249): Start proc edu.buffalo.cse.cse486586.simpledynamo for activity edu.buffalo.cse.cse486586.simpledynamo/.SimpleDynamoActivity: pid=18691 uid=11173 gids={51173, 3003}
D/SimpleDynamoProvider(18691): onCreate() :: init() and predAvailNode(currentNode) called
D/SimpleDynamoProvider(18691): delete() CurrentNode : 5560
D/SimpleDynamoProvider(18691): Delete() : @ selection : @
D/SimpleDynamoProvider(18691): recoery() Sending to succ : 5562
D/SimpleDynamoProvider(18691): recoery() Sending to succ's succ : 5556
D/SimpleDynamoProvider(18691): recoery() Sending to pred : 5558
D/SimpleDynamoProvider(18691): recoery() Sending to pred's pred : 5554
D/SimpleDynamoProvider(18691): Client sending to Succ Server :: Values set in operation are Key : null, value: null, CurrentNode/Originator : 5560, Type : @query, Succ : 5554
D/SimpleDynamoProvider(18691): Client Remote port is 11108
D/SimpleDynamoProvider(18691): Client sending to Succ Server :: Values set in operation are Key : null, value: null, CurrentNode/Originator : 5560, Type : @query, Succ : 5554
D/SimpleDynamoProvider(18691): Client Remote port is 11116
D/SimpleDynamoProvider(18691): Client sending to Succ Server :: Values set in operation are Key : null, value: null, CurrentNode/Originator : 5560, Type : @query, Succ : 5554
D/SimpleDynamoProvider(18691): Client Remote port is 11112
D/SimpleDynamoProvider(18691): Client sending to Succ Server :: Values set in operation are Key : null, value: null, CurrentNode/Originator : 5560, Type : @query, Succ : 5554
D/SimpleDynamoProvider(18691): Client Remote port is 11124
D/SimpleDynamoProvider(18691): Client  Socket Time out type : @query key : null value : null
W/System.err(18691): java.io.StreamCorruptedException
W/System.err(18691): 	at java.io.ObjectOutputStream.writeObject(ObjectOutputStream.java:1528)
W/System.err(18691): 	at java.io.ObjectOutputStream.writeObject(ObjectOutputStream.java:1481)
W/System.err(18691): 	at edu.buffalo.cse.cse486586.simpledynamo.SimpleDynamoProvider$Client.run(SimpleDynamoProvider.java:435)
W/System.err(18691): 	at java.lang.Thread.run(Thread.java:841)
I/Choreographer( 1249): Skipped 34 frames!  The application may be doing too much work on its main thread.
I/Choreographer( 1249): Skipped 39 frames!  The application may be doing too much work on its main thread.
I/Choreographer( 1249): Skipped 65 frames!  The application may be doing too much work on its main thread.
I/Choreographer( 1249): Skipped 80 frames!  The application may be doing too much work on its main thread.
I/Choreographer( 1249): Skipped 53 frames!  The application may be doing too much work on its main thread.
D/gralloc_goldfish(18691): Emulator without GPU emulation detected.
D/SimpleDynamoProvider(18691): Server :: Values in operation are Key : null, value: null, CurrentNode/Originator : 5560, Type : updateRecovery, Succ : 5560
D/SimpleDynamoProvider(18691): Server updateRecovery :: response coming from : 5556 size of map is : 0
I/ActivityManager( 1249): Displayed edu.buffalo.cse.cse486586.simpledynamo/.SimpleDynamoActivity: +608ms
D/SimpleDynamoProvider(18691): Server :: Values in operation are Key : null, value: null, CurrentNode/Originator : 5560, Type : updateRecovery, Succ : 5560
D/SimpleDynamoProvider(18691): Server updateRecovery :: response coming from : 5558 size of map is : 0
D/SimpleDynamoProvider(18691): Server :: Values in operation are Key : null, value: null, CurrentNode/Originator : 5560, Type : updateRecovery, Succ : 5560
D/SimpleDynamoProvider(18691): Server updateRecovery :: response coming from : 5554 size of map is : 0
D/SimpleDynamoProvider(18691): Server :: Values in operation are Key : null, value: null, CurrentNode/Originator : 5562, Type : @query, Succ : 5558
D/SimpleDynamoProvider(18691): Server @query currentNode :5560
D/SimpleDynamoProvider(18691): Client sending to Succ Server :: Values set in operation are Key : nul