I/ActivityManager( 1250): START u0 {act=android.intent.action.MAIN cat=[android.intent.category.LAUNCHER] flg=0x10000000 cmp=edu.buffalo.cse.cse486586.simpledynamo/.SimpleDynamoActivity} from pid 30424
W/WindowManager( 1250): Screenshot failure taking screenshot for (123x164) to layer 21010
I/ActivityManager( 1250): Start proc edu.buffalo.cse.cse486586.simpledynamo for activity edu.buffalo.cse.cse486586.simpledynamo/.SimpleDynamoActivity: pid=30435 uid=10762 gids={50762, 3003}
I/ActivityManager( 1250): Force stopping edu.buffalo.cse.cse486586.simpledynamo appid=10762 user=0: from pid 30453
I/ActivityManager( 1250): Killing 30435:edu.buffalo.cse.cse486586.simpledynamo/u0a762 (adj 0): stop edu.buffalo.cse.cse486586.simpledynamo
I/WindowState( 1250): WIN DEATH: Window{b425adb8 u0 edu.buffalo.cse.cse486586.simpledynamo/edu.buffalo.cse.cse486586.simpledynamo.SimpleDynamoActivity}
W/ActivityManager( 1250): Force removing ActivityRecord{b41ece80 u0 edu.buffalo.cse.cse486586.simpledynamo/.SimpleDynamoActivity t282}: app died, no saved state
W/InputMethodManagerService( 1250): Got RemoteException sending setActive(false) notification to pid 30435 uid 10762
I/ActivityManager( 1250): Force stopping edu.buffalo.cse.cse486586.simpledynamo appid=10762 user=0: from pid 30476
I/ActivityManager( 1250): START u0 {act=android.intent.action.MAIN cat=[android.intent.category.LAUNCHER] flg=0x10000000 cmp=edu.buffalo.cse.cse486586.simpledynamo/.SimpleDynamoActivity} from pid 30476
W/WindowManager( 1250): Screenshot failure taking screenshot for (123x164) to layer 21010
I/ActivityManager( 1250): Start proc edu.buffalo.cse.cse486586.simpledynamo for activity edu.buffalo.cse.cse486586.simpledynamo/.SimpleDynamoActivity: pid=30487 uid=10762 gids={50762, 3003}
I/ProcessStatsService( 1250): Prepared write state in 1ms
D/ConnectivityService( 1250): Sampling interval elapsed, updating statistics ..
D/ConnectivityService( 1250): Done.
D/ConnectivityService( 1250): Setting timer for 720seconds
I/ActivityManager( 1250): Force stopping edu.buffalo.cse.cse486586.simpledynamo appid=10762 user=0: from pid 404
I/ActivityManager( 1250): Killing 30487:edu.buffalo.cse.cse486586.simpledynamo/u0a762 (adj 0): stop edu.buffalo.cse.cse486586.simpledynamo
W/ActivityManager( 1250): Force removing ActivityRecord{b4345a38 u0 edu.buffalo.cse.cse486586.simpledynamo/.SimpleDynamoActivity t283}: app died, no saved state
I/WindowState( 1250): WIN DEATH: Window{b4271218 u0 edu.buffalo.cse.cse486586.simpledynamo/edu.buffalo.cse.cse486586.simpledynamo.SimpleDynamoActivity}
W/InputMethodManagerService( 1250): Got RemoteException sending setActive(false) notification to pid 30487 uid 10762
I/ActivityManager( 1250): Force stopping edu.buffalo.cse.cse486586.simpledynamo appid=10762 user=0: from pid 427
I/ActivityManager( 1250): START u0 {act=android.intent.action.MAIN cat=[android.intent.category.LAUNCHER] flg=0x10000000 cmp=edu.buffalo.cse.cse486586.simpledynamo/.SimpleDynamoActivity} from pid 427
W/WindowManager( 1250): Screenshot failure taking screenshot for (123x164) to layer 21010
I/ActivityManager( 1250): Start proc edu.buffalo.cse.cse486586.simpledynamo for activity edu.buffalo.cse.cse486586.simpledynamo/.SimpleDynamoActivity: pid=438 uid=10762 gids={50762, 3003}
W/ActivityManager( 1250): No content provider found for permission revoke: file:///data/local/tmp/SimpleDynamo.apk
W/ActivityManager( 1250): No content provider found for permission revoke: file:///data/local/tmp/SimpleDynamo.apk
I/PackageManager( 1250): Copying native libraries to /data/app-lib/vmdl1137576857
I/ActivityManager( 1250): Force stopping edu.buffalo.cse.cse486586.simpledynamo appid=10762 user=-1: uninstall pkg
I/ActivityManager( 1250): Killing 438:edu.buffalo.cse.cse486586.simpledynamo/u0a762 (adj 0): stop edu.buffalo.cse.cse486586.simpledynamo
W/ActivityManager( 1250): Force removing ActivityRecord{b41643d8 u0 edu.buffalo.cse.cse486586.simpledynamo/.SimpleDynamoActivity t284}: app died, no saved state
I/WindowState( 1250): WIN DEATH: Window{b42d9350 u0 edu.buffalo.cse.cse486586.simpledynamo/edu.buffalo.cse.cse486586.simpledynamo.SimpleDynamoActivity}
I/PackageManager( 1250): Package edu.buffalo.cse.cse486586.simpledynamo codePath changed from /data/app/edu.buffalo.cse.cse486586.simpledynamo-1.apk to /data/app/edu.buffalo.cse.cse486586.simpledynamo-2.apk; Retaining data and using new
W/PackageManager( 1250): Code path for pkg : edu.buffalo.cse.cse486586.simpledynamo changing from /data/app/edu.buffalo.cse.cse486586.simpledynamo-1.apk to /data/app/edu.buffalo.cse.cse486586.simpledynamo-2.apk
W/PackageManager( 1250): Resource path for pkg : edu.buffalo.cse.cse486586.simpledynamo changing from /data/app/edu.buffalo.cse.cse486586.simpledynamo-1.apk to /data/app/edu.buffalo.cse.cse486586.simpledynamo-2.apk
I/ActivityManager( 1250): Force stopping edu.buffalo.cse.cse486586.simpledynamo appid=10762 user=-1: update pkg
W/InputMethodManagerService( 1250): Got RemoteException sending setActive(false) notification to pid 438 uid 10762
I/ActivityManager( 1250): Force stopping edu.buffalo.cse.cse486586.simpledynamo appid=10762 user=0: pkg removed
D/BackupManagerService( 1250): Received broadcast Intent { act=android.intent.action.PACKAGE_REMOVED dat=package:edu.buffalo.cse.cse486586.simpledynamo flg=0x4000010 (has extras) }
D/BackupManagerService( 1250): Received broadcast Intent { act=android.intent.action.PACKAGE_ADDED dat=package:edu.buffalo.cse.cse486586.simpledynamo flg=0x4000010 (has extras) }
V/BackupManagerService( 1250): removePackageParticipantsLocked: uid=10762 #1
V/BackupManagerService( 1250): addPackageParticipantsLocked: #1
W/ContextImpl( 1737): Calling a method in the system process without a qualified user: android.app.ContextImpl.startService:1479 android.content.ContextWrapper.startService:494 android.content.ContextWrapper.startService:494 com.android.keychain.KeyChainBroadcastReceiver.onReceive:12 android.app.ActivityThread.handleReceiver:2400 
W/RecognitionManagerService( 1250): no available voice recognition services found for user 0
I/ActivityManager( 1250): START u0 {act=android.intent.action.MAIN cat=[android.intent.category.LAUNCHER] flg=0x10000000 cmp=edu.buffalo.cse.cse486586.simpledynamo/.SimpleDynamoActivity} from pid 3613
W/WindowManager( 1250): Screenshot failure taking screenshot for (123x164) to layer 21005
I/ActivityManager( 1250): Start proc edu.buffalo.cse.cse486586.simpledynamo for activity edu.buffalo.cse.cse486586.simpledynamo/.SimpleDynamoActivity: pid=3624 uid=10762 gids={50762, 3003}
D/ConnectivityService( 1250): Sampling interval elapsed, updating statistics ..
V/BackupManagerService( 1250): Running a backup pass
V/BackupManagerService( 1250): clearing pending backups
V/PerformBackupTask( 1250): Beginning backup of 7 targets
I/PerformBackupTask( 1250): Initializing (wiping) backup state and transport storage
D/ConnectivityService( 1250): Done.
D/ConnectivityService( 1250): Setting timer for 720seconds
D/BackupManagerService( 1250): Now staging backup of android
D/BackupManagerService( 1250): Now staging backup of com.android.providers.settings
D/BackupManagerService( 1250): Now staging backup of com.android.providers.userdictionary
D/BackupManagerService( 1250): Now staging backup of com.android.dialer
D/BackupManagerService( 1250): Now staging backup of com.android.sharedstoragebackup
D/BackupManagerService( 1250): Now staging backup of com.android.browser
D/BackupManagerService( 1250): Now staging backup of com.android.calendar
D/PerformBackupTask( 1250): invokeAgentForBackup on @pm@
E/PerformBackupTask( 1250): Error invoking for backup on @pm@
I/PerformBackupTask( 1250): Backup pass finished.
E/PerformBackupTask( 1250): Duplicate finish
I/EntropyMixer( 1250): Writing entropy...
I/ProcessStatsService( 1250): Prepared write state in 5ms
I/ProcessStatsService( 1250): Pruning old procstats: /data/system/procstats/state-2014-05-06-17-55-56.bin
D/ConnectivityService( 1250): Sampling interval elapsed, updating statistics ..
D/ConnectivityService( 1250): Done.
D/ConnectivityService( 1250): Setting timer for 720seconds
W/ActivityManager( 1250): No content provider found for permission revoke: file:///data/local/tmp/SimpleDynamo.apk
W/ActivityManager( 1250): No content provider found for permission revoke: file:///data/local/tmp/SimpleDynamo.apk
I/PackageManager( 1250): Copying native libraries to /data/app-lib/vmdl-2119025637
I/ActivityManager( 1250): Force stopping edu.buffalo.cse.cse486586.simpledynamo appid=10762 user=-1: uninstall pkg
I/ActivityManager( 1250): Killing 3624:edu.buffalo.cse.cse486586.simpledynamo/u0a762 (adj 0): stop edu.buffalo.cse.cse486586.simpledynamo
W/ActivityManager( 1250): Force removing ActivityRecord{b41918f8 u0 edu.buffalo.cse.cse486586.simpledynamo/.SimpleDynamoActivity t285}: app died, no saved state
I/WindowState( 1250): WIN DEATH: Window{b42dbc20 u0 edu.buffalo.cse.cse486586.simpledynamo/edu.buffalo.cse.cse486586.simpledynamo.SimpleDynamoActivity}
I/PackageManager( 1250): Package edu.buffalo.cse.cse486586.simpledynamo codePath changed from /data/app/edu.buffalo.cse.cse486586.simpledynamo-2.apk to /data/app/edu.buffalo.cse.cse486586.simpledynamo-1.apk; Retaining data and using new
W/InputMethodManagerService( 1250): Got RemoteException sending setActive(false) notification to pid 3624 uid 10762
W/PackageManager( 1250): Code path for pkg : edu.buffalo.cse.cse486586.simpledynamo changing from /data/app/edu.buffalo.cse.cse486586.simpledynamo-2.apk to /data/app/edu.buffalo.cse.cse486586.simpledynamo-1.apk
W/PackageManager( 1250): Resource path for pkg : edu.buffalo.cse.cse486586.simpledynamo changing from /data/app/edu.buffalo.cse.cse486586.simpledynamo-2.apk to /data/app/edu.buffalo.cse.cse486586.simpledynamo-1.apk
I/ActivityManager( 1250): Force stopping edu.buffalo.cse.cse486586.simpledynamo appid=10762 user=-1: update pkg
I/ActivityManager( 1250): Force stopping edu.buffalo.cse.cse486586.simpledynamo appid=10762 user=0: pkg removed
D/BackupManagerService( 1250): Received broadcast Intent { act=android.intent.action.PACKAGE_REMOVED dat=package:edu.buffalo.cse.cse486586.simpledynamo flg=0x4000010 (has extras) }
D/BackupManagerService( 1250): Received broadcast Intent { act=android.intent.action.PACKAGE_ADDED dat=package:edu.buffalo.cse.cse486586.simpledynamo flg=0x4000010 (has extras) }
V/BackupManagerService( 1250): removePackageParticipantsLocked: uid=10762 #1
V/BackupManagerService( 1250): addPackageParticipantsLocked: #1
W/ContextImpl( 1737): Calling a method in the system process without a qualified user: android.app.ContextImpl.startService:1479 android.content.ContextWrapper.startService:494 android.content.ContextWrapper.startService:494 com.android.keychain.KeyChainBroadcastReceiver.onReceive:12 android.app.ActivityThread.handleReceiver:2400 
W/RecognitionManagerService( 1250): no available voice recognition services found for user 0
I/ActivityManager( 1250): START u0 {act=android.intent.action.MAIN cat=[android.intent.category.LAUNCHER] flg=0x10000000 cmp=edu.buffalo.cse.cse486586.simpledynamo/.SimpleDynamoActivity} from pid 3665
W/WindowManager( 1250): Screenshot failure taking screenshot for (123x164) to layer 21005
I/ActivityManager( 1250): Start proc edu.buffalo.cse.cse486586.simpledynamo for activity edu.buffalo.cse.cse486586.simpledynamo/.SimpleDynamoActivity: pid=3676 uid=10762 gids={50762, 3003}
W/ActivityManager( 1250): No content provider found for permission revoke: file:///data/local/tmp/SimpleDynamo.apk
W/ActivityManager( 1250): No content provider found for permission revoke: file:///data/local/tmp/SimpleDynamo.apk
I/PackageManager( 1250): Copying native libraries to /data/app-lib/vmdl448315078
I/ActivityManager( 1250): Force stopping edu.buffalo.cse.cse486586.simpledynamo appid=10762 user=-1: uninstall pkg
I/ActivityManager( 1250): Killing 3676:edu.buffalo.cse.cse486586.simpledynamo/u0a762 (adj 0): stop edu.buffalo.cse.cse486586.simpledynamo
W/ActivityManager( 1250): Force removing ActivityRecord{b4261110 u0 edu.buffalo.cse.cse486586.simpledynamo/.SimpleDynamoActivity t286}: app died, no saved state
I/PackageManager( 1250): Package edu.buffalo.cse.cse486586.simpledynamo codePath changed from /data/app/edu.buffalo.cse.cse486586.simpledynamo-1.apk to /data/app/edu.buffalo.cse.cse486586.simpledynamo-2.apk; Retaining data and using new
I/WindowState( 1250): WIN DEATH: Window{b41ef278 u0 edu.buffalo.cse.cse486586.simpledynamo/edu.buffalo.cse.cse486586.simpledynamo.SimpleDynamoActivity}
W/InputMethodManagerService( 1250): Got RemoteException sending setActive(false) notification to pid 3676 uid 10762
W/PackageManager( 1250): Code path for pkg : edu.buffalo.cse.cse486586.simpledynamo changing from /data/app/edu.buffalo.cse.cse486586.simpledynamo-1.apk to /data/app/edu.buffalo.cse.cse486586.simpledynamo-2.apk
W/PackageManager( 1250): Resource path for pkg : edu.buffalo.cse.cse486586.simpledynamo changing from /data/app/edu.buffalo.cse.cse486586.simpledynamo-1.apk to /data/app/edu.buffalo.cse.cse486586.simpledynamo-2.apk
I/ActivityManager( 1250): Force stopping edu.buffalo.cse.cse486586.simpledynamo appid=10762 user=-1: update pkg
I/ActivityManager( 1250): Force stopping edu.buffalo.cse.cse486586.simpledynamo appid=10762 user=0: pkg removed
W/ContextImpl( 1737): Calling a method in the system process without a qualified user: android.app.ContextImpl.startService:1479 android.content.ContextWrapper.startService:494 android.content.ContextWrapper.startService:494 com.android.keychain.KeyChainBroadcastReceiver.onReceive:12 android.app.ActivityThread.handleReceiver:2400 
D/BackupManagerService( 1250): Received broadcast Intent { act=android.intent.action.PACKAGE_REMOVED dat=package:edu.buffalo.cse.cse486586.simpledynamo flg=0x4000010 (has extras) }
D/BackupManagerService( 1250): Received broadcast Intent { act=android.intent.action.PACKAGE_ADDED dat=package:edu.buffalo.cse.cse486586.simpledynamo flg=0x4000010 (has extras) }
V/BackupManagerService( 1250): removePackageParticipantsLocked: uid=10762 #1
V/BackupManagerService( 1250): addPackageParticipantsLocked: #1
W/RecognitionManagerService( 1250): no available voice recognition services found for user 0
I/ActivityManager( 1250): START u0 {act=android.intent.action.MAIN cat=[android.intent.category.LAUNCHER] flg=0x10000000 cmp=edu.buffalo.cse.cse486586.simpledynamo/.SimpleDynamoActivity} from pid 3713
W/WindowManager( 1250): Screenshot failure taking screenshot for (123x164) to layer 21005
I/ActivityManager( 1250): Start proc edu.buffalo.cse.cse486586.simpledynamo for activity edu.buffalo.cse.cse486586.simpledynamo/.SimpleDynamoActivity: pid=3724 uid=10762 gids={50762, 3003}
I/ActivityManager( 1250): Force stopping edu.buffalo.cse.cse486586.simpledynamo appid=10762 user=-1: uninstall pkg
I/ActivityManager( 1250): Killing 3724:edu.buffalo.cse.cse486586.simpledynamo/u0a762 (adj 0): stop edu.buffalo.cse.cse486586.simpledynamo
I/WindowState( 1250): WIN DEATH: Window{b4163968 u0 edu.buffalo.cse.cse486586.simpledynamo/edu.buffalo.cse.cse486586.simpledynamo.SimpleDynamoActivity}
W/ActivityManager( 1250): Force removing ActivityRecord{b4261110 u0 edu.buffalo.cse.cse486586.simpledynamo/.SimpleDynamoActivity t287}: app died, no saved state
W/PackageManager( 1250): Couldn't delete native library directory /data/app-lib/edu.buffalo.cse.cse486586.simpledynamo
I/ActivityManager( 1250): Force stopping edu.buffalo.cse.cse486586.simpledynamo appid=10762 user=0: pkg removed
W/InputMethodManagerService( 1250): Got RemoteException sending setActive(false) notification to pid 3724 uid 10762
W/ContextImpl( 1737): Calling a method in the system process without a qualified user: android.app.ContextImpl.startService:1479 android.content.ContextWrapper.startService:494 android.content.ContextWrapper.startService:494 com.android.keychain.KeyChainBroadcastReceiver.onReceive:12 android.app.ActivityThread.handleReceiver:2400 
D/BackupManagerService( 1250): Received broadcast Intent { act=android.intent.action.PACKAGE_REMOVED dat=package:edu.buffalo.cse.cse486586.simpledynamo flg=0x4000010 (has extras) }
V/BackupManagerService( 1250): removePackageParticipantsLocked: uid=10762 #1
W/ActivityManager( 1250): No content provider found for permission revoke: file:///data/local/tmp/SimpleDynamo.apk
W/ActivityManager( 1250): No content provider found for permission revoke: file:///data/local/tmp/SimpleDynamo.apk
I/PackageManager( 1250): Copying native libraries to /data/app-lib/vmdl-706906806
I/ActivityManager( 1250): Force stopping edu.buffalo.cse.cse486586.simpledynamo appid=10763 user=-1: update pkg
D/BackupManagerService( 1250): Received broadcast Intent { act=android.intent.action.PACKAGE_ADDED dat=package:edu.buffalo.cse.cse486586.simpledynamo flg=0x4000010 (has extras) }
V/BackupManagerService( 1250): addPackageParticipantsLocked: #1
W/RecognitionManagerService( 1250): no available voice recognition services found for user 0
I/ActivityManager( 1250): Force stopping edu.buffalo.cse.cse486586.simpledynamo appid=10763 user=0: from pid 3782
I/ActivityManager( 1250): START u0 {act=android.intent.action.MAIN cat=[android.intent.category.LAUNCHER] flg=0x10000000 cmp=edu.buffalo.cse.cse486586.simpledynamo/.SimpleDynamoActivity} from pid 3782
W/WindowManager( 1250): Screenshot failure taking screenshot for (123x164) to layer 21010
I/ActivityManager( 1250): Start proc edu.buffalo.cse.cse486586.simpledynamo for activity edu.buffalo.cse.cse486586.simpledynamo/.SimpleDynamoActivity: pid=3793 uid=10763 gids={50763, 3003}
I/ActivityManager( 1250): Force stopping edu.buffalo.cse.cse486586.simpledynamo appid=10763 user=-1: uninstall pkg
I/ActivityManager( 1250): Killing 3793:edu.buffalo.cse.cse486586.simpledynamo/u0a763 (adj 0): stop edu.buffalo.cse.cse486586.simpledynamo
W/ActivityManager( 1250): Force removing ActivityRecord{b42088d0 u0 edu.buffalo.cse.cse486586.simpledynamo/.SimpleDynamoActivity t288}: app died, no saved state
W/PackageManager( 1250): Couldn't delete native library directory /data/app-lib/edu.buffalo.cse.cse486586.simpledynamo
I/WindowState( 1250): WIN DEATH: Window{b4317dc8 u0 edu.buffalo.cse.cse486586.simpledynamo/edu.buffalo.cse.cse486586.simpledynamo.SimpleDynamoActivity}
I/ActivityManager( 1250): Force stopping edu.buffalo.cse.cse486586.simpledynamo appid=10763 user=0: pkg removed
D/BackupManagerService( 1250): Received broadcast Intent { act=android.intent.action.PACKAGE_REMOVED dat=package:edu.buffalo.cse.cse486586.simpledynamo flg=0x4000010 (has extras) }
V/BackupManagerService( 1250): removePackageParticipantsLocked: uid=10763 #1
W/ContextImpl( 1737): Calling a method in the system process without a qualified user: android.app.ContextImpl.startService:1479 android.content.ContextWrapper.startService:494 android.content.ContextWrapper.startService:494 com.android.keychain.KeyChainBroadcastReceiver.onReceive:12 android.app.ActivityThread.handleReceiver:2400 
W/InputMethodManagerService( 1250): Got RemoteException sending setActive(false) notification to pid 3793 uid 10763
W/ActivityManager( 1250): No content provider found for permission revoke: file:///data/local/tmp/SimpleDynamo.apk
W/ActivityManager( 1250): No content provider found for permission revoke: file:///data/local/tmp/SimpleDynamo.apk
I/PackageManager( 1250): Copying native libraries to /data/app-lib/vmdl543711887
I/ActivityManager( 1250): Force stopping edu.buffalo.cse.cse486586.simpledynamo appid=10764 user=-1: update pkg
D/BackupManagerService( 1250): Received broadcast Intent { act=android.intent.action.PACKAGE_ADDED dat=package:edu.buffalo.cse.cse486586.simpledynamo flg=0x4000010 (has extras) }
V/BackupManagerService( 1250): addPackageParticipantsLocked: #1
W/RecognitionManagerService( 1250): no available voice recognition services found for user 0
I/ActivityManager( 1250): Force stopping edu.buffalo.cse.cse486586.simpledynamo appid=10764 user=0: from pid 4633
I/ActivityManager( 1250): START u0 {act=android.intent.action.MAIN cat=[android.intent.category.LAUNCHER] flg=0x10000000 cmp=edu.buffalo.cse.cse486586.simpledynamo/.SimpleDynamoActivity} from pid 4633
W/WindowManager( 1250): Screenshot failure taking screenshot for (123x164) to layer 21010
I/ActivityManager( 1250): Start proc edu.buffalo.cse.cse486586.simpledynamo for activity edu.buffalo.cse.cse486586.simpledynamo/.SimpleDynamoActivity: pid=4644 uid=10764 gids={50764, 3003}
I/ActivityManager( 1250): Force stopping edu.buffalo.cse.cse486586.simpledynamo appid=10764 user=0: from pid 6292
I/ActivityManager( 1250): Killing 4644:edu.buffalo.cse.cse486586.simpledynamo/u0a764 (adj 0): stop edu.buffalo.cse.cse486586.simpledynamo
I/WindowState( 1250): WIN DEATH: Window{b4223950 u0 edu.buffalo.cse.cse486586.simpledynamo/edu.buffalo.cse.cse486586.simpledynamo.SimpleDynamoActivity}
W/ActivityManager( 1250): Force removing ActivityRecord{b4282160 u0 edu.buffalo.cse.cse486586.simpledynamo/.SimpleDynamoActivity t289}: app died, no saved state
W/InputMethodManagerService( 1250): Got RemoteException sending setActive(false) notification to pid 4644 uid 10764
I/ActivityManager( 1250): Force stopping edu.buffalo.cse.cse486586.simpledynamo appid=10764 user=-1: uninstall pkg
W/PackageManager( 1250): Couldn't delete native library directory /data/app-lib/edu.buffalo.cse.cse486586.simpledynamo
I/ActivityManager( 1250): Force stopping edu.buffalo.cse.cse486586.simpledynamo appid=10764 user=0: pkg removed
D/BackupManagerService( 1250): Received broadcast Intent { act=android.intent.action.PACKAGE_REMOVED dat=package:edu.buffalo.cse.cse486586.simpledynamo flg=0x4000010 (has extras) }
V/BackupManagerService( 1250): removePackageParticipantsLocked: uid=10764 #1
W/ContextImpl( 1737): Calling a method in the system process without a qualified user: android.app.ContextImpl.startService:1479 android.content.ContextWrapper.startService:494 android.content.ContextWrapper.startService:494 com.android.keychain.KeyChainBroadcastReceiver.onReceive:12 android.app.ActivityThread.handleReceiver:2400 
W/ActivityManager( 1250): No content provider found for permission revoke: file:///data/local/tmp/SimpleDynamo.apk
W/ActivityManager( 1250): No content provider found for permission revoke: file:///data/local/tmp/SimpleDynamo.apk
I/PackageManager( 1250): Copying native libraries to /data/app-lib/vmdl1221842226
I/ActivityManager( 1250): Force stopping edu.buffalo.cse.cse486586.simpledynamo appid=10765 user=-1: update pkg
D/BackupManagerService( 1250): Received broadcast Intent { act=android.intent.action.PACKAGE_ADDED dat=package:edu.buffalo.cse.cse486586.simpledynamo flg=0x4000010 (has extras) }
V/BackupManagerService( 1250): addPackageParticipantsLocked: #1
W/RecognitionManagerService( 1250): no available voice recognition services found for user 0
I/ActivityManager( 1250): Force stopping edu.buffalo.cse.cse486586.simpledynamo appid=10765 user=0: from pid 6346
I/ActivityManager( 1250): START u0 {act=android.intent.action.MAIN cat=[android.intent.category.LAUNCHER] flg=0x10000000 cmp=edu.buffalo.cse.cse486586.simpledynamo/.SimpleDynamoActivity} from pid 6346
W/WindowManager( 1250): Screenshot failure taking screenshot for (123x164) to layer 21010
I/ActivityManager( 1250): Start proc edu.buffalo.cse.cse486586.simpledynamo for activity edu.buffalo.cse.cse486586.simpledynamo/.SimpleDynamoActivity: pid=6357 uid=10765 gids={50765, 3003}
I/ActivityManager( 1250): Force stopping edu.buffalo.cse.cse486586.simpledynamo appid=10765 user=-1: uninstall pkg
I/ActivityManager( 1250): Killing 6357:edu.buffalo.cse.cse486586.simpledynamo/u0a765 (adj 0): stop edu.buffalo.cse.cse486586.simpledynamo
W/ActivityManager( 1250): Force removing ActivityRecord{b43167e0 u0 edu.buffalo.cse.cse486586.simpledynamo/.SimpleDynamoActivity t290}: app died, no saved state
W/PackageManager( 1250): Couldn't delete native library directory /data/app-lib/edu.buffalo.cse.cse486586.simpledynamo
I/WindowState( 1250): WIN DEATH: Window{b43080b0 u0 edu.buffalo.cse.cse486586.simpledynamo/edu.buffalo.cse.cse486586.simpledynamo.SimpleDynamoActivity}
I/ActivityManager( 1250): Force stopping edu.buffalo.cse.cse486586.simpledynamo appid=10765 user=0: pkg removed
W/InputMethodManagerService( 1250): Got RemoteException sending setActive(false) notification to pid 6357 uid 10765
W/ContextImpl( 1737): Calling a method in the system process without a qualified user: android.app.ContextImpl.startService:1479 android.content.ContextWrapper.startService:494 android.content.ContextWrapper.startService:494 com.android.keychain.KeyChainBroadcastReceiver.onReceive:12 android.app.ActivityThread.handleReceiver:2400 
D/BackupManagerService( 1250): Received broadcast Intent { act=android.intent.action.PACKAGE_REMOVED dat=package:edu.buffalo.cse.cse486586.simpledynamo flg=0x4000010 (has extras) }
V/BackupManagerService( 1250): removePackageParticipantsLocked: uid=10765 #1
W/ActivityManager( 1250): No content provider found for permission revoke: file:///data/local/tmp/SimpleDynamo.apk
W/ActivityManager( 1250): No content provider found for permission revoke: file:///data/local/tmp/SimpleDynamo.apk
I/PackageManager( 1250): Copying native libraries to /data/app-lib/vmdl1897870184
I/ActivityManager( 1250): Force stopping edu.buffalo.cse.cse486586.simpledynamo appid=10766 user=-1: update pkg
D/BackupManagerService( 1250): Received broadcast Intent { act=android.intent.action.PACKAGE_ADDED dat=package:edu.buffalo.cse.cse486586.simpledynamo flg=0x4000010 (has extras) }
V/BackupManagerService( 1250): addPackageParticipantsLocked: #1
W/RecognitionManagerService( 1250): no available voice recognition services found for user 0
I/ActivityManager( 1250): Force stopping edu.buffalo.cse.cse486586.simpledynamo appid=10766 user=0: from pid 7196
D/ConnectivityService( 1250): Sampling interval elapsed, updating statistics ..
D/ConnectivityService( 1250): Done.
D/ConnectivityService( 1250): Setting timer for 720seconds
I/ActivityManager( 1250): START u0 {act=android.intent.action.MAIN cat=[android.intent.category.LAUNCHER] flg=0x10000000 cmp=edu.buffalo.cse.cse486586.simpledynamo/.SimpleDynamoActivity} from pid 7196
W/WindowManager( 1250): Screenshot failure taking screenshot for (123x164) to layer 21010
I/ActivityManager( 1250): Start proc edu.buffalo.cse.cse486586.simpledynamo for activity edu.buffalo.cse.cse486586.simpledynamo/.SimpleDynamoActivity: pid=7207 uid=10766 gids={50766, 3003}
I/ActivityManager( 1250): Force stopping edu.buffalo.cse.cse486586.simpledynamo appid=10766 user=-1: uninstall pkg
I/ActivityManager( 1250): Killing 7207:edu.buffalo.cse.cse486586.simpledynamo/u0a766 (adj 0): stop edu.buffalo.cse.cse486586.simpledynamo
I/WindowState( 1250): WIN DEATH: Window{b42a9740 u0 edu.buffalo.cse.cse486586.simpledynamo/edu.buffalo.cse.cse486586.simpledynamo.SimpleDynamoActivity}
W/ActivityManager( 1250): Force removing ActivityRecord{b42088d0 u0 edu.buffalo.cse.cse486586.simpledynamo/.SimpleDynamoActivity t291}: app died, no saved state
W/PackageManager( 1250): Couldn't delete native library directory /data/app-lib/edu.buffalo.cse.cse486586.simpledynamo
I/ActivityManager( 1250): Force stopping edu.buffalo.cse.cse486586.simpledynamo appid=10766 user=0: pkg removed
W/ContextImpl( 1737): Calling a method in the system process without a qualified user: android.app.ContextImpl.startService:1479 android.content.ContextWrapper.startService:494 android.content.ContextWrapper.startService:494 com.android.keychain.KeyChainBroadcastReceiver.onReceive:12 android.app.ActivityThread.handleReceiver:2400 
W/InputMethodManagerService( 1250): Got RemoteException sending setActive(false) notification to pid 7207 uid 10766
D/BackupManagerService( 1250): Received broadcast Intent { act=android.intent.action.PACKAGE_REMOVED dat=package:edu.buffalo.cse.cse486586.simpledynamo flg=0x4000010 (has extras) }
V/BackupManagerService( 1250): removePackageParticipantsLocked: uid=10766 #1
W/ActivityManager( 1250): No content provider found for permission revoke: file:///data/local/tmp/SimpleDynamo.apk
W/ActivityManager( 1250): No content provider found for permission revoke: file:///data/local/tmp/SimpleDynamo.apk
I/PackageManager( 1250): Copying native libraries to /data/app-lib/vmdl-1657160143
I/ActivityManager( 1250): Force stopping edu.buffalo.cse.cse486586.simpledynamo appid=10767 user=-1: update pkg
D/BackupManagerService( 1250): Received broadcast Intent { act=android.intent.action.PACKAGE_ADDED dat=package:edu.buffalo.cse.cse486586.simpledynamo flg=0x4000010 (has extras) }
V/BackupManagerService( 1250): addPackageParticipantsLocked: #1
W/RecognitionManagerService( 1250): no available voice recognition services found for user 0
I/ActivityManager( 1250): Force stopping edu.buffalo.cse.cse486586.simpledynamo appid=10767 user=0: from pid 8890
I/ActivityManager( 1250): START u0 {act=android.intent.action.MAIN cat=[android.intent.category.LAUNCHER] flg=0x10000000 cmp=edu.buffalo.cse.cse486586.simpledynamo/.SimpleDynamoActivity} from pid 8890
W/WindowManager( 1250): Screenshot failure taking screenshot for (123x164) to layer 21010
I/ActivityManager( 1250): Start proc edu.buffalo.cse.cse486586.simpledynamo for activity edu.buffalo.cse.cse486586.simpledynamo/.SimpleDynamoActivity: pid=8901 uid=10767 gids={50767, 3003}
I/ActivityManager( 1250): Force stopping edu.buffalo.cse.cse486586.simpledynamo appid=10767 user=-1: uninstall pkg
I/ActivityManager( 1250): Killing 8901:edu.buffalo.cse.cse486586.simpledynamo/u0a767 (adj 0): stop edu.buffalo.cse.cse486586.simpledynamo
W/ActivityManager( 1250): Force removing ActivityRecord{b41a0e88 u0 edu.buffalo.cse.cse486586.simpledynamo/.SimpleDynamoActivity t292}: app died, no saved state
W/PackageManager( 1250): Couldn't delete native library directory /data/app-lib/edu.buffalo.cse.cse486586.simpledynamo
I/WindowState( 1250): WIN DEATH: Window{b427fa60 u0 edu.buffalo.cse.cse486586.simpledynamo/edu.buffalo.cse.cse486586.simpledynamo.SimpleDynamoActivity}
I/ActivityManager( 1250): Force stopping edu.buffalo.cse.cse486586.simpledynamo appid=10767 user=0: pkg removed
D/BackupManagerService( 1250): Received broadcast Intent { act=android.intent.action.PACKAGE_REMOVED dat=package:edu.buffalo.cse.cse486586.simpledynamo flg=0x4000010 (has extras) }
V/BackupManagerService( 1250): removePackageParticipantsLocked: uid=10767 #1
W/InputMethodManagerService( 1250): Got RemoteException sending setActive(false) notification to pid 8901 uid 10767
W/ContextImpl( 1737): Calling a method in the system process without a qualified user: android.app.ContextImpl.startService:1479 android.content.ContextWrapper.startService:494 android.content.ContextWrapper.startService:494 com.android.keychain.KeyChainBroadcastReceiver.onReceive:12 android.app.ActivityThread.handleReceiver:2400 
W/ActivityManager( 1250): No content provider found for permission revoke: file:///data/local/tmp/SimpleDynamo.apk
W/ActivityManager( 1250): No content provider found for permission revoke: file:///data/local/tmp/SimpleDynamo.apk
I/PackageManager( 1250): Copying native libraries to /data/app-lib/vmdl806927634
I/ActivityManager( 1250): Force stopping edu.buffalo.cse.cse486586.simpledynamo appid=10768 user=-1: update pkg
D/BackupManagerService( 1250): Received broadcast Intent { act=android.intent.action.PACKAGE_ADDED dat=package:edu.buffalo.cse.cse486586.simpledynamo flg=0x4000010 (has extras) }
V/BackupManagerService( 1250): addPackageParticipantsLocked: #1
W/RecognitionManagerService( 1250): no available voice recognition services found for user 0
I/ActivityManager( 1250): Force stopping edu.buffalo.cse.cse486586.simpledynamo appid=10768 user=0: from pid 9731
I/ActivityManager( 1250): START u0 {act=android.intent.action.MAIN cat=[android.intent.category.LAUNCHER] flg=0x10000000 cmp=edu.buffalo.cse.cse486586.simpledynamo/.SimpleDynamoActivity} from pid 9731
W/WindowManager( 1250): Screenshot failure taking screenshot for (123x164) to layer 21010
I/ActivityManager( 1250): Start proc edu.buffalo.cse.cse486586.simpledynamo for activity edu.buffalo.cse.cse486586.simpledynamo/.SimpleDynamoActivity: pid=9742 uid=10768 gids={50768, 3003}
I/ProcessStatsService( 1250): Prepared write state in 1ms
D/ConnectivityService( 1250): Sampling interval elapsed, updating statistics ..
D/ConnectivityService( 1250): Done.
D/ConnectivityService( 1250): Setting timer for 720seconds
W/ActivityManager( 1250): No content provider found for permission revoke: file:///data/local/tmp/SimpleDynamo.apk
W/ActivityManager( 1250): No content provider found for permission revoke: file:///data/local/tmp/SimpleDynamo.apk
I/PackageManager( 1250): Copying native libraries to /data/app-lib/vmdl295340282
I/ActivityManager( 1250): Force stopping edu.buffalo.cse.cse486586.simpledynamo appid=10768 user=-1: uninstall pkg
I/ActivityManager( 1250): Killing 9742:edu.buffalo.cse.cse486586.simpledynamo/u0a768 (adj 0): stop edu.buffalo.cse.cse486586.simpledynamo
W/ActivityManager( 1250): Force removing ActivityRecord{b4261110 u0 edu.buffalo.cse.cse486586.simpledynamo/.SimpleDynamoActivity t293}: app died, no saved state
I/WindowState( 1250): WIN DEATH: Window{b41ef278 u0 edu.buffalo.cse.cse486586.simpledynamo/edu.buffalo.cse.cse486586.simpledynamo.SimpleDynamoActivity}
I/PackageManager( 1250): Package edu.buffalo.cse.cse486586.simpledynamo codePath changed from /data/app/edu.buffalo.cse.cse486586.simpledynamo-1.apk to /data/app/edu.buffalo.cse.cse486586.simpledynamo-2.apk; Retaining data and using new
W/InputMethodManagerService( 1250): Got RemoteException sending setActive(false) notification to pid 9742 uid 10768
W/PackageManager( 1250): Code path for pkg : edu.buffalo.cse.cse486586.simpledynamo changing from /data/app/edu.buffalo.cse.cse486586.simpledynamo-1.apk to /data/app/edu.buffalo.cse.cse486586.simpledynamo-2.apk
W/PackageManager( 1250): Resource path for pkg : edu.buffalo.cse.cse486586.simpledynamo changing from /data/app/edu.buffalo.cse.cse486586.simpledynamo-1.apk to /data/app/edu.buffalo.cse.cse486586.simpledynamo-2.apk
I/ActivityManager( 1250): Force stopping edu.buffalo.cse.cse486586.simpledynamo appid=10768 user=-1: update pkg
I/ActivityManager( 1250): Force stopping edu.buffalo.cse.cse486586.simpledynamo appid=10768 user=0: pkg removed
D/BackupManagerService( 1250): Received broadcast Intent { act=android.intent.action.PACKAGE_REMOVED dat=package:edu.buffalo.cse.cse486586.simpledynamo flg=0x4000010 (has extras) }
D/BackupManagerService( 1250): Received broadcast Intent { act=android.intent.action.PACKAGE_ADDED dat=package:edu.buffalo.cse.cse486586.simpledynamo flg=0x4000010 (has extras) }
V/BackupManagerService( 1250): removePackageParticipantsLocked: uid=10768 #1
V/BackupManagerService( 1250): addPackageParticipantsLocked: #1
W/ContextImpl( 1737): Calling a method in the system process without a qualified user: android.app.ContextImpl.startService:1479 android.content.ContextWrapper.startService:494 android.content.ContextWrapper.startService:494 com.android.keychain.KeyChainBroadcastReceiver.onReceive:12 android.app.ActivityThread.handleReceiver:2400 
W/RecognitionManagerService( 1250): no available voice recognition services found for user 0
I/ActivityManager( 1250): START u0 {act=android.intent.action.MAIN cat=[android.intent.category.LAUNCHER] flg=0x10000000 cmp=edu.buffalo.cse.cse486586.simpledynamo/.SimpleDynamoActivity} from pid 11410
W/WindowManager( 1250): Screenshot failure taking screenshot for (123x164) to layer 21005
I/ActivityManager( 1250): Start proc edu.buffalo.cse.cse486586.simpledynamo for activity edu.buffalo.cse.cse486586.simpledynamo/.SimpleDynamoActivity: pid=11421 uid=10768 gids={50768, 3003}
I/ActivityManager( 1250): Force stopping edu.buffalo.cse.cse486586.simpledynamo appid=10768 user=-1: uninstall pkg
I/ActivityManager( 1250): Killing 11421:edu.buffalo.cse.cse486586.simpledynamo/u0a768 (adj 0): stop edu.buffalo.cse.cse486586.simpledynamo
I/WindowState( 1250): WIN DEATH: Window{b433f190 u0 edu.buffalo.cse.cse486586.simpledynamo/edu.buffalo.cse.cse486586.simpledynamo.SimpleDynamoActivity}
W/ActivityManager( 1250): Force removing ActivityRecord{b4261110 u0 edu.buffalo.cse.cse486586.simpledynamo/.SimpleDynamoActivity t294}: app died, no saved state
W/PackageManager( 1250): Couldn't delete native library directory /data/app-lib/edu.buffalo.cse.cse486586.simpledynamo
I/ActivityManager( 1250): Force stopping edu.buffalo.cse.cse486586.simpledynamo appid=10768 user=0: pkg removed
D/BackupManagerService( 1250): Received broadcast Intent { act=android.intent.action.PACKAGE_REMOVED dat=package:edu.buffalo.cse.cse486586.simpledynamo flg=0x4000010 (has extras) }
V/BackupManagerService( 1250): removePackageParticipantsLocked: uid=10768 #1
W/InputMethodManagerService( 1250): Got RemoteException sending setActive(false) notification to pid 11421 uid 10768
W/ContextImpl( 1737): Calling a method in the system process without a qualified user: android.app.ContextImpl.startService:1479 android.content.ContextWrapper.startService:494 android.content.ContextWrapper.startService:494 com.android.keychain.KeyChainBroadcastReceiver.onReceive:12 android.app.ActivityThread.handleReceiver:2400 
W/ActivityManager( 1250): No content provider found for permission revoke: file:///data/local/tmp/SimpleDynamo.apk
W/ActivityManager( 1250): No content provider found for permission revoke: file:///data/local/tmp/SimpleDynamo.apk
I/PackageManager( 1250): Copying native libraries to /data/app-lib/vmdl816210876
I/ActivityManager( 1250): Force stopping edu.buffalo.cse.cse486586.simpledynamo appid=10769 user=-1: update pkg
D/BackupManagerService( 1250): Received broadcast Intent { act=android.intent.action.PACKAGE_ADDED dat=package:edu.buffalo.cse.cse486586.simpledynamo flg=0x4000010 (has extras) }
V/BackupManagerService( 1250): addPackageParticipantsLocked: #1
W/RecognitionManagerService( 1250): no available voice recognition services found for user 0
I/ActivityManager( 1250): Force stopping edu.buffalo.cse.cse486586.simpledynamo appid=10769 user=-1: uninstall pkg
W/PackageManager( 1250): Couldn't delete native library directory /data/app-lib/edu.buffalo.cse.cse486586.simpledynamo
I/ActivityManager( 1250): Force stopping edu.buffalo.cse.cse486586.simpledynamo appid=10769 user=0: pkg removed
D/BackupManagerService( 1250): Received broadcast Intent { act=android.intent.action.PACKAGE_REMOVED dat=package:edu.buffalo.cse.cse486586.simpledynamo flg=0x4000010 (has extras) }
V/BackupManagerService( 1250): removePackageParticipantsLocked: uid=10769 #1
W/ContextImpl( 1737): Calling a method in the system process without a qualified user: android.app.ContextImpl.startService:1479 android.content.ContextWrapper.startService:494 android.content.ContextWrapper.startService:494 com.android.keychain.KeyChainBroadcastReceiver.onReceive:12 android.app.ActivityThread.handleReceiver:2400 
W/ActivityManager( 1250): No content provider found for permission revoke: file:///data/local/tmp/SimpleDynamo.apk
W/ActivityManager( 1250): No content provider found for permission revoke: file:///data/local/tmp/SimpleDynamo.apk
I/PackageManager( 1250): Copying native libraries to /data/app-lib/vmdl1755783099
I/ActivityManager( 1250): Force stopping edu.buffalo.cse.cse486586.simpledynamo appid=10770 user=-1: update pkg
D/BackupManagerService( 1250): Received broadcast Intent { act=android.intent.action.PACKAGE_ADDED dat=package:edu.buffalo.cse.cse486586.simpledynamo flg=0x4000010 (has extras) }
V/BackupManagerService( 1250): addPackageParticipantsLocked: #1
W/RecognitionManagerService( 1250): no available voice recognition services found for user 0
I/ActivityManager( 1250): Force stopping edu.buffalo.cse.cse486586.simpledynamo appid=10770 user=0: from pid 11509
I/ActivityManager( 1250): START u0 {act=android.intent.action.MAIN cat=[android.intent.category.LAUNCHER] flg=0x10000000 cmp=edu.buffalo.cse.cse486586.simpledynamo/.SimpleDynamoActivity} from pid 11509
W/WindowManager( 1250): Screenshot failure taking screenshot for (123x164) to layer 21010
I/ActivityManager( 1250): Start proc edu.buffalo.cse.cse486586.simpledynamo for activity edu.buffalo.cse.cse486586.simpledynamo/.SimpleDynamoActivity: pid=11520 uid=10770 gids={50770, 3003}
I/ActivityManager( 1250): Force stopping edu.buffalo.cse.cse486586.simpledynamo appid=10770 user=0: from pid 11534
I/ActivityManager( 1250): Killing 11520:edu.buffalo.cse.cse486586.simpledynamo/u0a770 (adj 0): stop edu.buffalo.cse.cse486586.simpledynamo
I/WindowState( 1250): WIN DEATH: Window{b433f190 u0 edu.buffalo.cse.cse486586.simpledynamo/edu.buffalo.cse.cse486586.simpledynamo.SimpleDynamoActivity}
W/ActivityManager( 1250): Force removing ActivityRecord{b4213148 u0 edu.buffalo.cse.cse486586.simpledynamo/.SimpleDynamoActivity t295}: app died, no saved state
W/InputMethodManagerService( 1250): Got RemoteException sending setActive(false) notification to pid 11520 uid 10770
I/ActivityManager( 1250): Force stopping edu.buffalo.cse.cse486586.simpledynamo appid=10770 user=0: from pid 11559
I/ActivityManager( 1250): START u0 {act=android.intent.action.MAIN cat=[android.intent.category.LAUNCHER] flg=0x10000000 cmp=edu.buffalo.cse.cse486586.simpledynamo/.SimpleDynamoActivity} from pid 11559
W/WindowManager( 1250): Screenshot failure taking screenshot for (123x164) to layer 21010
I/ActivityManager( 1250): Start proc edu.buffalo.cse.cse486586.simpledynamo for activity edu.buffalo.cse.cse486586.simpledynamo/.SimpleDynamoActivity: pid=11570 uid=10770 gids={50770, 3003}
I/ActivityManager( 1250): Force stopping edu.buffalo.cse.cse486586.simpledynamo appid=10770 user=-1: uninstall pkg
I/ActivityManager( 1250): Killing 11570:edu.buffalo.cse.cse486586.simpledynamo/u0a770 (adj 0): stop edu.buffalo.cse.cse486586.simpledynamo
W/ActivityManager( 1250): Force removing ActivityRecord{b4300a30 u0 edu.buffalo.cse.cse486586.simpledynamo/.SimpleDynamoActivity t296}: app died, no saved state
I/WindowState( 1250): WIN DEATH: Window{b4226060 u0 edu.buffalo.cse.cse486586.simpledynamo/edu.buffalo.cse.cse486586.simpledynamo.SimpleDynamoActivity}
W/PackageManager( 1250): Couldn't delete native library directory /data/app-lib/edu.buffalo.cse.cse486586.simpledynamo
I/ActivityManager( 1250): Force stopping edu.buffalo.cse.cse486586.simpledynamo appid=10770 user=0: pkg removed
W/ContextImpl( 1737): Calling a method in the system process without a qualified user: android.app.ContextImpl.startService:1479 android.content.ContextWrapper.startService:494 android.content.ContextWrapper.startService:494 com.android.keychain.KeyChainBroadcastReceiver.onReceive:12 android.app.ActivityThread.handleReceiver:2400 
D/BackupManagerService( 1250): Received broadcast Intent { act=android.intent.action.PACKAGE_REMOVED dat=package:edu.buffalo.cse.cse486586.simpledynamo flg=0x4000010 (has extras) }
V/BackupManagerService( 1250): removePackageParticipantsLocked: uid=10770 #1
W/InputMethodManagerService( 1250): Got RemoteException sending setActive(false) notification to pid 11570 uid 10770
W/ActivityManager( 1250): No content provider found for permission revoke: file:///data/local/tmp/SimpleDynamo.apk
W/ActivityManager( 1250): No content provider found for permission revoke: file:///data/local/tmp/SimpleDynamo.apk
I/PackageManager( 1250): Copying native libraries to /data/app-lib/vmdl-1054283906
I/ActivityManager( 1250): Force stopping edu.buffalo.cse.cse486586.simpledynamo appid=10771 user=-1: update pkg
D/BackupManagerService( 1250): Received broadcast Intent { act=android.intent.action.PACKAGE_ADDED dat=package:edu.buffalo.cse.cse486586.simpledynamo flg=0x4000010 (has extras) }
V/BackupManagerService( 1250): addPackageParticipantsLocked: #1
W/RecognitionManagerService( 1250): no available voice recognition services found for user 0
I/ActivityManager( 1250): Force stopping edu.buffalo.cse.cse486586.simpledynamo appid=10771 user=0: from pid 12049
I/ActivityManager( 1250): START u0 {act=android.intent.action.MAIN cat=[android.intent.category.LAUNCHER] flg=0x10000000 cmp=edu.buffalo.cse.cse486586.simpledynamo/.SimpleDynamoActivity} from pid 12049
W/WindowManager( 1250): Screenshot failure taking screenshot for (123x164) to layer 21010
I/ActivityManager( 1250): Start proc edu.buffalo.cse.cse486586.simpledynamo for activity edu.buffalo.cse.cse486586.simpledynamo/.SimpleDynamoActivity: pid=12060 uid=10771 gids={50771, 3003}
I/ActivityManager( 1250): Force stopping edu.buffalo.cse.cse486586.simpledynamo appid=10771 user=0: from pid 12074
I/ActivityManager( 1250): Killing 12060:edu.buffalo.cse.cse486586.simpledynamo/u0a771 (adj 0): stop edu.buffalo.cse.cse486586.simpledynamo
W/ActivityManager( 1250): Force removing ActivityRecord{b4255570 u0 edu.buffalo.cse.cse486586.simpledynamo/.SimpleDynamoActivity t297}: app died, no saved state
I/WindowState( 1250): WIN DEATH: Window{b423e2c0 u0 edu.buffalo.cse.cse486586.simpledynamo/edu.buffalo.cse.cse486586.simpledynamo.SimpleDynamoActivity}
W/InputMethodManagerService( 1250): Got RemoteException sending setActive(false) notification to pid 12060 uid 10771
I/ActivityManager( 1250): Force stopping edu.buffalo.cse.cse486586.simpledynamo appid=10771 user=0: from pid 12097
I/ActivityManager( 1250): START u0 {act=android.intent.action.MAIN cat=[android.intent.category.LAUNCHER] flg=0x10000000 cmp=edu.buffalo.cse.cse486586.simpledynamo/.SimpleDynamoActivity} from pid 12097
W/WindowManager( 1250): Screenshot failure taking screenshot for (123x164) to layer 21010
I/ActivityManager( 1250): Start proc edu.buffalo.cse.cse486586.simpledynamo for activity edu.buffalo.cse.cse486586.simpledynamo/.SimpleDynamoActivity: pid=12108 uid=10771 gids={50771, 3003}
W/ActivityManager( 1250): No content provider found for permission revoke: file:///data/local/tmp/SimpleDynamo.apk
W/ActivityManager( 1250): No content provider found for permission revoke: file:///data/local/tmp/SimpleDynamo.apk
I/PackageManager( 1250): Copying native libraries to /data/app-lib/vmdl-492853922
I/ActivityManager( 1250): Force stopping edu.buffalo.cse.cse486586.simpledynamo appid=10771 user=-1: uninstall pkg
I/ActivityManager( 1250): Killing 12108:edu.buffalo.cse.cse486586.simpledynamo/u0a771 (adj 0): stop edu.buffalo.cse.cse486586.simpledynamo
W/ActivityManager( 1250): Force removing ActivityRecord{b4308200 u0 edu.buffalo.cse.cse486586.simpledynamo/.SimpleDynamoActivity t298}: app died, no saved state
I/PackageManager( 1250): Package edu.buffalo.cse.cse486586.simpledynamo codePath changed from /data/app/edu.buffalo.cse.cse486586.simpledynamo-1.apk to /data/app/edu.buffalo.cse.cse486586.simpledynamo-2.apk; Retaining data and using new
I/WindowState( 1250): WIN DEATH: Window{b4366f80 u0 edu.buffalo.cse.cse486586.simpledynamo/edu.buffalo.cse.cse486586.simpledynamo.SimpleDynamoActivity}
W/PackageManager( 1250): Code path for pkg : edu.buffalo.cse.cse486586.simpledynamo changing from /data/app/edu.buffalo.cse.cse486586.simpledynamo-1.apk to /data/app/edu.buffalo.cse.cse486586.simpledynamo-2.apk
W/PackageManager( 1250): Resource path for pkg : edu.buffalo.cse.cse486586.simpledynamo changing from /data/app/edu.buffalo.cse.cse486586.simpledynamo-1.apk to /data/app/edu.buffalo.cse.cse486586.simpledynamo-2.apk
I/ActivityManager( 1250): Force stopping edu.buffalo.cse.cse486586.simpledynamo appid=10771 user=-1: update pkg
I/ActivityManager( 1250): Force stopping edu.buffalo.cse.cse486586.simpledynamo appid=10771 user=0: pkg removed
W/InputMethodManagerService( 1250): Got RemoteException sending setActive(false) notification to pid 12108 uid 10771
D/BackupManagerService( 1250): Received broadcast Intent { act=android.intent.action.PACKAGE_REMOVED dat=package:edu.buffalo.cse.cse486586.simpledynamo flg=0x4000010 (has extras) }
W/ContextImpl( 1737): Calling a method in the system process without a qualified user: android.app.ContextImpl.startService:1479 android.content.ContextWrapper.startService:494 android.content.ContextWrapper.startService:494 com.android.keychain.KeyChainBroadcastReceiver.onReceive:12 android.app.ActivityThread.handleReceiver:2400 
D/BackupManagerService( 1250): Received broadcast Intent { act=android.intent.action.PACKAGE_ADDED dat=package:edu.buffalo.cse.cse486586.simpledynamo flg=0x4000010 (has extras) }
V/BackupManagerService( 1250): removePackageParticipantsLocked: uid=10771 #1
V/BackupManagerService( 1250): addPackageParticipantsLocked: #1
W/RecognitionManagerService( 1250): no available voice recognition services found for user 0
I/ActivityManager( 1250): START u0 {act=android.intent.action.MAIN cat=[android.intent.category.LAUNCHER] flg=0x10000000 cmp=edu.buffalo.cse.cse486586.simpledynamo/.SimpleDynamoActivity} from pid 12557
W/WindowManager( 1250): Screenshot failure taking screenshot for (123x164) to layer 21005
I/ActivityManager( 1250): Start proc edu.buffalo.cse.cse486586.simpledynamo for activity edu.buffalo.cse.cse486586.simpledynamo/.SimpleDynamoActivity: pid=12568 uid=10771 gids={50771, 3003}
I/ActivityManager( 1250): Force stopping edu.buffalo.cse.cse486586.simpledynamo appid=10771 user=-1: uninstall pkg
I/ActivityManager( 1250): Killing 12568:edu.buffalo.cse.cse486586.simpledynamo/u0a771 (adj 0): stop edu.buffalo.cse.cse486586.simpledynamo
I/ActivityManager( 1250):   Force finishing activity ActivityRecord{b42088d0 u0 edu.buffalo.cse.cse486586.simpledynamo/.SimpleDynamoActivity t299}
W/PackageManager( 1250): Couldn't delete native library directory /data/app-lib/edu.buffalo.cse.cse486586.simpledynamo
I/ActivityManager( 1250): Force stopping edu.buffalo.cse.cse486586.simpledynamo appid=10771 user=0: pkg removed
W/InputMethodManagerService( 1250): Window already focused, ignoring focus gain of: com.android.internal.view.IInputMethodClient$Stub$Proxy@b415c850 attribute=null, token = android.os.BinderProxy@b41c6fe0
