D/dalvikvm(18607): Trying to load lib libjavacore.so 0x0
D/dalvikvm(18607): Added shared lib libjavacore.so 0x0
D/dalvikvm(18607): Trying to load lib libnativehelper.so 0x0
D/dalvikvm(18607): Added shared lib libnativehelper.so 0x0
D/dalvikvm(18607): No JNI_OnLoad found in libnativehelper.so 0x0, skipping init
D/dalvikvm(18607): Note: class Landroid/app/ActivityManagerNative; has 179 unimplemented (abstract) methods
E/memtrack(18607): Couldn't load memtrack module (No such file or directory)
E/android.os.Debug(18607): failed to load memtrack module: -2
D/AndroidRuntime(18607): Calling main entry com.android.commands.content.Content
D/SimpleDynamoProvider(18067): Insert() :: Values set in operation are Key : eD9ll3ZY3nPtddBsHsrP1Wqp4H84OT3b, value: RiGBUDWVLjB39p6sc4yBWrdohDN2nVEu, CurrentNode/Originator : 5562, Type : insert, Succ : 5556
D/SimpleDynamoProvider(18067): Server :: Values in operation are Key : jyCZZDScKU9ga0DOo5ellQ99tborOYSs, value: null, CurrentNode/Originator : 5558, Type : singleKeyQuery, Succ : 5562
D/SimpleDynamoProvider(18067): Server singleKeyQuery key is jyCZZDScKU9ga0DOo5ellQ99tborOYSs currentNode is 5562 Originator is 5558
D/SimpleDynamoProvider(18067): returnValueForKeyQuery() checking in Node CurrentNode: 5562 Key is : jyCZZDScKU9ga0DOo5ellQ99tborOYSs
D/SimpleDynamoProvider(18067): returnValueForKeyQuery() :: found key jyCZZDScKU9ga0DOo5ellQ99tborOYSs value is : W3OGW0yFRX14o9ih0qi7Lwbzb3JfDsxr in Node : 5562
D/SimpleDynamoProvider(18067): Server singleKeyQuery sending to Originator :: Values set in operation are Key : jyCZZDScKU9ga0DOo5ellQ99tborOYSs, value: W3OGW0yFRX14o9ih0qi7Lwbzb3JfDsxr, CurrentNode/Originator : 5558, Type : singleKeyQueryValue, Succ : 5558
D/SimpleDynamoProvider(18067): Client sending to Succ Server :: Values set in operation are Key : jyCZZDScKU9ga0DOo5ellQ99tborOYSs, value: W3OGW0yFRX14o9ih0qi7Lwbzb3JfDsxr, CurrentNode/Originator : 5558, Type : singleKeyQueryValue, Succ : 5558
D/SimpleDynamoProvider(18067): Client Remote port is 11116
D/SimpleDynamoProvider(18067): Insert() Client forward Insert node : 5558 from currentNode : 5562 Key : eD9ll3ZY3nPtddBsHsrP1Wqp4H84OT3b Value :RiGBUDWVLjB39p6sc4yBWrdohDN2nVEu
D/SimpleDynamoProvider(18067): Insert() Replicating to succ's check succ port's, Key: eD9ll3ZY3nPtddBsHsrP1Wqp4H84OT3bvalue: RiGBUDWVLjB39p6sc4yBWrdohDN2nVEu
D/SimpleDynamoProvider(18067): Replicate() Calling client currentNode 5562 Succ is :5560 key: eD9ll3ZY3nPtddBsHsrP1Wqp4H84OT3b values: RiGBUDWVLjB39p6sc4yBWrdohDN2nVEu
D/SimpleDynamoProvider(18067): Client sending to Succ Server :: Values set in operation are Key : eD9ll3ZY3nPtddBsHsrP1Wqp4H84OT3b, value: RiGBUDWVLjB39p6sc4yBWrdohDN2nVEu, CurrentNode/Originator : 5562, Type : replicate, Succ : 5560
D/SimpleDynamoProvider(18067): Client Remote port is 11116
D/SimpleDynamoProvider(18067): Replicate() Calling client currentNode 5562 Succ is :5562 key: eD9ll3ZY3nPtddBsHsrP1Wqp4H84OT3b values: RiGBUDWVLjB39p6sc4yBWrdohDN2nVEu
D/SimpleDynamoProvider(18067): Client sending to Succ Server :: Values set in operation are Key : eD9ll3ZY3nPtddBsHsrP1Wqp4H84OT3b, value: RiGBUDWVLjB39p6sc4yBWrdohDN2nVEu, CurrentNode/Originator : 5562, Type : replicate, Succ : 5562
D/SimpleDynamoProvider(18067): Client Remote port is 11120
D/AndroidRuntime(18607): Shutting down VM
D/jdwp    (18607): Got wake-up signal, bailing out of select
D/dalvikvm(18607): Debugger has detached; object registry had 1 entries
D/SimpleDynamoProvider(18067): Client sending to Succ Server :: Values set in operation are Key : eD9ll3ZY3nPtddBsHsrP1Wqp4H84OT3b, value: RiGBUDWVLjB39p6sc4yBWrdohDN2nVEu, CurrentNode/Originator : 5562, Type : replicate, Succ : 5562
D/SimpleDynamoProvider(18067): Client Remote port is 11124
D/dalvikvm(18067): GC_FOR_ALLOC freed 502K, 18% free 2876K/3476K, paused 4ms, total 4ms
D/SimpleDynamoProvider(18067): Server :: Values in operation are Key : eD9ll3ZY3nPtddBsHsrP1Wqp4H84OT3b, value: RiGBUDWVLjB39p6sc4yBWrdohDN2nVEu, CurrentNode/Originator : 5562, Type : replicate, Succ : 5562
D/SimpleDynamoProvider(18067): Server replicated values at currentNode 5562 key: eD9ll3ZY3nPtddBsHsrP1Wqp4H84OT3b values: RiGBUDWVLjB39p6sc4yBWrdohDN2nVEu
D/AndroidRuntime(18624): 
D/AndroidRuntime(18624): >>>>>> AndroidRuntime START com.android.internal.os.RuntimeInit <<<<<<
D/AndroidRuntime(18624): CheckJNI is ON
D/dalvikvm(18624): Trying to load lib libjavacore.so 0x0
D/dalvikvm(18624): Added shared lib libjavacore.so 0x0
D/dalvikvm(18624): Trying to load lib libnativehelper.so 0x0
D/dalvikvm(18624): Added shared lib libnativehelper.so 0x0
D/dalvikvm(18624): No JNI_OnLoad found in libnativehelper.so 0x0, skipping init
D/dalvikvm(18624): Note: class Landroid/app/ActivityManagerNative; has 179 unimplemented (abstract) methods
E/memtrack(18624): Couldn't load memtrack module (No such file or directory)
E/android.os.Debug(18624): failed to load memtrack module: -2
D/AndroidRuntime(18624): Calling main entry com.android.commands.content.Content
D/SimpleDynamoProvider(18067): Query selection : eD9ll3ZY3nPtddBsHsrP1Wqp4H84OT3b
D/SimpleDynamoProvider(18067): returnValueForKeyQuery() checking in Node CurrentNode: 5562 Key is : eD9ll3ZY3nPtddBsHsrP1Wqp4H84OT3b
D/SimpleDynamoProvider(18067): returnValueForKeyQuery() :: found key eD9ll3ZY3nPtddBsHsrP1Wqp4H84OT3b value is : RiGBUDWVLjB39p6sc4yBWrdohDN2nVEu in Node : 5562
D/SimpleDynamoProvider(18067): Query() :: found key eD9ll3ZY3nPtddBsHsrP1Wqp4H84OT3b in Node : 5562 mutexQuery : null
D/AndroidRuntime(18624): Shutting down VM
D/dalvikvm(18624): Debugger has detached; object registry had 1 entries
D/SimpleDynamoProvider(18067): Server :: Values in operation are Key : dhws352OF23A7481XnQosXaHZhi3Qw8B, value: 2f150UkSq8hlvnpu2OFz969dnptmSa2C, CurrentNode/Originator : 5554, Type : replicate, Succ : 5554
D/SimpleDynamoProvider(18067): Server replicated values at currentNode 5562 key: dhws352OF23A7481XnQosXaHZhi3Qw8B values: 2f150UkSq8hlvnpu2OFz969dnptmSa2C
D/SimpleDynamoProvider(18067): Server :: Values in operation are Key : eIN6jpwjHTxEl7VD5b05fEiK84HZblE1, value: vu4aiT7pRlffdeZyY5kxdle4YVYUVOqC, CurrentNode/Originator : 5556, Type : replicate, Succ : 5562
D/SimpleDynamoProvider(18067): Server replicated values at currentNode 5562 key: eIN6jpwjHTxEl7VD5b05fEiK84HZblE1 values: vu4aiT7pRlffdeZyY5kxdle4YVYUVOqC
D/SimpleDynamoProvider(18067): Server :: Values in operation are Key : Rgo4OLRSFsBnpFq6yVeCXKjiGHcR0z4w, value: 9Jwktpda221H9DsC4STDMvVPxokp68eC, CurrentNode/Originator : 5558, Type : replicate, Succ : 5554
D/SimpleDynamoProvider(18067): Server replicated values at currentNode 5562 key: Rgo4OLRSFsBnpFq6yVeCXKjiGHcR0z4w values: 9Jwktpda221H9DsC4STDMvVPxokp68eC
D/AndroidRuntime(18634): 
D/AndroidRuntime(18634): >>>>>> AndroidRuntime START com.android.internal.os.RuntimeInit <<<<<<
D/AndroidRuntime(18634): CheckJNI is ON
D/dalvikvm(18634): Trying to load lib libjavacore.so 0x0
D/dalvikvm(18634): Added shared lib libjavacore.so 0x0
D/dalvikvm(18634): Trying to load lib libnativehelper.so 0x0
D/dalvikvm(18634): Added shared lib libnativehelper.so 0x0
D/dalvikvm(18634): No JNI_OnLoad found in libnativehelper.so 0x0, skipping init
D/dalvikvm(18634): Note: class Landroid/app/ActivityManagerNative; has 179 unimplemented (abstract) methods
E/memtrack(18634): Couldn't load memtrack module (No such file or directory)
E/android.os.Debug(18634): failed to load memtrack module: -2
D/AndroidRuntime(18634): Calling main entry com.android.commands.content.Content
D/SimpleDynamoProvider(18067): Insert() :: Values set in operation are Key : nAyXbvRygebyc7uNr3q5iFwTze1z4Nlf, value: UwyZRZbb12A3rBkAfE89PA41QaPtMUgs, CurrentNode/Originator : 5562, Type : insert, Succ : 5556
D/SimpleDynamoProvider(18067): Insert() and replicating current port no : 5562 Key: nAyXbvRygebyc7uNr3q5iFwTze1z4Nlfvalue: UwyZRZbb12A3rBkAfE89PA41QaPtMUgs
D/SimpleDynamoProvider(18067): Replicate() Calling client currentNode 5562 Succ is :5556 key: nAyXbvRygebyc7uNr3q5iFwTze1z4Nlf values: UwyZRZbb12A3rBkAfE89PA41QaPtMUgs
D/SimpleDynamoProvider(18067): Replicate() Calling client currentNode 5562 Succ is :5554 key: nAyXbvRygebyc7uNr3q5iFwTze1z4Nlf values: UwyZRZbb12A3rBkAfE89PA41QaPtMUgs
D/SimpleDynamoProvider(18067): Client sending to Succ Server :: Values set in operation are Key : nAyXbvRygebyc7uNr3q5iFwTze1z4Nlf, value: UwyZRZbb12A3rBkAfE89PA41QaPtMUgs, CurrentNode/Originator : 5562, Type : replicate, Succ : 5554
D/SimpleDynamoProvider(18067): Client Remote port is 11112
D/AndroidRuntime(18634): Shutting down VM
D/dalvikvm(18634): Debugger has detached; object registry had 1 entries
D/SimpleDynamoProvider(18067): Client sending to Succ Server :: Values set in operation are Key : nAyXbvRygebyc7uNr3q5iFwTze1z4Nlf, value: UwyZRZbb12A3rBkAfE89PA41QaPtMUgs, CurrentNode/Originator : 5562, Type : replicate, Succ : 5554
D/SimpleDynamoProvider(18067): Client Remote port is 11108
I/AndroidRuntime(18634): NOTE: attach of thread 'Binder_1' failed
D/SimpleDynamoProvider(18067): Client sending to Succ Server :: Values set in operation are Key : Rgo4OLRSFsBnpFq6yVeCXKjiGHcR0z4w, value: 9Jwktpda221H9DsC4STDMvVPxokp68eC, CurrentNode/Originator : 5558, Type : singleKeyQueryValue, Succ : 5558
D/SimpleDynamoProvider(18067): Client Remote port is 11116
D/SimpleDynamoProvider(18067): Server :: Values in operation are Key : Rgo4OLRSFsBnpFq6yVeCXKjiGHcR0z4w, value: null, CurrentNode/Originator : 5558, Type : singleKeyQuery, Succ : 5562
D/SimpleDynamoProvider(18067): Server singleKeyQuery key is Rgo4OLRSFsBnpFq6yVeCXKjiGHcR0z4w currentNode is 5562 Originator is 5558
D/SimpleDynamoProvider(18067): returnValueForKeyQuery() checking in Node CurrentNode: 5562 Key is : Rgo4OLRSFsBnpFq6yVeCXKjiGHcR0z4w
D/SimpleDynamoProvider(18067): returnValueForKeyQuery() :: found key Rgo4OLRSFsBnpFq6yVeCXKjiGHcR0z4w value is : 9Jwktpda221H9DsC4STDMvVPxokp68eC in Node : 5562
D/SimpleDynamoProvider(18067): Server singleKeyQuery sending to Originator :: Values set in operation are Key : Rgo4OLRSFsBnpFq6yVeCXKjiGHcR0z4w, value: 9Jwktpda221H9DsC4STDMvVPxokp68eC, CurrentNode/Originator : 5558, Type : singleKeyQueryValue, Succ : 5558
D/AndroidRuntime(18648): 
D/AndroidRuntime(18648): >>>>>> AndroidRuntime START com.android.internal.os.RuntimeInit <<<<<<
D/AndroidRuntime(18648): CheckJNI is ON
D/dalvikvm(18648): Trying to load lib libjavacore.so 0x0
D/dalvikvm(18648): Added shared lib libjavacore.so 0x0
D/dalvikvm(18648): Trying to load lib libnativehelper.so 0x0
D/dalvikvm(18648): Added shared lib libnativehelper.so 0x0
D/dalvikvm(18648): No JNI_OnLoad found in libnativehelper.so 0x0, skipping init
D/dalvikvm(18648): Note: class Landroid/app/ActivityManagerNative; has 179 unimplemented (abstract) methods
E/memtrack(18648): Couldn't load memtrack module (No such file or directory)
E/android.os.Debug(18648): failed to load memtrack module: -2
D/AndroidRuntime(18648): Calling main entry com.android.commands.content.Content
D/SimpleDynamoProvider(18067): Query selection : nAyXbvRygebyc7uNr3q5iFwTze1z4Nlf
D/SimpleDynamoProvider(18067): returnValueForKeyQuery() checking in Node CurrentNode: 5562 Key is : nAyXbvRygebyc7uNr3q5iFwTze1z4Nlf
D/SimpleDynamoProvider(18067): returnValueForKeyQuery() :: found key nAyXbvRygebyc7uNr3q5iFwTze1z4Nlf value is : UwyZRZbb12A3rBkAfE89PA41QaPtMUgs in Node : 5562
D/SimpleDynamoProvider(18067): Query() :: found key nAyXbvRygebyc7uNr3q5iFwTze1z4Nlf in Node : 5562 mutexQuery : null
D/AndroidRuntime(18648): Shutting down VM
D/dalvikvm(18648): Debugger has detached; object registry had 1 entries
D/SimpleDynamoProvider(18067): Server :: Values in operation are Key : qhuw2JFrvGGBQh10HKUMDZDTKPuiGQ30, value: IMz3I1u24aBd7fQotclRv5UgcEfy8sUq, CurrentNode/Originator : 5554, Type : replicate, Succ : 5562
D/SimpleDynamoProvider(18067): Server replicated values at currentNode 5562 key: qhuw2JFrvGGBQh10HKUMDZDTKPuiGQ30 values: IMz3I1u24aBd7fQotclRv5UgcEfy8sUq
D/AndroidRuntime(18659): 
D/AndroidRuntime(18659): >>>>>> AndroidRuntime START com.android.internal.os.RuntimeInit <<<<<<
D/AndroidRuntime(18659): CheckJNI is ON
D/dalvikvm(18659): Trying to load lib libjavacore.so 0x0
D/dalvikvm(18659): Added shared lib libjavacore.so 0x0
D/dalvikvm(18659): Trying to load lib libnativehelper.so 0x0
D/dalvikvm(18659): Added shared lib libnativehelper.so 0x0
D/dalvikvm(18659): No JNI_OnLoad found in libnativehelper.so 0x0, skipping init
D/dalvikvm(18659): Note: class Landroid/app/ActivityManagerNative; has 179 unimplemented (abstract) methods
E/memtrack(18659): Couldn't load memtrack module (No such file or directory)
E/android.os.Debug(18659): failed to load memtrack module: -2
D/AndroidRuntime(18659): Calling main entry com.android.commands.content.Content
D/SimpleDynamoProvider(18067): Insert() :: Values set in operation are Key : WRFZ1gDDiuZ4nAZIr8H7auX0oMJetK0D, value: vtjeQZSPjnC4UadDfVG9GjNGPTmMx61v, CurrentNode/Originator : 5562, Type : insert, Succ : 5556
D/SimpleDynamoProvider(18067): Replicate() Calling client currentNode 5562 Succ is :5556 key: WRFZ1gDDiuZ4nAZIr8H7auX0oMJetK0D values: vtjeQZSPjnC4UadDfVG9GjNGPTmMx61v
D/SimpleDynamoProvider(18067): Client sending to Succ Server :: Values set in operation are Key : WRFZ1gDDiuZ4nAZIr8H7auX0oMJetK0D, value: vtjeQZSPjnC4UadDfVG9GjNGPTmMx61v, CurrentNode/Originator : 5562, Type : replicate, Succ : 5556
D/SimpleDynamoProvider(18067): Client Remote port is 11124
D/dalvikvm(18067): GC_FOR_ALLOC freed 531K, 19% free 2859K/3488K, paused 13ms, total 13ms
D/SimpleDynamoProvider(18067): Insert() Client forward Insert node : 5560 from currentNode : 5562 Key : WRFZ1gDDiuZ4nAZIr8H7auX0oMJetK0D Value :vtjeQZSPjnC4UadDfVG9GjNGPTmMx61v
D/SimpleDynamoProvider(18067): Insert() Replicating to succ's check succ port's, Key: WRFZ1gDDiuZ4nAZIr8H7auX0oMJetK0Dvalue: vtjeQZSPjnC4UadDfVG9GjNGPTmMx61v
D/SimpleDynamoProvider(18067): Replicate() Calling client currentNode 5562 Succ is :5562 key: WRFZ1gDDiuZ4nAZIr8H7auX0oMJetK0D values: vtjeQZSPjnC4UadDfVG9GjNGPTmMx61v
D/AndroidRuntime(18659): Shutting down VM
D/jdwp    (18659): Got wake-up signal, bailing out of select
D/dalvikvm(18659): Debugger has detached; object registry had 1 entries
D/SimpleDynamoProvider(18067): Client sending to Succ Server :: Values set in operation are Key : WRFZ1gDDiuZ4nAZIr8H7auX0oMJetK0D, value: vtjeQZSPjnC4UadDfVG9GjNGPTmMx61v, CurrentNode/Originator : 5562, Type : replicate, Succ : 5556
D/SimpleDynamoProvider(18067): Client Remote port is 11112
D/SimpleDynamoProvider(18067): Client sending to Succ Server :: Values set in operation are Key : WRFZ1gDDiuZ4nAZIr8H7auX0oMJetK0D, value: vtjeQZSPjnC4UadDfVG9GjNGPTmMx61v, CurrentNode/Originator : 5562, Type : replicate, Succ : 5556
D/SimpleDynamoProvider(18067): Client Remote port is 11120
D/SimpleDynamoProvider(18067): Server :: Values in operation are Key : WRFZ1gDDiuZ4nAZIr8H7auX0oMJetK0D, value: vtjeQZSPjnC4UadDfVG9GjNGPTmMx61v, CurrentNode/Originator : 5562, Type : replicate, Succ : 5556
D/SimpleDynamoProvider(18067): Server replicated values at currentNode 5562 key: WRFZ1gDDiuZ4nAZIr8H7auX0oMJetK0D values: vtjeQZSPjnC4UadDfVG9GjNGPTmMx61v
D/SimpleDynamoProvider(18067): Server :: Values in operation are Key : Jova1a4Fz8aw8QuoPQEXDIOlorVFgufi, value: ScAEByhoyaOncWvzzOL2purQtLDsntPQ, CurrentNode/Originator : 5556, Type : replicate, Succ : 5562
D/SimpleDynamoProvider(18067): Server replicated values at currentNode 5562 key: Jova1a4Fz8aw8QuoPQEXDIOlorVFgufi values: ScAEByhoyaOncWvzzOL2purQtLDsntPQ
D/AndroidRuntime(18675): 
D/AndroidRuntime(18675): >>>>>> AndroidRuntime START com.android.internal.os.RuntimeInit <<<<<<
D/AndroidRuntime(18675): CheckJNI is ON
D/dalvikvm(18675): Trying to load lib libjavacore.so 0x0
D/dalvikvm(18675): Added shared lib libjavacore.so 0x0
D/dalvikvm(18675): Trying to load lib libnativehelper.so 0x0
D/dalvikvm(18675): Added shared lib libnativehelper.so 0x0
D/dalvikvm(18675): No JNI_OnLoad found in libnativehelper.so 0x0, skipping init
D/dalvikvm(18675): Note: class Landroid/app/ActivityManagerNative; has 179 unimplemented (abstract) methods
E/memtrack(18675): Couldn't load memtrack module (No such file or directory)
E/android.os.Debug(18675): failed to load memtrack module: -2
D/SimpleDynamoProvider(18067): Query selection : WRFZ1gDDiuZ4nAZIr8H7auX0oMJetK0D
D/SimpleDynamoProvider(18067): returnValueForKeyQuery() checking in Node CurrentNode: 5562 Key is : WRFZ1gDDiuZ4nAZIr8H7auX0oMJetK0D
D/SimpleDynamoProvider(18067): returnValueForKeyQuery() :: found key WRFZ1gDDiuZ4nAZIr8H7auX0oMJetK0D value is : vtjeQZSPjnC4UadDfVG9GjNGPTmMx61v in Node : 5562
D/SimpleDynamoProvider(18067): Query() :: found key WRFZ1gDDiuZ4nAZIr8H7auX0oMJetK0D in Node : 5562 mutexQuery : null
D/AndroidRuntime(18675): Calling main entry com.android.commands.content.Content
D/AndroidRuntime(18675): Shutting down VM
D/dalvikvm(18675): Debugger has detached; object registry had 1 entries
D/SimpleDynamoProvider(18067): Server :: Values in operation are Key : NfhdaazkpYT2yPXMYgX4hWhAhVPiDAXg, value: LdGqak98VW5UjXrEi4PbxINh4AfuhT7H, CurrentNode/Originator : 5554, Type : replicate, Succ : 5562
D/SimpleDynamoProvider(18067): Server replicated values at currentNode 5562 key: NfhdaazkpYT2yPXMYgX4hWhAhVPiDAXg values: LdGqak98VW5UjXrEi4PbxINh4AfuhT7H
D/AndroidRuntime(18685): 
D/AndroidRuntime(18685): >>>>>> AndroidRuntime START com.android.internal.os.RuntimeInit <<<<<<
D/AndroidRuntime(18685): CheckJNI is ON
D/dalvikvm(18685): Trying to load lib libjavacore.so 0x0
D/dalvikvm(18685): Added shared lib libjavacore.so 0x0
D/dalvikvm(18685): Trying to load lib libnativehelper.so 0x0
D/dalvikvm(18685): Added shared lib libnativehelper.so 0x0
D/dalvikvm(18685): No JNI_OnLoad found in libnativehelper.so 0x0, skipping init
D/dalvikvm(18685): Note: class Landroid/app/ActivityManagerNative; has 179 unimplemented (abstract) methods
D/SimpleDynamoProvider(18067): Server :: Values in operation are Key : O0AqQ3rf8BOfo02q32ot24n48HqMPsgz, value: ZY2X8NV4YnIzy1fY7GLx6pOszHe5RY5e, CurrentNode/Originator : 5558, Type : replicate, Succ : 5562
D/SimpleDynamoProvider(18067): Server replicated values at currentNode 5562 key: O0AqQ3rf8BOfo02q32ot24n48HqMPsgz values: ZY2X8NV4YnIzy1fY7GLx6pOszHe5RY5e
D/SimpleDynamoProvider(18067): Server :: Values in operation are Key : aZrzp3orJQiIsoQedrIY35jeH9tkTYcA, value: YLGzMD7u1SaHvw7t8RJuHybf9dShenYV, CurrentNode/Originator : 5560, Type : replicate, Succ : 5562
D/SimpleDynamoProvider(18067): Server replicated values at currentNode 5562 key: aZrzp3orJQiIsoQedrIY35jeH9tkTYcA values: YLGzMD7u1SaHvw7t8RJuHybf9dShenYV
E/memtrack(18685): Couldn't load memtrack module (No such file or directory)
E/android.os.Debug(18685): failed to load memtrack module: -2
D/AndroidRuntime(18685): Calling main entry com.android.commands.content.Content
D/SimpleDynamoProvider(18067): Insert() :: Values set in operation are Key : iiiipjj8qr27O7eYBEPKLKIAzFIFqJSd, value: 6P9qYsef3iyg1Z6SS2ouf0Og83Z6hyWV, CurrentNode/Originator : 5562, Type : insert, Succ : 5556
D/SimpleDynamoProvider(18067): Insert() and replicating current port no : 5562 Key: iiiipjj8qr27O7eYBEPKLKIAzFIFqJSdvalue: 6P9qYsef3iyg1Z6SS2ouf0Og83Z6hyWV
D/SimpleDynamoProvider(18067): Replicate() Calling client currentNode 5562 Succ is :5556 key: iiiipjj8qr27O7eYBEPKLKIAzFIFqJSd values: 6P9qYsef3iyg1Z6SS2ouf0Og83Z6hyWV
D/SimpleDynamoProvider(18067): Replicate() Calling client currentNode 5562 Succ is :5554 key: iiiipjj8qr27O7eYBEPKLKIAzFIFqJSd values: 6P9qYsef3iyg1Z6SS2ouf0Og83Z6hyWV
D/SimpleDynamoProvider(18067): Client sending to Succ Server :: Values set in operation are Key : iiiipjj8qr27O7eYBEPKLKIAzFIFqJSd, value: 6P9qYsef3iyg1Z6SS2ouf0Og83Z6hyWV, CurrentNode/Originator : 5562, Type : replicate, Succ : 5554
D/SimpleDynamoProvider(18067): Client Remote port is 11112
D/AndroidRuntime(18685): Shutting down VM
D/jdwp    (18685): Got wake-up signal, bailing out of select
D/dalvikvm(18685): Debugger has detached; object registry had 1 entries
D/SimpleDynamoProvider(18067): Client sending to Succ Server :: Values set in operation are Key : iiiipjj8qr27O7eYBEPKLKIAzFIFqJSd, value: 6P9qYsef3iyg1Z6SS2ouf0Og83Z6hyWV, CurrentNode/Originator : 5562, Type : replicate, Succ : 5554
D/SimpleDynamoProvider(18067): Client Remote port is 11108
D/SimpleDynamoProvider(18067): Server :: Values in operation are Key : XPGUwTrKwR7jcsJ2S7lBtVFrk9hR6RqH, value: 1Xnoabl6ehHgG6eXVR0w7P6TeMHVW7Xc, CurrentNode/Originator : 5556, Type : replicate, Succ : 5562
D/SimpleDynamoProvider(18067): Server replicated values at currentNode 5562 key: XPGUwTrKwR7jcsJ2S7lBtVFrk9hR6RqH values: 1Xnoabl6ehHgG6eXVR0w7P6TeMHVW7Xc
D/AndroidRuntime(18700): 
D/AndroidRuntime(18700): >>>>>> AndroidRuntime START com.android.internal.os.RuntimeInit <<<<<<
D/AndroidRuntime(18700): CheckJNI is ON
D/dalvikvm(18700): Trying to load lib libjavacore.so 0x0
D/dalvikvm(18700): Added shared lib libjavacore.so 0x0
D/dalvikvm(18700): Trying to load lib libnativehelper.so 0x0
D/dalvikvm(18700): Added shared lib libnativehelper.so 0x0
D/dalvikvm(18700): No JNI_OnLoad found in libnativehelper.so 0x0, skipping init
D/dalvikvm(18700): Note: class Landroid/app/ActivityManagerNative; has 179 unimplemented (abstract) methods
D/SimpleDynamoProvider(18067): Server :: Values in operation are Key : XDjsP1DODh6oRFyMt4or2QmAhMCbV2Bi, value: G9aujoGyZmvHaEVxptlECHBeHBiwnGco, CurrentNode/Originator : 5554, Type : replicate, Succ : 5562
D/SimpleDynamoProvider(18067): Server replicated values at currentNode 5562 key: XDjsP1DODh6oRFyMt4or2QmAhMCbV2Bi values: G9aujoGyZmvHaEVxptlECHBeHBiwnGco
E/memtrack(18700): Couldn't load memtrack module (No such file or directory)
E/android.os.Debug(18700): failed to load memtrack module: -2
D/AndroidRuntime(18700): Calling main entry com.android.commands.content.Content
D/SimpleDynamoProvider(18067): Query selection : iiiipjj8qr27O7eYBEPKLKIAzFIFqJSd
D/SimpleDynamoProvider(18067): returnValueForKeyQuery() checking in Node CurrentNode: 5562 Key is : iiiipjj8qr27O7eYBEPKLKIAzFIFqJSd
D/SimpleDynamoProvider(18067): returnValueForKeyQuery() :: found key iiiipjj8qr27O7eYBEPKLKIAzFIFqJSd value is : 6P9qYsef3iyg1Z6SS2ouf0Og83Z6hyWV in Node : 5562
D/SimpleDynamoProvider(18067): Query() :: found key iiiipjj8qr27O7eYBEPKLKIAzFIFqJSd in Node : 5562 mutexQuery : null
D/AndroidRuntime(18700): Shutting down VM
D/jdwp    (18700): Got wake-up signal, bailing out of select
D/dalvikvm(18700): Debugger has detached; object registry had 1 entries
D/SimpleDynamoProvider(18067): Server :: Values in operation are Key : RL7mhRodVPlig3tJs6HdhbzTIlQpN4Cc, value: WmYZ6SLsfmgSlC42RndsbpJYCqvGdGac, CurrentNode/Originator : 5560, Type : replicate, Succ : 5562
D/SimpleDynamoProvider(18067): Server replicated values at currentNode 5562 key: RL7mhRodVPlig3tJs6HdhbzTIlQpN4Cc values: WmYZ6SLsfmgSlC42RndsbpJYCqvGdGac
D/AndroidRuntime(18710): 
D/AndroidRuntime(18710): >>>>>> AndroidRuntime START com.android.internal.os.RuntimeInit <<<<<<
D/AndroidRuntime(18710): CheckJNI is ON
D/dalvikvm(18710): Trying to load lib libjavacore.so 0x0
D/dalvikvm(18710): Added shared lib libjavacore.so 0x0
D/dalvikvm(18710): Trying to load lib libnativehelper.so 0x0
D/dalvikvm(18710): Added shared lib libnativehelper.so 0x0
D/dalvikvm(18710): No JNI_OnLoad found in libnativehelper.so 0x0, skipping init
D/dalvikvm(18710): Note: class Landroid/app/ActivityManagerNative; has 179 unimplemented (abstract) methods
E/memtrack(18710): Couldn't load memtrack module (No such file or directory)
E/android.os.Debug(18710): failed to load memtrack module: -2
D/AndroidRuntime(18710): Calling main entry com.android.commands.content.Content
D/SimpleDynamoProvider(18067): Insert() :: Values set in operation are Key : 94fqyuNWppB1cxjUpCIWiWsIYY2Ti9UN, value: kuELVnVKBR6KrOCmyWD5ZZkkmfKUrwhU, CurrentNode/Originator : 5562, Type : insert, Succ : 5556
D/dalvikvm(18067): GC_FOR_ALLOC freed 511K, 19% free 2859K/3488K, paused 4ms, total 4ms
D/SimpleDynamoProvider(18067): Insert() and replicating current port no : 5562 Key: 94fqyuNWppB1cxjUpCIWiWsIYY2Ti9UNvalue: kuELVnVKBR6KrOCmyWD5ZZkkmfKUrwhU
D/SimpleDynamoProvider(18067): Replicate() Calling client currentNode 5562 Succ is :5556 key: 94fqyuNWppB1cxjUpCIWiWsIYY2Ti9UN values: kuELVnVKBR6KrOCmyWD5ZZkkmfKUrwhU
D/SimpleDynamoProvider(18067): Replicate() Calling client currentNode 5562 Succ is :5554 key: 94fqyuNWppB1cxjUpCIWiWsIYY2Ti9UN values: kuELVnVKBR6KrOCmyWD5ZZkkmfKUrwhU
D/SimpleDynamoProvider(18067): Client sending to Succ Server :: Values set in operation are Key : 94fqyuNWppB1cxjUpCIWiWsIYY2Ti9UN, value: kuELVnVKBR6KrOCmyWD5ZZkkmfKUrwhU, CurrentNode/Originator : 5562, Type : replicate, Succ : 5554
D/SimpleDynamoProvider(18067): Client Remote port is 11112
D/AndroidRuntime(18710): Shutting down VM
D/jdwp    (18710): Got wake-up signal, bailing out of select
D/dalvikvm(18710): Debugger has detached; object registry had 1 entries
D/SimpleDynamoProvider(18067): Client sending to Succ Server :: Values set in operation are Key : 94fqyuNWppB1cxjUpCIWiWsIYY2Ti9UN, value: kuELVnVKBR6KrOCmyWD5ZZkkmfKUrwhU, CurrentNode/Originator : 5562, Type : replicate, Succ : 5554
D/SimpleDynamoProvider(18067): Client Remote port is 11108
D/SimpleDynamoProvider(18067): Server :: Values in operation are Key : LajbDl7y73PpbOPWmGpH7qMA93r2JI9N, value: vHPvM8vvSfAu0sZ3wCL6PctqGCPGoK92, CurrentNode/Originator : 5556, Type : replicate, Succ : 5554
D/SimpleDynamoProvider(18067): Server replicated values at currentNode 5562 key: LajbDl7y73PpbOPWmGpH7qMA93r2JI9N values: vHPvM8vvSfAu0sZ3wCL6PctqGCPGoK92
D/AndroidRuntime(18725): 
D/AndroidRuntime(18725): >>>>>> AndroidRuntime START com.android.internal.os.RuntimeInit <<<<<<
D/AndroidRuntime(18725): CheckJNI is ON
D/dalvikvm(18725): Trying to load lib libjavacore.so 0x0
D/dalvikvm(18725): Added shared lib libjavacore.so 0x0
D/dalvikvm(18725): Trying to load lib libnativehelper.so 0x0
D/dalvikvm(18725): Added shared lib libnativehelper.so 0x0
D/dalvikvm(18725): No JNI_OnLoad found in libnativehelper.so 0x0, skipping init
D/dalvikvm(18725): Note: class Landroid/app/ActivityManagerNative; has 179 unimplemented (abstract) methods
E/memtrack(18725): Couldn't load memtrack module (No such file or directory)
E/android.os.Debug(18725): failed to load memtrack module: -2
D/AndroidRuntime(18725): Calling main entry com.android.commands.content.Content
D/SimpleDynamoProvider(18067): Query selection : 94fqyuNWppB1cxjUpCIWiWsIYY2Ti9UN
D/SimpleDynamoProvider(18067): returnValueForKeyQuery() checking in Node CurrentNode: 5562 Key is : 94fqyuNWppB1cxjUpCIWiWsIYY2Ti9UN
D/SimpleDynamoProvider(18067): returnValueForKeyQuery() :: found key 94fqyuNWppB1cxjUpCIWiWsIYY2Ti9UN value is : kuELVnVKBR6KrOCmyWD5ZZkkmfKUrwhU in Node : 5562
D/SimpleDynamoProvider(18067): Query() :: found key 94fqyuNWppB1cxjUpCIWiWsIYY2Ti9UN in Node : 5562 mutexQuery : null
D/AndroidRuntime(18725): Shutting down VM
D/dalvikvm(18725): Debugger has detached; object registry had 1 entries
D/SimpleDynamoProvider(18067): Server :: Values in operation are Key : tjWmSpWvnxVbk5ocfb59ScQ84Cd9bh3l, value: HuLN7GUGTB6UFhK9iEUcOXmSdsWBMG68, CurrentNode/Originator : 5560, Type : replicate, Succ : 5556
D/SimpleDynamoProvider(18067): Server replicated values at currentNode 5562 key: tjWmSpWvnxVbk5ocfb59ScQ84Cd9bh3l values: HuLN7GUGTB6UFhK9iEUcOXmSdsWBMG68
D/AndroidRuntime(18735): 
D/AndroidRuntime(18735): >>>>>> AndroidRuntime START com.android.internal.os.RuntimeInit <<<<<<
D/AndroidRuntime(18735): CheckJNI is ON
D/dalvikvm(18735): Trying to load lib libjavacore.so 0x0
D/dalvikvm(18735): Added shared lib libjavacore.so 0x0
D/dalvikvm(18735): Trying to load lib libnativehelper.so 0x0
D/dalvikvm(18735): Added shared lib libnativehelper.so 0x0
D/dalvikvm(18735): No JNI_OnLoad found in libnativehelper.so 0x0, skipping init
D/dalvikvm(18735): Note: class Landroid/app/ActivityManagerNative; has 179 unimplemented (abstract) methods
D/SimpleDynamoProvider(18067): Server :: Values in operation are Key : pm6MgTN3upBdfGqafbtVAjHfC93jvy6j, value: RP5sqXDVG8V5YY6Oc944ampyQTMDkQg4, CurrentNode/Originator : 5558, Type : replicate, Succ : 5556
D/SimpleDynamoProvider(18067): Server replicated values at currentNode 5562 key: pm6MgTN3upBdfGqafbtVAjHfC93jvy6j values: RP5sqXDVG8V5YY6Oc944ampyQTMDkQg4
D/SimpleDynamoProvider(18067): Server :: Values in operation are Key : HHfGcBplWROV3fPJ6dvMwhmk8HciVZUc, value: WKkKO3B9H4x9konVUbrx3sNVNofKewL3, CurrentNode/Originator : 5554, Type : replicate, Succ : 5562
D/SimpleDynamoProvider(18067): Server replicated values at currentNode 5562 key: HHfGcBplWROV3fPJ6dvMwhmk8HciVZUc values: WKkKO3B9H4x9konVUbrx3sNVNofKewL3
E/memtrack(18735): Couldn't load memtrack module (No such file or directory)
E/android.os.Debug(18735): failed to load memtrack module: -2
D/AndroidRuntime(18735): Calling main entry com.android.commands.content.Content
D/SimpleDynamoProvider(18067): Insert() :: Values set in operation are Key : whZShlPiMLu2ZI48jPJJ3y0WO0liq9uA, value: FPj895Fd6keAvHH6kF94noFoRX9SqQNs, CurrentNode/Originator : 5562, Type : insert, Succ : 5556
D/SimpleDynamoProvider(18067): Insert() Client forward Insert node : 5558 from currentNode : 5562 Key : whZShlPiMLu2ZI48jPJJ3y0WO0liq9uA Value :FPj895Fd6keAvHH6kF94noFoRX9SqQNs
D/SimpleDynamoProvider(18067): Insert() Replicating to succ's check succ port's, Key: whZShlPiMLu2ZI48jPJJ3y0WO0liq9uAvalue: FPj895Fd6keAvHH6kF94noFoRX9SqQNs
D/SimpleDynamoProvider(18067): Replicate() Calling client currentNode 5562 Succ is :5560 key: whZShlPiMLu2ZI48jPJJ3y0WO0liq9uA values: FPj895Fd6keAvHH6kF94noFoRX9SqQNs
D/SimpleDynamoProvider(18067): Client sending to Succ Server :: Values set in operation are Key : whZShlPiMLu2ZI48jPJJ3y0WO0liq9uA, value: FPj895Fd6keAvHH6kF94noFoRX9SqQNs, CurrentNode/Originator : 5562, Type : replicate, Succ : 5560
D/SimpleDynamoProvider(18067): Client Remote port is 11116
D/SimpleDynamoProvider(18067): Replicate() Calling client currentNode 5562 Succ is :5562 key: whZShlPiMLu2ZI48jPJJ3y0WO0liq9uA values: FPj895Fd6keAvHH6kF94noFoRX9SqQNs
D/AndroidRuntime(18735): Shutting down VM
D/jdwp    (18735): Got wake-up signal, bailing out of select
D/dalvikvm(18735): Debugger has detached; object registry had 1 entries
D/SimpleDynamoProvider(18067): Client sending to Succ Server :: Values set in operation are Key : whZShlPiMLu2ZI48jPJJ3y0WO0liq9uA, value: FPj895Fd6keAvHH6kF94noFoRX9SqQNs, CurrentNode/Originator : 5562, Type : replicate, Succ : 5562
D/SimpleDynamoProvider(18067): Client Remote port is 11124
D/SimpleDynamoProvider(18067): Client sending to Succ Server :: Values set in operation are Key : whZShlPiMLu2ZI48jPJJ3y0WO0liq9uA, value: FPj895Fd6keAvHH6kF94noFoRX9SqQNs, CurrentNode/Originator : 5562, Type : replicate, Succ : 5562
D/SimpleDynamoProvider(18067): Client Remote port is 11120
D/SimpleDynamoProvider(18067): Server :: Values in operation are Key : whZShlPiMLu2ZI48jPJJ3y0WO0liq9uA, value: FPj895Fd6keAvHH6kF94noFoRX9SqQNs, CurrentNode/Originator : 5562, Type : replicate, Succ : 5562
D/SimpleDynamoProvider(18067): Server replicated values at currentNode 5562 key: whZShlPiMLu2ZI48jPJJ3y0WO0liq9uA values: FPj895Fd6keAvHH6kF94noFoRX9SqQNs
D/SimpleDynamoProvider(18067): Server :: Values in operation are Key : 9AObofWoWQnTau1XsZ3MUSTwzCIvDTVM, value: S0bklQcBGEtNjPVUqZ8dKG76pAThsK4x, CurrentNode/Originator : 5556, Type : replicate, Succ : 5562
D/SimpleDynamoProvider(18067): Server replicated values at currentNode 5562 key: 9AObofWoWQnTau1XsZ3MUSTwzCIvDTVM values: S0bklQcBGEtNjPVUqZ8dKG76pAThsK4x
D/AndroidRuntime(18751): 
D/AndroidRuntime(18751): >>>>>> AndroidRuntime START com.android.internal.os.RuntimeInit <<<<<<
D/AndroidRuntime(18751): CheckJNI is ON
D/dalvikvm(18751): Trying to load lib libjavacore.so 0x0
D/dalvikvm(18751): Added shared lib libjavacore.so 0x0
D/dalvikvm(18751): Trying to load lib libnativehelper.so 0x0
D/dalvikvm(18751): Added shared lib libnativehelper.so 0x0
D/dalvikvm(18751): No JNI_OnLoad found in libnativehelper.so 0x0, skipping init
D/dalvikvm(18751): Note: class Landroid/app/ActivityManagerNative; has 179 unimplemented (abstract) methods
E/memtrack(18751): Couldn't load memtrack module (No such file or directory)
E/android.os.Debug(18751): failed to load memtrack module: -2
D/SimpleDynamoProvider(18067): Server :: Values in operation are Key : jyxisNe88ozUuCGclouxDn0sdREdLR1D, value: JKk2QiVlJDbrTaJqBZbFtEFL3BQb6Ezd, CurrentNode/Originator : 5560, Type : replicate, Succ : 5562
D/SimpleDynamoProvider(18067): Server replicated values at currentNode 5562 key: jyxisNe88ozUuCGclouxDn0sdREdLR1D values: JKk2QiVlJDbrTaJqBZbFtEFL3BQb6Ezd
D/AndroidRuntime(18751): Calling main entry com.android.commands.content.Content
D/SimpleDynamoProvider(18067): Query selection : whZShlPiMLu2ZI48jPJJ3y0WO0liq9uA
D/SimpleDynamoProvider(18067): returnValueForKeyQuery() checking in Node CurrentNode: 5562 Key is : whZShlPiMLu2ZI48jPJJ3y0WO0liq9uA
D/dalvikvm(18067): GC_FOR_ALLOC freed 480K, 18% free 2877K/3488K, paused 6ms, total 7ms
D/SimpleDynamoProvider(18067): returnValueForKeyQuery() :: found key whZShlPiMLu2ZI48jPJJ3y0WO0liq9uA value is : FPj895Fd6keAvHH6kF94noFoRX9SqQNs in Node : 5562
D/SimpleDynamoProvider(18067): Query() :: found key whZShlPiMLu2ZI48jPJJ3y0WO0liq9uA in Node : 5562 mutexQuery : null
D/AndroidRuntime(18751): Shutting down VM
D/dalvikvm(18751): Debugger has detached; object registry had 1 entries
D/AndroidRuntime(18761): 
D/AndroidRuntime(18761): >>>>>> AndroidRuntime START com.android.internal.os.RuntimeInit <<<<<<
D/AndroidRuntime(18761): CheckJNI is ON
D/dalvikvm(18761): Trying to load lib libjavacore.so 0x0
D/dalvikvm(18761): Added shared lib libjavacore.so 0x0
D/dalvikvm(18761): Trying to load lib libnativehelper.so 0x0
D/dalvikvm(18761): Added shared lib libnativehelper.so 0x0
D/dalvikvm(18761): No JNI_OnLoad found in libnativehelper.so 0x0, skipping init
D/dalvikvm(18761): Note: class Landroid/app/ActivityManagerNative; has 179 unimplemented (abstract) methods
E/memtrack(18761): Couldn't load memtrack module (No such file or directory)
E/android.os.Debug(18761): failed to load memtrack module: -2
D/AndroidRuntime(18761): Calling main entry com.android.commands.content.Content
D/SimpleDynamoProvider(18067): Insert() :: Values set in operation are Key : tz49fV9JdPQQT2sMZSfP70HxVs90uozX, value: 9mKJRM4YaZtT4rJFC2ZGH0vSSOWj55Ds, CurrentNode/Originator : 5562, Type : insert, Succ : 5556
D/SimpleDynamoProvider(18067): Insert() Client forward Insert node : 5554 from currentNode : 5562 Key : tz49fV9JdPQQT2sMZSfP70HxVs90uozX Value :9mKJRM4YaZtT4rJFC2ZGH0vSSOWj55Ds
D/SimpleDynamoProvider(18067): Insert() Replicating to succ's check succ port's, Key: tz49fV9JdPQQT2sMZSfP70HxVs90uozXvalue: 9mKJRM4YaZtT4rJFC2ZGH0vSSOWj55Ds
D/SimpleDynamoProvider(18067): Replicate() Calling client currentNode 5562 Succ is :5558 key: tz49fV9JdPQQT2sMZSfP70HxVs90uozX values: 9mKJRM4YaZtT4rJFC2ZGH0vSSOWj55Ds
D/SimpleDynamoProvider(18067): Replicate() Calling client currentNode 5562 Succ is :5560 key: tz49fV9JdPQQT2sMZSfP70HxVs90uozX values: 9mKJRM4YaZtT4rJFC2ZGH0vSSOWj55Ds
D/SimpleDynamoProvider(18067): Client sending to Succ Server :: Values set in operation are Key : tz49fV9JdPQQT2sMZSfP70HxVs90uozX, value: 9mKJRM4YaZtT4rJFC2ZGH0vSSOWj55Ds, CurrentNode/Originator : 5562, Type : replicate, Succ : 5560
D/SimpleDynamoProvider(18067): Client Remote port is 11120
D/SimpleDynamoProvider(18067): Client sending to Succ Server :: Values set in operation are Key : tz49fV9JdPQQT2sMZSfP70HxVs90uozX, value: 9mKJRM4YaZtT4rJFC2ZGH0vSSOWj55Ds, CurrentNode/Originator : 5562, Type : replicate, Succ : 5560
D/SimpleDynamoProvider(18067): Client Remote port is 11116
D/SimpleDynamoProvider(18067): Client sending to Succ Server :: Values set in operation are Key : tz49fV9JdPQQT2sMZSfP70HxVs90uozX, value: 9mKJRM4YaZtT4rJFC2ZGH0vSSOWj55Ds, CurrentNode/Originator : 5562, Type : replicate, Succ : 5560
D/SimpleDynamoProvider(18067): Client Remote port is 11108
D/AndroidRuntime(18761): Shutting down VM
D/jdwp    (18761): Got wake-up signal, bailing out of select
D/dalvikvm(18761): Debugger has detached; object registry had 1 entries
D/SimpleDynamoProvider(18067): Server :: Values in operation are Key : 6kx1SzcAmMtQDcD8UcaGKQhfZFvn0Ef2, value: GEh4ae8LivfN9VSHyfuUVkEsocSnsruR, CurrentNode/Originator : 5554, Type : replicate, Succ : 5556
D/SimpleDynamoProvider(18067): Server replicated values at currentNode 5562 key: 6kx1SzcAmMtQDcD8UcaGKQhfZFvn0Ef2 values: GEh4ae8LivfN9VSHyfuUVkEsocSnsruR
D/SimpleDynamoProvider(18067): Server :: Values in operation are Key : BALzXf7pcHAJ4qOVWPeV9BDewxINPhlA, value: 7ya6GMSWof2GixNMsX0e7tem8qIavD6x, CurrentNode/Originator : 5556, Type : replicate, Succ : 5562
D/SimpleDynamoProvider(18067): Server replicated values at currentNode 5562 key: BALzXf7pcHAJ4qOVWPeV9BDewxINPhlA values: 7ya6GMSWof2GixNMsX0e7tem8qIavD6x
D/AndroidRuntime(18777): 
D/AndroidRuntime(18777): >>>>>> AndroidRuntime START com.android.internal.os.RuntimeInit <<<<<<
D/AndroidRuntime(18777): CheckJNI is ON
D/SimpleDynamoProvider(18067): Server :: Values in operation are Key : g4bI6ltPMbeSC2eKCVxymFE5DezDLy4K, value: FMB4pxssjGlZRLDcUyKy1uNCCkZCeyTh, CurrentNode/Originator : 5558, Type : replicate, Succ : 5554
D/SimpleDynamoProvider(18067): Server replicated values at currentNode 5562 key: g4bI6ltPMbeSC2eKCVxymFE5DezDLy4K values: FMB4pxssjGlZRLDcUyKy1uNCCkZCeyTh
D/dalvikvm(18777): Trying to load lib libjavacore.so 0x0
D/dalvikvm(18777): Added shared lib libjavacore.so 0x0
D/dalvikvm(18777): Trying to load lib libnativehelper.so 0x0
D/dalvikvm(18777): Added shared lib libnativehelper.so 0x0
D/dalvikvm(18777): No JNI_OnLoad found in libnativehelper.so 0x0, skipping init
D/dalvikvm(18777): Note: class Landroid/app/ActivityManagerNative; has 179 unimplemented (abstract) methods
E/memtrack(18777): Couldn't load memtrack module (No such file or directory)
E/android.os.Debug(18777): failed to load memtrack module: -2
D/AndroidRuntime(18777): Calling main entry com.android.commands.content.Content
D/SimpleDynamoProvider(18067): Query selection : tz49fV9JdPQQT2sMZSfP70HxVs90uozX
D/SimpleDynamoProvider(18067): returnValueForKeyQuery() checking in Node CurrentNode: 5562 Key is : tz49fV9JdPQQT2sMZSfP70HxVs90uozX
D/SimpleDynamoProvider(18067): returnValueForKeyQuery() Not found in Node CurrentNode: 5562 Key is : tz49fV9JdPQQT2sMZSfP70HxVs90uozX
D/SimpleDynamoProvider(18067): Query() :: Not found key tz49fV9JdPQQT2sMZSfP70HxVs90uozX in Node : 5562 sending key to 5554
D/SimpleDynamoProvider(18067): Query() holding for value of key :tz49fV9JdPQQT2sMZSfP70HxVs90uozX type : singleKeyQueryCurrent Value for mutex is : null
D/SimpleDynamoProvider(18067): Client sending to Succ Server :: Values set in operation are Key : tz49fV9JdPQQT2sMZSfP70HxVs90uozX, value: null, CurrentNode/Originator : 5562, Type : singleKeyQuery, Succ : 5554
D/SimpleDynamoProvider(18067): Client Remote port is 11108
D/SimpleDynamoProvider(18067): Server :: Values in operation are Key : VgecBbY5X1HcM1CmF3dJ47SYSgtMvLx2, value: FJDCeDspg4THHX67i4Ro4tnIi5Px6rtw, CurrentNode/Originator : 5560, Type : replicate, Succ : 5554
D/SimpleDynamoProvider(18067): Server replicated values at currentNode 5562 key: VgecBbY5X1HcM1CmF3dJ47SYSgtMvLx2 values: FJDCeDspg4THHX67i4Ro4tnIi5Px6rtw
D/SimpleDynamoProvider(18067): Server :: Values in operation are Key : g4bI6ltPMbeSC2eKCVxymFE5DezDLy4K, value: null, CurrentNode/Originator : 5558, Type : singleKeyQuery, Succ : 5562
D/SimpleDynamoProvider(18067): Server singleKeyQuery key is g4bI6ltPMbeSC2eKCVxymFE5DezDLy4K currentNode is 5562 Originator is 5558
D/SimpleDynamoProvider(18067): returnValueForKeyQuery() checking in Node CurrentNode: 5562 Key is : g4bI6ltPMbeSC2eKCVxymFE5DezDLy4K
D/SimpleDynamoProvider(18067): returnValueForKeyQuery() :: found key g4bI6ltPMbeSC2eKCVxymFE5DezDLy4K value is : FMB4pxssjGlZRLDcUyKy1uNCCkZCeyTh in Node : 5562
D/SimpleDynamoProvider(18067): Server singleKeyQuery sending to Originator :: Values set in operation are Key : g4bI6ltPMbeSC2eKCVxymFE5DezDLy4K, value: FMB4pxssjGlZRLDcUyKy1uNCCkZCeyTh, CurrentNode/Originator : 5558, Type : singleKeyQueryValue, Succ : 5558
D/SimpleDynamoProvider(18067): Client sending to Succ Server :: Values set in operation are Key : g4bI6ltPMbeSC2eKCVxymFE5DezDLy4K, value: FMB4pxssjGlZRLDcUyKy1uNCCkZCeyTh, CurrentNode/Originator : 5558, Type : singleKeyQueryValue, Succ : 5558
D/SimpleDynamoProvider(18067): Client Remote port is 11116
D/SimpleDynamoProvider(18067): Server :: Values in operation are Key : tz49fV9JdPQQT2sMZSfP70HxVs90uozX, value: 9mKJRM4YaZtT4rJFC2ZGH0vSSOWj55Ds, CurrentNode/Originator : 5562, Type : singleKeyQueryValue, Succ : 5562
D/SimpleDynamoProvider(18067): Server singleKeyQueryValue coming form 5554 Current Node is :5562 Value returned is :9mKJRM4YaZtT4rJFC2ZGH0vSSOWj55Ds for key :tz49fV9JdPQQT2sMZSfP70HxVs90uozX
D/SimpleDynamoProvider(18067): Operation.getOriginator() : 5562
D/SimpleDynamoProvider(18067): Server :: Values in operation are Key : VgecBbY5X1HcM1CmF3dJ47SYSgtMvLx2, value: null, CurrentNode/Originator : 5560, Type : singleKeyQuery, Succ : 5562
D/SimpleDynamoProvider(18067): Server singleKeyQuery key is VgecBbY5X1HcM1CmF3dJ47SYSgtMvLx2 currentNode is 5562 Originator is 5560
D/SimpleDynamoProvider(18067): returnValueForKeyQuery() checking in Node CurrentNode: 5562 Key is : VgecBbY5X1HcM1CmF3dJ47SYSgtMvLx2
D/SimpleDynamoProvider(18067): returnValueForKeyQuery() :: found key VgecBbY5X1HcM1CmF3dJ47SYSgtMvLx2 value is : FJDCeDspg4THHX67i4Ro4tnIi5Px6rtw in Node : 5562
D/SimpleDynamoProvider(18067): Server singleKeyQuery sending to Originator :: Values set in operation are Key : VgecBbY5X1HcM1CmF3dJ47SYSgtMvLx2, value: FJDCeDspg4THHX67i4Ro4tnIi5Px6rtw, CurrentNode/Originator : 5560, Type : singleKeyQueryValue, Succ : 5560
D/SimpleDynamoProvider(18067): Client sending to Succ Server :: Values set in operation are Key : VgecBbY5X1HcM1CmF3dJ47SYSgtMvLx2, value: FJDCeDspg4THHX67i4Ro4tnIi5Px6rtw, CurrentNode/Originator : 5560, Type : singleKeyQueryValue, Succ : 5560
D/SimpleDynamoProvider(18067): Client Remote port is 11120
D/SimpleDynamoProvider(18067): Query() after hold got value : 9mKJRM4YaZtT4rJFC2ZGH0vSSOWj55Ds for Key : tz49fV9JdPQQT2sMZSfP70HxVs90uozX Responded by null
D/SimpleDynamoProvider(18067): Query() Value for mutexQuery null key : tz49fV9JdPQQT2sMZSfP70HxVs90uozX
D/AndroidRuntime(18777): Shutting down VM
D/jdwp    (18777): Got wake-up signal, bailing out of select
D/dalvikvm(18777): Debugger has detached; object registry had 1 entries
D/dalvikvm(18067): GC_FOR_ALLOC freed 520K, 18% free 2869K/3488K, paused 4ms, total 4ms
D/AndroidRuntime(18790): 
D/AndroidRuntime(18790): >>>>>> AndroidRuntime START com.android.internal.os.RuntimeInit <<<<<<
D/AndroidRuntime(18790): CheckJNI is ON
D/dalvikvm(18790): Trying to load lib libjavacore.so 0x0
D/dalvikvm(18790): Added shared lib libjavacore.so 0x0
D/dalvikvm(18790): Trying to load lib libnativehelper.so 0x0
D/dalvikvm(18790): Added shared lib libnativehelper.so 0x0
D/dalvikvm(18790): No JNI_OnLoad found in libnativehelper.so 0x0, skipping init
D/dalvikvm(18790): Note: class Landroid/app/ActivityManagerNative; has 179 unimplemented (abstract) methods
E/memtrack(18790): Couldn't load memtrack module (No such file or directory)
E/android.os.Debug(18790): failed to load memtrack module: -2
D/SimpleDynamoProvider(18067): Server :: Values in operation are Key : KoSR7be1D6uECXDiC4G7CAX4B2TS2J2u, value: I9o5s3zMEtcmqLmF3GYNBLAcvWzuiqLD, CurrentNode/Originator : 5554, Type : replicate, Succ : 5554
D/SimpleDynamoProvider(18067): Server replicated values at currentNode 5562 key: KoSR7be1D6uECXDiC4G7CAX4B2TS2J2u values: I9o5s3zMEtcmqLmF3GYNBLAcvWzuiqLD
D/AndroidRuntime(18790): Calling main entry com.android.commands.content.Content
D/SimpleDynamoProvider(18067): Insert() :: Values set in operation are Key : EgdrPodC9a6vXhUmRfRNKsyHZ2QNOtzn, value: UB7LE4KgxYeJlxVmoY8I8kOteNQSXVub, CurrentNode/Originator : 5562, Type : insert, Succ : 5556
D/SimpleDynamoProvider(18067): Server :: Values in operation are Key : plGH9r2svpysPzC69KleRSSiMLPKXQT3, value: oJ67ZQgJkn46B4wwx2AmpKROlKJDQDnC, CurrentNode/Originator : 5556, Type : replicate, Succ : 5562
D/SimpleDynamoProvider(18067): Server replicated values at currentNode 5562 key: plGH9r2svpysPzC69KleRSSiMLPKXQT3 values: oJ67ZQgJkn46B4wwx2AmpKROlKJDQDnC
D/SimpleDynamoProvider(18067): Insert() Client forward Insert node : 5556 from currentNode : 5562 Key : EgdrPodC9a6vXhUmRfRNKsyHZ2QNOtzn Value :UB7LE4KgxYeJlxVmoY8I8kOteNQSXVub
D/SimpleDynamoProvider(18067): Insert() Replicating to succ's check succ port's, Key: EgdrPodC9a6vXhUmRfRNKsyHZ2QNOtznvalue: UB7LE4KgxYeJlxVmoY8I8kOteNQSXVub
D/SimpleDynamoProvider(18067): Replicate() Calling client currentNode 5562 Succ is :5554 key: EgdrPodC9a6vXhUmRfRNKsyHZ2QNOtzn values: UB7LE4KgxYeJlxVmoY8I8kOteNQSXVub
D/SimpleDynamoProvider(18067): Replicate() Calling client currentNode 5562 Succ is :5558 key: EgdrPodC9a6vXhUmRfRNKsyHZ2QNOtzn values: UB7LE4KgxYeJlxVmoY8I8kOteNQSXVub
D/AndroidRuntime(18790): Shutting down VM
D/jdwp    (18790): Got wake-up signal, bailing out of select
D/dalvikvm(18790): Debugger has detached; object registry had 1 entries
D/SimpleDynamoProvider(18067): Client sending to Succ Server :: Values set in operation are Key : EgdrPodC9a6vXhUmRfRNKsyHZ2QNOtzn, value: UB7LE4KgxYeJlxVmoY8I8kOteNQSXVub, CurrentNode/Originator : 5562, Type : replicate, Succ : 5558
D/SimpleDynamoProvider(18067): Client Remote port is 11116
D/SimpleDynamoProvider(18067): Client sending to Succ Server :: Values set in operation are Key : EgdrPodC9a6vXhUmRfRNKsyHZ2QNOtzn, value: UB7LE4KgxYeJlxVmoY8I8kOteNQSXVub, CurrentNode/Originator : 5562, Type : replicate, Succ : 5558
D/SimpleDynamoProvider(18067): Client Remote port is 11108
D/SimpleDynamoProvider(18067): Client sending to Succ Server :: Values set in operation are Key : EgdrPodC9a6vXhUmRfRNKsyHZ2QNOtzn, value: UB7LE4KgxYeJlxVmoY8I8kOteNQSXVub, CurrentNode/Originator : 5562, Type : replicate, Succ : 5558
D/SimpleDynamoProvider(18067): Client Remote port is 11112
D/SimpleDynamoProvider(18067): Server :: Values in operation are Key : v9myCnQERpdW7jkVKWSUVbPWclCzNtVf, value: Xj3QUn7ICcRjZwr6XPT4Q4MKjIuV7XnV, CurrentNode/Originator : 5560, Type : replicate, Succ : 5562
D/SimpleDynamoProvider(18067): Server replicated values at currentNode 5562 key: v9myCnQERpdW7jkVKWSUVbPWclCzNtVf values: Xj3QUn7ICcRjZwr6XPT4Q4MKjIuV7XnV
D/SimpleDynamoProvider(18067): Server :: Values in operation are Key : wueW1lachlMTS1kH8wamCuUbyvCP2n6d, value: ScdWUs1RGBD10Piifx6thkdToE6MfIuE, CurrentNode/Originator : 5558, Type : replicate, Succ : 5562
D/SimpleDynamoProvider(18067): Server replicated values at currentNode 5562 key: wueW1lachlMTS1kH8wamCuUbyvCP2n6d values: ScdWUs1RGBD10Piifx6thkdToE6MfIuE
D/AndroidRuntime(18806): 
D/AndroidRuntime(18806): >>>>>> AndroidRuntime START com.android.internal.os.RuntimeInit <<<<<<
D/AndroidRuntime(18806): CheckJNI is ON
D/dalvikvm(18806): Trying to load lib libjavacore.so 0x0
D/dalvikvm(18806): Added shared lib libjavacore.so 0x0
D/dalvikvm(18806): Trying to load lib libnativehelper.so 0x0
D/dalvikvm(18806): Added shared lib libnativehelper.so 0x0
D/dalvikvm(18806): No JNI_OnLoad found in libnativehelper.so 0x0, skipping init
D/dalvikvm(18806): Note: class Landroid/app/ActivityManagerNative; has 179 unimplemented (abstract) methods
E/memtrack(18806): Couldn't load memtrack module (No such file or directory)
E/android.os.Debug(18806): failed to load memtrack module: -2
D/AndroidRuntime(18806): Calling main entry com.android.commands.content.Content
D/SimpleDynamoProvider(18067): Query selection : EgdrPodC9a6vXhUmRfRNKsyHZ2QNOtzn
D/SimpleDynamoProvider(18067): returnValueForKeyQuery() checking in Node CurrentNode: 5562 Key is : EgdrPodC9a6vXhUmRfRNKsyHZ2QNOtzn
D/SimpleDynamoProvider(18067): returnValueForKeyQuery() Not found in Node CurrentNode: 5562 Key is : EgdrPodC9a6vXhUmRfRNKsyHZ2QNOtzn
D/SimpleDynamoProvider(18067): Query() :: Not found key EgdrPodC9a6vXhUmRfRNKsyHZ2QNOtzn in Node : 5562 sending key to 5556
D/SimpleDynamoProvider(18067): Query() holding for value of key :EgdrPodC9a6vXhUmRfRNKsyHZ2QNOtzn type : singleKeyQueryCurrent Value for mutex is : null
D/SimpleDynamoProvider(18067): Client sending to Succ Server :: Values set in operation are Key : EgdrPodC9a6vXhUmRfRNKsyHZ2QNOtzn, value: null, CurrentNode/Originator : 5562, Type : singleKeyQuery, Succ : 5556
D/SimpleDynamoProvider(18067): Client Remote port is 11112
D/SimpleDynamoProvider(18067): Server :: Values in operation are Key : EgdrPodC9a6vXhUmRfRNKsyHZ2QNOtzn, value: UB7LE4KgxYeJlxVmoY8I8kOteNQSXVub, CurrentNode/Originator : 5562, Type : singleKeyQueryValue, Succ : 5562
D/SimpleDynamoProvider(18067): Server singleKeyQueryValue coming form 5556 Current Node is :5562 Value returned is :UB7LE4KgxYeJlxVmoY8I8kOteNQSXVub for key :EgdrPodC9a6vXhUmRfRNKsyHZ2QNOtzn
D/SimpleDynamoProvider(18067): Operation.getOriginator() : 5562
D/SimpleDynamoProvider(18067): Query() after hold got value : UB7LE4KgxYeJlxVmoY8I8kOteNQSXVub for Key : EgdrPodC9a6vXhUmRfRNKsyHZ2QNOtzn Responded by null
D/SimpleDynamoProvider(18067): Query() Value for mutexQuery null key : EgdrPodC9a6vXhUmRfRNKsyHZ2QNOtzn
D/AndroidRuntime(18806): Shutting down VM
D/dalvikvm(18806): Debugger has detached; object registry had 1 entries
D/SimpleDynamoProvider(18067): Server :: Values in operation are Key : poudg9wN6P5r8F886WsyH4OBLyjdMSrh, value: WFe5pAwZ4pRbjb4BeHvaZYLJpzRxsNVC, CurrentNode/Originator : 5560, Type : replicate, Succ : 5554
D/SimpleDynamoProvider(18067): Server replicated values at currentNode 5562 key: poudg9wN6P5r8F886WsyH4OBLyjdMSrh values: WFe5pAwZ4pRbjb4BeHvaZYLJpzRxsNVC
D/AndroidRuntime(18817): 
D/AndroidRuntime(18817): >>>>>> AndroidRuntime START com.android.internal.os.RuntimeInit <<<<<<
D/AndroidRuntime(18817): CheckJNI is ON
D/dalvikvm(18817): Trying to load lib libjavacore.so 0x0
D/dalvikvm(18817): Added shared lib libjavacore.so 0x0
D/dalvikvm(18817): Trying to load lib libnativehelper.so 0x0
