D/SimpleDynamoProvider(18067): returnLDump() :: Key : M2at9dTJ8T6lywIR6Gm7qiagapGAlUGF value : X8Kwjffe3KjEOQIH85lYm9HjicU6sVKT
D/SimpleDynamoProvider(18067): returnLDump() :: Key : nwfIGWw85nFovoHu0bseJB9ovj3pxRxS value : sHncyOcJImtAAhIizRClFGCOK0kGOSoS
D/SimpleDynamoProvider(18067): returnLDump() :: Key : Z7hSKvkfKwJP4XZrEWnlluTF7h2wTfmv value : uo73GkmUBJmpOcZ89M1yZlgvUGBaTpsP
D/dalvikvm(18067): GC_FOR_ALLOC freed 289K, 17% free 2896K/3488K, paused 9ms, total 9ms
D/SimpleDynamoProvider(18067): returnLDump() :: Key : pjlaXO9GaoYh8StXZI8mV4F7iZwjuao5 value : ZbxiM7i2CQUfngFlY3hiXZquNBmXpjBh
D/SimpleDynamoProvider(18067): returnLDump() :: Key : jOOm4tStfsHco5AdzXvahd1evO1PYfJk value : SQXs38UqVPvVHNjXkCU2b1qF7peFod7w
D/SimpleDynamoProvider(18067): returnLDump() :: Key : ChRjH7pmq9597qD6JEsuMYljRFLvRovr value : ldPdUzUraa814Qpsd3ec1fbNA1BycyLo
D/SimpleDynamoProvider(18067): returnLDump() :: Key : YZimI9VCDZBrjFNufTmr7ZeoS9y5A3q9 value : StYaxgkOuHuDtg5cdbTuEG3xyTa59bXk
D/SimpleDynamoProvider(18067): returnLDump() :: Key : jBpk8IkxdACGFMgdvjpFG598baxiec9d value : UV36U7HedauHbHZutMOVYFROuFxK7kqn
D/AndroidRuntime(18885): Shutting down VM
D/jdwp    (18885): Got wake-up signal, bailing out of select
D/dalvikvm(18885): Debugger has detached; object registry had 1 entries
D/AndroidRuntime(18897): 
D/AndroidRuntime(18897): >>>>>> AndroidRuntime START com.android.internal.os.RuntimeInit <<<<<<
D/AndroidRuntime(18897): CheckJNI is ON
D/dalvikvm(18897): Trying to load lib libjavacore.so 0x0
D/dalvikvm(18897): Added shared lib libjavacore.so 0x0
D/dalvikvm(18897): Trying to load lib libnativehelper.so 0x0
D/dalvikvm(18897): Added shared lib libnativehelper.so 0x0
D/dalvikvm(18897): No JNI_OnLoad found in libnativehelper.so 0x0, skipping init
D/dalvikvm(18897): Note: class Landroid/app/ActivityManagerNative; has 179 unimplemented (abstract) methods
E/memtrack(18897): Couldn't load memtrack module (No such file or directory)
E/android.os.Debug(18897): failed to load memtrack module: -2
D/AndroidRuntime(18897): Calling main entry com.android.commands.content.Content
D/SimpleDynamoProvider(18067): Query selection : @
D/SimpleDynamoProvider(18067): query() : originator calling LDump
D/SimpleDynamoProvider(18067): returnLDump() ::  noOfFiles :[Ljava.lang.String;@b400fad0
D/SimpleDynamoProvider(18067): returnLDump() :: Key : 8fjqihdehZuyqtQsHPdpeVoGOXNGvxDX value : x6IB46EzFtkpR8DdOgIWceoxrYEWmiKQ
D/SimpleDynamoProvider(18067): returnLDump() :: Key : 4kQg18WpEBYHlNjf4b5GTqcv1hGlxsSi value : PE9NFhFetC1xmgRDjPBXW7mNSzia2M2b
D/SimpleDynamoProvider(18067): returnLDump() :: Key : ww8RCUYQeZTLYwy1cLDoxCAVPvcfgkfr value : yIOU5kkKYZl7y8Ujwdyazk0CjBbLNzJo
D/SimpleDynamoProvider(18067): returnLDump() :: Key : WFibOwVXMWUZAGqdNXIFvdhWT9JnAsnA value : wWYyjLE85bHyVQdZevCiYzAtGeVfslbc
D/SimpleDynamoProvider(18067): returnLDump() :: Key : exexruOy9alIOZWtnWXlYe7r63R3GY0w value : UQwlc39uF5BCmlpnxJyQA23y8fNGyvxe
D/SimpleDynamoProvider(18067): returnLDump() :: Key : hFnyZosie4xE3q2X5bppVPgNGOOe8jeW value : rXxjyoTpxYALKMKuPbTRGuCJZCdftqKh
D/SimpleDynamoProvider(18067): returnLDump() :: Key : xoMKuzVCl9t7ANOPDgijiWGkIjeJLuIC value : af2voUuW42201oacLNN7e4RhpSD2blwZ
D/dalvikvm(18067): GC_FOR_ALLOC freed 328K, 18% free 2909K/3508K, paused 6ms, total 6ms
D/SimpleDynamoProvider(18067): returnLDump() :: Key : MjFHF6ZL6gf6cWpTTaIt308LCeiTi74K value : uPb5Qh1ThNvwUvf9mUcdzcBSqhUVBloD
D/SimpleDynamoProvider(18067): returnLDump() :: Key : oIuiQmzPnnEbyNaEjKd9E5nZfg0gmspc value : TI9BYE2FSbx4aNg4Uf80V4hVUgwYZe9C
D/SimpleDynamoProvider(18067): returnLDump() :: Key : y9kR9qi9LzK8MMr7FCCk0SIGsguBrNYb value : VMNHLlBO1DrStOIxYhT1zrkdsGwPLygv
D/SimpleDynamoProvider(18067): returnLDump() :: Key : i0RDzrQ55WMtRxTVsGSlJC641gM9F2ln value : FRN2m5UPS45aIEmSdEfZXm0TUTo4GKWR
D/SimpleDynamoProvider(18067): returnLDump() :: Key : q4bwKqnwZl8wzmY59r6p7ISyXJZcfceI value : 8aI0zP3LureHPIOv1n9whhZZlIsSqeeA
D/SimpleDynamoProvider(18067): returnLDump() :: Key : M2D5bpGc39n9Ka3pn85TehQFn93O6kTl value : 14GEQttMw7e208biWCa5yo1tCYdVX6KP
D/SimpleDynamoProvider(18067): returnLDump() :: Key : Hd61W9i34U2CieVvDyvJAhBzQvARO9wQ value : iIZuhz2Fz6L7u7J5wecxjVkOSuQRUNSe
D/SimpleDynamoProvider(18067): returnLDump() :: Key : IHGeoS043EaKS77DU5xiOa7nVcXPyfH0 value : q4WxRudiH13mEvw1DG9OSgO73GG7CeHB
D/SimpleDynamoProvider(18067): returnLDump() :: Key : GEvKh7kIlMbZUFrRgbrhtB9ySCT5ErUe value : cVe9nhiuVP0l8qKoiLuZDWumb5R8mByO
D/SimpleDynamoProvider(18067): returnLDump() :: Key : PFXJ8orhOmiTiMW9EbkOgwRNGMl3Xyvs value : NthwDFOk2ueR6lCl82WnNx9qu8fo0NHg
D/SimpleDynamoProvider(18067): returnLDump() :: Key : 880rKZXxGCC9uJH60oUUylCnn49tbt1k value : TnjDsLHqJXdNnyxixzdGey2SfuiPTI1O
D/SimpleDynamoProvider(18067): returnLDump() :: Key : 5XSSj6ClGWSkL3RxjYXjXrUEnv3C5N7p value : xULjlgbQK3hyrwTEUUobifj1EPCLLBTi
D/dalvikvm(18067): GC_FOR_ALLOC freed 351K, 18% free 2879K/3508K, paused 3ms, total 3ms
D/SimpleDynamoProvider(18067): returnLDump() :: Key : TIVATjG1jVi7Syedoxh1uYQzNDgnk0A5 value : 4Rs2N9OTPSN5G9diu71ZJr5MEdArRz23
D/SimpleDynamoProvider(18067): returnLDump() :: Key : c5GztKItWDvUy18oKkzXB7uJU3Ch3IvD value : PBakCdo0PAwiYSdK4SfOpk0S6MlXnFf9
D/SimpleDynamoProvider(18067): returnLDump() :: Key : AtefPYdktMKMNvdMWssNzA0p69pDns4P value : TO822tYQhoq90CZNwbyE60r3QnSB2L5g
D/SimpleDynamoProvider(18067): returnLDump() :: Key : JkyAOxFBia2tnlYA5oOMPKdy4GQhoho6 value : aMPAn9J8l7Pmh0AkvGSte7MsYb3Dof4L
D/SimpleDynamoProvider(18067): returnLDump() :: Key : byJxSRWVSgxHljFMAKM5mwH1ysvU1zv4 value : 2wfkatwgOiR6iLkB0XLsKm3lYc4o54l0
D/SimpleDynamoProvider(18067): returnLDump() :: Key : zYbx4vMeTwHZWUFVulBeTZv87dwcJxxK value : 6QxZYAbBZGE6ufMvnT5caioTTB89xeQW
D/SimpleDynamoProvider(18067): returnLDump() :: Key : C0zjOnp54xSThHpgwlSoDwYdoyux0Yt3 value : nMI28T9cMhgE2d9lBnBJzhhBBC2XzAjb
D/SimpleDynamoProvider(18067): returnLDump() :: Key : 6C0nZU7CJR8kOMEFgYHK2QUSFTpslAR2 value : IPfvnaDw0TOXbta2ozWB59FidXPraA0d
D/SimpleDynamoProvider(18067): returnLDump() :: Key : dSTPQYpHMMGDuU7JQmjGRVVvmkoQd6cO value : AkV5HDvOCoKGFtuLG7XQe4uMRLfMoWmn
D/SimpleDynamoProvider(18067): returnLDump() :: Key : kruHbMpVXInLeBh2pXbWoNQF8u2WSSdo value : geZbJlIOveoaaUP2jXuYhK36rKg0BQId
D/SimpleDynamoProvider(18067): returnLDump() :: Key : 7BsdD2eY8FqQCVYrQmRzzWGW0PmlKI36 value : WEd7e7MseG2Vv3jKvKteapry2BnSN72J
D/SimpleDynamoProvider(18067): returnLDump() :: Key : quA3dE2h7rHJB3lYo75MUgncXMpIi0Fs value : eW6g5uTK2XptTiXolXxtX5zo1HkWvqhb
D/SimpleDynamoProvider(18067): returnLDump() :: Key : GcFmaGMWDd0uMIJeiFsJuFxhyh0jfLD3 value : MtCQDpUn9IBuYp0iFIvisfBBwMqqo5uK
D/dalvikvm(18067): GC_FOR_ALLOC freed 346K, 18% free 2881K/3508K, paused 7ms, total 7ms
D/SimpleDynamoProvider(18067): returnLDump() :: Key : uKRNFRbZG6YCIEHXoonJ4nxhlyjYBtBn value : 8jXe9AY8yvqDK5xeIHVCk7oPxqNSQ5HF
D/SimpleDynamoProvider(18067): returnLDump() :: Key : GmjqM8Tm4XWTCdDhm51T4P5IMplUdCNk value : wDhTgUcOY7v1yjsTS2WXk5bwUV03ngVL
D/SimpleDynamoProvider(18067): returnLDump() :: Key : LTdi7TjmnYUIQX8cnKoawrmt7CTPnbPv value : ObAcf1bML2iREOOC5CFcHB0yhJPX6ihq
D/SimpleDynamoProvider(18067): returnLDump() :: Key : M1LPCIjeQp4aDFS2AVSC2fHVoFWnF8c2 value : QiYlR7YQv88goucwU3a8ByUV8Njm6fKC
D/SimpleDynamoProvider(18067): returnLDump() :: Key : U6tqyAyGfUGSdcpZ2zmFKlKPr27PATpm value : qzkxO5fOtYHKlVlOMP4AyrOX9L0FEC2r
D/SimpleDynamoProvider(18067): returnLDump() :: Key : 9T6IaLAvSIAUWCc0I8FNBTjXUJFmogWY value : JWEqMsD6r51i39YfTa2KhhEils9TkjSo
D/SimpleDynamoProvider(18067): returnLDump() :: Key : QXJvlZOgmakVenVvNPmz9LOMmVa3Nb3M value : YNtjXzIeGvL5F3uATOcQVefoCWlSuwBC
D/SimpleDynamoProvider(18067): returnLDump() :: Key : s2ruENeUGNI07a1PeXjMNs9kN4X96fDw value : 8hr5DT4qNjALy1PKhrxMMSaV9d2tGnqu
D/SimpleDynamoProvider(18067): returnLDump() :: Key : L6kaUHEX9gecNTGCgHzGY2CchIGJ8gCE value : 5NfOZuTZJMuW2FxTKcwmZdLk5ENBPYux
D/SimpleDynamoProvider(18067): returnLDump() :: Key : bmsM9FZciux03PFPQHEuB376MrkRz4rl value : c8cldI82sDjB9ZNNVDlJ96xinUvQuN6b
D/SimpleDynamoProvider(18067): returnLDump() :: Key : 62V5wXtJP384emX5EbNNpblejNrsoGFO value : bsjwSsUVXeywBKs5FIh69RChYvB46Nrg
D/SimpleDynamoProvider(18067): returnLDump() :: Key : 2CnlDAPOkd5f9j8CsI7DeOCD0zZ0sy45 value : cre4TjUod3rtzIPMWSH0LCyyaxq1QLKV
D/SimpleDynamoProvider(18067): returnLDump() :: Key : Gky1aFsX8UzdfPh5snZRBLsvJFpz8aoB value : IquXIACC7gHQ9zjRDeiotcF59mBCXzpO
D/SimpleDynamoProvider(18067): returnLDump() :: Key : DLxfmvLyDCPbKjSSsmh6IBpx57GEE2tJ value : tV6o70sTLMWmpDBMaOckvAdv7uAQtCrK
D/dalvikvm(18067): GC_FOR_ALLOC freed 348K, 18% free 2899K/3508K, paused 3ms, total 3ms
D/SimpleDynamoProvider(18067): returnLDump() :: Key : 9ue1a9jK8XMWhBdiJ5jSfKEHVAcGMqWz value : zWR8so2Z3QcvMBIwGV1fPxJC87boGQgx
D/SimpleDynamoProvider(18067): returnLDump() :: Key : AvRR5kipdvU6UISHjHfBLPnpbxyeTsLm value : CIwj22Uv7P52mI8F1AW8OERasy0SizZM
D/SimpleDynamoProvider(18067): returnLDump() :: Key : tYLx9GS9jGqhinAxwmMBxoWONDHX5n04 value : HYEYSETh1MN7Tc0IhwIqKdLL4n8ftOCB
D/SimpleDynamoProvider(18067): returnLDump() :: Key : oGTj4H4vUEM3nnUCpi6qNZ43IonIDOJ8 value : XE16OwObmq5QUGIRJNsmlsxyHTRcyRd3
D/SimpleDynamoProvider(18067): returnLDump() :: Key : NZl6oF0m7AcxopTvaXicukgRtgi2cWMF value : EIAOEK6Uy0ssKBL1XCJwHzxtOZbL1qHi
D/SimpleDynamoProvider(18067): returnLDump() :: Key : CVrNzbePBkWolP3xfrAIctmMuF5CKVJn value : JSck1hXBGoejMklGzHl6e6g3iQjDzb2t
D/SimpleDynamoProvider(18067): returnLDump() :: Key : J6o9pBXHJpUNEy4VrkyGNWMNIWoIhPXZ value : Ctd19kDdTbVWtGnBYWAFPZdYbNargkvj
D/SimpleDynamoProvider(18067): returnLDump() :: Key : XYWETgfhq7UGs0xQvxosHMrKliK6yfw3 value : Lj86yzvqKzfmTYXp5bnZ8iBWzYvFs4Jp
D/SimpleDynamoProvider(18067): returnLDump() :: Key : ZB26oIULioeZGi9aB8I9sGRQgTQhq1nP value : PASirE6vhljhwATRWTSJLTst3kfLjamN
D/SimpleDynamoProvider(18067): returnLDump() :: Key : efW9vHPZx3nVsILqkFdlt07cGNBfURyh value : Gn5VBrOjcb1yN2QB9saN8L9CZQy7lKNC
D/SimpleDynamoProvider(18067): returnLDump() :: Key : YoPyDpdw9yRr6JI9SQnxQnLDImm4w49d value : LXamRvyXu5UpIIDbTLVfwgfs9NthEbZe
D/SimpleDynamoProvider(18067): returnLDump() :: Key : qSRI5xKC32h9xCpPUy9OITAzsijOg9eF value : UGbfjn40yN3M4Dag7jKbDMvN0ou0wo9D
D/SimpleDynamoProvider(18067): returnLDump() :: Key : al5baChjaSpYA637tM5Yeap7VHQGEATt value : l9ljXEVPkFc2tdZQ6vOhN4m8X9Zyj3gC
D/dalvikvm(18067): GC_FOR_ALLOC freed 346K, 18% free 2900K/3508K, paused 5ms, total 5ms
D/SimpleDynamoProvider(18067): returnLDump() :: Key : cxBOHHC2l5MGbLQ17LN74Pnd3Z2G9kwo value : zCKcIQ6rrLbcTm2IGtXSrAfpBkhVzZyR
D/SimpleDynamoProvider(18067): returnLDump() :: Key : 5bWwvrAnPqqfuHxO9KPNc5B55lSvDbR7 value : QZfpdIu7blaXhVWFGSlQE89paR0UEm4y
D/SimpleDynamoProvider(18067): returnLDump() :: Key : hvPeyPhMGghAczL6PVJ7ybcjxqogKsNd value : rZIE4BuEZ6sRk2m6pZU2UKEgwlm7KIjr
D/SimpleDynamoProvider(18067): returnLDump() :: Key : eq7JwjczumBXDIOGj6yYlWrzDkCrU3tD value : 5ooGjyXUfBtbo0BYenVAi75ccTrkzNGW
D/SimpleDynamoProvider(18067): returnLDump() :: Key : TauDKWXnsyoBNSRBW89t5j7j2COkVZz0 value : uS8MTYzQPTeXLZxZ4vLcuMh7SA5FIIpn
D/SimpleDynamoProvider(18067): returnLDump() :: Key : 5YRLrmoa0PjM4KxPzl4MCVMeoWby6X1r value : WxCZmWkghF0frLnNscXqhFQM10FQIOJw
D/SimpleDynamoProvider(18067): returnLDump() :: Key : NphIoyyyzw8pKJ72Ja8iJKON9vjPUWLk value : MmQwrj3EjO4QBMlTJFwvjRSnEflix7J6
D/SimpleDynamoProvider(18067): returnLDump() :: Key : yxLtrZNYbKwGgrYQg6YBUG7ZKJn2ivmC value : 3ZyZiX38M5d4sXH4BPyyLEsEqkPRNkGg
D/SimpleDynamoProvider(18067): returnLDump() :: Key : qT68wfO6omAyPAhkhWYUyeARDBs4ULHr value : b9iHNg0XIsUvMYgnJZxyLAS6QnzQpM1Q
D/SimpleDynamoProvider(18067): returnLDump() :: Key : oAhYisUxiKfE2NQlXZvIYej2QEQSh65F value : 3ypQZ6inXd01D2c0c07DvfiBi3aaf4Tu
D/SimpleDynamoProvider(18067): returnLDump() :: Key : qr3IsE1ogDhv4sLj7lNf1jkBjnQ5PwN4 value : UU1vLnJJmi1izysJF0rQ3jqxh5B2V0Hj
D/SimpleDynamoProvider(18067): returnLDump() :: Key : 2MM7G9b9g6XoBSnf2p57qCiCnRFOlYi8 value : W7Fak6a2KFLGaOGG5sH3pig1hPAoYeDw
D/SimpleDynamoProvider(18067): returnLDump() :: Key : yTLcwxTpm64TDOUii7Zm8hp4WYCm5Tc3 value : qcdnQquKxKOQQcO7ndNAX183QUhJ4r7J
D/dalvikvm(18067): GC_FOR_ALLOC freed 346K, 18% free 2903K/3508K, paused 5ms, total 5ms
D/SimpleDynamoProvider(18067): returnLDump() :: Key : hd7YWhPx3JnKmzdIMrbqe5Lql4go8WJ6 value : 2iWVBv2hNz4SVO7GU4TyNYrmNYgr8M9g
D/SimpleDynamoProvider(18067): returnLDump() :: Key : S4NQ58HipQYK8AvnmukMtUtNjE9xJuoq value : 4bZ73AW5Uu94wdkGRQeA7EPWbL6e5DAy
D/SimpleDynamoProvider(18067): returnLDump() :: Key : oWXBxDC9NchNDrFqvX3mUdW8XsMtUYrZ value : W02MOYvF9dAPfXsDwAfitmC9kfnTdbG2
D/SimpleDynamoProvider(18067): returnLDump() :: Key : jyCZZDScKU9ga0DOo5ellQ99tborOYSs value : W3OGW0yFRX14o9ih0qi7Lwbzb3JfDsxr
D/SimpleDynamoProvider(18067): returnLDump() :: Key : a7j3rqxHkEa4AkIAg7ogRvJ3DxCfWcVb value : fQ6AidxtXiJ2sGFedVM7YFcjrFDKT5lp
D/SimpleDynamoProvider(18067): returnLDump() :: Key : eD9ll3ZY3nPtddBsHsrP1Wqp4H84OT3b value : RiGBUDWVLjB39p6sc4yBWrdohDN2nVEu
D/SimpleDynamoProvider(18067): returnLDump() :: Key : dhws352OF23A7481XnQosXaHZhi3Qw8B value : 2f150UkSq8hlvnpu2OFz969dnptmSa2C
D/SimpleDynamoProvider(18067): returnLDump() :: Key : eIN6jpwjHTxEl7VD5b05fEiK84HZblE1 value : vu4aiT7pRlffdeZyY5kxdle4YVYUVOqC
D/SimpleDynamoProvider(18067): returnLDump() :: Key : Rgo4OLRSFsBnpFq6yVeCXKjiGHcR0z4w value : 9Jwktpda221H9DsC4STDMvVPxokp68eC
D/SimpleDynamoProvider(18067): returnLDump() :: Key : nAyXbvRygebyc7uNr3q5iFwTze1z4Nlf value : UwyZRZbb12A3rBkAfE89PA41QaPtMUgs
D/SimpleDynamoProvider(18067): returnLDump() :: Key : qhuw2JFrvGGBQh10HKUMDZDTKPuiGQ30 value : IMz3I1u24aBd7fQotclRv5UgcEfy8sUq
D/SimpleDynamoProvider(18067): returnLDump() :: Key : WRFZ1gDDiuZ4nAZIr8H7auX0oMJetK0D value : vtjeQZSPjnC4UadDfVG9GjNGPTmMx61v
D/SimpleDynamoProvider(18067): returnLDump() :: Key : Jova1a4Fz8aw8QuoPQEXDIOlorVFgufi value : ScAEByhoyaOncWvzzOL2purQtLDsntPQ
D/dalvikvm(18067): GC_FOR_ALLOC freed 347K, 18% free 2904K/3508K, paused 5ms, total 5ms
D/SimpleDynamoProvider(18067): returnLDump() :: Key : NfhdaazkpYT2yPXMYgX4hWhAhVPiDAXg value : LdGqak98VW5UjXrEi4PbxINh4AfuhT7H
D/SimpleDynamoProvider(18067): returnLDump() :: Key : O0AqQ3rf8BOfo02q32ot24n48HqMPsgz value : ZY2X8NV4YnIzy1fY7GLx6pOszHe5RY5e
D/SimpleDynamoProvider(18067): returnLDump() :: Key : aZrzp3orJQiIsoQedrIY35jeH9tkTYcA value : YLGzMD7u1SaHvw7t8RJuHybf9dShenYV
D/SimpleDynamoProvider(18067): returnLDump() :: Key : iiiipjj8qr27O7eYBEPKLKIAzFIFqJSd value : 6P9qYsef3iyg1Z6SS2ouf0Og83Z6hyWV
D/SimpleDynamoProvider(18067): returnLDump() :: Key : XPGUwTrKwR7jcsJ2S7lBtVFrk9hR6RqH value : 1Xnoabl6ehHgG6eXVR0w7P6TeMHVW7Xc
D/SimpleDynamoProvider(18067): returnLDump() :: Key : XDjsP1DODh6oRFyMt4or2QmAhMCbV2Bi value : G9aujoGyZmvHaEVxptlECHBeHBiwnGco
D/SimpleDynamoProvider(18067): returnLDump() :: Key : RL7mhRodVPlig3tJs6HdhbzTIlQpN4Cc value : WmYZ6SLsfmgSlC42RndsbpJYCqvGdGac
D/SimpleDynamoProvider(18067): returnLDump() :: Key : 94fqyuNWppB1cxjUpCIWiWsIYY2Ti9UN value : kuELVnVKBR6KrOCmyWD5ZZkkmfKUrwhU
D/SimpleDynamoProvider(18067): returnLDump() :: Key : LajbDl7y73PpbOPWmGpH7qMA93r2JI9N value : vHPvM8vvSfAu0sZ3wCL6PctqGCPGoK92
D/SimpleDynamoProvider(18067): returnLDump() :: Key : tjWmSpWvnxVbk5ocfb59ScQ84Cd9bh3l value : HuLN7GUGTB6UFhK9iEUcOXmSdsWBMG68
D/SimpleDynamoProvider(18067): returnLDump() :: Key : pm6MgTN3upBdfGqafbtVAjHfC93jvy6j value : RP5sqXDVG8V5YY6Oc944ampyQTMDkQg4
D/SimpleDynamoProvider(18067): returnLDump() :: Key : HHfGcBplWROV3fPJ6dvMwhmk8HciVZUc value : WKkKO3B9H4x9konVUbrx3sNVNofKewL3
D/SimpleDynamoProvider(18067): returnLDump() :: Key : whZShlPiMLu2ZI48jPJJ3y0WO0liq9uA value : FPj895Fd6keAvHH6kF94noFoRX9SqQNs
D/dalvikvm(18067): GC_FOR_ALLOC freed 346K, 18% free 2905K/3508K, paused 3ms, total 3ms
D/SimpleDynamoProvider(18067): returnLDump() :: Key : 9AObofWoWQnTau1XsZ3MUSTwzCIvDTVM value : S0bklQcBGEtNjPVUqZ8dKG76pAThsK4x
D/SimpleDynamoProvider(18067): returnLDump() :: Key : jyxisNe88ozUuCGclouxDn0sdREdLR1D value : JKk2QiVlJDbrTaJqBZbFtEFL3BQb6Ezd
D/SimpleDynamoProvider(18067): returnLDump() :: Key : 6kx1SzcAmMtQDcD8UcaGKQhfZFvn0Ef2 value : GEh4ae8LivfN9VSHyfuUVkEsocSnsruR
D/SimpleDynamoProvider(18067): returnLDump() :: Key : BALzXf7pcHAJ4qOVWPeV9BDewxINPhlA value : 7ya6GMSWof2GixNMsX0e7tem8qIavD6x
D/SimpleDynamoProvider(18067): returnLDump() :: Key : g4bI6ltPMbeSC2eKCVxymFE5DezDLy4K value : FMB4pxssjGlZRLDcUyKy1uNCCkZCeyTh
D/SimpleDynamoProvider(18067): returnLDump() :: Key : VgecBbY5X1HcM1CmF3dJ47SYSgtMvLx2 value : FJDCeDspg4THHX67i4Ro4tnIi5Px6rtw
D/SimpleDynamoProvider(18067): returnLDump() :: Key : KoSR7be1D6uECXDiC4G7CAX4B2TS2J2u value : I9o5s3zMEtcmqLmF3GYNBLAcvWzuiqLD
D/SimpleDynamoProvider(18067): returnLDump() :: Key : plGH9r2svpysPzC69KleRSSiMLPKXQT3 value : oJ67ZQgJkn46B4wwx2AmpKROlKJDQDnC
D/SimpleDynamoProvider(18067): returnLDump() :: Key : v9myCnQERpdW7jkVKWSUVbPWclCzNtVf value : Xj3QUn7ICcRjZwr6XPT4Q4MKjIuV7XnV
D/SimpleDynamoProvider(18067): returnLDump() :: Key : wueW1lachlMTS1kH8wamCuUbyvCP2n6d value : ScdWUs1RGBD10Piifx6thkdToE6MfIuE
D/SimpleDynamoProvider(18067): returnLDump() :: Key : poudg9wN6P5r8F886WsyH4OBLyjdMSrh value : WFe5pAwZ4pRbjb4BeHvaZYLJpzRxsNVC
D/SimpleDynamoProvider(18067): returnLDump() :: Key : xhR88grGwHbYxUKdLeMJTK9ZjT4ZRpCB value : iw8Vx0cgr7UWghraJ1kLpvZirBA4cMQx
D/SimpleDynamoProvider(18067): returnLDump() :: Key : mBX2NvSn363PRfaqOJraGiSxW3NkylvS value : sx0vLfPn6mjOdiZehJkjtngc75pqPQCM
D/dalvikvm(18067): GC_FOR_ALLOC freed 346K, 18% free 2907K/3508K, paused 4ms, total 4ms
D/SimpleDynamoProvider(18067): returnLDump() :: Key : gKZWloG6GCLgkDtmkydZLFFTD3mCDmbC value : 0Bbba2pv3lVDINg7DpivFTjCcNz4QxyS
D/SimpleDynamoProvider(18067): returnLDump() :: Key : mYU8sgz0tRZQb5N97PyInuWaF08PihxS value : 4aB4rHZSD2Na4h3WLRXXDf2doON0rcf6
D/SimpleDynamoProvider(18067): returnLDump() :: Key : 9c5IWaKXwqorlB9gB2Cn2D2REp8gdq1o value : 2pS2VC1SoazG5CS9Csicdi9TbPS22FRR
D/SimpleDynamoProvider(18067): returnLDump() :: Key : zZXz4j95JssGHa7VPG9DlWrnQ3ySLDgr value : 9Nxyq3DJLDmQsMfSTaZyQcZtfagK22Hp
D/SimpleDynamoProvider(18067): returnLDump() :: Key : V8j4Ygqe65E9BliGXBEtl3E3U0PmP8vl value : P5d5MaKKmVBknH3RfYFcJ9IyO07aOdTX
D/SimpleDynamoProvider(18067): returnLDump() :: Key : H9P1t6cQrDp1D0mf0PpliMCETx8QGR8N value : r6mIZc6mHtXZclCgxHlbRPbXSlofdEWD
D/SimpleDynamoProvider(18067): returnLDump() :: Key : PNTeameZA8m8Tz1n9GQflProliN1oa5y value : 4peXVCVZ1zkfqzZPzV2t0iCfvWZWei4g
D/SimpleDynamoProvider(18067): returnLDump() :: Key : zZIFBmUciMr5c1sHkuhyPHd0hx11aH1R value : zdgX4Nna2JVsc4CNSNeuW0cEqOYEb6da
D/SimpleDynamoProvider(18067): returnLDump() :: Key : rh10qpiJNP1r8gKKbkoI7xR3GfVmyPT5 value : WrLwolkXTRhHLHOjrDli4UbC7IFDyQHt
D/SimpleDynamoProvider(18067): returnLDump() :: Key : 4EC37GeBminD8KPKwmLFySeIjNuP5Sqt value : FDVyAaE1ejzJDRAUQoy2axVcehI0VOFC
D/SimpleDynamoProvider(18067): returnLDump() :: Key : 0f7034HW4EU536c7qO8WN1bblxbcXxDI value : 5uvLeNmPxTd5iwVQhAoLx19JbpzoHTpi
D/SimpleDynamoProvider(18067): returnLDump() :: Key : M2at9dTJ8T6lywIR6Gm7qiagapGAlUGF value : X8Kwjffe3KjEOQIH85lYm9HjicU6sVKT
D/SimpleDynamoProvider(18067): returnLDump() :: Key : nwfIGWw85nFovoHu0bseJB9ovj3pxRxS value : sHncyOcJImtAAhIizRClFGCOK0kGOSoS
D/dalvikvm(18067): GC_FOR_ALLOC freed 346K, 18% free 2908K/3508K, paused 4ms, total 4ms
D/SimpleDynamoProvider(18067): returnLDump() :: Key : Z7hSKvkfKwJP4XZrEWnlluTF7h2wTfmv value : uo73GkmUBJmpOcZ89M1yZlgvUGBaTpsP
D/SimpleDynamoProvider(18067): returnLDump() :: Key : pjlaXO9GaoYh8StXZI8mV4F7iZwjuao5 value : ZbxiM7i2CQUfngFlY3hiXZquNBmXpjBh
D/SimpleDynamoProvider(18067): returnLDump() :: Key : jOOm4tStfsHco5AdzXvahd1evO1PYfJk value : SQXs38UqVPvVHNjXkCU2b1qF7peFod7w
D/SimpleDynamoProvider(18067): returnLDump() :: Key : ChRjH7pmq9597qD6JEsuMYljRFLvRovr value : ldPdUzUraa814Qpsd3ec1fbNA1BycyLo
D/SimpleDynamoProvider(18067): returnLDump() :: Key : YZimI9VCDZBrjFNufTmr7ZeoS9y5A3q9 value : StYaxgkOuHuDtg5cdbTuEG3xyTa59bXk
D/SimpleDynamoProvider(18067): returnLDump() :: Key : jBpk8IkxdACGFMgdvjpFG598baxiec9d value : UV36U7HedauHbHZutMOVYFROuFxK7kqn
D/AndroidRuntime(18897): Shutting down VM
D/dalvikvm(18897): Debugger has detached; object registry had 1 entries
D/AndroidRuntime(18911): 
D/AndroidRuntime(18911): >>>>>> AndroidRuntime START com.android.internal.os.RuntimeInit <<<<<<
D/AndroidRuntime(18911): CheckJNI is ON
D/dalvikvm(18911): Trying to load lib libjavacore.so 0x0
D/dalvikvm(18911): Added shared lib libjavacore.so 0x0
D/dalvikvm(18911): Trying to load lib libnativehelper.so 0x0
D/dalvikvm(18911): Added shared lib libnativehelper.so 0x0
D/dalvikvm(18911): No JNI_OnLoad found in libnativehelper.so 0x0, skipping init
D/dalvikvm(18911): Note: class Landroid/app/ActivityManagerNative; has 179 unimplemented (abstract) methods
E/memtrack(18911): Couldn't load memtrack module (No such file or directory)
E/android.os.Debug(18911): failed to load memtrack module: -2
D/AndroidRuntime(18911): Calling main entry com.android.commands.pm.Pm
W/PackageManager( 1250): Couldn't delete native library directory /data/app-lib/edu.buffalo.cse.cse486586.simpledynamo
I/ActivityManager( 1250): Force stopping edu.buffalo.cse.cse486586.simpledynamo appid=10787 user=-1: uninstall pkg
I/ActivityManager( 1250): Killing 18067:edu.buffalo.cse.cse486586.simpledynamo/u0a787 (adj 0): stop edu.buffalo.cse.cse486586.simpledynamo
W/ActivityManager( 1250): Force removing ActivityRecord{b4208a18 u0 edu.buffalo.cse.cse486586.simpledynamo/.SimpleDynamoActivity t328}: app died, no saved state
W/InputDispatcher( 1250): channel 'b4279200 edu.buffalo.cse.cse486586.simpledynamo/edu.buffalo.cse.cse486586.simpledynamo.SimpleDynamoActivity (server)' ~ Consumer closed input channel or an error occurred.  events=0x9
E/InputDispatcher( 1250): channel 'b4279200 edu.buffalo.cse.cse486586.simpledynamo/edu.buffalo.cse.cse486586.simpledynamo.SimpleDynamoActivity (server)' ~ Channel is unrecoverably broken and will be disposed!
W/InputDispatcher( 1250): Attempted to unregister already unregistered input channel 'b4279200 edu.buffalo.cse.cse486586.simpledynamo/edu.buffalo.cse.cse486586.simpledynamo.SimpleDynamoActivity (server)'
I/WindowState( 1250): WIN DEATH: Window{b4279200 u0 edu.buffalo.cse.cse486586.simpledynamo/edu.buffalo.cse.cse486586.simpledynamo.SimpleDynamoActivity}
D/keystore(  928): calling clear_uid in state: 3
W/SurfaceFlinger(  923): couldn't log to binary event log: overflow.
I/ActivityManager( 1250): Force stopping edu.buffalo.cse.cse486586.simpledynamo appid=10787 user=0: pkg removed
D/dalvikvm( 1250): GC_EXPLICIT freed 683K, 16% free 5905K/6980K, paused 18ms+28ms, total 80ms
D/dalvikvm( 1250): WAIT_FOR_CONCURRENT_GC blocked 60ms
I/Choreographer( 1388): Skipped 117 frames!  The application may be doing too much work on its main thread.
D/dalvikvm( 1250): GC_EXPLICIT freed 44K, 16% free 5913K/6980K, paused 17ms+11ms, total 88ms
D/AndroidRuntime(18911): Shutting down VM
D/dalvikvm(18911): Debugger has detached; object registry had 1 entries
D/VoicemailCleanupService( 1437): Cleaning up data for package: edu.buffalo.cse.cse486586.simpledynamo
I/InputReader( 1250): Reconfiguring input devices.  changes=0x00000010
W/ContextImpl( 1737): Calling a method in the system process without a qualified user: android.app.ContextImpl.startService:1479 android.content.ContextWrapper.startService:494 android.content.ContextWrapper.startService:494 com.android.keychain.KeyChainBroadcastReceiver.onReceive:12 android.app.ActivityThread.handleReceiver:2400 
I/Choreographer( 1250): Skipped 52 frames!  The application may be doing too much work on its main thread.
D/BackupManagerService( 1250): Received broadcast Intent { act=android.intent.action.PACKAGE_REMOVED dat=package:edu.buffalo.cse.cse486586.simpledynamo flg=0x4000010 (has extras) }
V/BackupManagerService( 1250): removePackageParticipantsLocked: uid=10787 #1
I/LatinIME:LogUtils( 1339): Dictionary info: dictionary = main:en ; version = 42 ; date = 1381226429
W/InputMethodManagerService( 1250): Got RemoteException sending setActive(false) notification to pid 18067 uid 10787
I/Choreographer( 1250): Skipped 38 frames!  The application may be doing too much work on its main thread.
I/Choreographer( 1250): Skipped 34 frames!  The application may be doing too much work on its main thread.
W/Binder  ( 1339): Caught a RuntimeException from the binder stub implementation.
W/Binder  ( 1339): java.lang.NullPointerException
W/Binder  ( 1339): 	at android.inputmethodservice.IInputMethodWrapper.setSessionEnabled(IInputMethodWrapper.java:280)
W/Binder  ( 1339): 	at com.android.internal.view.IInputMethod$Stub.onTransact(IInputMethod.java:129)
W/Binder  ( 1339): 	at android.os.Binder.execTransact(Binder.java:404)
W/Binder  ( 1339): 	at dalvik.system.NativeStart.run(Native Method)
D/AndroidRuntime(18927): 
D/AndroidRuntime(18927): >>>>>> AndroidRuntime START com.android.internal.os.RuntimeInit <<<<<<
D/AndroidRuntime(18927): CheckJNI is ON
D/dalvikvm(18927): Trying to load lib libjavacore.so 0x0
D/dalvikvm(18927): Added shared lib libjavacore.so 0x0
D/dalvikvm(18927): Trying to load lib libnativehelper.so 0x0
D/dalvikvm(18927): Added shared lib libnativehelper.so 0x0
D/dalvikvm(18927): No JNI_OnLoad found in libnativehelper.so 0x0, skipping init
D/dalvikvm(18927): Note: class Landroid/app/ActivityManagerNative; has 179 unimplemented (abstract) methods
E/memtrack(18927): Couldn't load memtrack module (No such file or directory)
E/android.os.Debug(18927): failed to load memtrack module: -2
D/AndroidRuntime(18927): Calling main entry com.android.commands.pm.Pm
W/ActivityManager( 1250): No content provider found for permission revoke: file:///data/local/tmp/SimpleDynamo.apk
W/ActivityManager( 1250): No content provider found for permission revoke: file:///data/local/tmp/SimpleDynamo.apk
I/PackageManager( 1250): Copying native libraries to /data/app-lib/vmdl-396957287
I/PackageManager( 1250): Running dexopt on: edu.buffalo.cse.cse486586.simpledynamo
D/dalvikvm(18939): DexOpt: load 22ms, verify+opt 65ms, 866420 bytes
I/ActivityManager( 1250): Force stopping edu.buffalo.cse.cse486586.simpledynamo appid=10788 user=-1: update pkg
I/InputReader( 1250): Reconfiguring input devices.  changes=0x00000010
D/dalvikvm( 1250): GC_EXPLICIT freed 904K, 17% free 5835K/6980K, paused 52ms+2ms, total 115ms
D/dalvikvm( 1250): WAIT_FOR_CONCURRENT_GC blocked 56ms
D/dalvikvm( 1250): WAIT_FOR_CONCURRENT_GC blocked 55ms
D/dalvikvm( 1250): WAIT_FOR_CONCURRENT_GC blocked 50ms
D/dalvikvm( 1250): WAIT_FOR_CONCURRENT_GC blocked 44ms
D/AndroidRuntime(18927): Shutting down VM
D/jdwp    (18927): Got wake-up signal, bailing out of select
D/BackupManagerService( 1250): Received broadcast Intent { act=android.intent.action.PACKAGE_ADDED dat=package:edu.buffalo.cse.cse486586.simpledynamo flg=0x4000010 (has extras) }
V/BackupManagerService( 1250): addPackageParticipantsLocked: #1
D/dalvikvm(18927): Debugger has detached; object registry had 1 entries
W/RecognitionManagerService( 1250): no available voice recognition services found for user 0
D/AndroidRuntime(18942): 
D/AndroidRuntime(18942): >>>>>> AndroidRuntime START com.android.internal.os.RuntimeInit <<<<<<
D/AndroidRuntime(18942): CheckJNI is ON
D/dalvikvm(18942): Trying to load lib libjavacore.so 0x0
D/dalvikvm(18942): Added shared lib libjavacore.so 0x0
D/dalvikvm(18942): Trying to load lib libnativehelper.so 0x0
D/dalvikvm(18942): Added shared lib libnativehelper.so 0x0
D/dalvikvm(18942): No JNI_OnLoad found in libnativehelper.so 0x0, skipping init
D/dalvikvm(18942): Note: class Landroid/app/ActivityManagerNative; has 179 unimplemented (abstract) methods
E/memtrack(18942): Couldn't load memtrack module (No such file or directory)
E/android.os.Debug(18942): failed to load memtrack module: -2
D/AndroidRuntime(18942): Calling main entry com.android.commands.input.Input
I/Input   (18942): injectKeyEvent: KeyEvent { action=ACTION_DOWN, keyCode=KEYCODE_MENU, scanCode=0, metaState=0, flags=0x0, repeatCount=0, eventTime=85932983, downTime=85932983, deviceId=-1, source=0x101 }
I/Input   (18942): injectKeyEvent: KeyEvent { action=ACTION_UP, keyCode=KEYCODE_MENU, scanCode=0, metaState=0, flags=0x0, repeatCount=0, eventTime=85932983, downTime=85932983, deviceId=-1, source=0x101 }
D/AndroidRuntime(18942): Shutting down VM
I/Choreographer( 1388): Skipped 49 frames!  The application may be doing too much work on its main thread.
D/jdwp    (18942): Got wake-up signal, bailing out of select
D/dalvikvm(18942): Debugger has detached; object registry had 1 entries
D/LightsService( 1250): Excessive delay setting light: 59ms
I/Choreographer( 1250): Skipped 47 frames!  The application may be doing too much work on its main thread.
D/AndroidRuntime(18954): 
D/AndroidRuntime(18954): >>>>>> AndroidRuntime START com.android.internal.os.RuntimeInit <<<<<<
D/AndroidRuntime(18954): CheckJNI is ON
D/dalvikvm(18954): Trying to load lib libjavacore.so 0x0
D/dalvikvm(18954): Added shared lib libjavacore.so 0x0
D/dalvikvm(18954): Trying to load lib libnativehelper.so 0x0
D/dalvikvm(18954): Added shared lib libnativehelper.so 0x0
D/dalvikvm(18954): No JNI_OnLoad found in libnativehelper.so 0x0, skipping init
D/dalvikvm(18954): Note: class Landroid/app/ActivityManagerNative; has 179 unimplemented (abstract) methods
E/memtrack(18954): Couldn't load memtrack module (No such file or directory)
E/android.os.Debug(18954): failed to load memtrack module: -2
D/AndroidRuntime(18954): Calling main entry com.android.commands.am.Am
I/ActivityManager( 1250): Force stopping edu.buffalo.cse.cse486586.simpledynamo appid=10788 user=0: from pid 18954
I/ActivityManager( 1250): START u0 {act=android.intent.action.MAIN cat=[android.intent.category.LAUNCHER] flg=0x10000000 cmp=edu.buffalo.cse.cse486586.simpledynamo/.SimpleDynamoActivity} from pid 18954
D/gralloc (  923): Registering a buffer in the process that created it. This may cause memory ordering problems.
E/libEGL  (  923): called unimplemented OpenGL ES API
E/libEGL  (  923): called unimplemented OpenGL ES API
E/libEGL  (  923): called unimplemented OpenGL ES API
E/libEGL  (  923): called unimplemented OpenGL ES API
E/SurfaceFlinger(  923): glCheckFramebufferStatusOES error -1172460672
E/SurfaceFlinger(  923): got GL_FRAMEBUFFER_COMPLETE_OES error while taking screenshot
E/libEGL  (  923): called unimplemented OpenGL ES API
E/libEGL  (  923): called unimplemented OpenGL ES API
W/WindowManager( 1250): Screenshot failure taking screenshot for (123x164) to layer 21010
D/AndroidRuntime(18954): Shutting down VM
D/jdwp    (18954): Got wake-up signal, bailing out of select
D/dalvikvm(18954): Debugger has detached; object registry had 1 entries
D/dalvikvm(18966): Not late-enabling CheckJNI (already on)
I/ActivityManager( 1250): Start proc edu.buffalo.cse.cse486586.simpledynamo for activity edu.buffalo.cse.cse486586.simpledynamo/.SimpleDynamoActivity: pid=18966 uid=10788 gids={50788, 3003}
I/Choreographer( 1250): Skipped 208 frames!  The application may be doing too much work on its main thread.
I/Choreographer( 1388): Skipped 30 frames!  The application may be doing too much work on its main thread.
I/Choreographer( 1250): Skipped 76 frames!  The application may be doing too much work on its main thread.
D/SimpleDynamoProvider(18966): onCreate() :: init() and predAvailNode(currentNode) called
D/SimpleDynamoProvider(18966): delete() CurrentNode : 5562
D/SimpleDynamoProvider(18966): Delete() : @ selection : @
D/SimpleDynamoProvider(18966): recoery() Sending to succ : 5556
D/SimpleDynamoProvider(18966): Client sending to Succ Server :: Values set in operation are Key : null, value: null, CurrentNode/Originator : 5562, Type : @query, Succ : 5554
D/SimpleDynamoProvider(18966): Client Remote port is 11112
D/SimpleDynamoProvider(18966): recoery() Sending to succ's succ : 5554
D/SimpleDynamoProvider(18966): Client sending to Succ Server :: Values set in operation are Key : null, value: null, CurrentNode/Originator : 5562, Type : @query, Succ : 5560
D/SimpleDynamoProvider(18966): Client Remote port is 11108
D/SimpleDynamoProvider(18966): recoery() Sending to pred : 5560
D/SimpleDynamoProvider(18966): Client sending to Succ Server :: Values set in operation are Key : null, value: null, CurrentNode/Originator : 5562, Type : @query, Succ : 5558
D/SimpleDynamoProvider(18966): Client Remote port is 11120
D/SimpleDynamoProvider(18966): recoery() Sending to pred's pred : 5558
I/Choreographer( 1250): Skipped 31 frames!  The application may be doing too much work on its main thread.
D/SimpleDynamoProvider(18966): Client sending to Succ Server :: Values set in operation are Key : null, value: null, CurrentNode/Originator : 5562, Type : @query, Succ : 5558
D/SimpleDynamoProvider(18966): Client Remote port is 11116
I/Choreographer( 1250): Skipped 33 frames!  The application may be doing too much work on its main thread.
I/Choreographer( 1250): Skipped 105 frames!  The application may be doing too much work on its main thread.
I/Choreographer( 1250): Skipped 44 frames!  The application may be doing too much work on its main thread.
D/SimpleDynamoProvider(18966): Server :: Values in operation are Key : wOMuSaYDM3AKnyG7amllgmUyzIB7V5Wb, value: d6cufn7ZbrYlxw7TbdK2lrBMVUaaoAON, CurrentNode/Originator : 5554, Type : replicate, Succ : 5554
D/SimpleDynamoProvider(18966): Server replicated values at currentNode 5562 key: wOMuSaYDM3AKnyG7amllgmUyzIB7V5Wb values: d6cufn7ZbrYlxw7TbdK2lrBMVUaaoAON
D/SimpleDynamoProvider(18966): Server :: Values in operation are Key : null, value: null, CurrentNode/Originator : 5562, Type : updateRecovery, Succ : 5562
D/SimpleDynamoProvider(18966): Server updateRecovery :: response coming from : 5560 size of map is : 0
D/SimpleDynamoProvider(18966): Server :: Values in operation are Key : null, value: null, CurrentNode/Originator : 5562, Type : updateRecovery, Succ : 5562
D/SimpleDynamoProvider(18966): Server updateRecovery :: response coming from : 5554 size of map is : 0
I/Choreographer(18966): Skipped 155 frames!  The application may be doing too much work on its main thread.
D/SimpleDynamoProvider(18966): Server :: Values in operation are Key : null, value: null, CurrentNode/Originator : 5562, Type : updateRecovery, Succ : 5562
D/SimpleDynamoProvider(18966): Server updateRecovery :: response coming from : 5558 size of map is : 0
D/SimpleDynamoProvider(18966): Server :: Values in operation are Key : null, value: null, CurrentNode/Originator : 5562, Type : updateRecovery, Succ : 5562
D/SimpleDynamoProvider(18966): Server updateRecovery :: response coming from : 5556 size of map is : 0
D/gralloc_goldfish(18966): Emulator without GPU emulation detected.
I/ActivityManager( 1250): Displayed edu.buffalo.cse.cse486586.simpledynamo/.SimpleDynamoActivity: +992ms
D/SimpleDynamoProvider(18966): Server :: Values in operation are Key : twb8j9DXD1CqjsCqCQ4OT5GRYm2frNRC, value: tmyA0NGNjqNBqVODTFgH90SZbTJWRnBy, CurrentNode/Originator : 5554, Type : replicate, Succ : 5562
D/SimpleDynamoProvider(18966): Server replicated values at currentNode 5562 key: twb8j9DXD1CqjsCqCQ4OT5GRYm2frNRC values: tmyA0NGNjqNBqVODTFgH90SZbTJWRnBy
D/SimpleDynamoProvider(18966): Server :: Values in operation are Key : o74PCWkmQ73bz8SADkW1bKDcXitR64qT, value: ONekOfQC4XGVYlRIihMZ30rZaUuDR3Ya, CurrentNode/Originator : 5554, Type : replicate, Succ : 5554
D/SimpleDynamoProvider(18966): Server replicated values at currentNode 5562 key: o74PCWkmQ73bz8SADkW1bKDcXitR64qT values: ONekOfQC4XGVYlRIihMZ30rZaUuDR3Ya
D/SimpleDynamoProvider(18966): Server :: Values in operation are Key : 7RzFvo7O6u1p20qvW7Bb3Jhzd3GAvYUo, value: QsF0qfGLALWfsBmEDdHOvlIYZgex6zTb, CurrentNode/Originator : 5556, Type : replicate, Succ : 5562
D/SimpleDynamoProvider(18966): Server replicated values at currentNode 5562 key: 7RzFvo7O6u1p20qvW7Bb3Jhzd3GAvYUo values: QsF0qfGLALWfsBmEDdHOvlIYZgex6zTb
D/SimpleDynamoProvider(18966): Server :: Values in operation are Key : igL9RO3CCgtTBq4DJNCbyGYJq9y24amI, value: ykWWKCDdAsek77LoYKnsIgHCBr7XEEEV, CurrentNode/Originator : 5556, Type : replicate, Succ : 5562
D/dalvikvm(18966): GC_FOR_ALLOC freed 368K, 15% free 2769K/3236K, paused 13ms, total 13ms
D/SimpleDynamoProvider(18966): Server replicated values at currentNode 5562 key: igL9RO3CCgtTBq4DJNCbyGYJq9y24amI values: ykWWKCDdAsek77LoYKnsIgHCBr7XEEEV
D/SimpleDynamoProvider(18966): Server :: Values in operation are Key : Sr4hlJB6SvVCc7m1aYtLmNMnU15ySTaW, value: M2AE5h7HYc9cBNMpjcgjilj3CJ2nlnhT, CurrentNode/Originator : 5556, Type : replicate, Succ : 5562
D/SimpleDynamoProvider(18966): Server replicated values at currentNode 5562 key: Sr4hlJB6SvVCc7m1aYtLmNMnU15ySTaW values: M2AE5h7HYc9cBNMpjcgjilj3CJ2nlnhT
D/SimpleDynamoProvider(18966): Server :: Values in operation are Key : 4prbUn2BpPEEOmJAHyPwHWmgDriQi2i5, value: vqY9KswvfwsVnuka9vbEJ2vWoEBbEvy3, CurrentNode/Originator : 5556, Type : replicate, Succ : 5554
D/SimpleDynamoProvider(18966): Server replicated values at currentNode 5562 key: 4prbUn2BpPEEOmJAHyPwHWmgDriQi2i5 values: vqY9KswvfwsVnuka9vbEJ2vWoEBbEvy3
D/SimpleDynamoProvider(18966): Server :: Values in operation are Key : 5nyzW4NGhnBxmmZ90ERtyNXFtnxFMOoU, value: MYzqguu9BUaew7aEqm6Zw5vDkg5XMzRR, CurrentNode/Originator : 5558, Type : replicate, Succ : 5562
D/SimpleDynamoProvider(18966): Server replicated values at currentNode 5562 key: 5nyzW4NGhnBxmmZ90ERtyNXFtnxFMOoU values: MYzqguu9BUaew7aEqm6Zw5vDkg5XMzRR
D/SimpleDynamoProvider(18966): Server :: Values in operation are Key : gld7j91vVKvHfeyqjTDYKU9n95LyuNhh, value: mLE5aPJPDiTubP0nfOYxHQxnPyqXQAW9, CurrentNode/Originator : 5558, Type : replicate, Succ : 5562
D/SimpleDynamoProvider(18966): Server replicated values at currentNode 5562 key: gld7j91vVKvHfeyqjTDYKU9n95LyuNhh values: mLE5aPJPDiTubP0nfOYxHQxnPyqXQAW9
D/SimpleDynamoProvider(18966): Server :: Values in operation are Key : d3CI6JhhzQNyef6Fup0HxQ97GAipfTHE, value: YKFcM3hoRd1XdXD29Q2NGgyNutEaOtVL, CurrentNode/Originator : 5558, Type : replicate, Succ : 5562
D/SimpleDynamoProvider(18966): Server replicated values at currentNode 5562 key: d3CI6JhhzQNyef6Fup0HxQ97GAipfTHE values: YKFcM3hoRd1XdXD29Q2NGgyNutEaOtVL
D/SimpleDynamoProvider(18966): Server :: Values in operation are Key : KwgRZp3O29YE63qAEBqEVYXTs9vYn7Lk, value: idpSjFz1q6qCLH3wcpDaPD7dKHyUtLNk, CurrentNode/Originator : 5558, Type : replicate, Succ : 5554
D/SimpleDynamoProvider(18966): Server replicated values at currentNode 5562 key: KwgRZp3O29YE63qAEBqEVYXTs9vYn7Lk values: idpSjFz1q6qCLH3wcpDaPD7dKHyUtLNk
D/SimpleDynamoProvider(18966): Server :: Values in operation are Key : SOhMbjhYRvdGeJCHtFQx6sQ3Gjg38Ac6, value: ZDosKMDCN18u1UUIMRgEblTbtIlDyKIP, CurrentNode/Originator : 5558, Type : replicate, Succ : 5562
D/SimpleDynamoProvider(18966): Server replicated values at currentNode 5562 key: SOhMbjhYRvdGeJCHtFQx6sQ3Gjg38Ac6 values: ZDosKMDCN18u1UUIMRgEblTbtIlDyKIP
D/SimpleDynamoProvider(18966): Server :: Values in operation are Key : J3P6jpflv776vBtvUmklVI00QU93IJfJ, value: KVSa9hPrOhVcTIb8wJvx2KxjzTh7AAkT, CurrentNode/Originator : 5560, Type : replicate, Succ : 5562
D/SimpleDynamoProvider(18966): Server replicated values at currentNode 5562 key: J3P6jpflv776vBtvUmklVI00QU93IJfJ values: KVSa9hPrOhVcTIb8wJvx2KxjzTh7AAkT
D/SimpleDynamoProvider(18966): Server :: Values in operation are Key : xxUGZG2Pt7d9MEwURrvu0oxtPsDzdNFP, value: 7Q53NLBdRMrGOFU1VUVgsEmQKHnrbHGT, CurrentNode/Originator : 5560, Type : replicate, Succ : 5554
D/SimpleDynamoProvider(18966): Server replicated values at currentNode 5562 key: xxUGZG2Pt7d9MEwURrvu0oxtPsDzdNFP values: 7Q53NLBdRMrGOFU1VUVgsEmQKHnrbHGT
D/SimpleDynamoProvider(18966): Server :: Values in operation are Key : H0MrayxQ4m2gp1kASYr4s2ArjDDvhFKa, value: KuMKuxg9w6mgZmwRFdzpXT2cD8oSJkOS, CurrentNode/Originator : 5560, Type : replicate, Succ : 5562
D/SimpleDynamoProvider(18966): Server replicated values at currentNode 5562 key: H0MrayxQ4m2gp1kASYr4s2ArjDDvhFKa values: KuMKuxg9w6mgZmwRFdzpXT2cD8oSJkOS
D/AndroidRuntime(18984): 
D/AndroidRuntime(18984): >>>>>> AndroidRuntime START com.android.internal.os.RuntimeInit <<<<<<
D/AndroidRuntime(18984): CheckJNI is ON
D/dalvikvm(18984): Trying to load lib libjavacore.so 0x0
D/dalvikvm(18984): Added shared lib libjavacore.so 0x0
D/dalvikvm(18984): Trying to load lib libnativehelper.so 0x0
D/dalvikvm(18984): Added shared lib libnativehelper.so 0x0
D/dalvikvm(18984): No JNI_OnLoad found in libnativehelper.so 0x0, skipping init
D/dalvikvm(18984): Note: class Landroid/app/ActivityManagerNative; has 179 unimplemented (abstract) methods
E/memtrack(18984): Couldn't load memtrack module (No such file or directory)
E/android.os.Debug(18984): failed to load memtrack module: -2
D/AndroidRuntime(18984): Calling main entry com.android.commands.content.Content
D/SimpleDynamoProvider(18966): Insert() :: Values set in operation are Key : p0P0tw5KsRt34oRb02lANw5nanHDd4hv, value: RKYC6ihkKwjiF1Ah3Tn4zviPCGOqh8sO, CurrentNode/Originator : 5562, Type : insert, Succ : 5556
D/SimpleDynamoProvider(18966): Insert() Client forward Insert node : 5558 from currentNode : 5562 Key : p0P0tw5KsRt34oRb02lANw5nanHDd4hv Value :RKYC6ihkKwjiF1Ah3Tn4zviPCGOqh8sO
D/SimpleDynamoProvider(18966): Insert() Replicating to succ's check succ port's, Key: p0P0tw5KsRt34oRb02lANw5nanHDd4hvvalue: RKYC6ihkKwjiF1Ah3Tn4zviPCGOqh8sO
D/SimpleDynamoProvider(18966): Replicate() Calling client currentNode 5562 Succ is :5560 key: p0P0tw5KsRt34oRb02lANw5nanHDd4hv values: RKYC6ihkKwjiF1Ah3Tn4zviPCGOqh8sO
D/SimpleDynamoProvider(18966): Replicate() Calling client currentNode 5562 Succ is :5562 key: p0P0tw5KsRt34oRb02lANw5nanHDd4hv values: RKYC6ihkKwjiF1Ah3Tn4zviPCGOqh8sO
D/SimpleDynamoProvider(18966): Client sending to Succ Server :: Values set in operation are Key : p0P0tw5KsRt34oRb02lANw5nanHDd4hv, value: RKYC6ihkKwjiF1Ah3Tn4zviPCGOqh8sO, CurrentNode/Originator : 5562, Type : replicate, Succ : 5562
D/SimpleDynamoProvider(18966): Client Remote port is 11124
D/SimpleDynamoProvider(18966): Client sending to Succ Server :: Values set in operation are Key : p0P0tw5KsRt34oRb02lANw5nanHDd4hv, value: RKYC6ihkKwjiF1Ah3Tn4zviPCGOqh8sO, CurrentNode/Originator : 5562, Type : replicate, Succ : 5562
D/SimpleDynamoProvider(18966): Client Remote port is 11120
D/SimpleDynamoProvider(18966): Client sending to Succ Server :: Values set in operation are Key : p0P0tw5KsRt34oRb02lANw5nanHDd4hv, value: RKYC6ihkKwjiF1Ah3Tn4zviPCGOqh8sO, CurrentNode/Originator : 5562, Type : replicate, Succ : 5562
D/SimpleDynamoProvider(18966): Client Remote port is 11116
D/AndroidRuntime(18984): Shutting down VM
D/jdwp    (18984): Got wake-up signal, bailing out of select
D/dalvikvm(18984): Debugger has detached; object registry had 1 entries
D/dalvikvm(18966): GC_FOR_ALLOC freed 435K, 16% free 2848K/3380K, paused 16ms, total 16ms
D/SimpleDynamoProvider(18966): Server :: Values in operation are Key : p0P0tw5KsRt34oRb02lANw5nanHDd4hv, value: RKYC6ihkKwjiF1Ah3Tn4zviPCGOqh8sO, CurrentNode/Originator : 5562, Type : replicate, Succ : 5562
D/SimpleDynamoProvider(18966): Server replicated values at currentNode 5562 key: p0P0tw5KsRt34oRb02lANw5nanHDd4hv values: RKYC6ihkKwjiF1Ah3Tn4zviPCGOqh8sO
D/AndroidRuntime(18998): 
D/AndroidRuntime(18998): >>>>>> AndroidRuntime START com.android.internal.os.RuntimeInit <<<<<<
D/AndroidRuntime(18998): CheckJNI is ON
D/dalvikvm(18998): Trying to load lib libjavacore.so 0x0
D/dalvikvm(18998): Added shared lib libjavacore.so 0x0
D/dalvikvm(18998): Trying to load lib libnativehelper.so 0x0
D/dalvikvm(18998): Added shared lib libnativehelper.so 0x0
D/dalvikvm(18998): No JNI_OnLoad found in libnativehelper.so 0x0, skipping init
D/dalvikvm(18998): Note: class Landroid/app/ActivityManagerNative; has 179 unimplemented (abstract) methods
E/memtrack(18998): Couldn't load memtrack module (No such file or directory)
E/android.os.Debug(18998): failed to load memtrack module: -2
D/AndroidRuntime(18998): Calling main entry com.android.commands.content.Content
D/SimpleDynamoProvider(18966): Insert() :: Values set in operation are Key : q0LSFQzGCnGMf7TseUNnkGEanMVLXtMw, value: xr7Sc22go8BYyg8Tyr7tKIpIlhh8Jx44, CurrentNode/Originator : 5562, Type : insert, Succ : 5556
D/SimpleDynamoProvider(18966): Insert() Client forward Insert node : 5556 from currentNode : 5562 Key : q0LSFQzGCnGMf7TseUNnkGEanMVLXtMw Value :xr7Sc22go8BYyg8Tyr7tKIpIlhh8Jx44
D/SimpleDynamoProvider(18966): Insert() Replicating to succ's check succ port's, Key: q0LSFQzGCnGMf7TseUNnkGEanMVLXtMwvalue: xr7Sc22go8BYyg8Tyr7tKIpIlhh8Jx44
D/SimpleDynamoProvider(18966): Replicate() Calling client currentNode 5562 Succ is :5554 key: q0LSFQzGCnGMf7TseUNnkGEanMVLXtMw values: xr7Sc22go8BYyg8Tyr7tKIpIlhh8Jx44
D/SimpleDynamoProvider(18966): Client sending to Succ Server :: Values set in operation are Key : q0LSFQzGCnGMf7TseUNnkGEanMVLXtMw, value: xr7Sc22go8BYyg8Tyr7tKIpIlhh8Jx44, CurrentNode/Originator : 5562, Type : replicate, Succ : 5554
D/SimpleDynamoProvider(18966): Client Remote port is 11112
D/SimpleDynamoProvider(18966): Replicate() Calling client currentNode 5562 Succ is :5558 key: q0LSFQzGCnGMf7TseUNnkGEanMVLXtMw values: xr7Sc22go8BYyg8Tyr7tKIpIlhh8Jx44
D/SimpleDynamoProvider(18966): Client sending to Succ Server :: Values set in operation are Key : q0LSFQzGCnGMf7TseUNnkGEanMVLXtMw, value: xr7Sc22go8BYyg8Tyr7tKIpIlhh8Jx44, CurrentNode/Originator : 5562, Type : replicate, Succ : 5558
D/SimpleDynamoProvider(18966): Client Remote port is 11108
D/AndroidRuntime(18998): Shutting down VM
D/jdwp    (18998): Got wake-up signal, bailing out of select
D/dalvikvm(18998): Debugger has detached; object registry had 1 entries
D/SimpleDynamoProvider(18966): Client sending to Succ Server :: Values set in operation are Key : q0LSFQzGCnGMf7TseUNnkGEanMVLXtMw, value: xr7Sc22go8BYyg8Tyr7tKIpIlhh8Jx44, CurrentNode/Originator : 5562, Type : replicate, Succ : 5558
D/SimpleDynamoProvider(18966): Client Remote port is 11116
D/AndroidRuntime(19012): 
D/AndroidRuntime(19012): >>>>>> AndroidRuntime START com.android.internal.os.RuntimeInit <<<<<<
D/AndroidRuntime(19012): CheckJNI is ON
D/dalvikvm(19012): Trying to load lib libjavacore.so 0x0
D/dalvikvm(19012): Added shared lib libjavacore.so 0x0
D/dalvikvm(19012): Trying to load lib libnativehelper.so 0x0
D/dalvikvm(19012): Added shared lib libnativehelper.so 0x0
D/dalvikvm(19012): No JNI_OnLoad found in libnativehelper.so 0x0, skipping init
D/dalvikvm(19012): Note: class Landroid/app/ActivityManagerNative; has 179 unimplemented (abstract) methods
E/memtrack(19012): Couldn't load memtrack module (No such file or directory)
E/android.os.Debug(19012): failed to load memtrack module: -2
D/AndroidRuntime(19012): Calling main entry com.android.commands.content.Content
D/SimpleDynamoProvider(18966): Insert() :: Values set in operation are Key : bNNlAzTb6EUy2Dimi2aaAtz2EdOU5xTF, value: KNzhUl5gHrblacbiSmSJxeESggwV6qt5, CurrentNode/Originator : 5562, Type : insert, Succ : 5556
D/SimpleDynamoProvider(18966): Insert() and replicating current port no : 5562 Key: bNNlAzTb6EUy2Dimi2aaAtz2EdOU5xTFvalue: KNzhUl5gHrblacbiSmSJxeESggwV6qt5
D/SimpleDynamoProvider(18966): Replicate() Calling client currentNode 5562 Succ is :5556 key: bNNlAzTb6EUy2Dimi