I/PackageManager( 1250): Package edu.buffalo.cse.cse486586.simpledynamo codePath changed from /data/app/edu.buffalo.cse.cse486586.simpledynamo-1.apk to /data/app/edu.buffalo.cse.cse486586.simpledynamo-2.apk; Retaining data and using new
W/PackageManager( 1250): Code path for pkg : edu.buffalo.cse.cse486586.simpledynamo changing from /data/app/edu.buffalo.cse.cse486586.simpledynamo-1.apk to /data/app/edu.buffalo.cse.cse486586.simpledynamo-2.apk
W/PackageManager( 1250): Resource path for pkg : edu.buffalo.cse.cse486586.simpledynamo changing from /data/app/edu.buffalo.cse.cse486586.simpledynamo-1.apk to /data/app/edu.buffalo.cse.cse486586.simpledynamo-2.apk
I/ActivityManager( 1250): Force stopping edu.buffalo.cse.cse486586.simpledynamo appid=10780 user=-1: update pkg
I/ActivityManager( 1250): Force stopping edu.buffalo.cse.cse486586.simpledynamo appid=10780 user=0: pkg removed
W/InputMethodManagerService( 1250): Window already focused, ignoring focus gain of: com.android.internal.view.IInputMethodClient$Stub$Proxy@b4361238 attribute=null, token = android.os.BinderProxy@b41c6fe0
W/ContextImpl( 1737): Calling a method in the system process without a qualified user: android.app.ContextImpl.startService:1479 android.content.ContextWrapper.startService:494 android.content.ContextWrapper.startService:494 com.android.keychain.KeyChainBroadcastReceiver.onReceive:12 android.app.ActivityThread.handleReceiver:2400 
D/BackupManagerService( 1250): Received broadcast Intent { act=android.intent.action.PACKAGE_REMOVED dat=package:edu.buffalo.cse.cse486586.simpledynamo flg=0x4000010 (has extras) }
D/BackupManagerService( 1250): Received broadcast Intent { act=android.intent.action.PACKAGE_ADDED dat=package:edu.buffalo.cse.cse486586.simpledynamo flg=0x4000010 (has extras) }
V/BackupManagerService( 1250): removePackageParticipantsLocked: uid=10780 #1
V/BackupManagerService( 1250): addPackageParticipantsLocked: #1
W/RecognitionManagerService( 1250): no available voice recognition services found for user 0
I/ActivityManager( 1250): START u0 {act=android.intent.action.MAIN cat=[android.intent.category.LAUNCHER] flg=0x10000000 cmp=edu.buffalo.cse.cse486586.simpledynamo/.SimpleDynamoActivity} from pid 15678
W/WindowManager( 1250): Screenshot failure taking screenshot for (123x164) to layer 21005
I/ActivityManager( 1250): Start proc edu.buffalo.cse.cse486586.simpledynamo for activity edu.buffalo.cse.cse486586.simpledynamo/.SimpleDynamoActivity: pid=15691 uid=10780 gids={50780, 3003}
I/ActivityManager( 1250): Force stopping edu.buffalo.cse.cse486586.simpledynamo appid=10780 user=-1: uninstall pkg
I/ActivityManager( 1250): Killing 15691:edu.buffalo.cse.cse486586.simpledynamo/u0a780 (adj 0): stop edu.buffalo.cse.cse486586.simpledynamo
I/ActivityManager( 1250):   Force finishing activity ActivityRecord{b42a3e58 u0 edu.buffalo.cse.cse486586.simpledynamo/.SimpleDynamoActivity t316}
W/PackageManager( 1250): Couldn't delete native library directory /data/app-lib/edu.buffalo.cse.cse486586.simpledynamo
I/ActivityManager( 1250): Force stopping edu.buffalo.cse.cse486586.simpledynamo appid=10780 user=0: pkg removed
W/InputMethodManagerService( 1250): Window already focused, ignoring focus gain of: com.android.internal.view.IInputMethodClient$Stub$Proxy@b4340e28 attribute=null, token = android.os.BinderProxy@b41c6fe0
W/ContextImpl( 1737): Calling a method in the system process without a qualified user: android.app.ContextImpl.startService:1479 android.content.ContextWrapper.startService:494 android.content.ContextWrapper.startService:494 com.android.keychain.KeyChainBroadcastReceiver.onReceive:12 android.app.ActivityThread.handleReceiver:2400 
D/BackupManagerService( 1250): Received broadcast Intent { act=android.intent.action.PACKAGE_REMOVED dat=package:edu.buffalo.cse.cse486586.simpledynamo flg=0x4000010 (has extras) }
V/BackupManagerService( 1250): removePackageParticipantsLocked: uid=10780 #1
W/ActivityManager( 1250): No content provider found for permission revoke: file:///data/local/tmp/SimpleDynamo.apk
W/ActivityManager( 1250): No content provider found for permission revoke: file:///data/local/tmp/SimpleDynamo.apk
I/PackageManager( 1250): Copying native libraries to /data/app-lib/vmdl-1334456494
I/ActivityManager( 1250): Force stopping edu.buffalo.cse.cse486586.simpledynamo appid=10781 user=-1: update pkg
D/BackupManagerService( 1250): Received broadcast Intent { act=android.intent.action.PACKAGE_ADDED dat=package:edu.buffalo.cse.cse486586.simpledynamo flg=0x4000010 (has extras) }
V/BackupManagerService( 1250): addPackageParticipantsLocked: #1
W/RecognitionManagerService( 1250): no available voice recognition services found for user 0
I/ActivityManager( 1250): Force stopping edu.buffalo.cse.cse486586.simpledynamo appid=10781 user=0: from pid 15752
I/ActivityManager( 1250): START u0 {act=android.intent.action.MAIN cat=[android.intent.category.LAUNCHER] flg=0x10000000 cmp=edu.buffalo.cse.cse486586.simpledynamo/.SimpleDynamoActivity} from pid 15752
W/WindowManager( 1250): Screenshot failure taking screenshot for (123x164) to layer 21010
I/ActivityManager( 1250): Start proc edu.buffalo.cse.cse486586.simpledynamo for activity edu.buffalo.cse.cse486586.simpledynamo/.SimpleDynamoActivity: pid=15763 uid=10781 gids={50781, 3003}
W/ActivityManager( 1250): Launch timeout has expired, giving up wake lock!
E/WindowManager( 1250): Starting window AppWindowToken{b43319a0 token=Token{b4216f98 ActivityRecord{b42363f0 u0 edu.buffalo.cse.cse486586.simpledynamo/.SimpleDynamoActivity t317}}} timed out
D/ConnectivityService( 1250): Sampling interval elapsed, updating statistics ..
D/ConnectivityService( 1250): Done.
D/ConnectivityService( 1250): Setting timer for 720seconds
D/ConnectivityService( 1250): Sampling interval elapsed, updating statistics ..
D/ConnectivityService( 1250): Done.
D/ConnectivityService( 1250): Setting timer for 720seconds
W/ActivityManager( 1250): No content provider found for permission revoke: file:///data/local/tmp/SimpleDynamo.apk
W/ActivityManager( 1250): No content provider found for permission revoke: file:///data/local/tmp/SimpleDynamo.apk
I/PackageManager( 1250): Copying native libraries to /data/app-lib/vmdl1351017493
I/ActivityManager( 1250): Force stopping edu.buffalo.cse.cse486586.simpledynamo appid=10781 user=-1: uninstall pkg
I/ActivityManager( 1250): Killing 15763:edu.buffalo.cse.cse486586.simpledynamo/u0a781 (adj 0): stop edu.buffalo.cse.cse486586.simpledynamo
I/ActivityManager( 1250):   Force finishing activity ActivityRecord{b42363f0 u0 edu.buffalo.cse.cse486586.simpledynamo/.SimpleDynamoActivity t317}
I/PackageManager( 1250): Package edu.buffalo.cse.cse486586.simpledynamo codePath changed from /data/app/edu.buffalo.cse.cse486586.simpledynamo-1.apk to /data/app/edu.buffalo.cse.cse486586.simpledynamo-2.apk; Retaining data and using new
W/InputMethodManagerService( 1250): Window already focused, ignoring focus gain of: com.android.internal.view.IInputMethodClient$Stub$Proxy@b41eea90 attribute=null, token = android.os.BinderProxy@b41c6fe0
W/PackageManager( 1250): Code path for pkg : edu.buffalo.cse.cse486586.simpledynamo changing from /data/app/edu.buffalo.cse.cse486586.simpledynamo-1.apk to /data/app/edu.buffalo.cse.cse486586.simpledynamo-2.apk
W/PackageManager( 1250): Resource path for pkg : edu.buffalo.cse.cse486586.simpledynamo changing from /data/app/edu.buffalo.cse.cse486586.simpledynamo-1.apk to /data/app/edu.buffalo.cse.cse486586.simpledynamo-2.apk
I/ActivityManager( 1250): Force stopping edu.buffalo.cse.cse486586.simpledynamo appid=10781 user=-1: update pkg
I/ActivityManager( 1250): Force stopping edu.buffalo.cse.cse486586.simpledynamo appid=10781 user=0: pkg removed
W/RecognitionManagerService( 1250): no available voice recognition services found for user 0
D/BackupManagerService( 1250): Received broadcast Intent { act=android.intent.action.PACKAGE_REMOVED dat=package:edu.buffalo.cse.cse486586.simpledynamo flg=0x4000010 (has extras) }
D/BackupManagerService( 1250): Received broadcast Intent { act=android.intent.action.PACKAGE_ADDED dat=package:edu.buffalo.cse.cse486586.simpledynamo flg=0x4000010 (has extras) }
V/BackupManagerService( 1250): removePackageParticipantsLocked: uid=10781 #1
V/BackupManagerService( 1250): addPackageParticipantsLocked: #1
W/ContextImpl( 1737): Calling a method in the system process without a qualified user: android.app.ContextImpl.startService:1479 android.content.ContextWrapper.startService:494 android.content.ContextWrapper.startService:494 com.android.keychain.KeyChainBroadcastReceiver.onReceive:12 android.app.ActivityThread.handleReceiver:2400 
I/ActivityManager( 1250): START u0 {act=android.intent.action.MAIN cat=[android.intent.category.LAUNCHER] flg=0x10000000 cmp=edu.buffalo.cse.cse486586.simpledynamo/.SimpleDynamoActivity} from pid 15803
W/WindowManager( 1250): Screenshot failure taking screenshot for (123x164) to layer 21005
I/ActivityManager( 1250): Start proc edu.buffalo.cse.cse486586.simpledynamo for activity edu.buffalo.cse.cse486586.simpledynamo/.SimpleDynamoActivity: pid=15814 uid=10781 gids={50781, 3003}
W/ActivityManager( 1250): Launch timeout has expired, giving up wake lock!
E/WindowManager( 1250): Starting window AppWindowToken{b415b7e0 token=Token{b4209740 ActivityRecord{b433dc40 u0 edu.buffalo.cse.cse486586.simpledynamo/.SimpleDynamoActivity t318}}} timed out
I/ActivityManager( 1250): Force stopping edu.buffalo.cse.cse486586.simpledynamo appid=10781 user=-1: uninstall pkg
I/ActivityManager( 1250): Killing 15814:edu.buffalo.cse.cse486586.simpledynamo/u0a781 (adj 0): stop edu.buffalo.cse.cse486586.simpledynamo
I/ActivityManager( 1250):   Force finishing activity ActivityRecord{b433dc40 u0 edu.buffalo.cse.cse486586.simpledynamo/.SimpleDynamoActivity t318}
W/PackageManager( 1250): Couldn't delete native library directory /data/app-lib/edu.buffalo.cse.cse486586.simpledynamo
I/ActivityManager( 1250): Force stopping edu.buffalo.cse.cse486586.simpledynamo appid=10781 user=0: pkg removed
W/InputMethodManagerService( 1250): Window already focused, ignoring focus gain of: com.android.internal.view.IInputMethodClient$Stub$Proxy@b433c288 attribute=null, token = android.os.BinderProxy@b41c6fe0
D/BackupManagerService( 1250): Received broadcast Intent { act=android.intent.action.PACKAGE_REMOVED dat=package:edu.buffalo.cse.cse486586.simpledynamo flg=0x4000010 (has extras) }
V/BackupManagerService( 1250): removePackageParticipantsLocked: uid=10781 #1
W/ContextImpl( 1737): Calling a method in the system process without a qualified user: android.app.ContextImpl.startService:1479 android.content.ContextWrapper.startService:494 android.content.ContextWrapper.startService:494 com.android.keychain.KeyChainBroadcastReceiver.onReceive:12 android.app.ActivityThread.handleReceiver:2400 
W/ActivityManager( 1250): No content provider found for permission revoke: file:///data/local/tmp/SimpleDynamo.apk
W/ActivityManager( 1250): No content provider found for permission revoke: file:///data/local/tmp/SimpleDynamo.apk
I/PackageManager( 1250): Copying native libraries to /data/app-lib/vmdl-1033479632
I/ActivityManager( 1250): Force stopping edu.buffalo.cse.cse486586.simpledynamo appid=10782 user=-1: update pkg
D/BackupManagerService( 1250): Received broadcast Intent { act=android.intent.action.PACKAGE_ADDED dat=package:edu.buffalo.cse.cse486586.simpledynamo flg=0x4000010 (has extras) }
V/BackupManagerService( 1250): addPackageParticipantsLocked: #1
W/RecognitionManagerService( 1250): no available voice recognition services found for user 0
I/ActivityManager( 1250): Force stopping edu.buffalo.cse.cse486586.simpledynamo appid=10782 user=0: from pid 15875
I/ActivityManager( 1250): START u0 {act=android.intent.action.MAIN cat=[android.intent.category.LAUNCHER] flg=0x10000000 cmp=edu.buffalo.cse.cse486586.simpledynamo/.SimpleDynamoActivity} from pid 15875
W/WindowManager( 1250): Screenshot failure taking screenshot for (123x164) to layer 21010
I/ActivityManager( 1250): Start proc edu.buffalo.cse.cse486586.simpledynamo for activity edu.buffalo.cse.cse486586.simpledynamo/.SimpleDynamoActivity: pid=15886 uid=10782 gids={50782, 3003}
W/ActivityManager( 1250): Launch timeout has expired, giving up wake lock!
E/WindowManager( 1250): Starting window AppWindowToken{b4297128 token=Token{b42e9750 ActivityRecord{b3fcbaf8 u0 edu.buffalo.cse.cse486586.simpledynamo/.SimpleDynamoActivity t319}}} timed out
W/ActivityManager( 1250): No content provider found for permission revoke: file:///data/local/tmp/SimpleDynamo.apk
W/ActivityManager( 1250): No content provider found for permission revoke: file:///data/local/tmp/SimpleDynamo.apk
I/PackageManager( 1250): Copying native libraries to /data/app-lib/vmdl-968219753
I/ActivityManager( 1250): Force stopping edu.buffalo.cse.cse486586.simpledynamo appid=10782 user=-1: uninstall pkg
I/ActivityManager( 1250): Killing 15886:edu.buffalo.cse.cse486586.simpledynamo/u0a782 (adj 0): stop edu.buffalo.cse.cse486586.simpledynamo
I/ActivityManager( 1250):   Force finishing activity ActivityRecord{b3fcbaf8 u0 edu.buffalo.cse.cse486586.simpledynamo/.SimpleDynamoActivity t319}
I/PackageManager( 1250): Package edu.buffalo.cse.cse486586.simpledynamo codePath changed from /data/app/edu.buffalo.cse.cse486586.simpledynamo-1.apk to /data/app/edu.buffalo.cse.cse486586.simpledynamo-2.apk; Retaining data and using new
W/InputMethodManagerService( 1250): Window already focused, ignoring focus gain of: com.android.internal.view.IInputMethodClient$Stub$Proxy@b4324ff0 attribute=null, token = android.os.BinderProxy@b41c6fe0
W/PackageManager( 1250): Code path for pkg : edu.buffalo.cse.cse486586.simpledynamo changing from /data/app/edu.buffalo.cse.cse486586.simpledynamo-1.apk to /data/app/edu.buffalo.cse.cse486586.simpledynamo-2.apk
W/PackageManager( 1250): Resource path for pkg : edu.buffalo.cse.cse486586.simpledynamo changing from /data/app/edu.buffalo.cse.cse486586.simpledynamo-1.apk to /data/app/edu.buffalo.cse.cse486586.simpledynamo-2.apk
I/ActivityManager( 1250): Force stopping edu.buffalo.cse.cse486586.simpledynamo appid=10782 user=-1: update pkg
I/ActivityManager( 1250): Force stopping edu.buffalo.cse.cse486586.simpledynamo appid=10782 user=0: pkg removed
W/ContextImpl( 1737): Calling a method in the system process without a qualified user: android.app.ContextImpl.startService:1479 android.content.ContextWrapper.startService:494 android.content.ContextWrapper.startService:494 com.android.keychain.KeyChainBroadcastReceiver.onReceive:12 android.app.ActivityThread.handleReceiver:2400 
W/RecognitionManagerService( 1250): no available voice recognition services found for user 0
D/BackupManagerService( 1250): Received broadcast Intent { act=android.intent.action.PACKAGE_REMOVED dat=package:edu.buffalo.cse.cse486586.simpledynamo flg=0x4000010 (has extras) }
D/BackupManagerService( 1250): Received broadcast Intent { act=android.intent.action.PACKAGE_ADDED dat=package:edu.buffalo.cse.cse486586.simpledynamo flg=0x4000010 (has extras) }
V/BackupManagerService( 1250): removePackageParticipantsLocked: uid=10782 #1
V/BackupManagerService( 1250): addPackageParticipantsLocked: #1
I/ActivityManager( 1250): START u0 {act=android.intent.action.MAIN cat=[android.intent.category.LAUNCHER] flg=0x10000000 cmp=edu.buffalo.cse.cse486586.simpledynamo/.SimpleDynamoActivity} from pid 15924
W/WindowManager( 1250): Screenshot failure taking screenshot for (123x164) to layer 21005
I/ActivityManager( 1250): Start proc edu.buffalo.cse.cse486586.simpledynamo for activity edu.buffalo.cse.cse486586.simpledynamo/.SimpleDynamoActivity: pid=15935 uid=10782 gids={50782, 3003}
I/ActivityManager( 1250): Force stopping edu.buffalo.cse.cse486586.simpledynamo appid=10782 user=-1: uninstall pkg
I/ActivityManager( 1250): Killing 15935:edu.buffalo.cse.cse486586.simpledynamo/u0a782 (adj 0): stop edu.buffalo.cse.cse486586.simpledynamo
I/ActivityManager( 1250):   Force finishing activity ActivityRecord{b4208a18 u0 edu.buffalo.cse.cse486586.simpledynamo/.SimpleDynamoActivity t320}
W/PackageManager( 1250): Couldn't delete native library directory /data/app-lib/edu.buffalo.cse.cse486586.simpledynamo
I/ActivityManager( 1250): Force stopping edu.buffalo.cse.cse486586.simpledynamo appid=10782 user=0: pkg removed
W/InputMethodManagerService( 1250): Window already focused, ignoring focus gain of: com.android.internal.view.IInputMethodClient$Stub$Proxy@b433a758 attribute=null, token = android.os.BinderProxy@b41c6fe0
W/ContextImpl( 1737): Calling a method in the system process without a qualified user: android.app.ContextImpl.startService:1479 android.content.ContextWrapper.startService:494 android.content.ContextWrapper.startService:494 com.android.keychain.KeyChainBroadcastReceiver.onReceive:12 android.app.ActivityThread.handleReceiver:2400 
D/BackupManagerService( 1250): Received broadcast Intent { act=android.intent.action.PACKAGE_REMOVED dat=package:edu.buffalo.cse.cse486586.simpledynamo flg=0x4000010 (has extras) }
V/BackupManagerService( 1250): removePackageParticipantsLocked: uid=10782 #1
W/ActivityManager( 1250): No content provider found for permission revoke: file:///data/local/tmp/SimpleDynamo.apk
W/ActivityManager( 1250): No content provider found for permission revoke: file:///data/local/tmp/SimpleDynamo.apk
I/PackageManager( 1250): Copying native libraries to /data/app-lib/vmdl1897504276
I/ActivityManager( 1250): Force stopping edu.buffalo.cse.cse486586.simpledynamo appid=10783 user=-1: update pkg
D/BackupManagerService( 1250): Received broadcast Intent { act=android.intent.action.PACKAGE_ADDED dat=package:edu.buffalo.cse.cse486586.simpledynamo flg=0x4000010 (has extras) }
V/BackupManagerService( 1250): addPackageParticipantsLocked: #1
W/RecognitionManagerService( 1250): no available voice recognition services found for user 0
I/ActivityManager( 1250): Force stopping edu.buffalo.cse.cse486586.simpledynamo appid=10783 user=0: from pid 15996
I/ActivityManager( 1250): START u0 {act=android.intent.action.MAIN cat=[android.intent.category.LAUNCHER] flg=0x10000000 cmp=edu.buffalo.cse.cse486586.simpledynamo/.SimpleDynamoActivity} from pid 15996
W/WindowManager( 1250): Screenshot failure taking screenshot for (123x164) to layer 21010
I/ActivityManager( 1250): Start proc edu.buffalo.cse.cse486586.simpledynamo for activity edu.buffalo.cse.cse486586.simpledynamo/.SimpleDynamoActivity: pid=16007 uid=10783 gids={50783, 3003}
W/ActivityManager( 1250): Launch timeout has expired, giving up wake lock!
E/WindowManager( 1250): Starting window AppWindowToken{b433abb0 token=Token{b426fd10 ActivityRecord{b4208a18 u0 edu.buffalo.cse.cse486586.simpledynamo/.SimpleDynamoActivity t321}}} timed out
W/ActivityManager( 1250): No content provider found for permission revoke: file:///data/local/tmp/SimpleDynamo.apk
W/ActivityManager( 1250): No content provider found for permission revoke: file:///data/local/tmp/SimpleDynamo.apk
I/PackageManager( 1250): Copying native libraries to /data/app-lib/vmdl795094147
I/ActivityManager( 1250): Force stopping edu.buffalo.cse.cse486586.simpledynamo appid=10783 user=-1: uninstall pkg
I/ActivityManager( 1250): Killing 16007:edu.buffalo.cse.cse486586.simpledynamo/u0a783 (adj 0): stop edu.buffalo.cse.cse486586.simpledynamo
I/ActivityManager( 1250):   Force finishing activity ActivityRecord{b4208a18 u0 edu.buffalo.cse.cse486586.simpledynamo/.SimpleDynamoActivity t321}
I/PackageManager( 1250): Package edu.buffalo.cse.cse486586.simpledynamo codePath changed from /data/app/edu.buffalo.cse.cse486586.simpledynamo-1.apk to /data/app/edu.buffalo.cse.cse486586.simpledynamo-2.apk; Retaining data and using new
W/InputMethodManagerService( 1250): Window already focused, ignoring focus gain of: com.android.internal.view.IInputMethodClient$Stub$Proxy@b42eee68 attribute=null, token = android.os.BinderProxy@b41c6fe0
W/PackageManager( 1250): Code path for pkg : edu.buffalo.cse.cse486586.simpledynamo changing from /data/app/edu.buffalo.cse.cse486586.simpledynamo-1.apk to /data/app/edu.buffalo.cse.cse486586.simpledynamo-2.apk
W/PackageManager( 1250): Resource path for pkg : edu.buffalo.cse.cse486586.simpledynamo changing from /data/app/edu.buffalo.cse.cse486586.simpledynamo-1.apk to /data/app/edu.buffalo.cse.cse486586.simpledynamo-2.apk
I/ActivityManager( 1250): Force stopping edu.buffalo.cse.cse486586.simpledynamo appid=10783 user=-1: update pkg
I/ActivityManager( 1250): Force stopping edu.buffalo.cse.cse486586.simpledynamo appid=10783 user=0: pkg removed
W/ContextImpl( 1737): Calling a method in the system process without a qualified user: android.app.ContextImpl.startService:1479 android.content.ContextWrapper.startService:494 android.content.ContextWrapper.startService:494 com.android.keychain.KeyChainBroadcastReceiver.onReceive:12 android.app.ActivityThread.handleReceiver:2400 
D/BackupManagerService( 1250): Received broadcast Intent { act=android.intent.action.PACKAGE_REMOVED dat=package:edu.buffalo.cse.cse486586.simpledynamo flg=0x4000010 (has extras) }
D/BackupManagerService( 1250): Received broadcast Intent { act=android.intent.action.PACKAGE_ADDED dat=package:edu.buffalo.cse.cse486586.simpledynamo flg=0x4000010 (has extras) }
V/BackupManagerService( 1250): removePackageParticipantsLocked: uid=10783 #1
V/BackupManagerService( 1250): addPackageParticipantsLocked: #1
W/RecognitionManagerService( 1250): no available voice recognition services found for user 0
I/ActivityManager( 1250): START u0 {act=android.intent.action.MAIN cat=[android.intent.category.LAUNCHER] flg=0x10000000 cmp=edu.buffalo.cse.cse486586.simpledynamo/.SimpleDynamoActivity} from pid 16044
W/WindowManager( 1250): Screenshot failure taking screenshot for (123x164) to layer 21005
I/ActivityManager( 1250): Start proc edu.buffalo.cse.cse486586.simpledynamo for activity edu.buffalo.cse.cse486586.simpledynamo/.SimpleDynamoActivity: pid=16055 uid=10783 gids={50783, 3003}
I/ActivityManager( 1250): Force stopping edu.buffalo.cse.cse486586.simpledynamo appid=10783 user=-1: uninstall pkg
I/ActivityManager( 1250): Killing 16055:edu.buffalo.cse.cse486586.simpledynamo/u0a783 (adj 0): stop edu.buffalo.cse.cse486586.simpledynamo
I/WindowState( 1250): WIN DEATH: Window{b4257fd8 u0 edu.buffalo.cse.cse486586.simpledynamo/edu.buffalo.cse.cse486586.simpledynamo.SimpleDynamoActivity}
W/ActivityManager( 1250): Force removing ActivityRecord{b4208a18 u0 edu.buffalo.cse.cse486586.simpledynamo/.SimpleDynamoActivity t322}: app died, no saved state
W/PackageManager( 1250): Couldn't delete native library directory /data/app-lib/edu.buffalo.cse.cse486586.simpledynamo
I/ActivityManager( 1250): Force stopping edu.buffalo.cse.cse486586.simpledynamo appid=10783 user=0: pkg removed
W/ContextImpl( 1737): Calling a method in the system process without a qualified user: android.app.ContextImpl.startService:1479 android.content.ContextWrapper.startService:494 android.content.ContextWrapper.startService:494 com.android.keychain.KeyChainBroadcastReceiver.onReceive:12 android.app.ActivityThread.handleReceiver:2400 
D/BackupManagerService( 1250): Received broadcast Intent { act=android.intent.action.PACKAGE_REMOVED dat=package:edu.buffalo.cse.cse486586.simpledynamo flg=0x4000010 (has extras) }
V/BackupManagerService( 1250): removePackageParticipantsLocked: uid=10783 #1
W/InputMethodManagerService( 1250): Got RemoteException sending setActive(false) notification to pid 16055 uid 10783
W/ActivityManager( 1250): No content provider found for permission revoke: file:///data/local/tmp/SimpleDynamo.apk
W/ActivityManager( 1250): No content provider found for permission revoke: file:///data/local/tmp/SimpleDynamo.apk
I/PackageManager( 1250): Copying native libraries to /data/app-lib/vmdl-13252301
I/ActivityManager( 1250): Force stopping edu.buffalo.cse.cse486586.simpledynamo appid=10784 user=-1: update pkg
D/BackupManagerService( 1250): Received broadcast Intent { act=android.intent.action.PACKAGE_ADDED dat=package:edu.buffalo.cse.cse486586.simpledynamo flg=0x4000010 (has extras) }
V/BackupManagerService( 1250): addPackageParticipantsLocked: #1
W/RecognitionManagerService( 1250): no available voice recognition services found for user 0
I/ActivityManager( 1250): Force stopping edu.buffalo.cse.cse486586.simpledynamo appid=10784 user=0: from pid 16117
I/ActivityManager( 1250): START u0 {act=android.intent.action.MAIN cat=[android.intent.category.LAUNCHER] flg=0x10000000 cmp=edu.buffalo.cse.cse486586.simpledynamo/.SimpleDynamoActivity} from pid 16117
W/WindowManager( 1250): Screenshot failure taking screenshot for (123x164) to layer 21010
I/ActivityManager( 1250): Start proc edu.buffalo.cse.cse486586.simpledynamo for activity edu.buffalo.cse.cse486586.simpledynamo/.SimpleDynamoActivity: pid=16128 uid=10784 gids={50784, 3003}
I/ActivityManager( 1250): Force stopping edu.buffalo.cse.cse486586.simpledynamo appid=10784 user=0: from pid 16147
I/ActivityManager( 1250): Killing 16128:edu.buffalo.cse.cse486586.simpledynamo/u0a784 (adj 0): stop edu.buffalo.cse.cse486586.simpledynamo
I/WindowState( 1250): WIN DEATH: Window{b427fa60 u0 edu.buffalo.cse.cse486586.simpledynamo/edu.buffalo.cse.cse486586.simpledynamo.SimpleDynamoActivity}
W/ActivityManager( 1250): Force removing ActivityRecord{b421c920 u0 edu.buffalo.cse.cse486586.simpledynamo/.SimpleDynamoActivity t323}: app died, no saved state
I/ProcessStatsService( 1250): Prepared write state in 1ms
I/ProcessStatsService( 1250): Prepared write state in 0ms
W/InputMethodManagerService( 1250): Got RemoteException sending setActive(false) notification to pid 16128 uid 10784
I/ActivityManager( 1250): Force stopping edu.buffalo.cse.cse486586.simpledynamo appid=10784 user=0: from pid 16170
I/ActivityManager( 1250): START u0 {act=android.intent.action.MAIN cat=[android.intent.category.LAUNCHER] flg=0x10000000 cmp=edu.buffalo.cse.cse486586.simpledynamo/.SimpleDynamoActivity} from pid 16170
W/WindowManager( 1250): Screenshot failure taking screenshot for (123x164) to layer 21010
I/ActivityManager( 1250): Start proc edu.buffalo.cse.cse486586.simpledynamo for activity edu.buffalo.cse.cse486586.simpledynamo/.SimpleDynamoActivity: pid=16181 uid=10784 gids={50784, 3003}
I/ActivityManager( 1250): Force stopping edu.buffalo.cse.cse486586.simpledynamo appid=10784 user=-1: uninstall pkg
I/ActivityManager( 1250): Killing 16181:edu.buffalo.cse.cse486586.simpledynamo/u0a784 (adj 0): stop edu.buffalo.cse.cse486586.simpledynamo
I/WindowState( 1250): WIN DEATH: Window{b42c8350 u0 edu.buffalo.cse.cse486586.simpledynamo/edu.buffalo.cse.cse486586.simpledynamo.SimpleDynamoActivity}
W/ActivityManager( 1250): Force removing ActivityRecord{b4373228 u0 edu.buffalo.cse.cse486586.simpledynamo/.SimpleDynamoActivity t324}: app died, no saved state
W/PackageManager( 1250): Couldn't delete native library directory /data/app-lib/edu.buffalo.cse.cse486586.simpledynamo
I/ActivityManager( 1250): Force stopping edu.buffalo.cse.cse486586.simpledynamo appid=10784 user=0: pkg removed
W/InputMethodManagerService( 1250): Got RemoteException sending setActive(false) notification to pid 16181 uid 10784
D/BackupManagerService( 1250): Received broadcast Intent { act=android.intent.action.PACKAGE_REMOVED dat=package:edu.buffalo.cse.cse486586.simpledynamo flg=0x4000010 (has extras) }
V/BackupManagerService( 1250): removePackageParticipantsLocked: uid=10784 #1
W/ContextImpl( 1737): Calling a method in the system process without a qualified user: android.app.ContextImpl.startService:1479 android.content.ContextWrapper.startService:494 android.content.ContextWrapper.startService:494 com.android.keychain.KeyChainBroadcastReceiver.onReceive:12 android.app.ActivityThread.handleReceiver:2400 
W/ActivityManager( 1250): No content provider found for permission revoke: file:///data/local/tmp/SimpleDynamo.apk
W/ActivityManager( 1250): No content provider found for permission revoke: file:///data/local/tmp/SimpleDynamo.apk
I/PackageManager( 1250): Copying native libraries to /data/app-lib/vmdl108051737
I/ActivityManager( 1250): Force stopping edu.buffalo.cse.cse486586.simpledynamo appid=10785 user=-1: update pkg
D/BackupManagerService( 1250): Received broadcast Intent { act=android.intent.action.PACKAGE_ADDED dat=package:edu.buffalo.cse.cse486586.simpledynamo flg=0x4000010 (has extras) }
V/BackupManagerService( 1250): addPackageParticipantsLocked: #1
W/RecognitionManagerService( 1250): no available voice recognition services found for user 0
I/ActivityManager( 1250): Force stopping edu.buffalo.cse.cse486586.simpledynamo appid=10785 user=0: from pid 16242
I/ActivityManager( 1250): START u0 {act=android.intent.action.MAIN cat=[android.intent.category.LAUNCHER] flg=0x10000000 cmp=edu.buffalo.cse.cse486586.simpledynamo/.SimpleDynamoActivity} from pid 16242
W/WindowManager( 1250): Screenshot failure taking screenshot for (123x164) to layer 21010
I/ActivityManager( 1250): Start proc edu.buffalo.cse.cse486586.simpledynamo for activity edu.buffalo.cse.cse486586.simpledynamo/.SimpleDynamoActivity: pid=16253 uid=10785 gids={50785, 3003}
D/ConnectivityService( 1250): Sampling interval elapsed, updating statistics ..
D/ConnectivityService( 1250): Done.
D/ConnectivityService( 1250): Setting timer for 720seconds
I/ActivityManager( 1250): Force stopping edu.buffalo.cse.cse486586.simpledynamo appid=10785 user=0: from pid 16325
I/ActivityManager( 1250): Killing 16253:edu.buffalo.cse.cse486586.simpledynamo/u0a785 (adj 0): stop edu.buffalo.cse.cse486586.simpledynamo
W/ActivityManager( 1250): Force removing ActivityRecord{b4208a18 u0 edu.buffalo.cse.cse486586.simpledynamo/.SimpleDynamoActivity t325}: app died, no saved state
I/WindowState( 1250): WIN DEATH: Window{b427fa60 u0 edu.buffalo.cse.cse486586.simpledynamo/edu.buffalo.cse.cse486586.simpledynamo.SimpleDynamoActivity}
W/InputMethodManagerService( 1250): Got RemoteException sending setActive(false) notification to pid 16253 uid 10785
I/ActivityManager( 1250): Force stopping edu.buffalo.cse.cse486586.simpledynamo appid=10785 user=0: from pid 16348
I/ActivityManager( 1250): START u0 {act=android.intent.action.MAIN cat=[android.intent.category.LAUNCHER] flg=0x10000000 cmp=edu.buffalo.cse.cse486586.simpledynamo/.SimpleDynamoActivity} from pid 16348
W/WindowManager( 1250): Screenshot failure taking screenshot for (123x164) to layer 21010
I/ActivityManager( 1250): Start proc edu.buffalo.cse.cse486586.simpledynamo for activity edu.buffalo.cse.cse486586.simpledynamo/.SimpleDynamoActivity: pid=16359 uid=10785 gids={50785, 3003}
I/ActivityManager( 1250): Force stopping edu.buffalo.cse.cse486586.simpledynamo appid=10785 user=-1: uninstall pkg
I/ActivityManager( 1250): Killing 16359:edu.buffalo.cse.cse486586.simpledynamo/u0a785 (adj 0): stop edu.buffalo.cse.cse486586.simpledynamo
W/ActivityManager( 1250): Force removing ActivityRecord{b4226820 u0 edu.buffalo.cse.cse486586.simpledynamo/.SimpleDynamoActivity t326}: app died, no saved state
W/PackageManager( 1250): Couldn't delete native library directory /data/app-lib/edu.buffalo.cse.cse486586.simpledynamo
I/WindowState( 1250): WIN DEATH: Window{b432ae70 u0 edu.buffalo.cse.cse486586.simpledynamo/edu.buffalo.cse.cse486586.simpledynamo.SimpleDynamoActivity}
I/ActivityManager( 1250): Force stopping edu.buffalo.cse.cse486586.simpledynamo appid=10785 user=0: pkg removed
D/BackupManagerService( 1250): Received broadcast Intent { act=android.intent.action.PACKAGE_REMOVED dat=package:edu.buffalo.cse.cse486586.simpledynamo flg=0x4000010 (has extras) }
V/BackupManagerService( 1250): removePackageParticipantsLocked: uid=10785 #1
W/InputMethodManagerService( 1250): Got RemoteException sending setActive(false) notification to pid 16359 uid 10785
W/ContextImpl( 1737): Calling a method in the system process without a qualified user: android.app.ContextImpl.startService:1479 android.content.ContextWrapper.startService:494 android.content.ContextWrapper.startService:494 com.android.keychain.KeyChainBroadcastReceiver.onReceive:12 android.app.ActivityThread.handleReceiver:2400 
W/ActivityManager( 1250): No content provider found for permission revoke: file:///data/local/tmp/SimpleDynamo.apk
W/ActivityManager( 1250): No content provider found for permission revoke: file:///data/local/tmp/SimpleDynamo.apk
I/PackageManager( 1250): Copying native libraries to /data/app-lib/vmdl-1986946411
I/ActivityManager( 1250): Force stopping edu.buffalo.cse.cse486586.simpledynamo appid=10786 user=-1: update pkg
D/BackupManagerService( 1250): Received broadcast Intent { act=android.intent.action.PACKAGE_ADDED dat=package:edu.buffalo.cse.cse486586.simpledynamo flg=0x4000010 (has extras) }
V/BackupManagerService( 1250): addPackageParticipantsLocked: #1
W/RecognitionManagerService( 1250): no available voice recognition services found for user 0
I/ActivityManager( 1250): Force stopping edu.buffalo.cse.cse486586.simpledynamo appid=10786 user=0: from pid 17174
I/ActivityManager( 1250): START u0 {act=android.intent.action.MAIN cat=[android.intent.category.LAUNCHER] flg=0x10000000 cmp=edu.buffalo.cse.cse486586.simpledynamo/.SimpleDynamoActivity} from pid 17174
W/WindowManager( 1250): Screenshot failure taking screenshot for (123x164) to layer 21010
I/ActivityManager( 1250): Start proc edu.buffalo.cse.cse486586.simpledynamo for activity edu.buffalo.cse.cse486586.simpledynamo/.SimpleDynamoActivity: pid=17185 uid=10786 gids={50786, 3003}
I/ActivityManager( 1250): Force stopping edu.buffalo.cse.cse486586.simpledynamo appid=10786 user=-1: uninstall pkg
I/ActivityManager( 1250): Killing 17185:edu.buffalo.cse.cse486586.simpledynamo/u0a786 (adj 0): stop edu.buffalo.cse.cse486586.simpledynamo
W/ActivityManager( 1250): Force removing ActivityRecord{b4208a18 u0 edu.buffalo.cse.cse486586.simpledynamo/.SimpleDynamoActivity t327}: app died, no saved state
I/WindowState( 1250): WIN DEATH: Window{b42248a8 u0 edu.buffalo.cse.cse486586.simpledynamo/edu.buffalo.cse.cse486586.simpledynamo.SimpleDynamoActivity}
W/PackageManager( 1250): Couldn't delete native library directory /data/app-lib/edu.buffalo.cse.cse486586.simpledynamo
I/ActivityManager( 1250): Force stopping edu.buffalo.cse.cse486586.simpledynamo appid=10786 user=0: pkg removed
D/BackupManagerService( 1250): Received broadcast Intent { act=android.intent.action.PACKAGE_REMOVED dat=package:edu.buffalo.cse.cse486586.simpledynamo flg=0x4000010 (has extras) }
V/BackupManagerService( 1250): removePackageParticipantsLocked: uid=10786 #1
W/ContextImpl( 1737): Calling a method in the system process without a qualified user: android.app.ContextImpl.startService:1479 android.content.ContextWrapper.startService:494 android.content.ContextWrapper.startService:494 com.android.keychain.KeyChainBroadcastReceiver.onReceive:12 android.app.ActivityThread.handleReceiver:2400 
W/InputMethodManagerService( 1250): Got RemoteException sending setActive(false) notification to pid 17185 uid 10786
W/ActivityManager( 1250): No content provider found for permission revoke: file:///data/local/tmp/SimpleDynamo.apk
W/ActivityManager( 1250): No content provider found for permission revoke: file:///data/local/tmp/SimpleDynamo.apk
I/PackageManager( 1250): Copying native libraries to /data/app-lib/vmdl-367185564
I/ActivityManager( 1250): Force stopping edu.buffalo.cse.cse486586.simpledynamo appid=10787 user=-1: update pkg
D/BackupManagerService( 1250): Received broadcast Intent { act=android.intent.action.PACKAGE_ADDED dat=package:edu.buffalo.cse.cse486586.simpledynamo flg=0x4000010 (has extras) }
V/BackupManagerService( 1250): addPackageParticipantsLocked: #1
W/RecognitionManagerService( 1250): no available voice recognition services found for user 0
I/ActivityManager( 1250): Force stopping edu.buffalo.cse.cse486586.simpledynamo appid=10787 user=0: from pid 18056
I/ActivityManager( 1250): START u0 {act=android.intent.action.MAIN cat=[android.intent.category.LAUNCHER] flg=0x10000000 cmp=edu.buffalo.cse.cse486586.simpledynamo/.SimpleDynamoActivity} from pid 18056
W/WindowManager( 1250): Screenshot failure taking screenshot for (123x164) to layer 21010
I/ActivityManager( 1250): Start proc edu.buffalo.cse.cse486586.simpledynamo for activity edu.buffalo.cse.cse486586.simpledynamo/.SimpleDynamoActivity: pid=18067 uid=10787 gids={50787, 3003}
--------- beginning of /dev/log/main
D/SimpleDynamoProvider(18067): Replicate() Calling client currentNode 5562 Succ is :5556 key: Hd61W9i34U2CieVvDyvJAhBzQvARO9wQ values: iIZuhz2Fz6L7u7J5wecxjVkOSuQRUNSe
D/SimpleDynamoProvider(18067): Replicate() Calling client currentNode 5562 Succ is :5554 key: Hd61W9i34U2CieVvDyvJAhBzQvARO9wQ values: iIZuhz2Fz6L7u7J5wecxjVkOSuQRUNSe
D/AndroidRuntime(18111): Shutting down VM
D/jdwp    (18111): Got wake-up signal, bailing out of select
D/dalvikvm(18111): Debugger has detached; object registry had 1 entries
D/SimpleDynamoProvider(18067): Client sending to Succ Server :: Values set in operation are Key : Hd61W9i34U2CieVvDyvJAhBzQvARO9wQ, value: iIZuhz2Fz6L7u7J5wecxjVkOSuQRUNSe, CurrentNode/Originator : 5562, Type : replicate, Succ : 5554
D/SimpleDynamoProvider(18067): Client Remote port is 11108
D/SimpleDynamoProvider(18067): Client sending to Succ Server :: Values set in operation are Key : Hd61W9i34U2CieVvDyvJAhBzQvARO9wQ, value: iIZuhz2Fz6L7u7J5wecxjVkOSuQRUNSe, CurrentNode/Originator : 5562, Type : replicate, Succ : 5554
D/SimpleDynamoProvider(18067): Client Remote port is 11112
D/SimpleDynamoProvider(18067): Server :: Values in operation are Key : M2D5bpGc39n9Ka3pn85TehQFn93O6kTl, value: null, CurrentNode/Originator : 5558, Type : singleKeyQuery, Succ : 5562
D/SimpleDynamoProvider(18067): Server singleKeyQuery key is M2D5bpGc39n9Ka3pn85TehQFn93O6kTl currentNode is 5562 Originator is 5558
D/SimpleDynamoProvider(18067): returnValueForKeyQuery() checking in Node CurrentNode: 5562 Key is : M2D5bpGc39n9Ka3pn85TehQFn93O6kTl
D/SimpleDynamoProvider(18067): returnValueForKeyQuery() :: found key M2D5bpGc39n9Ka3pn85TehQFn93O6kTl value is : 14GEQttMw7e208biWCa5yo1tCYdVX6KP in Node : 5562
D/SimpleDynamoProvider(18067): Server singleKeyQuery sending to Originator :: Values set in operation are Key : M2D5bpGc39n9Ka3pn85TehQFn93O6kTl, value: 14GEQttMw7e208biWCa5yo1tCYdVX6KP, CurrentNode/Originator : 5558, Type : singleKeyQueryValue, Succ : 5558
D/SimpleDynamoProvider(18067): Client sending to Succ Server :: Values set in operation are Key : M2D5bpGc39n9Ka3pn85TehQFn93O6kTl, value: 14GEQttMw7e208biWCa5yo1tCYdVX6KP, CurrentNode/Originator : 5558, Type : singleKeyQueryValue, Succ : 5558
D/SimpleDynamoProvider(18067): Client Remote port is 11116
D/AndroidRuntime(18127): 
D/AndroidRuntime(18127): >>>>>> AndroidRuntime START com.android.internal.os.RuntimeInit <<<<<<
D/AndroidRuntime(18127): CheckJNI is ON
D/dalvikvm(18127): Trying to load lib libjavacore.so 0x0
D/dalvikvm(18127): Added shared lib libjavacore.so 0x0
D/dalvikvm(18127): Trying to load lib libnativehelper.so 0x0
D/dalvikvm(18127): Added shared lib libnativehelper.so 0x0
D/dalvikvm(18127): No JNI_OnLoad found in libnativehelper.so 0x0, skipping init
D/dalvikvm(18127): Note: class Landroid/app/ActivityManagerNative; has 179 unimplemented (abstract) methods
E/memtrack(18127): Couldn't load memtrack module (No such file or directory)
E/android.os.Debug(18127): failed to load memtrack module: -2
D/SimpleDynamoProvider(18067): Server :: Values in operation are Key : IHGeoS043EaKS77DU5xiOa7nVcXPyfH0, value: q4WxRudiH13mEvw1DG9OSgO73GG7CeHB, CurrentNode/Originator : 5556, Type : replicate, Succ : 5554
D/SimpleDynamoProvider(18067): Server replicated values at currentNode 5562 key: IHGeoS043EaKS77DU5xiOa7nVcXPyfH0 values: q4WxRudiH13mEvw1DG9OSgO73GG7CeHB
D/AndroidRuntime(18127): Calling main entry com.android.commands.content.Content
D/SimpleDynamoProvider(18067): Query selection : Hd61W9i34U2CieVvDyvJAhBzQvARO9wQ
D/SimpleDynamoProvider(18067): returnValueForKeyQuery() checking in Node CurrentNode: 5562 Key is : Hd61W9i34U2CieVvDyvJAhBzQvARO9wQ
D/SimpleDynamoProvider(18067): returnValueForKeyQuery() :: found key Hd61W9i34U2CieVvDyvJAhBzQvARO9wQ value is : iIZuhz2Fz6L7u7J5wecxjVkOSuQRUNSe in Node : 5562
D/SimpleDynamoProvider(18067): Query() :: found key Hd61W9i34U2CieVvDyvJAhBzQvARO9wQ in Node : 5562 mutexQuery : null
D/SimpleDynamoProvider(18067): Server :: Values in operation are Key : GEvKh7kIlMbZUFrRgbrhtB9ySCT5ErUe, value: cVe9nhiuVP0l8qKoiLuZDWumb5R8mByO, CurrentNode/Originator : 5560, Type : replicate, Succ : 5562
D/SimpleDynamoProvider(18067): Server replicated values at currentNode 5562 key: GEvKh7kIlMbZUFrRgbrhtB9ySCT5ErUe values: cVe9nhiuVP0l8qKoiLuZDWumb5R8mByO
D/AndroidRuntime(18127): Shutting down VM
D/jdwp    (18127): Got wake-up signal, bailing out of select
D/dalvikvm(18127): Debugger has detached; object registry had 1 entries
D/SimpleDynamoProvider(18067): Server :: Values in operation are Key : PFXJ8orhOmiTiMW9EbkOgwRNGMl3Xyvs, value: NthwDFOk2ueR6lCl82WnNx9qu8fo0NHg, CurrentNode/Originator : 5554, Type : replicate, Succ : 5556
D/SimpleDynamoProvider(18067): Server replicated values at currentNode 5562 key: PFXJ8orhOmiTiMW9EbkOgwRNGMl3Xyvs values: NthwDFOk2ueR6lCl82WnNx9qu8fo0NHg
D/SimpleDynamoProvider(18067): Server :: Values in operation are Key : 880rKZXxGCC9uJH60oUUylCnn49tbt1k, value: TnjDsLHqJXdNnyxixzdGey2SfuiPTI1O, CurrentNode/Originator : 5558, Type : replicate, Succ : 5562
D/SimpleDynamoProvider(18067): Server replicated values at currentNode 5562 key: 880rKZXxGCC9uJH60oUUylCnn49tbt1k values: TnjDsLHqJXdNnyxixzdGey2SfuiPTI1O
D/AndroidRuntime(18138): 
D/AndroidRuntime(18138): >>>>>> AndroidRuntime START com.android.internal.os.RuntimeInit <<<<<<
D/AndroidRuntime(18138): CheckJNI is ON
D/dalvikvm(18138): Trying to load lib libjavacore.so 0x0
D/dalvikvm(18138): Added shared lib libjavacore.so 0x0
D/dalvikvm(18138): Trying to load lib libnativehelper.so 0x0
D/dalvikvm(18138): Added shared lib libnativehelper.so 0x0
D/dalvikvm(18138): No JNI_OnLoad found in libnativehelper.so 0x0, skipping init
D/dalvikvm(18138): Note: class Landroid/app/ActivityManagerNative; has 179 unimplemented (abstract) methods
E/memtrack(18138): Couldn't load memtrack module (No such file or directory)
E/android.os.Debug(18138): failed to load memtrack module: -2
D/AndroidRuntime(18138): Calling main entry com.android.commands.content.Content
D/SimpleDynamoProvider(18067): Insert() :: Values set in operation are Key : 5XSSj6ClGWSkL3RxjYXjXrUEnv3C5N7p, value: xULjlgbQK3hyrwTEUUobifj1EPCLLBTi, CurrentNode/Originator : 5562, Type : insert, Succ : 5556
D/SimpleDynamoProvider(18067): Insert() Client forward Insert node : 5558 from currentNode : 5562 Key : 5XSSj6ClGWSkL3RxjYXjXrUEnv3C5N7p Value :xULjlgbQK3hyrwTEUUobifj1EPCLLBTi
D/SimpleDynamoProvider(18067): Insert() Replicating to succ's check succ port's, Key: 5XSSj6ClGWSkL3RxjYXjXrUEnv3C5N7pvalue: xULjlgbQK3hyrwTEUUobifj1EPCLLBTi
D/SimpleDynamoProvider(18067): Replicate() Calling client currentNode 5562 Succ is :5560 key: 5XSSj6ClGWSkL3RxjYXjXrUEnv3C5N7p values: xULjlgbQK3hyrwTEUUobifj1EPCLLBTi
D/SimpleDynamoProvider(18067): Client sending to Succ Server :: Values set in operation are Key : 5XSSj6ClGWSkL3RxjYXjXrUEnv3C5N7p, value: xULjlgbQK3hyrwTEUUobifj1EPCLLBTi, CurrentNode/Originator : 5562, Type : replicate, Succ : 5560
D/SimpleDynamoProvider(18067): Client Remote port is 11116
D/SimpleDynamoProvider(18067): Replicate() Calling client currentNode 5562 Succ is :5562 key: 5XSSj6ClGWSkL3RxjYXjXrUEnv3C5N7p values: xULjlgbQK3hyrwTEUUobifj1EPCLLBTi
D/SimpleDynamoProvider(18067): Client sending to Succ Server :: Values set in operation are Key : 5XSSj6ClGWSkL3RxjYXjXrUEnv3C5N7p, value: xULjlgbQK3hyrwTEUUobifj1EPCLLBTi, CurrentNode/Originator : 5562, Type : replicate, Succ : 5562
D/SimpleDynamoProvider(18067): Client sending to Succ Server :: Values set in operation are Key : 5XSSj6ClGWSkL3RxjYXjXrUEnv3C5N7p, value: xULjlgbQK3hyrwTEUUobifj1EPCLLBTi, CurrentNode/Originator : 5562, Type : replicate, Succ : 5562
D/SimpleDynamoProvider(18067): Client Remote port is 11120
D/SimpleDynamoProvider(18067): Client Remote port is 11124
D/AndroidRuntime(18138): Shutting down VM
D/dalvikvm(18138): Debugger has detached; object registry had 1 entries
I/AndroidRuntime(18138): NOTE: attach of thread 'Binder_1' failed
D/dalvikvm(18067): GC_FOR_ALLOC freed 505K, 18% free 2842K/3444K, paused 25ms, total 25ms
D/SimpleDynamoProvider(18067): Server :: Values in operation are Key : 5XSSj6ClGWSkL3RxjYXjXrUEnv3C5N7p, value: xULjlgbQK3hyrwTEUUobifj1EPCLLBTi, CurrentNode/Originator : 5562, Type : replicate, Succ : 5562
D/SimpleDynamoProvider(18067): Server replicated values at currentNode 5562 key: 5XSSj6ClGWSkL3RxjYXjXrUEnv3C5N7p values: xULjlgbQK3hyrwTEUUobifj1EPCLLBTi
D/SimpleDynamoProvider(18067): Server :: Values in operation are Key : TIVATjG1jVi7Syedoxh1uYQzNDgnk0A5, value: 4Rs2N9OTPSN5G9diu71ZJr5MEdArRz23, CurrentNode/Originator : 5556, Type : replicate, Succ : 5562
D/SimpleDynamoProvider(18067): Server replicated values at currentNode 5562 key: TIVATjG1jVi7Syedoxh1uYQzNDgnk0A5 values: 4Rs2N9OTPSN5G9diu71ZJr5MEdArRz23
D/AndroidRuntime(18153): 
D/AndroidRuntime(18153): >>>>>> AndroidRuntime START com.android.internal.os.RuntimeInit <<<<<<
D/AndroidRuntime(18153): CheckJNI is ON
D/dalvikvm(18153): Trying to load lib libjavacore.so 0x0
D/dalvikvm(18153): Added shared lib libjavacore.so 0x0
D/dalvikvm(18153): Trying to load lib libnativehelper.so 0x0
D/dalvikvm(18153): Added shared lib libnativehelper.so 0x0
D/dalvikvm(18153): No JNI_OnLoad found in libnativehelper.so 0x0, skipping init
D/dalvikvm(18153): Note: class Landroid/app/ActivityManagerNative; has 179 unimplemented (abstract) methods
E/memtrack(18153): Couldn't load memtrack module (No such file or directory)
E/android.os.Debug(18153): failed to load memtrack module: -2
D/AndroidRuntime(18153): Calling main entry com.android.commands.content.Content
D/SimpleDynamoProvider(18067): Query selection : 5XSSj6ClGWSkL3RxjYXjXrUEnv3C5N7p
D/SimpleDynamoProvider(18067): returnValueForKeyQuery() checking in Node CurrentNode: 5562 Key is : 5XSSj6ClGWSkL3RxjYXjXrUEnv3C5N7p
D/SimpleDynamoProvider(18067): returnValueForKeyQuery() :: found key 5XSSj6ClGWSkL3RxjYXjXrUEnv3C5N7p value is : xULjlgbQK3hyrwTEUUobifj1EPCLLBTi in Node : 5562
D/SimpleDynamoProvider(18067): Query() :: found key 5XSSj6ClGWSkL3RxjYXjXrUEnv3C5N7p in Node : 5562 mutexQuery : null
D/AndroidRuntime(18153): Shutting down VM
D/jdwp    (18153): Got wake-up signal, bailing out of select
D/dalvikvm(18153): Debugger has detached; object registry had 1 entries
D/SimpleDynamoProvider(18067): Server :: Values in operation are Key : c5GztKItWDvUy18oKkzXB7uJU3Ch3IvD, value: PBakCdo0PAwiYSdK4SfOpk0S6MlXnFf9, CurrentNode/Originator : 5554, Type : replicate, Succ : 5554
D/SimpleDynamoProvider(18067): Server replicated values at currentNode 5562 key: c5GztKItWDvUy18oKkzXB7uJU3Ch3IvD values: PBakCdo0PAwiYSdK4SfOpk0S6MlXnFf9
D/SimpleDynamoProvider(18067): Server :: Values in operation are Key : AtefPYdktMKMNvdMWssNzA0p69pDns4P, value: TO822tYQhoq90CZNwbyE60r3QnSB2L5g, CurrentNode/Originator : 5558, Type : replicate, Succ : 5562
D/SimpleDynamoProvider(18067): Server replicated values at currentNode 5562 key: AtefPYdktMKMNvdMWssNzA0p69pDns4P values: TO822tYQhoq90CZNwbyE60r3QnSB2L5g
D/AndroidRuntime(18163): 
D/AndroidRuntime(18163): >>>>>> AndroidRuntime START com.android.internal.os.RuntimeInit <<<<<<
D/AndroidRuntime(18163): CheckJNI is ON
D/dalvikvm(18163): Trying to load lib libjavacore.so 0x0
D/dalvikvm(18163): Added shared lib libjavacore.so 0x0
D/dalvikvm(18163): Trying to load lib libnativehelper.so 0x0
D/dalvikvm(18163): Added shared lib libnativehelper.so 0x0
D/dalvikvm(18163): No JNI_OnLoad found in libnativehelper.so 0x0, skipping init
D/dalvikvm(18163): Note: class Landroid/app/ActivityManagerNative; has 179 unimplemented (abstract) methods
E/memtrack(18163): Couldn't load memtrack module (No such file or directory)
E/android.os.Debug(18163): failed to load memtrack module: -2
D/AndroidRuntime(18163): Calling main entry com.android.commands.content.Content
D/SimpleDynamoProvider(18067): Insert() :: Values set in operation are Key : JkyAOxFBia2tnlYA5oOMPKdy4GQhoho6, value: aMPAn9J8l7Pmh0AkvGSte7MsYb3Dof4L, CurrentNode/Originator : 5562, Type : insert, Succ : 5556
D/SimpleDynamoProvider(18067): Insert() Client forward Insert node : 5558 from currentNode : 5562 Key : JkyAOxFBia2tnlYA5oOMPKdy4GQhoho6 Value :aMPAn9J8l7Pmh0AkvGSte7MsYb3Dof4L
D/SimpleDynamoProvider(18067): Insert() Replicating to succ's check succ port's, Key: JkyAOxFBia2tnlYA5oOMPKdy4GQhoho6value: aMPAn9J8l7Pmh0AkvGSte7MsYb3Dof4L
D/SimpleDynamoProvider(18067): Replicate() Calling client currentNode 5562 Succ is :5560 key: JkyAOxFBia2tnlYA5oOMPKdy4GQhoho6 values: aMPAn9J8l7Pmh0AkvGSte7MsYb3Dof4L
D/SimpleDynamoProvider(18067): Client sending to Succ Server :: Values set in operation are Key : JkyAOxFBia2tnlYA5oOMPKdy4GQhoho6, value: aMPAn9J8l7Pmh0AkvGSte7MsYb3Dof4L, CurrentNode/Originator : 5562, Type : replicate, Succ : 5560
D/SimpleDynamoProvider(18067): Client Remote port is 11116
D/SimpleDynamoProvider(18067): Replicate() Calling client currentNode 5562 Succ is :5562 key: JkyAOxFBia2tnlYA5oOMPKdy4GQhoho6 values: aMPAn9J8l7Pmh0AkvGSte7MsYb3Dof4L
D/SimpleDynamoProvider(18067): Client sending to Succ Server :: Values set in operation are Key : JkyAOxFBia2tnlYA5oOMPKdy4GQhoho6, value: aMPAn9J8l7Pmh0AkvGSte7MsYb3Dof4L, CurrentNode/Originator : 5562, Type : replicate, Succ : 5562
D/SimpleDynamoProvider(18067): Client Remote port is 11120
D/AndroidRuntime(18163): Shutting down VM
D/jdwp    (18163): Got wake-up signal, bailing out of select
D/dalvikvm(18163): Debugger has detached; object registry had 1 entries
D/SimpleDynamoProvider(18067): Client sending to Succ Server :: Values set in operation are Key : JkyAOxFBia2tnlYA5oOMPKdy4GQhoho6, value: aMPAn9J8l7Pmh0AkvGSte7MsYb3Dof4L, CurrentNode/Originator : 5562, Type : replicate, Succ : 5562
D/SimpleDynamoProvider(18067): Client Remote port is 11124
